2024-03-26 15:07:18,625 checkpoint 1 => setting basis cofiguration for logging purposes
2024-03-26 15:07:18,626 start time: 2024-03-26 15:07:18.626625
2024-03-26 15:07:22,179 Falling back to TensorFlow client; we recommended you install the Cloud TPU client directly with pip install cloud-tpu-client.
2024-03-26 15:07:22,373 Creating converter from 7 to 5
2024-03-26 15:07:22,373 Creating converter from 5 to 7
2024-03-26 15:07:22,373 Creating converter from 7 to 5
2024-03-26 15:07:22,373 Creating converter from 5 to 7
2024-03-26 15:07:22,937 Starting new HTTPS connection (1): huggingface.co:443
2024-03-26 15:07:23,400 https://huggingface.co:443 "HEAD /microsoft/layoutlmv2-base-uncased/resolve/main/preprocessor_config.json HTTP/1.1" 200 0
2024-03-26 15:07:23,966 https://huggingface.co:443 "HEAD /microsoft/layoutlmv2-base-uncased/resolve/main/tokenizer_config.json HTTP/1.1" 404 0
2024-03-26 15:07:24,281 https://huggingface.co:443 "HEAD /microsoft/layoutlmv2-base-uncased/resolve/main/vocab.txt HTTP/1.1" 200 0
2024-03-26 15:07:24,336 RAM memory for Model loading used: 51.2
2024-03-26 15:07:24,336 cpu_utilization % for Model Loading:-88.0
2024-03-26 15:07:24,336 memory_consumption in bytes for Loading Model:1155547136
2024-03-26 15:07:24,336 Loaded Model successfully
2024-03-26 15:07:24,337 file name is:Bill_Of_Landing_411_page_1.png
2024-03-26 15:07:24,337 folder path :Images
2024-03-26 15:07:24,337 Calling Image result
2024-03-26 15:07:24,337 is all_page_result is instance of dict? True
2024-03-26 15:07:24,341 STREAM b'IHDR' 16 13
2024-03-26 15:07:24,342 STREAM b'IDAT' 41 64281
2024-03-26 15:07:24,374 Checking spheric-time-383904-f1b421d86eef.json for explicit credentials as part of auth process...
2024-03-26 15:07:25,801 is words is instance of list? True
2024-03-26 15:07:25,801 is bboxes is instance of list? True
2024-03-26 15:07:25,801 is bounding_boxes is instance of list? True
2024-03-26 15:07:26,206 is input_id_chunks is instance of list? True
2024-03-26 15:07:26,206 is mask_chunks is instance of list? True
2024-03-26 15:07:26,206 is bbox_chunks is instance of list? True
2024-03-26 15:07:26,206 is image_chunks is instance of list? True
2024-03-26 15:07:26,208 is input_dict is instance of dict? True
