2024-03-17 19:57:34,982 checkpoint 1 => setting basis cofiguration for logging purposes
2024-03-17 19:57:34,984 start time: 2024-03-17 19:57:34.984007
2024-03-17 19:57:40,238 Falling back to TensorFlow client; we recommended you install the Cloud TPU client directly with pip install cloud-tpu-client.
2024-03-17 19:57:40,522 Creating converter from 7 to 5
2024-03-17 19:57:40,522 Creating converter from 5 to 7
2024-03-17 19:57:40,522 Creating converter from 7 to 5
2024-03-17 19:57:40,522 Creating converter from 5 to 7
2024-03-17 19:57:41,354 Starting new HTTPS connection (1): huggingface.co:443
2024-03-17 19:57:42,136 https://huggingface.co:443 "HEAD /microsoft/layoutlmv2-base-uncased/resolve/main/preprocessor_config.json HTTP/1.1" 200 0
2024-03-17 19:57:42,747 https://huggingface.co:443 "HEAD /microsoft/layoutlmv2-base-uncased/resolve/main/tokenizer_config.json HTTP/1.1" 404 0
2024-03-17 19:57:43,052 https://huggingface.co:443 "HEAD /microsoft/layoutlmv2-base-uncased/resolve/main/vocab.txt HTTP/1.1" 200 0
2024-03-17 19:57:43,118 RAM memory for Model loading used: 73.7
2024-03-17 19:57:43,118 cpu_utilization % for Model Loading:-31.1
2024-03-17 19:57:43,118 memory_consumption in bytes for Loading Model:1155874816
2024-03-17 19:57:43,118 Loaded Model successfully
2024-03-17 19:57:43,119 file name is:Bill_of_lading_1589_page_0.png
2024-03-17 19:57:43,119 folder path :Images
2024-03-17 19:57:43,119 Calling Image result
2024-03-17 19:57:43,119 is all_page_result is instance of dict? True
2024-03-17 19:57:43,127 STREAM b'IHDR' 16 13
2024-03-17 19:57:43,128 STREAM b'IDAT' 41 65536
2024-03-17 19:57:43,170 is words is instance of list? True
2024-03-17 19:57:43,170 is bboxes is instance of list? True
2024-03-17 19:57:43,170 is bounding_boxes is instance of list? True
2024-03-17 19:57:43,674 is input_id_chunks is instance of list? True
2024-03-17 19:57:43,674 is mask_chunks is instance of list? True
2024-03-17 19:57:43,674 is bbox_chunks is instance of list? True
2024-03-17 19:57:43,674 is image_chunks is instance of list? True
2024-03-17 19:57:43,676 is input_dict is instance of dict? True
2024-03-17 19:57:48,908 Model Called
2024-03-17 19:57:48,908 RAM memory 92.1 used for Bill_of_lading_1589_page_0.png:
2024-03-17 19:57:48,908 is all_predictions is instance of list? True
2024-03-17 19:57:48,908 is all_boxes is instance of list? True
2024-03-17 19:57:48,908 is all_confidences is instance of list? True
2024-03-17 19:57:48,908 is all_text is instance of list? True
2024-03-17 19:57:48,909 is label2id is instance of dict? True
2024-03-17 19:57:48,909 is id2label is instance of dict? True
2024-03-17 19:57:48,910 is label2color is instance of dict? True
2024-03-17 19:57:48,910 label2color : {'stamp': '#D74700', 'bol_original_or_copy': '#D8A60A', 'vessel_name': '#2759C1', 'shipped_onboard_date': '#246861', 'final_destination': '#3B6FB3', 'measurement': '#CC3776', 'country_of_origin': '#6BD61A', 'bol_original_number': '#7D9D95', 'net_weight': '#E8CB79', 'signed_by_carrier': '#E462EF', 'gross_weight': '#5043A9', 'carrier_country': '#14B61F', 'port_of_discharge': '#338026', 'goods_quantity': '#CDFF07', 'notify_party_name': '#2647F1', 'port_of_loading': '#BEDD6E', 'shipper_address': '#4D03FB', 'place_of_issue': '#BA9E7E', 'agent_country': '#A08A12', 'freight_collect_at': '#6F5DA2', 'place_of_receipt': '#EA7674', 'voyage_number': '#6D0B0D', 'signature': '#1EF35C', 'consignee_name': '#DD8F9A', 'consignee_address': '#4DE77C', 'bill_of_lading_issue_date': '#C3F506', 'mode_of_transport': '#DCD403', 'shipper_name': '#B5FE2D', 'signed_By_agent': '#34CF69', 'container_number': '#B03ED8', 'transaction_date': '#C90BF6', 'notify_party_address': '#B99AD7', 'goods_marks_and_nos': '#D87E49', 'goods_description': '#47CA6D', 'lc_date': '#4E4F6A', 'dimension': '#EBAA8F', 'agent_name': '#865685', 'carrier_name': '#F0FBEE', 'O': '#A1C45C', 'lc_ref_number': '#CB01D6', 'pre_carriage_by': '#AC20CB', 'page_no': '#321AC8', 'total_original_no': '#89BD87', 'freight_collect_or_prepaid': '#9D5640', 'signed_by_master': '#4ED53A', 'bill_of_lading_number': '#EB8E17'}
2024-03-17 19:57:49,291 is result_set is instance of dict? True
2024-03-17 19:57:49,293 is final_result_set is instance of dict? True
2024-03-17 19:57:49,852 Time taken for page 1 of Bill_of_lading_1589_page_0.png:0:00:06.724303
2024-03-17 19:57:50,038 *****Generated All Pages****** for Bill_of_lading_1589_page_0.png
2024-03-17 19:57:50,038 RAM memory 92.9 used for Bill_of_lading_1589_page_0.png Generating All Pages:
2024-03-17 19:57:50,038 Processing time taken for all pages of Bill_of_lading_1589_page_0.png1:0:00:06.918980
2024-03-17 19:57:50,273 file name is:Bill_of_lading_2090_page_0.png
2024-03-17 19:57:50,273 folder path :Images
2024-03-17 19:57:50,273 Calling Image result
2024-03-17 19:57:50,274 is all_page_result is instance of dict? True
2024-03-17 19:57:50,285 STREAM b'IHDR' 16 13
2024-03-17 19:57:50,285 STREAM b'IDAT' 41 65536
2024-03-17 19:57:50,329 is words is instance of list? True
2024-03-17 19:57:50,330 is bboxes is instance of list? True
2024-03-17 19:57:50,330 is bounding_boxes is instance of list? True
2024-03-17 19:57:50,596 is input_id_chunks is instance of list? True
2024-03-17 19:57:50,597 is mask_chunks is instance of list? True
2024-03-17 19:57:50,597 is bbox_chunks is instance of list? True
2024-03-17 19:57:50,597 is image_chunks is instance of list? True
2024-03-17 19:57:50,598 is input_dict is instance of dict? True
2024-03-17 19:57:57,129 Model Called
2024-03-17 19:57:57,130 RAM memory 95.6 used for Bill_of_lading_2090_page_0.png:
2024-03-17 19:57:57,130 is all_predictions is instance of list? True
2024-03-17 19:57:57,130 is all_boxes is instance of list? True
2024-03-17 19:57:57,130 is all_confidences is instance of list? True
2024-03-17 19:57:57,130 is all_text is instance of list? True
2024-03-17 19:57:57,131 is label2id is instance of dict? True
2024-03-17 19:57:57,131 is id2label is instance of dict? True
2024-03-17 19:57:57,132 is label2color is instance of dict? True
2024-03-17 19:57:57,132 label2color : {'stamp': '#AEBBBE', 'bol_original_or_copy': '#4820D5', 'vessel_name': '#082A90', 'shipped_onboard_date': '#DF7A12', 'final_destination': '#FB870F', 'measurement': '#D7CF33', 'country_of_origin': '#02A8D2', 'bol_original_number': '#27CD94', 'net_weight': '#740AD9', 'signed_by_carrier': '#299B77', 'gross_weight': '#08FB90', 'carrier_country': '#EB5634', 'port_of_discharge': '#A027C7', 'goods_quantity': '#937267', 'notify_party_name': '#289F83', 'port_of_loading': '#97A36B', 'shipper_address': '#137883', 'place_of_issue': '#253DC0', 'agent_country': '#1B1127', 'freight_collect_at': '#2E4D0A', 'place_of_receipt': '#42A016', 'voyage_number': '#A97820', 'signature': '#E7847D', 'consignee_name': '#508EC8', 'consignee_address': '#571A5E', 'bill_of_lading_issue_date': '#0A15A8', 'mode_of_transport': '#809BA8', 'shipper_name': '#E669C4', 'signed_By_agent': '#27673D', 'container_number': '#668856', 'transaction_date': '#4A346D', 'notify_party_address': '#959522', 'goods_marks_and_nos': '#EF49BE', 'goods_description': '#3E171E', 'lc_date': '#0FC2FF', 'dimension': '#C398BD', 'agent_name': '#B64F2A', 'carrier_name': '#964F70', 'O': '#A4D164', 'lc_ref_number': '#B29C22', 'pre_carriage_by': '#FB7846', 'page_no': '#5A50B1', 'total_original_no': '#CE8A81', 'freight_collect_or_prepaid': '#C36CBB', 'signed_by_master': '#FF25AA', 'bill_of_lading_number': '#632892'}
2024-03-17 19:57:57,578 is result_set is instance of dict? True
2024-03-17 19:57:57,580 is final_result_set is instance of dict? True
2024-03-17 19:57:58,135 Time taken for page 1 of Bill_of_lading_2090_page_0.png:0:00:07.849603
2024-03-17 19:57:58,317 *****Generated All Pages****** for Bill_of_lading_2090_page_0.png
2024-03-17 19:57:58,317 RAM memory 95.7 used for Bill_of_lading_2090_page_0.png Generating All Pages:
2024-03-17 19:57:58,318 Processing time taken for all pages of Bill_of_lading_2090_page_0.png1:0:00:08.044050
2024-03-17 19:57:58,549 file name is:Bill_Of_Landing_8_page_0.png
2024-03-17 19:57:58,549 folder path :Images
2024-03-17 19:57:58,550 Calling Image result
2024-03-17 19:57:58,550 is all_page_result is instance of dict? True
2024-03-17 19:57:58,552 STREAM b'IHDR' 16 13
2024-03-17 19:57:58,552 STREAM b'IDAT' 41 65536
2024-03-17 19:57:58,591 is words is instance of list? True
2024-03-17 19:57:58,591 is bboxes is instance of list? True
2024-03-17 19:57:58,591 is bounding_boxes is instance of list? True
2024-03-17 19:57:58,841 is input_id_chunks is instance of list? True
2024-03-17 19:57:58,841 is mask_chunks is instance of list? True
2024-03-17 19:57:58,841 is bbox_chunks is instance of list? True
2024-03-17 19:57:58,841 is image_chunks is instance of list? True
2024-03-17 19:57:58,842 is input_dict is instance of dict? True
2024-03-17 19:58:01,713 Model Called
2024-03-17 19:58:01,713 RAM memory 84.0 used for Bill_Of_Landing_8_page_0.png:
2024-03-17 19:58:01,713 is all_predictions is instance of list? True
2024-03-17 19:58:01,713 is all_boxes is instance of list? True
2024-03-17 19:58:01,713 is all_confidences is instance of list? True
2024-03-17 19:58:01,713 is all_text is instance of list? True
2024-03-17 19:58:01,714 is label2id is instance of dict? True
2024-03-17 19:58:01,714 is id2label is instance of dict? True
2024-03-17 19:58:01,715 is label2color is instance of dict? True
2024-03-17 19:58:01,715 label2color : {'stamp': '#82894A', 'bol_original_or_copy': '#D42613', 'vessel_name': '#06F11E', 'shipped_onboard_date': '#BD7B7D', 'final_destination': '#1529F2', 'measurement': '#8D4EAA', 'country_of_origin': '#79F193', 'bol_original_number': '#C93C93', 'net_weight': '#60A4BE', 'signed_by_carrier': '#0282B8', 'gross_weight': '#F84184', 'carrier_country': '#228590', 'port_of_discharge': '#CE1B78', 'goods_quantity': '#76D501', 'notify_party_name': '#74E76B', 'port_of_loading': '#22097C', 'shipper_address': '#7E3326', 'place_of_issue': '#CC50FD', 'agent_country': '#547B92', 'freight_collect_at': '#52A6B7', 'place_of_receipt': '#B79E98', 'voyage_number': '#247AAE', 'signature': '#1AF87C', 'consignee_name': '#B262E9', 'consignee_address': '#63B3CE', 'bill_of_lading_issue_date': '#13635A', 'mode_of_transport': '#D3899A', 'shipper_name': '#8B3768', 'signed_By_agent': '#25B5B7', 'container_number': '#D3614E', 'transaction_date': '#8A77CE', 'notify_party_address': '#F203A4', 'goods_marks_and_nos': '#E11E6F', 'goods_description': '#C0B668', 'lc_date': '#2E395B', 'dimension': '#C9CDA9', 'agent_name': '#AC83E1', 'carrier_name': '#9AB333', 'O': '#88EC93', 'lc_ref_number': '#9BE16B', 'pre_carriage_by': '#46CC6D', 'page_no': '#314D3A', 'total_original_no': '#3028AF', 'freight_collect_or_prepaid': '#4B9F64', 'signed_by_master': '#2D28B5', 'bill_of_lading_number': '#3FA9DE'}
2024-03-17 19:58:01,945 is result_set is instance of dict? True
2024-03-17 19:58:01,946 is final_result_set is instance of dict? True
2024-03-17 19:58:02,376 Time taken for page 1 of Bill_Of_Landing_8_page_0.png:0:00:03.823250
2024-03-17 19:58:02,557 *****Generated All Pages****** for Bill_Of_Landing_8_page_0.png
2024-03-17 19:58:02,558 RAM memory 83.9 used for Bill_Of_Landing_8_page_0.png Generating All Pages:
2024-03-17 19:58:02,558 Processing time taken for all pages of Bill_Of_Landing_8_page_0.png1:0:00:04.008192
2024-03-17 19:58:02,704 file name is:Bill_Of_Landing_54_page_0.png
2024-03-17 19:58:02,704 folder path :Images
2024-03-17 19:58:02,704 Calling Image result
2024-03-17 19:58:02,704 is all_page_result is instance of dict? True
2024-03-17 19:58:02,715 STREAM b'IHDR' 16 13
2024-03-17 19:58:02,716 STREAM b'IDAT' 41 65536
2024-03-17 19:58:02,759 is words is instance of list? True
2024-03-17 19:58:02,759 is bboxes is instance of list? True
2024-03-17 19:58:02,759 is bounding_boxes is instance of list? True
2024-03-17 19:58:03,005 is input_id_chunks is instance of list? True
2024-03-17 19:58:03,005 is mask_chunks is instance of list? True
2024-03-17 19:58:03,005 is bbox_chunks is instance of list? True
2024-03-17 19:58:03,005 is image_chunks is instance of list? True
2024-03-17 19:58:03,006 is input_dict is instance of dict? True
2024-03-17 19:58:05,822 Model Called
2024-03-17 19:58:05,823 RAM memory 84.1 used for Bill_Of_Landing_54_page_0.png:
2024-03-17 19:58:05,823 is all_predictions is instance of list? True
2024-03-17 19:58:05,823 is all_boxes is instance of list? True
2024-03-17 19:58:05,823 is all_confidences is instance of list? True
2024-03-17 19:58:05,823 is all_text is instance of list? True
2024-03-17 19:58:05,824 is label2id is instance of dict? True
2024-03-17 19:58:05,824 is id2label is instance of dict? True
2024-03-17 19:58:05,825 is label2color is instance of dict? True
2024-03-17 19:58:05,825 label2color : {'stamp': '#2E4773', 'bol_original_or_copy': '#41BC32', 'vessel_name': '#FD18F1', 'shipped_onboard_date': '#06205E', 'final_destination': '#3A9B25', 'measurement': '#1C92F1', 'country_of_origin': '#6158A0', 'bol_original_number': '#DB7AEC', 'net_weight': '#52A799', 'signed_by_carrier': '#8D1719', 'gross_weight': '#E52B19', 'carrier_country': '#B83D63', 'port_of_discharge': '#804A3A', 'goods_quantity': '#D326BF', 'notify_party_name': '#AF1398', 'port_of_loading': '#233915', 'shipper_address': '#6D5FB5', 'place_of_issue': '#9316C9', 'agent_country': '#44D898', 'freight_collect_at': '#D675AD', 'place_of_receipt': '#63B8DB', 'voyage_number': '#276D82', 'signature': '#431781', 'consignee_name': '#FE4EDF', 'consignee_address': '#AE9150', 'bill_of_lading_issue_date': '#0EA47A', 'mode_of_transport': '#4D1E47', 'shipper_name': '#C6F7D2', 'signed_By_agent': '#02EA72', 'container_number': '#C3F972', 'transaction_date': '#A4BE43', 'notify_party_address': '#54F686', 'goods_marks_and_nos': '#85FA09', 'goods_description': '#912B94', 'lc_date': '#6BA771', 'dimension': '#17D2FC', 'agent_name': '#4C036D', 'carrier_name': '#3CBC3F', 'O': '#AB3DF7', 'lc_ref_number': '#9ECC89', 'pre_carriage_by': '#471542', 'page_no': '#8D6139', 'total_original_no': '#44AAE0', 'freight_collect_or_prepaid': '#AD3BA9', 'signed_by_master': '#5A1BF3', 'bill_of_lading_number': '#141927'}
2024-03-17 19:58:06,057 is result_set is instance of dict? True
2024-03-17 19:58:06,058 is final_result_set is instance of dict? True
2024-03-17 19:58:06,689 Time taken for page 1 of Bill_Of_Landing_54_page_0.png:0:00:03.972869
2024-03-17 19:58:06,873 *****Generated All Pages****** for Bill_Of_Landing_54_page_0.png
2024-03-17 19:58:06,874 RAM memory 84.1 used for Bill_Of_Landing_54_page_0.png Generating All Pages:
2024-03-17 19:58:06,874 Processing time taken for all pages of Bill_Of_Landing_54_page_0.png1:0:00:04.169460
2024-03-17 19:58:07,016 file name is:Bill_Of_Landing_39_page_0.png
2024-03-17 19:58:07,016 folder path :Images
2024-03-17 19:58:07,016 Calling Image result
2024-03-17 19:58:07,017 is all_page_result is instance of dict? True
2024-03-17 19:58:07,025 STREAM b'IHDR' 16 13
2024-03-17 19:58:07,026 STREAM b'IDAT' 41 65536
2024-03-17 19:58:07,065 is words is instance of list? True
2024-03-17 19:58:07,065 is bboxes is instance of list? True
2024-03-17 19:58:07,065 is bounding_boxes is instance of list? True
2024-03-17 19:58:07,320 is input_id_chunks is instance of list? True
2024-03-17 19:58:07,320 is mask_chunks is instance of list? True
2024-03-17 19:58:07,320 is bbox_chunks is instance of list? True
2024-03-17 19:58:07,320 is image_chunks is instance of list? True
2024-03-17 19:58:07,321 is input_dict is instance of dict? True
2024-03-17 19:58:13,036 Model Called
2024-03-17 19:58:13,036 RAM memory 95.5 used for Bill_Of_Landing_39_page_0.png:
2024-03-17 19:58:13,036 is all_predictions is instance of list? True
2024-03-17 19:58:13,036 is all_boxes is instance of list? True
2024-03-17 19:58:13,036 is all_confidences is instance of list? True
2024-03-17 19:58:13,036 is all_text is instance of list? True
2024-03-17 19:58:13,037 is label2id is instance of dict? True
2024-03-17 19:58:13,037 is id2label is instance of dict? True
2024-03-17 19:58:13,038 is label2color is instance of dict? True
2024-03-17 19:58:13,038 label2color : {'stamp': '#67AC1F', 'bol_original_or_copy': '#BBA9FE', 'vessel_name': '#E35548', 'shipped_onboard_date': '#CD41A3', 'final_destination': '#8E9135', 'measurement': '#288568', 'country_of_origin': '#81B129', 'bol_original_number': '#8B4C1B', 'net_weight': '#43427D', 'signed_by_carrier': '#9283DC', 'gross_weight': '#D93235', 'carrier_country': '#ED4FD2', 'port_of_discharge': '#33DD2E', 'goods_quantity': '#DCAD51', 'notify_party_name': '#BE02B3', 'port_of_loading': '#2F9321', 'shipper_address': '#A2D260', 'place_of_issue': '#92BBB4', 'agent_country': '#BC5232', 'freight_collect_at': '#68154B', 'place_of_receipt': '#A795AA', 'voyage_number': '#100081', 'signature': '#2BCB0C', 'consignee_name': '#95395D', 'consignee_address': '#77E1CF', 'bill_of_lading_issue_date': '#F1BBBA', 'mode_of_transport': '#0260F9', 'shipper_name': '#BAE71D', 'signed_By_agent': '#3FCA56', 'container_number': '#39B76D', 'transaction_date': '#230951', 'notify_party_address': '#F9B00D', 'goods_marks_and_nos': '#6CB563', 'goods_description': '#6D16D2', 'lc_date': '#C3B942', 'dimension': '#6DB188', 'agent_name': '#E56AF6', 'carrier_name': '#17CA0B', 'O': '#4766DE', 'lc_ref_number': '#0F67BB', 'pre_carriage_by': '#ECBDA5', 'page_no': '#36BFD5', 'total_original_no': '#641122', 'freight_collect_or_prepaid': '#F2E0CF', 'signed_by_master': '#D0F542', 'bill_of_lading_number': '#8D7C3B'}
2024-03-17 19:58:13,440 is result_set is instance of dict? True
2024-03-17 19:58:13,441 is final_result_set is instance of dict? True
2024-03-17 19:58:14,209 Time taken for page 1 of Bill_Of_Landing_39_page_0.png:0:00:07.182858
2024-03-17 19:58:14,414 *****Generated All Pages****** for Bill_Of_Landing_39_page_0.png
2024-03-17 19:58:14,414 RAM memory 95.8 used for Bill_Of_Landing_39_page_0.png Generating All Pages:
2024-03-17 19:58:14,414 Processing time taken for all pages of Bill_Of_Landing_39_page_0.png1:0:00:07.398067
2024-03-17 19:58:14,595 file name is:Bill_Of_Landing_36_page_2.png
2024-03-17 19:58:14,596 folder path :Images
2024-03-17 19:58:14,596 Calling Image result
2024-03-17 19:58:14,596 is all_page_result is instance of dict? True
2024-03-17 19:58:14,597 STREAM b'IHDR' 16 13
2024-03-17 19:58:14,597 STREAM b'IDAT' 41 52678
2024-03-17 19:58:14,632 is words is instance of list? True
2024-03-17 19:58:14,632 is bboxes is instance of list? True
2024-03-17 19:58:14,632 is bounding_boxes is instance of list? True
2024-03-17 19:58:14,886 is input_id_chunks is instance of list? True
2024-03-17 19:58:14,886 is mask_chunks is instance of list? True
2024-03-17 19:58:14,886 is bbox_chunks is instance of list? True
2024-03-17 19:58:14,886 is image_chunks is instance of list? True
2024-03-17 19:58:14,887 is input_dict is instance of dict? True
2024-03-17 19:58:17,536 Model Called
2024-03-17 19:58:17,536 RAM memory 90.9 used for Bill_Of_Landing_36_page_2.png:
2024-03-17 19:58:17,537 is all_predictions is instance of list? True
2024-03-17 19:58:17,537 is all_boxes is instance of list? True
2024-03-17 19:58:17,537 is all_confidences is instance of list? True
2024-03-17 19:58:17,537 is all_text is instance of list? True
2024-03-17 19:58:17,537 is label2id is instance of dict? True
2024-03-17 19:58:17,537 is id2label is instance of dict? True
2024-03-17 19:58:17,538 is label2color is instance of dict? True
2024-03-17 19:58:17,538 label2color : {'stamp': '#3D3D0F', 'bol_original_or_copy': '#6A6D04', 'vessel_name': '#DC7664', 'shipped_onboard_date': '#9DA7A4', 'final_destination': '#224CEE', 'measurement': '#E2A800', 'country_of_origin': '#A17F61', 'bol_original_number': '#004288', 'net_weight': '#265925', 'signed_by_carrier': '#E11B17', 'gross_weight': '#A75AEE', 'carrier_country': '#FF8FF5', 'port_of_discharge': '#5221E3', 'goods_quantity': '#8EBB86', 'notify_party_name': '#9C9B64', 'port_of_loading': '#CE8374', 'shipper_address': '#1B33AF', 'place_of_issue': '#F5A240', 'agent_country': '#6F6FE2', 'freight_collect_at': '#715145', 'place_of_receipt': '#5848A7', 'voyage_number': '#42F8F9', 'signature': '#1CDD7B', 'consignee_name': '#7B9B48', 'consignee_address': '#405A48', 'bill_of_lading_issue_date': '#D4D249', 'mode_of_transport': '#12B585', 'shipper_name': '#589C0B', 'signed_By_agent': '#1F5FD1', 'container_number': '#6A41B7', 'transaction_date': '#110822', 'notify_party_address': '#2A9C97', 'goods_marks_and_nos': '#609B72', 'goods_description': '#F7E934', 'lc_date': '#D77DAD', 'dimension': '#01FEC8', 'agent_name': '#5710E7', 'carrier_name': '#CDFFD4', 'O': '#5F2849', 'lc_ref_number': '#BECA7D', 'pre_carriage_by': '#443ABF', 'page_no': '#4EF3AB', 'total_original_no': '#85216F', 'freight_collect_or_prepaid': '#450641', 'signed_by_master': '#C57117', 'bill_of_lading_number': '#EC9955'}
2024-03-17 19:58:17,769 is result_set is instance of dict? True
2024-03-17 19:58:17,770 is final_result_set is instance of dict? True
2024-03-17 19:58:18,148 Time taken for page 1 of Bill_Of_Landing_36_page_2.png:0:00:03.550811
2024-03-17 19:58:18,308 *****Generated All Pages****** for Bill_Of_Landing_36_page_2.png
2024-03-17 19:58:18,308 RAM memory 91.0 used for Bill_Of_Landing_36_page_2.png Generating All Pages:
2024-03-17 19:58:18,308 Processing time taken for all pages of Bill_Of_Landing_36_page_2.png1:0:00:03.711900
2024-03-17 19:58:18,444 file name is:Bill_of_lading_2060_page_0.png
2024-03-17 19:58:18,444 folder path :Images
2024-03-17 19:58:18,444 Calling Image result
2024-03-17 19:58:18,444 is all_page_result is instance of dict? True
2024-03-17 19:58:18,455 STREAM b'IHDR' 16 13
2024-03-17 19:58:18,455 STREAM b'IDAT' 41 65536
2024-03-17 19:58:18,497 is words is instance of list? True
2024-03-17 19:58:18,497 is bboxes is instance of list? True
2024-03-17 19:58:18,497 is bounding_boxes is instance of list? True
2024-03-17 19:58:18,782 is input_id_chunks is instance of list? True
2024-03-17 19:58:18,782 is mask_chunks is instance of list? True
2024-03-17 19:58:18,782 is bbox_chunks is instance of list? True
2024-03-17 19:58:18,783 is image_chunks is instance of list? True
2024-03-17 19:58:18,784 is input_dict is instance of dict? True
2024-03-17 19:58:24,303 Model Called
2024-03-17 19:58:24,304 RAM memory 94.5 used for Bill_of_lading_2060_page_0.png:
2024-03-17 19:58:24,304 is all_predictions is instance of list? True
2024-03-17 19:58:24,304 is all_boxes is instance of list? True
2024-03-17 19:58:24,304 is all_confidences is instance of list? True
2024-03-17 19:58:24,304 is all_text is instance of list? True
2024-03-17 19:58:24,304 is label2id is instance of dict? True
2024-03-17 19:58:24,305 is id2label is instance of dict? True
2024-03-17 19:58:24,305 is label2color is instance of dict? True
2024-03-17 19:58:24,305 label2color : {'stamp': '#9F9A78', 'bol_original_or_copy': '#134EED', 'vessel_name': '#3F401B', 'shipped_onboard_date': '#929CBD', 'final_destination': '#E6EB55', 'measurement': '#7FF520', 'country_of_origin': '#D13CAE', 'bol_original_number': '#A43C91', 'net_weight': '#4C75C8', 'signed_by_carrier': '#DA6E24', 'gross_weight': '#66BF79', 'carrier_country': '#7C0E2A', 'port_of_discharge': '#BAACE4', 'goods_quantity': '#25FC56', 'notify_party_name': '#F23502', 'port_of_loading': '#3A6EED', 'shipper_address': '#6293D5', 'place_of_issue': '#19594D', 'agent_country': '#2BB024', 'freight_collect_at': '#69D179', 'place_of_receipt': '#4D76D1', 'voyage_number': '#2C05C3', 'signature': '#C0DE50', 'consignee_name': '#DC923F', 'consignee_address': '#787EF9', 'bill_of_lading_issue_date': '#EB54B4', 'mode_of_transport': '#4821F7', 'shipper_name': '#44E161', 'signed_By_agent': '#FC0B10', 'container_number': '#C53CE4', 'transaction_date': '#5F2CF6', 'notify_party_address': '#12BBA3', 'goods_marks_and_nos': '#5B4822', 'goods_description': '#C042B9', 'lc_date': '#A65C96', 'dimension': '#C49CBC', 'agent_name': '#F02CED', 'carrier_name': '#769066', 'O': '#1A107E', 'lc_ref_number': '#29914C', 'pre_carriage_by': '#0BF40C', 'page_no': '#79CD06', 'total_original_no': '#B5852F', 'freight_collect_or_prepaid': '#5717A2', 'signed_by_master': '#0505BC', 'bill_of_lading_number': '#D68C07'}
2024-03-17 19:58:24,629 is result_set is instance of dict? True
2024-03-17 19:58:24,631 is final_result_set is instance of dict? True
2024-03-17 19:58:25,487 Time taken for page 1 of Bill_of_lading_2060_page_0.png:0:00:07.031211
2024-03-17 19:58:25,679 *****Generated All Pages****** for Bill_of_lading_2060_page_0.png
2024-03-17 19:58:25,680 RAM memory 94.7 used for Bill_of_lading_2060_page_0.png Generating All Pages:
2024-03-17 19:58:25,680 Processing time taken for all pages of Bill_of_lading_2060_page_0.png1:0:00:07.235341
2024-03-17 19:58:25,836 file name is:Bill_of_lading_1004_page_0.png
2024-03-17 19:58:25,836 folder path :Images
2024-03-17 19:58:25,837 Calling Image result
2024-03-17 19:58:25,837 is all_page_result is instance of dict? True
2024-03-17 19:58:25,837 STREAM b'IHDR' 16 13
2024-03-17 19:58:25,837 STREAM b'IDAT' 41 65536
2024-03-17 19:58:25,870 is words is instance of list? True
2024-03-17 19:58:25,870 is bboxes is instance of list? True
2024-03-17 19:58:25,870 is bounding_boxes is instance of list? True
2024-03-17 19:58:26,012 is input_id_chunks is instance of list? True
2024-03-17 19:58:26,012 is mask_chunks is instance of list? True
2024-03-17 19:58:26,012 is bbox_chunks is instance of list? True
2024-03-17 19:58:26,012 is image_chunks is instance of list? True
2024-03-17 19:58:26,013 is input_dict is instance of dict? True
2024-03-17 19:58:28,361 Model Called
2024-03-17 19:58:28,361 RAM memory 89.8 used for Bill_of_lading_1004_page_0.png:
2024-03-17 19:58:28,361 is all_predictions is instance of list? True
2024-03-17 19:58:28,361 is all_boxes is instance of list? True
2024-03-17 19:58:28,361 is all_confidences is instance of list? True
2024-03-17 19:58:28,361 is all_text is instance of list? True
2024-03-17 19:58:28,362 is label2id is instance of dict? True
2024-03-17 19:58:28,362 is id2label is instance of dict? True
2024-03-17 19:58:28,363 is label2color is instance of dict? True
2024-03-17 19:58:28,363 label2color : {'stamp': '#FE3130', 'bol_original_or_copy': '#6EA4EF', 'vessel_name': '#817AEF', 'shipped_onboard_date': '#51C26F', 'final_destination': '#20A36A', 'measurement': '#C3CBCC', 'country_of_origin': '#61E39C', 'bol_original_number': '#CB48A0', 'net_weight': '#CBD0CB', 'signed_by_carrier': '#691C21', 'gross_weight': '#4F538E', 'carrier_country': '#7B0926', 'port_of_discharge': '#D1102F', 'goods_quantity': '#6118BC', 'notify_party_name': '#2216AF', 'port_of_loading': '#4B1C54', 'shipper_address': '#AC491D', 'place_of_issue': '#7546C4', 'agent_country': '#7C005D', 'freight_collect_at': '#F893B7', 'place_of_receipt': '#275802', 'voyage_number': '#7509AA', 'signature': '#A3E0A4', 'consignee_name': '#BB9193', 'consignee_address': '#90772C', 'bill_of_lading_issue_date': '#5303FA', 'mode_of_transport': '#945B5B', 'shipper_name': '#FD6EFC', 'signed_By_agent': '#331A64', 'container_number': '#2D27E4', 'transaction_date': '#DF91AA', 'notify_party_address': '#6561AD', 'goods_marks_and_nos': '#CF28CF', 'goods_description': '#0AC5CB', 'lc_date': '#FB4EF7', 'dimension': '#AE3861', 'agent_name': '#63B849', 'carrier_name': '#5C5374', 'O': '#C4D4B2', 'lc_ref_number': '#8DC05F', 'pre_carriage_by': '#32B0FE', 'page_no': '#171892', 'total_original_no': '#7CF8B0', 'freight_collect_or_prepaid': '#331E47', 'signed_by_master': '#06FDF7', 'bill_of_lading_number': '#AC8D28'}
2024-03-17 19:58:28,485 is result_set is instance of dict? True
2024-03-17 19:58:28,486 is final_result_set is instance of dict? True
2024-03-17 19:58:28,983 Time taken for page 1 of Bill_of_lading_1004_page_0.png:0:00:03.145073
2024-03-17 19:58:29,133 *****Generated All Pages****** for Bill_of_lading_1004_page_0.png
2024-03-17 19:58:29,133 RAM memory 89.9 used for Bill_of_lading_1004_page_0.png Generating All Pages:
2024-03-17 19:58:29,133 Processing time taken for all pages of Bill_of_lading_1004_page_0.png1:0:00:03.296621
2024-03-17 19:58:29,252 file name is:Bill_of_lading_2073_page_1.png
2024-03-17 19:58:29,252 folder path :Images
2024-03-17 19:58:29,252 Calling Image result
2024-03-17 19:58:29,252 is all_page_result is instance of dict? True
2024-03-17 19:58:29,253 STREAM b'IHDR' 16 13
2024-03-17 19:58:29,253 STREAM b'IDAT' 41 65536
2024-03-17 19:58:29,289 is words is instance of list? True
2024-03-17 19:58:29,289 is bboxes is instance of list? True
2024-03-17 19:58:29,289 is bounding_boxes is instance of list? True
2024-03-17 19:58:29,503 is input_id_chunks is instance of list? True
2024-03-17 19:58:29,503 is mask_chunks is instance of list? True
2024-03-17 19:58:29,503 is bbox_chunks is instance of list? True
2024-03-17 19:58:29,503 is image_chunks is instance of list? True
2024-03-17 19:58:29,504 is input_dict is instance of dict? True
2024-03-17 19:58:33,003 Model Called
2024-03-17 19:58:33,004 RAM memory 89.8 used for Bill_of_lading_2073_page_1.png:
2024-03-17 19:58:33,004 is all_predictions is instance of list? True
2024-03-17 19:58:33,004 is all_boxes is instance of list? True
2024-03-17 19:58:33,004 is all_confidences is instance of list? True
2024-03-17 19:58:33,004 is all_text is instance of list? True
2024-03-17 19:58:33,005 is label2id is instance of dict? True
2024-03-17 19:58:33,005 is id2label is instance of dict? True
2024-03-17 19:58:33,006 is label2color is instance of dict? True
2024-03-17 19:58:33,006 label2color : {'stamp': '#524831', 'bol_original_or_copy': '#AF4505', 'vessel_name': '#29701E', 'shipped_onboard_date': '#FC5BD9', 'final_destination': '#6803A7', 'measurement': '#B75458', 'country_of_origin': '#C06512', 'bol_original_number': '#4D1469', 'net_weight': '#85F2D1', 'signed_by_carrier': '#EBBB69', 'gross_weight': '#15D3F2', 'carrier_country': '#38C626', 'port_of_discharge': '#4A5864', 'goods_quantity': '#058360', 'notify_party_name': '#CF75D8', 'port_of_loading': '#C8AC45', 'shipper_address': '#3B6C7A', 'place_of_issue': '#5B5E3B', 'agent_country': '#3D8004', 'freight_collect_at': '#7E5AC5', 'place_of_receipt': '#195ADA', 'voyage_number': '#D3D417', 'signature': '#3DAD49', 'consignee_name': '#BE3E70', 'consignee_address': '#00299D', 'bill_of_lading_issue_date': '#574629', 'mode_of_transport': '#57B133', 'shipper_name': '#92A30C', 'signed_By_agent': '#C6615B', 'container_number': '#2BD446', 'transaction_date': '#DF19B8', 'notify_party_address': '#C87B16', 'goods_marks_and_nos': '#AA6174', 'goods_description': '#E222F7', 'lc_date': '#343080', 'dimension': '#8098BE', 'agent_name': '#29253E', 'carrier_name': '#C0D0A4', 'O': '#21AC25', 'lc_ref_number': '#518CED', 'pre_carriage_by': '#BF9A16', 'page_no': '#76D34A', 'total_original_no': '#6ACB17', 'freight_collect_or_prepaid': '#167D2F', 'signed_by_master': '#C08D91', 'bill_of_lading_number': '#13CD9B'}
2024-03-17 19:58:33,285 is result_set is instance of dict? True
2024-03-17 19:58:33,286 is final_result_set is instance of dict? True
2024-03-17 19:58:33,768 Time taken for page 1 of Bill_of_lading_2073_page_1.png:0:00:04.515473
2024-03-17 19:58:33,957 *****Generated All Pages****** for Bill_of_lading_2073_page_1.png
2024-03-17 19:58:33,957 RAM memory 90.0 used for Bill_of_lading_2073_page_1.png Generating All Pages:
2024-03-17 19:58:33,957 Processing time taken for all pages of Bill_of_lading_2073_page_1.png1:0:00:04.705135
2024-03-17 19:58:34,080 file name is:Bill_of_lading_2100_page_0.png
2024-03-17 19:58:34,080 folder path :Images
2024-03-17 19:58:34,080 Calling Image result
2024-03-17 19:58:34,080 is all_page_result is instance of dict? True
2024-03-17 19:58:34,081 STREAM b'IHDR' 16 13
2024-03-17 19:58:34,081 STREAM b'IDAT' 41 65536
2024-03-17 19:58:34,116 is words is instance of list? True
2024-03-17 19:58:34,116 is bboxes is instance of list? True
2024-03-17 19:58:34,116 is bounding_boxes is instance of list? True
2024-03-17 19:58:34,330 is input_id_chunks is instance of list? True
2024-03-17 19:58:34,330 is mask_chunks is instance of list? True
2024-03-17 19:58:34,330 is bbox_chunks is instance of list? True
2024-03-17 19:58:34,330 is image_chunks is instance of list? True
2024-03-17 19:58:34,331 is input_dict is instance of dict? True
2024-03-17 19:58:37,794 Model Called
2024-03-17 19:58:37,794 RAM memory 89.9 used for Bill_of_lading_2100_page_0.png:
2024-03-17 19:58:37,795 is all_predictions is instance of list? True
2024-03-17 19:58:37,795 is all_boxes is instance of list? True
2024-03-17 19:58:37,795 is all_confidences is instance of list? True
2024-03-17 19:58:37,795 is all_text is instance of list? True
2024-03-17 19:58:37,795 is label2id is instance of dict? True
2024-03-17 19:58:37,795 is id2label is instance of dict? True
2024-03-17 19:58:37,796 is label2color is instance of dict? True
2024-03-17 19:58:37,796 label2color : {'stamp': '#951B58', 'bol_original_or_copy': '#55A7AC', 'vessel_name': '#7CEEEA', 'shipped_onboard_date': '#996773', 'final_destination': '#B0AAC1', 'measurement': '#6F4B25', 'country_of_origin': '#C2B7A2', 'bol_original_number': '#775FFC', 'net_weight': '#224A8A', 'signed_by_carrier': '#3EF30A', 'gross_weight': '#8E2B12', 'carrier_country': '#31B54F', 'port_of_discharge': '#F625F1', 'goods_quantity': '#E90320', 'notify_party_name': '#EE0B3A', 'port_of_loading': '#ABAD3C', 'shipper_address': '#8A27A6', 'place_of_issue': '#926D9A', 'agent_country': '#03EEE8', 'freight_collect_at': '#1F2F28', 'place_of_receipt': '#A4C027', 'voyage_number': '#A54625', 'signature': '#E68EB3', 'consignee_name': '#F5C507', 'consignee_address': '#4A1A6D', 'bill_of_lading_issue_date': '#982B49', 'mode_of_transport': '#A85E02', 'shipper_name': '#5881E5', 'signed_By_agent': '#F03A31', 'container_number': '#839C51', 'transaction_date': '#4F58A7', 'notify_party_address': '#E203D0', 'goods_marks_and_nos': '#62D945', 'goods_description': '#975818', 'lc_date': '#602319', 'dimension': '#930E5D', 'agent_name': '#452F1E', 'carrier_name': '#E177E7', 'O': '#8F19B9', 'lc_ref_number': '#58D918', 'pre_carriage_by': '#6C8844', 'page_no': '#ED38D0', 'total_original_no': '#F2EBA1', 'freight_collect_or_prepaid': '#65EB6A', 'signed_by_master': '#37036A', 'bill_of_lading_number': '#022791'}
2024-03-17 19:58:38,045 is result_set is instance of dict? True
2024-03-17 19:58:38,047 is final_result_set is instance of dict? True
2024-03-17 19:58:38,557 Time taken for page 1 of Bill_of_lading_2100_page_0.png:0:00:04.476526
2024-03-17 19:58:38,705 *****Generated All Pages****** for Bill_of_lading_2100_page_0.png
2024-03-17 19:58:38,705 RAM memory 89.8 used for Bill_of_lading_2100_page_0.png Generating All Pages:
2024-03-17 19:58:38,705 Processing time taken for all pages of Bill_of_lading_2100_page_0.png1:0:00:04.625024
2024-03-17 19:58:38,819 file name is:Bill_Of_Landing_24_page_0.png
2024-03-17 19:58:38,819 folder path :Images
2024-03-17 19:58:38,820 Calling Image result
2024-03-17 19:58:38,820 is all_page_result is instance of dict? True
2024-03-17 19:58:38,830 STREAM b'IHDR' 16 13
2024-03-17 19:58:38,830 STREAM b'IDAT' 41 65536
2024-03-17 19:58:38,862 is words is instance of list? True
2024-03-17 19:58:38,862 is bboxes is instance of list? True
2024-03-17 19:58:38,862 is bounding_boxes is instance of list? True
2024-03-17 19:58:39,066 is input_id_chunks is instance of list? True
2024-03-17 19:58:39,067 is mask_chunks is instance of list? True
2024-03-17 19:58:39,067 is bbox_chunks is instance of list? True
2024-03-17 19:58:39,067 is image_chunks is instance of list? True
2024-03-17 19:58:39,067 is input_dict is instance of dict? True
2024-03-17 19:58:41,318 Model Called
2024-03-17 19:58:41,318 RAM memory 90.0 used for Bill_Of_Landing_24_page_0.png:
2024-03-17 19:58:41,319 is all_predictions is instance of list? True
2024-03-17 19:58:41,319 is all_boxes is instance of list? True
2024-03-17 19:58:41,319 is all_confidences is instance of list? True
2024-03-17 19:58:41,319 is all_text is instance of list? True
2024-03-17 19:58:41,319 is label2id is instance of dict? True
2024-03-17 19:58:41,319 is id2label is instance of dict? True
2024-03-17 19:58:41,320 is label2color is instance of dict? True
2024-03-17 19:58:41,320 label2color : {'stamp': '#43FEE0', 'bol_original_or_copy': '#E81F84', 'vessel_name': '#FB6EBE', 'shipped_onboard_date': '#82FA46', 'final_destination': '#876AAD', 'measurement': '#5D1261', 'country_of_origin': '#1C0074', 'bol_original_number': '#DB810B', 'net_weight': '#310954', 'signed_by_carrier': '#482E37', 'gross_weight': '#CBEF00', 'carrier_country': '#39FB91', 'port_of_discharge': '#959791', 'goods_quantity': '#60144B', 'notify_party_name': '#69E5C5', 'port_of_loading': '#222E95', 'shipper_address': '#B331C1', 'place_of_issue': '#4BDD69', 'agent_country': '#64644D', 'freight_collect_at': '#777BAD', 'place_of_receipt': '#C518B0', 'voyage_number': '#AA997C', 'signature': '#3339D3', 'consignee_name': '#648537', 'consignee_address': '#E78FD6', 'bill_of_lading_issue_date': '#7BD4C4', 'mode_of_transport': '#8EF19A', 'shipper_name': '#563C06', 'signed_By_agent': '#C78391', 'container_number': '#F4D034', 'transaction_date': '#AFE423', 'notify_party_address': '#0205BC', 'goods_marks_and_nos': '#20DA90', 'goods_description': '#117249', 'lc_date': '#AC0B33', 'dimension': '#0C11BA', 'agent_name': '#A789B6', 'carrier_name': '#DA482F', 'O': '#C6DFB4', 'lc_ref_number': '#93477C', 'pre_carriage_by': '#6C1C6C', 'page_no': '#072DD8', 'total_original_no': '#8B80BC', 'freight_collect_or_prepaid': '#4A88BB', 'signed_by_master': '#560941', 'bill_of_lading_number': '#04578E'}
2024-03-17 19:58:41,503 is result_set is instance of dict? True
2024-03-17 19:58:41,504 is final_result_set is instance of dict? True
2024-03-17 19:58:42,015 Time taken for page 1 of Bill_Of_Landing_24_page_0.png:0:00:03.184245
2024-03-17 19:58:42,189 *****Generated All Pages****** for Bill_Of_Landing_24_page_0.png
2024-03-17 19:58:42,190 RAM memory 90.0 used for Bill_Of_Landing_24_page_0.png Generating All Pages:
2024-03-17 19:58:42,190 Processing time taken for all pages of Bill_Of_Landing_24_page_0.png1:0:00:03.370383
2024-03-17 19:58:42,301 file name is:Bill_Of_Landing_65_page_1.png
2024-03-17 19:58:42,301 folder path :Images
2024-03-17 19:58:42,301 Calling Image result
2024-03-17 19:58:42,301 is all_page_result is instance of dict? True
2024-03-17 19:58:42,306 STREAM b'IHDR' 16 13
2024-03-17 19:58:42,306 STREAM b'IDAT' 41 65536
2024-03-17 19:58:42,357 is words is instance of list? True
2024-03-17 19:58:42,357 is bboxes is instance of list? True
2024-03-17 19:58:42,358 is bounding_boxes is instance of list? True
2024-03-17 19:58:42,576 is input_id_chunks is instance of list? True
2024-03-17 19:58:42,576 is mask_chunks is instance of list? True
2024-03-17 19:58:42,576 is bbox_chunks is instance of list? True
2024-03-17 19:58:42,576 is image_chunks is instance of list? True
2024-03-17 19:58:42,577 is input_dict is instance of dict? True
2024-03-17 19:58:45,975 Model Called
2024-03-17 19:58:45,975 RAM memory 89.9 used for Bill_Of_Landing_65_page_1.png:
2024-03-17 19:58:45,975 is all_predictions is instance of list? True
2024-03-17 19:58:45,975 is all_boxes is instance of list? True
2024-03-17 19:58:45,975 is all_confidences is instance of list? True
2024-03-17 19:58:45,975 is all_text is instance of list? True
2024-03-17 19:58:45,976 is label2id is instance of dict? True
2024-03-17 19:58:45,976 is id2label is instance of dict? True
2024-03-17 19:58:45,977 is label2color is instance of dict? True
2024-03-17 19:58:45,977 label2color : {'stamp': '#A19B21', 'bol_original_or_copy': '#D86DFD', 'vessel_name': '#EFB9B8', 'shipped_onboard_date': '#880687', 'final_destination': '#95190E', 'measurement': '#EC17D6', 'country_of_origin': '#550108', 'bol_original_number': '#396BA2', 'net_weight': '#EB939F', 'signed_by_carrier': '#AC5A3E', 'gross_weight': '#8E9277', 'carrier_country': '#E490AF', 'port_of_discharge': '#1AE050', 'goods_quantity': '#057C21', 'notify_party_name': '#48E826', 'port_of_loading': '#C93D05', 'shipper_address': '#B8BAB1', 'place_of_issue': '#93A307', 'agent_country': '#BAF679', 'freight_collect_at': '#7E0569', 'place_of_receipt': '#79A9AC', 'voyage_number': '#C0B51F', 'signature': '#2C2545', 'consignee_name': '#0C651E', 'consignee_address': '#9AFD52', 'bill_of_lading_issue_date': '#47EC06', 'mode_of_transport': '#C0B89C', 'shipper_name': '#80D20E', 'signed_By_agent': '#0A4223', 'container_number': '#877CC3', 'transaction_date': '#B0126F', 'notify_party_address': '#0B0AB8', 'goods_marks_and_nos': '#0F9DCD', 'goods_description': '#520EB3', 'lc_date': '#B019C2', 'dimension': '#C358AD', 'agent_name': '#1EE18B', 'carrier_name': '#FC1DE1', 'O': '#BBE8FC', 'lc_ref_number': '#BBF41A', 'pre_carriage_by': '#04E998', 'page_no': '#21001F', 'total_original_no': '#D759F2', 'freight_collect_or_prepaid': '#2CF7E4', 'signed_by_master': '#764824', 'bill_of_lading_number': '#C3FF4A'}
2024-03-17 19:58:46,222 is result_set is instance of dict? True
2024-03-17 19:58:46,223 is final_result_set is instance of dict? True
2024-03-17 19:58:46,550 Time taken for page 1 of Bill_Of_Landing_65_page_1.png:0:00:04.244244
2024-03-17 19:58:46,698 *****Generated All Pages****** for Bill_Of_Landing_65_page_1.png
2024-03-17 19:58:46,698 RAM memory 89.7 used for Bill_Of_Landing_65_page_1.png Generating All Pages:
2024-03-17 19:58:46,698 Processing time taken for all pages of Bill_Of_Landing_65_page_1.png1:0:00:04.396979
2024-03-17 19:58:46,811 file name is:Bill_Of_Landing(2013_01_09_17_00_23_1355)_38_page_0.png
2024-03-17 19:58:46,811 folder path :Images
2024-03-17 19:58:46,811 Calling Image result
2024-03-17 19:58:46,811 is all_page_result is instance of dict? True
2024-03-17 19:58:46,822 STREAM b'IHDR' 16 13
2024-03-17 19:58:46,822 STREAM b'IDAT' 41 59393
2024-03-17 19:58:46,855 is words is instance of list? True
2024-03-17 19:58:46,855 is bboxes is instance of list? True
2024-03-17 19:58:46,855 is bounding_boxes is instance of list? True
2024-03-17 19:58:47,058 is input_id_chunks is instance of list? True
2024-03-17 19:58:47,058 is mask_chunks is instance of list? True
2024-03-17 19:58:47,058 is bbox_chunks is instance of list? True
2024-03-17 19:58:47,058 is image_chunks is instance of list? True
2024-03-17 19:58:47,058 is input_dict is instance of dict? True
2024-03-17 19:58:49,379 Model Called
2024-03-17 19:58:49,380 RAM memory 89.9 used for Bill_Of_Landing(2013_01_09_17_00_23_1355)_38_page_0.png:
2024-03-17 19:58:49,380 is all_predictions is instance of list? True
2024-03-17 19:58:49,380 is all_boxes is instance of list? True
2024-03-17 19:58:49,380 is all_confidences is instance of list? True
2024-03-17 19:58:49,380 is all_text is instance of list? True
2024-03-17 19:58:49,380 is label2id is instance of dict? True
2024-03-17 19:58:49,380 is id2label is instance of dict? True
2024-03-17 19:58:49,381 is label2color is instance of dict? True
2024-03-17 19:58:49,381 label2color : {'stamp': '#FAA5BF', 'bol_original_or_copy': '#67B1DA', 'vessel_name': '#0A6BD4', 'shipped_onboard_date': '#D94771', 'final_destination': '#8DD1D9', 'measurement': '#ECDBE3', 'country_of_origin': '#A04F38', 'bol_original_number': '#E362B9', 'net_weight': '#C77169', 'signed_by_carrier': '#980E27', 'gross_weight': '#01CDC9', 'carrier_country': '#BC6E00', 'port_of_discharge': '#031392', 'goods_quantity': '#80B113', 'notify_party_name': '#AAF59B', 'port_of_loading': '#73C215', 'shipper_address': '#13383A', 'place_of_issue': '#D0E7C8', 'agent_country': '#08C003', 'freight_collect_at': '#A38D90', 'place_of_receipt': '#7553C5', 'voyage_number': '#7EAB80', 'signature': '#9863AE', 'consignee_name': '#830D6E', 'consignee_address': '#DED7ED', 'bill_of_lading_issue_date': '#EFADB0', 'mode_of_transport': '#E1E7D4', 'shipper_name': '#4A9592', 'signed_By_agent': '#B345F1', 'container_number': '#EAACD6', 'transaction_date': '#DEF80A', 'notify_party_address': '#31C844', 'goods_marks_and_nos': '#171BD0', 'goods_description': '#E93CB2', 'lc_date': '#94B485', 'dimension': '#7DF588', 'agent_name': '#463863', 'carrier_name': '#E626F2', 'O': '#5F41B9', 'lc_ref_number': '#7DAF4E', 'pre_carriage_by': '#D36621', 'page_no': '#8B544C', 'total_original_no': '#E71968', 'freight_collect_or_prepaid': '#EC59A4', 'signed_by_master': '#1E812E', 'bill_of_lading_number': '#5AA8FD'}
2024-03-17 19:58:49,564 is result_set is instance of dict? True
2024-03-17 19:58:49,565 is final_result_set is instance of dict? True
2024-03-17 19:58:49,837 Time taken for page 1 of Bill_Of_Landing(2013_01_09_17_00_23_1355)_38_page_0.png:0:00:03.014802
2024-03-17 19:58:49,981 *****Generated All Pages****** for Bill_Of_Landing(2013_01_09_17_00_23_1355)_38_page_0.png
2024-03-17 19:58:49,982 RAM memory 90.0 used for Bill_Of_Landing(2013_01_09_17_00_23_1355)_38_page_0.png Generating All Pages:
2024-03-17 19:58:49,982 Processing time taken for all pages of Bill_Of_Landing(2013_01_09_17_00_23_1355)_38_page_0.png1:0:00:03.170431
2024-03-17 19:58:50,095 file name is:Bill_Of_Landing_46_page_0.png
2024-03-17 19:58:50,095 folder path :Images
2024-03-17 19:58:50,095 Calling Image result
2024-03-17 19:58:50,095 is all_page_result is instance of dict? True
2024-03-17 19:58:50,096 STREAM b'IHDR' 16 13
2024-03-17 19:58:50,096 STREAM b'IDAT' 41 48624
2024-03-17 19:58:50,127 is words is instance of list? True
2024-03-17 19:58:50,127 is bboxes is instance of list? True
2024-03-17 19:58:50,127 is bounding_boxes is instance of list? True
2024-03-17 19:58:50,337 is input_id_chunks is instance of list? True
2024-03-17 19:58:50,337 is mask_chunks is instance of list? True
2024-03-17 19:58:50,337 is bbox_chunks is instance of list? True
2024-03-17 19:58:50,337 is image_chunks is instance of list? True
2024-03-17 19:58:50,338 is input_dict is instance of dict? True
2024-03-17 19:58:52,631 Model Called
2024-03-17 19:58:52,632 RAM memory 90.0 used for Bill_Of_Landing_46_page_0.png:
2024-03-17 19:58:52,632 is all_predictions is instance of list? True
2024-03-17 19:58:52,632 is all_boxes is instance of list? True
2024-03-17 19:58:52,632 is all_confidences is instance of list? True
2024-03-17 19:58:52,632 is all_text is instance of list? True
2024-03-17 19:58:52,633 is label2id is instance of dict? True
2024-03-17 19:58:52,633 is id2label is instance of dict? True
2024-03-17 19:58:52,633 is label2color is instance of dict? True
2024-03-17 19:58:52,634 label2color : {'stamp': '#970074', 'bol_original_or_copy': '#660074', 'vessel_name': '#815D87', 'shipped_onboard_date': '#D8C716', 'final_destination': '#EFEDF5', 'measurement': '#B32126', 'country_of_origin': '#D6CCEF', 'bol_original_number': '#CB7DF4', 'net_weight': '#639685', 'signed_by_carrier': '#6CFE18', 'gross_weight': '#722527', 'carrier_country': '#71840A', 'port_of_discharge': '#C54D5D', 'goods_quantity': '#50C995', 'notify_party_name': '#E5421C', 'port_of_loading': '#497A23', 'shipper_address': '#9B3FF1', 'place_of_issue': '#AACE45', 'agent_country': '#7D7D93', 'freight_collect_at': '#1EFBB7', 'place_of_receipt': '#66A95A', 'voyage_number': '#BD84C7', 'signature': '#5C2031', 'consignee_name': '#AC7AD6', 'consignee_address': '#806FD4', 'bill_of_lading_issue_date': '#873E01', 'mode_of_transport': '#8E2000', 'shipper_name': '#415EE9', 'signed_By_agent': '#CED961', 'container_number': '#CCFCFD', 'transaction_date': '#D21A53', 'notify_party_address': '#B249FF', 'goods_marks_and_nos': '#AF45E2', 'goods_description': '#D65AA1', 'lc_date': '#1F26DC', 'dimension': '#569CB1', 'agent_name': '#29BC35', 'carrier_name': '#6231FC', 'O': '#7BBB38', 'lc_ref_number': '#9A3514', 'pre_carriage_by': '#728F97', 'page_no': '#597201', 'total_original_no': '#4D26D9', 'freight_collect_or_prepaid': '#639EE9', 'signed_by_master': '#D1571D', 'bill_of_lading_number': '#AA9F93'}
2024-03-17 19:58:52,819 is result_set is instance of dict? True
2024-03-17 19:58:52,820 is final_result_set is instance of dict? True
2024-03-17 19:58:53,087 Time taken for page 1 of Bill_Of_Landing_46_page_0.png:0:00:02.990769
2024-03-17 19:58:53,224 *****Generated All Pages****** for Bill_Of_Landing_46_page_0.png
2024-03-17 19:58:53,224 RAM memory 90.0 used for Bill_Of_Landing_46_page_0.png Generating All Pages:
2024-03-17 19:58:53,224 Processing time taken for all pages of Bill_Of_Landing_46_page_0.png1:0:00:03.129395
2024-03-17 19:58:53,341 file name is:Bill_Of_Landing_24_page_6.png
2024-03-17 19:58:53,341 folder path :Images
2024-03-17 19:58:53,341 Calling Image result
2024-03-17 19:58:53,342 is all_page_result is instance of dict? True
2024-03-17 19:58:53,342 STREAM b'IHDR' 16 13
2024-03-17 19:58:53,342 STREAM b'IDAT' 41 65536
2024-03-17 19:58:53,375 is words is instance of list? True
2024-03-17 19:58:53,375 is bboxes is instance of list? True
2024-03-17 19:58:53,375 is bounding_boxes is instance of list? True
2024-03-17 19:58:53,595 is input_id_chunks is instance of list? True
2024-03-17 19:58:53,596 is mask_chunks is instance of list? True
2024-03-17 19:58:53,596 is bbox_chunks is instance of list? True
2024-03-17 19:58:53,596 is image_chunks is instance of list? True
2024-03-17 19:58:53,596 is input_dict is instance of dict? True
2024-03-17 19:58:56,038 Model Called
2024-03-17 19:58:56,039 RAM memory 90.4 used for Bill_Of_Landing_24_page_6.png:
2024-03-17 19:58:56,039 is all_predictions is instance of list? True
2024-03-17 19:58:56,039 is all_boxes is instance of list? True
2024-03-17 19:58:56,039 is all_confidences is instance of list? True
2024-03-17 19:58:56,039 is all_text is instance of list? True
2024-03-17 19:58:56,039 is label2id is instance of dict? True
2024-03-17 19:58:56,040 is id2label is instance of dict? True
2024-03-17 19:58:56,040 is label2color is instance of dict? True
2024-03-17 19:58:56,040 label2color : {'stamp': '#33E6B9', 'bol_original_or_copy': '#83B6F5', 'vessel_name': '#83DE05', 'shipped_onboard_date': '#FC28B0', 'final_destination': '#3998AC', 'measurement': '#AA994A', 'country_of_origin': '#C2543C', 'bol_original_number': '#7BE646', 'net_weight': '#609ED2', 'signed_by_carrier': '#6469F6', 'gross_weight': '#5A2D68', 'carrier_country': '#A4D82E', 'port_of_discharge': '#2E4F91', 'goods_quantity': '#106D04', 'notify_party_name': '#62A580', 'port_of_loading': '#549E3A', 'shipper_address': '#DB28ED', 'place_of_issue': '#F29F48', 'agent_country': '#46114D', 'freight_collect_at': '#517B51', 'place_of_receipt': '#5FD3C9', 'voyage_number': '#0579A2', 'signature': '#D3EB31', 'consignee_name': '#310888', 'consignee_address': '#1E7CFC', 'bill_of_lading_issue_date': '#661820', 'mode_of_transport': '#790DCD', 'shipper_name': '#4B9C6B', 'signed_By_agent': '#F2CD37', 'container_number': '#0F274E', 'transaction_date': '#561A86', 'notify_party_address': '#964203', 'goods_marks_and_nos': '#A0145D', 'goods_description': '#AC6BF7', 'lc_date': '#AB81DC', 'dimension': '#1F96C1', 'agent_name': '#A5F7D5', 'carrier_name': '#71183D', 'O': '#7169DE', 'lc_ref_number': '#ACC4E1', 'pre_carriage_by': '#E62959', 'page_no': '#35427C', 'total_original_no': '#CD63F9', 'freight_collect_or_prepaid': '#442C37', 'signed_by_master': '#48ECC8', 'bill_of_lading_number': '#C5FF43'}
2024-03-17 19:58:56,224 is result_set is instance of dict? True
2024-03-17 19:58:56,225 is final_result_set is instance of dict? True
2024-03-17 19:58:56,745 Time taken for page 1 of Bill_Of_Landing_24_page_6.png:0:00:03.402140
2024-03-17 19:58:56,889 *****Generated All Pages****** for Bill_Of_Landing_24_page_6.png
2024-03-17 19:58:56,890 RAM memory 90.3 used for Bill_Of_Landing_24_page_6.png Generating All Pages:
2024-03-17 19:58:56,890 Processing time taken for all pages of Bill_Of_Landing_24_page_6.png1:0:00:03.548347
2024-03-17 19:58:57,003 file name is:Bill_of_lading_522_page_6.png
2024-03-17 19:58:57,003 folder path :Images
2024-03-17 19:58:57,003 Calling Image result
2024-03-17 19:58:57,003 is all_page_result is instance of dict? True
2024-03-17 19:58:57,004 STREAM b'IHDR' 16 13
2024-03-17 19:58:57,004 STREAM b'IDAT' 41 41263
2024-03-17 19:58:57,031 is words is instance of list? True
2024-03-17 19:58:57,031 is bboxes is instance of list? True
2024-03-17 19:58:57,031 is bounding_boxes is instance of list? True
2024-03-17 19:58:57,154 is input_id_chunks is instance of list? True
2024-03-17 19:58:57,154 is mask_chunks is instance of list? True
2024-03-17 19:58:57,154 is bbox_chunks is instance of list? True
2024-03-17 19:58:57,154 is image_chunks is instance of list? True
2024-03-17 19:58:57,155 is input_dict is instance of dict? True
2024-03-17 19:59:00,883 Model Called
2024-03-17 19:59:00,883 RAM memory 90.4 used for Bill_of_lading_522_page_6.png:
2024-03-17 19:59:00,884 is all_predictions is instance of list? True
2024-03-17 19:59:00,884 is all_boxes is instance of list? True
2024-03-17 19:59:00,884 is all_confidences is instance of list? True
2024-03-17 19:59:00,884 is all_text is instance of list? True
2024-03-17 19:59:00,884 is label2id is instance of dict? True
2024-03-17 19:59:00,885 is id2label is instance of dict? True
2024-03-17 19:59:00,886 is label2color is instance of dict? True
2024-03-17 19:59:00,886 label2color : {'stamp': '#F869B9', 'bol_original_or_copy': '#D95DA5', 'vessel_name': '#4AFBCD', 'shipped_onboard_date': '#220ED7', 'final_destination': '#676BC1', 'measurement': '#F1136A', 'country_of_origin': '#3E6EA5', 'bol_original_number': '#FDAB8E', 'net_weight': '#BA491C', 'signed_by_carrier': '#DAA24C', 'gross_weight': '#DC583A', 'carrier_country': '#833983', 'port_of_discharge': '#6387F7', 'goods_quantity': '#4565D2', 'notify_party_name': '#39D2AA', 'port_of_loading': '#56D987', 'shipper_address': '#A01C53', 'place_of_issue': '#D8C527', 'agent_country': '#8F6F88', 'freight_collect_at': '#5E538C', 'place_of_receipt': '#D31C05', 'voyage_number': '#10F2F8', 'signature': '#5F0D71', 'consignee_name': '#01FD19', 'consignee_address': '#C57526', 'bill_of_lading_issue_date': '#8CED88', 'mode_of_transport': '#A922B3', 'shipper_name': '#18A60A', 'signed_By_agent': '#344CD1', 'container_number': '#CAF186', 'transaction_date': '#581DDD', 'notify_party_address': '#20F6E3', 'goods_marks_and_nos': '#50AD67', 'goods_description': '#2CE4CC', 'lc_date': '#744C7E', 'dimension': '#DF03B7', 'agent_name': '#4E6CF1', 'carrier_name': '#B65C30', 'O': '#9082A7', 'lc_ref_number': '#B349EE', 'pre_carriage_by': '#A85A72', 'page_no': '#E7F62A', 'total_original_no': '#3CF359', 'freight_collect_or_prepaid': '#4CD659', 'signed_by_master': '#E54914', 'bill_of_lading_number': '#A41AD7'}
2024-03-17 19:59:01,141 is result_set is instance of dict? True
2024-03-17 19:59:01,142 is final_result_set is instance of dict? True
2024-03-17 19:59:01,546 Time taken for page 1 of Bill_of_lading_522_page_6.png:0:00:04.542077
2024-03-17 19:59:01,666 *****Generated All Pages****** for Bill_of_lading_522_page_6.png
2024-03-17 19:59:01,666 RAM memory 90.4 used for Bill_of_lading_522_page_6.png Generating All Pages:
2024-03-17 19:59:01,666 Processing time taken for all pages of Bill_of_lading_522_page_6.png1:0:00:04.662801
2024-03-17 19:59:01,800 file name is:Bill_Of_Landing_12_page_2.png
2024-03-17 19:59:01,800 folder path :Images
2024-03-17 19:59:01,800 Calling Image result
2024-03-17 19:59:01,801 is all_page_result is instance of dict? True
2024-03-17 19:59:01,811 STREAM b'IHDR' 16 13
2024-03-17 19:59:01,811 STREAM b'IDAT' 41 32747
2024-03-17 19:59:01,846 is words is instance of list? True
2024-03-17 19:59:01,846 is bboxes is instance of list? True
2024-03-17 19:59:01,846 is bounding_boxes is instance of list? True
2024-03-17 19:59:02,090 is input_id_chunks is instance of list? True
2024-03-17 19:59:02,090 is mask_chunks is instance of list? True
2024-03-17 19:59:02,090 is bbox_chunks is instance of list? True
2024-03-17 19:59:02,090 is image_chunks is instance of list? True
2024-03-17 19:59:02,091 is input_dict is instance of dict? True
2024-03-17 19:59:03,370 Model Called
2024-03-17 19:59:03,370 RAM memory 90.2 used for Bill_Of_Landing_12_page_2.png:
2024-03-17 19:59:03,371 is all_predictions is instance of list? True
2024-03-17 19:59:03,371 is all_boxes is instance of list? True
2024-03-17 19:59:03,371 is all_confidences is instance of list? True
2024-03-17 19:59:03,371 is all_text is instance of list? True
2024-03-17 19:59:03,371 is label2id is instance of dict? True
2024-03-17 19:59:03,371 is id2label is instance of dict? True
2024-03-17 19:59:03,372 is label2color is instance of dict? True
2024-03-17 19:59:03,372 label2color : {'stamp': '#B5F9DD', 'bol_original_or_copy': '#DD6911', 'vessel_name': '#92B201', 'shipped_onboard_date': '#789F20', 'final_destination': '#5B4FDB', 'measurement': '#8E8B8B', 'country_of_origin': '#7E0FA0', 'bol_original_number': '#92FB8E', 'net_weight': '#7EBF99', 'signed_by_carrier': '#FD8595', 'gross_weight': '#7D0BB0', 'carrier_country': '#6D5037', 'port_of_discharge': '#17C950', 'goods_quantity': '#CF0E1D', 'notify_party_name': '#1FC07D', 'port_of_loading': '#F5A7CB', 'shipper_address': '#94AA42', 'place_of_issue': '#7CBCF1', 'agent_country': '#C62809', 'freight_collect_at': '#92FDC0', 'place_of_receipt': '#3DC8E3', 'voyage_number': '#199D14', 'signature': '#4010BD', 'consignee_name': '#062A44', 'consignee_address': '#975D10', 'bill_of_lading_issue_date': '#1C8197', 'mode_of_transport': '#7F44DC', 'shipper_name': '#CDCE75', 'signed_By_agent': '#68D6DD', 'container_number': '#97D36C', 'transaction_date': '#80497F', 'notify_party_address': '#4176F4', 'goods_marks_and_nos': '#4D6899', 'goods_description': '#327B93', 'lc_date': '#D918C1', 'dimension': '#4206FE', 'agent_name': '#9A91F5', 'carrier_name': '#BCC8DA', 'O': '#B8AD04', 'lc_ref_number': '#A27ED2', 'pre_carriage_by': '#8FF792', 'page_no': '#8AD1A0', 'total_original_no': '#5D57C5', 'freight_collect_or_prepaid': '#838591', 'signed_by_master': '#01AD7B', 'bill_of_lading_number': '#9D03A7'}
2024-03-17 19:59:03,497 is result_set is instance of dict? True
2024-03-17 19:59:03,498 is final_result_set is instance of dict? True
2024-03-17 19:59:03,690 Time taken for page 1 of Bill_Of_Landing_12_page_2.png:0:00:01.878320
2024-03-17 19:59:03,821 *****Generated All Pages****** for Bill_Of_Landing_12_page_2.png
2024-03-17 19:59:03,821 RAM memory 90.2 used for Bill_Of_Landing_12_page_2.png Generating All Pages:
2024-03-17 19:59:03,821 Processing time taken for all pages of Bill_Of_Landing_12_page_2.png1:0:00:02.020646
2024-03-17 19:59:03,948 file name is:Bill_Of_Landing_55_page_0.png
2024-03-17 19:59:03,948 folder path :Images
2024-03-17 19:59:03,949 Calling Image result
2024-03-17 19:59:03,949 is all_page_result is instance of dict? True
2024-03-17 19:59:03,959 STREAM b'IHDR' 16 13
2024-03-17 19:59:03,959 STREAM b'IDAT' 41 35668
2024-03-17 19:59:03,980 is words is instance of list? True
2024-03-17 19:59:03,980 is bboxes is instance of list? True
2024-03-17 19:59:03,980 is bounding_boxes is instance of list? True
2024-03-17 19:59:04,120 is input_id_chunks is instance of list? True
2024-03-17 19:59:04,120 is mask_chunks is instance of list? True
2024-03-17 19:59:04,120 is bbox_chunks is instance of list? True
2024-03-17 19:59:04,120 is image_chunks is instance of list? True
2024-03-17 19:59:04,121 is input_dict is instance of dict? True
2024-03-17 19:59:06,734 Model Called
2024-03-17 19:59:06,734 RAM memory 90.0 used for Bill_Of_Landing_55_page_0.png:
2024-03-17 19:59:06,734 is all_predictions is instance of list? True
2024-03-17 19:59:06,734 is all_boxes is instance of list? True
2024-03-17 19:59:06,734 is all_confidences is instance of list? True
2024-03-17 19:59:06,734 is all_text is instance of list? True
2024-03-17 19:59:06,735 is label2id is instance of dict? True
2024-03-17 19:59:06,735 is id2label is instance of dict? True
2024-03-17 19:59:06,736 is label2color is instance of dict? True
2024-03-17 19:59:06,737 label2color : {'stamp': '#46586F', 'bol_original_or_copy': '#C5F417', 'vessel_name': '#384D4C', 'shipped_onboard_date': '#B84F0B', 'final_destination': '#E5D6E2', 'measurement': '#CB57B4', 'country_of_origin': '#1FAAA8', 'bol_original_number': '#4D64EB', 'net_weight': '#2F5EAD', 'signed_by_carrier': '#B9F976', 'gross_weight': '#286C6C', 'carrier_country': '#8EFCF7', 'port_of_discharge': '#6915DE', 'goods_quantity': '#D976EF', 'notify_party_name': '#67DF1E', 'port_of_loading': '#B9B735', 'shipper_address': '#9EDF28', 'place_of_issue': '#AB7D55', 'agent_country': '#5EC23A', 'freight_collect_at': '#3B9B2F', 'place_of_receipt': '#A4AF63', 'voyage_number': '#3091D5', 'signature': '#487308', 'consignee_name': '#40B7CC', 'consignee_address': '#E8EC59', 'bill_of_lading_issue_date': '#0F3207', 'mode_of_transport': '#B42F26', 'shipper_name': '#604DA7', 'signed_By_agent': '#F79C44', 'container_number': '#C64F07', 'transaction_date': '#5165C3', 'notify_party_address': '#30146F', 'goods_marks_and_nos': '#650354', 'goods_description': '#C4953F', 'lc_date': '#7F7C59', 'dimension': '#5ABE6D', 'agent_name': '#32AC17', 'carrier_name': '#867B33', 'O': '#193D8D', 'lc_ref_number': '#7D927A', 'pre_carriage_by': '#DECA08', 'page_no': '#A8ED19', 'total_original_no': '#BF96EF', 'freight_collect_or_prepaid': '#C71A26', 'signed_by_master': '#AF429C', 'bill_of_lading_number': '#172991'}
2024-03-17 19:59:06,892 is result_set is instance of dict? True
2024-03-17 19:59:06,893 is final_result_set is instance of dict? True
2024-03-17 19:59:07,204 Time taken for page 1 of Bill_Of_Landing_55_page_0.png:0:00:03.244565
2024-03-17 19:59:07,310 *****Generated All Pages****** for Bill_Of_Landing_55_page_0.png
2024-03-17 19:59:07,311 RAM memory 90.3 used for Bill_Of_Landing_55_page_0.png Generating All Pages:
2024-03-17 19:59:07,311 Processing time taken for all pages of Bill_Of_Landing_55_page_0.png1:0:00:03.362438
2024-03-17 19:59:07,454 file name is:Bill_of_lading_1068_page_2.png
2024-03-17 19:59:07,454 folder path :Images
2024-03-17 19:59:07,454 Calling Image result
2024-03-17 19:59:07,454 is all_page_result is instance of dict? True
2024-03-17 19:59:07,465 STREAM b'IHDR' 16 13
2024-03-17 19:59:07,465 STREAM b'IDAT' 41 65536
2024-03-17 19:59:07,539 is words is instance of list? True
2024-03-17 19:59:07,539 is bboxes is instance of list? True
2024-03-17 19:59:07,539 is bounding_boxes is instance of list? True
2024-03-17 19:59:08,027 is input_id_chunks is instance of list? True
2024-03-17 19:59:08,027 is mask_chunks is instance of list? True
2024-03-17 19:59:08,027 is bbox_chunks is instance of list? True
2024-03-17 19:59:08,027 is image_chunks is instance of list? True
2024-03-17 19:59:08,027 is input_dict is instance of dict? True
2024-03-17 19:59:09,358 Model Called
2024-03-17 19:59:09,358 RAM memory 90.3 used for Bill_of_lading_1068_page_2.png:
2024-03-17 19:59:09,358 is all_predictions is instance of list? True
2024-03-17 19:59:09,358 is all_boxes is instance of list? True
2024-03-17 19:59:09,358 is all_confidences is instance of list? True
2024-03-17 19:59:09,358 is all_text is instance of list? True
2024-03-17 19:59:09,359 is label2id is instance of dict? True
2024-03-17 19:59:09,359 is id2label is instance of dict? True
2024-03-17 19:59:09,360 is label2color is instance of dict? True
2024-03-17 19:59:09,360 label2color : {'stamp': '#84E499', 'bol_original_or_copy': '#36196E', 'vessel_name': '#D1CBB2', 'shipped_onboard_date': '#8CBD97', 'final_destination': '#1FE3A3', 'measurement': '#6A33C4', 'country_of_origin': '#647E9F', 'bol_original_number': '#FF3FA2', 'net_weight': '#92F440', 'signed_by_carrier': '#246070', 'gross_weight': '#6348F2', 'carrier_country': '#76B17D', 'port_of_discharge': '#4BDA24', 'goods_quantity': '#D0EDDE', 'notify_party_name': '#78DFD1', 'port_of_loading': '#AEEF75', 'shipper_address': '#0A2CF5', 'place_of_issue': '#1CED93', 'agent_country': '#52D1D3', 'freight_collect_at': '#DDB2CF', 'place_of_receipt': '#F4EDB1', 'voyage_number': '#3F2056', 'signature': '#ECC09D', 'consignee_name': '#8129B9', 'consignee_address': '#16420C', 'bill_of_lading_issue_date': '#F25A9D', 'mode_of_transport': '#03BD75', 'shipper_name': '#57617C', 'signed_By_agent': '#02B580', 'container_number': '#2E50F3', 'transaction_date': '#019E48', 'notify_party_address': '#0E0BF0', 'goods_marks_and_nos': '#3B2C9E', 'goods_description': '#0323C7', 'lc_date': '#9BD9D7', 'dimension': '#795094', 'agent_name': '#072D6D', 'carrier_name': '#4B20D4', 'O': '#F8EEF9', 'lc_ref_number': '#53EE23', 'pre_carriage_by': '#F310DA', 'page_no': '#9C541B', 'total_original_no': '#206287', 'freight_collect_or_prepaid': '#6EBB52', 'signed_by_master': '#A30639', 'bill_of_lading_number': '#BE5A94'}
2024-03-17 19:59:09,692 is result_set is instance of dict? True
2024-03-17 19:59:09,693 is final_result_set is instance of dict? True
2024-03-17 19:59:10,013 Time taken for page 1 of Bill_of_lading_1068_page_2.png:0:00:02.548211
2024-03-17 19:59:10,457 *****Generated All Pages****** for Bill_of_lading_1068_page_2.png
2024-03-17 19:59:10,458 RAM memory 90.4 used for Bill_of_lading_1068_page_2.png Generating All Pages:
2024-03-17 19:59:10,458 Processing time taken for all pages of Bill_of_lading_1068_page_2.png1:0:00:03.003784
2024-03-17 19:59:10,591 file name is:Bill_Of_Landing_79_page_0.png
2024-03-17 19:59:10,591 folder path :Images
2024-03-17 19:59:10,592 Calling Image result
2024-03-17 19:59:10,592 is all_page_result is instance of dict? True
2024-03-17 19:59:10,602 STREAM b'IHDR' 16 13
2024-03-17 19:59:10,602 STREAM b'IDAT' 41 65536
2024-03-17 19:59:10,635 is words is instance of list? True
2024-03-17 19:59:10,636 is bboxes is instance of list? True
2024-03-17 19:59:10,636 is bounding_boxes is instance of list? True
2024-03-17 19:59:10,901 is input_id_chunks is instance of list? True
2024-03-17 19:59:10,902 is mask_chunks is instance of list? True
2024-03-17 19:59:10,902 is bbox_chunks is instance of list? True
2024-03-17 19:59:10,902 is image_chunks is instance of list? True
2024-03-17 19:59:10,903 is input_dict is instance of dict? True
2024-03-17 19:59:13,653 Model Called
2024-03-17 19:59:13,654 RAM memory 90.1 used for Bill_Of_Landing_79_page_0.png:
2024-03-17 19:59:13,654 is all_predictions is instance of list? True
2024-03-17 19:59:13,654 is all_boxes is instance of list? True
2024-03-17 19:59:13,654 is all_confidences is instance of list? True
2024-03-17 19:59:13,654 is all_text is instance of list? True
2024-03-17 19:59:13,654 is label2id is instance of dict? True
2024-03-17 19:59:13,654 is id2label is instance of dict? True
2024-03-17 19:59:13,655 is label2color is instance of dict? True
2024-03-17 19:59:13,655 label2color : {'stamp': '#B0E4B8', 'bol_original_or_copy': '#934818', 'vessel_name': '#A2438A', 'shipped_onboard_date': '#E3661F', 'final_destination': '#2F0C14', 'measurement': '#12ECF4', 'country_of_origin': '#C3A2EF', 'bol_original_number': '#46AE40', 'net_weight': '#99C43B', 'signed_by_carrier': '#0450BB', 'gross_weight': '#241139', 'carrier_country': '#42FA69', 'port_of_discharge': '#61AE9F', 'goods_quantity': '#A33864', 'notify_party_name': '#C029F4', 'port_of_loading': '#1E3F0D', 'shipper_address': '#96F2F2', 'place_of_issue': '#CC5EE0', 'agent_country': '#0AF7CD', 'freight_collect_at': '#11A457', 'place_of_receipt': '#7CA987', 'voyage_number': '#8B82E1', 'signature': '#4D46BE', 'consignee_name': '#E0BE48', 'consignee_address': '#0B11F4', 'bill_of_lading_issue_date': '#28E299', 'mode_of_transport': '#8FD1C6', 'shipper_name': '#1E10B4', 'signed_By_agent': '#636552', 'container_number': '#91FDE8', 'transaction_date': '#3D2ED8', 'notify_party_address': '#5B6C17', 'goods_marks_and_nos': '#00157D', 'goods_description': '#2DA8AA', 'lc_date': '#D04DD8', 'dimension': '#D90C6F', 'agent_name': '#30A1D8', 'carrier_name': '#C87EAE', 'O': '#4092B8', 'lc_ref_number': '#2A0DFB', 'pre_carriage_by': '#4440B9', 'page_no': '#4CB2DA', 'total_original_no': '#F910EC', 'freight_collect_or_prepaid': '#F461D1', 'signed_by_master': '#3144C0', 'bill_of_lading_number': '#988108'}
2024-03-17 19:59:13,851 is result_set is instance of dict? True
2024-03-17 19:59:13,852 is final_result_set is instance of dict? True
2024-03-17 19:59:14,346 Time taken for page 1 of Bill_Of_Landing_79_page_0.png:0:00:03.743212
2024-03-17 19:59:14,491 *****Generated All Pages****** for Bill_Of_Landing_79_page_0.png
2024-03-17 19:59:14,492 RAM memory 90.0 used for Bill_Of_Landing_79_page_0.png Generating All Pages:
2024-03-17 19:59:14,492 Processing time taken for all pages of Bill_Of_Landing_79_page_0.png1:0:00:03.900401
2024-03-17 19:59:14,601 file name is:Bill_of_lading_543_page_8.png
2024-03-17 19:59:14,602 folder path :Images
2024-03-17 19:59:14,602 Calling Image result
2024-03-17 19:59:14,602 is all_page_result is instance of dict? True
2024-03-17 19:59:14,612 STREAM b'IHDR' 16 13
2024-03-17 19:59:14,612 STREAM b'IDAT' 41 65536
2024-03-17 19:59:14,625 is words is instance of list? True
2024-03-17 19:59:14,625 is bboxes is instance of list? True
2024-03-17 19:59:14,625 is bounding_boxes is instance of list? True
2024-03-17 19:59:14,667 is input_id_chunks is instance of list? True
2024-03-17 19:59:14,668 is mask_chunks is instance of list? True
2024-03-17 19:59:14,668 is bbox_chunks is instance of list? True
2024-03-17 19:59:14,668 is image_chunks is instance of list? True
2024-03-17 19:59:14,668 is input_dict is instance of dict? True
2024-03-17 19:59:17,099 Model Called
2024-03-17 19:59:17,100 RAM memory 90.0 used for Bill_of_lading_543_page_8.png:
2024-03-17 19:59:17,100 is all_predictions is instance of list? True
2024-03-17 19:59:17,100 is all_boxes is instance of list? True
2024-03-17 19:59:17,100 is all_confidences is instance of list? True
2024-03-17 19:59:17,100 is all_text is instance of list? True
2024-03-17 19:59:17,100 is label2id is instance of dict? True
2024-03-17 19:59:17,100 is id2label is instance of dict? True
2024-03-17 19:59:17,101 is label2color is instance of dict? True
2024-03-17 19:59:17,101 label2color : {'stamp': '#1A8E0A', 'bol_original_or_copy': '#027EA8', 'vessel_name': '#63A1B8', 'shipped_onboard_date': '#86365E', 'final_destination': '#5DF276', 'measurement': '#7D78E4', 'country_of_origin': '#896B84', 'bol_original_number': '#714789', 'net_weight': '#9984D0', 'signed_by_carrier': '#439FE7', 'gross_weight': '#129154', 'carrier_country': '#8DCED7', 'port_of_discharge': '#F3D9BF', 'goods_quantity': '#5A4FDF', 'notify_party_name': '#B0CAB2', 'port_of_loading': '#472729', 'shipper_address': '#7252CB', 'place_of_issue': '#0BFC66', 'agent_country': '#E7FF69', 'freight_collect_at': '#528E0C', 'place_of_receipt': '#3D6EAE', 'voyage_number': '#02BAF3', 'signature': '#EE5F9F', 'consignee_name': '#934E8F', 'consignee_address': '#4A7159', 'bill_of_lading_issue_date': '#9DF305', 'mode_of_transport': '#441717', 'shipper_name': '#E56E13', 'signed_By_agent': '#C75EA8', 'container_number': '#75A3DA', 'transaction_date': '#CBD251', 'notify_party_address': '#9DA5B2', 'goods_marks_and_nos': '#D04A07', 'goods_description': '#FD88C7', 'lc_date': '#8E3386', 'dimension': '#F48B28', 'agent_name': '#10342E', 'carrier_name': '#4012D0', 'O': '#61B9C6', 'lc_ref_number': '#07AFE6', 'pre_carriage_by': '#CBFF5B', 'page_no': '#725319', 'total_original_no': '#7F29EE', 'freight_collect_or_prepaid': '#2A8CCC', 'signed_by_master': '#2F1718', 'bill_of_lading_number': '#EC35C1'}
2024-03-17 19:59:17,143 is result_set is instance of dict? True
2024-03-17 19:59:17,144 is final_result_set is instance of dict? True
2024-03-17 19:59:17,233 Time taken for page 1 of Bill_of_lading_543_page_8.png:0:00:02.620051
2024-03-17 19:59:17,353 *****Generated All Pages****** for Bill_of_lading_543_page_8.png
2024-03-17 19:59:17,354 RAM memory 90.1 used for Bill_of_lading_543_page_8.png Generating All Pages:
2024-03-17 19:59:17,354 Processing time taken for all pages of Bill_of_lading_543_page_8.png1:0:00:02.752096
2024-03-17 19:59:17,501 file name is:Bill_Of_Landing_9_page_0.png
2024-03-17 19:59:17,501 folder path :Images
2024-03-17 19:59:17,501 Calling Image result
2024-03-17 19:59:17,501 is all_page_result is instance of dict? True
2024-03-17 19:59:17,512 STREAM b'IHDR' 16 13
2024-03-17 19:59:17,512 STREAM b'IDAT' 41 65536
2024-03-17 19:59:17,548 is words is instance of list? True
2024-03-17 19:59:17,548 is bboxes is instance of list? True
2024-03-17 19:59:17,548 is bounding_boxes is instance of list? True
2024-03-17 19:59:17,768 is input_id_chunks is instance of list? True
2024-03-17 19:59:17,768 is mask_chunks is instance of list? True
2024-03-17 19:59:17,768 is bbox_chunks is instance of list? True
2024-03-17 19:59:17,768 is image_chunks is instance of list? True
2024-03-17 19:59:17,770 is input_dict is instance of dict? True
2024-03-17 19:59:21,291 Model Called
2024-03-17 19:59:21,291 RAM memory 90.1 used for Bill_Of_Landing_9_page_0.png:
2024-03-17 19:59:21,291 is all_predictions is instance of list? True
2024-03-17 19:59:21,291 is all_boxes is instance of list? True
2024-03-17 19:59:21,291 is all_confidences is instance of list? True
2024-03-17 19:59:21,291 is all_text is instance of list? True
2024-03-17 19:59:21,292 is label2id is instance of dict? True
2024-03-17 19:59:21,292 is id2label is instance of dict? True
2024-03-17 19:59:21,293 is label2color is instance of dict? True
2024-03-17 19:59:21,293 label2color : {'stamp': '#3F1FEC', 'bol_original_or_copy': '#F75322', 'vessel_name': '#08BA16', 'shipped_onboard_date': '#71B514', 'final_destination': '#E6B0C7', 'measurement': '#769509', 'country_of_origin': '#B1F3A2', 'bol_original_number': '#00DC51', 'net_weight': '#5E5522', 'signed_by_carrier': '#3A9D66', 'gross_weight': '#F9E368', 'carrier_country': '#0B3C8A', 'port_of_discharge': '#72950C', 'goods_quantity': '#EA5091', 'notify_party_name': '#310F6E', 'port_of_loading': '#BFC606', 'shipper_address': '#F76518', 'place_of_issue': '#C26DCD', 'agent_country': '#931912', 'freight_collect_at': '#95D213', 'place_of_receipt': '#4F6FB5', 'voyage_number': '#2EF02E', 'signature': '#A3302D', 'consignee_name': '#504A7C', 'consignee_address': '#FD685E', 'bill_of_lading_issue_date': '#B8ADCC', 'mode_of_transport': '#275BBA', 'shipper_name': '#6E5674', 'signed_By_agent': '#F94D02', 'container_number': '#CD385B', 'transaction_date': '#E7459E', 'notify_party_address': '#DB5CAC', 'goods_marks_and_nos': '#5560F3', 'goods_description': '#FCF3CA', 'lc_date': '#AB9FCD', 'dimension': '#2A2BAF', 'agent_name': '#B1F457', 'carrier_name': '#318759', 'O': '#3FBDBF', 'lc_ref_number': '#11C2CD', 'pre_carriage_by': '#32CDF9', 'page_no': '#44C078', 'total_original_no': '#7518E4', 'freight_collect_or_prepaid': '#ED9244', 'signed_by_master': '#BB6755', 'bill_of_lading_number': '#EB9EAA'}
2024-03-17 19:59:21,568 is result_set is instance of dict? True
2024-03-17 19:59:21,569 is final_result_set is instance of dict? True
2024-03-17 19:59:22,051 Time taken for page 1 of Bill_Of_Landing_9_page_0.png:0:00:04.538802
2024-03-17 19:59:22,227 *****Generated All Pages****** for Bill_Of_Landing_9_page_0.png
2024-03-17 19:59:22,228 RAM memory 90.1 used for Bill_Of_Landing_9_page_0.png Generating All Pages:
2024-03-17 19:59:22,228 Processing time taken for all pages of Bill_Of_Landing_9_page_0.png1:0:00:04.726690
2024-03-17 19:59:22,338 file name is:Bill_Of_Landing_56_page_0.png
2024-03-17 19:59:22,338 folder path :Images
2024-03-17 19:59:22,338 Calling Image result
2024-03-17 19:59:22,338 is all_page_result is instance of dict? True
2024-03-17 19:59:22,349 STREAM b'IHDR' 16 13
2024-03-17 19:59:22,349 STREAM b'IDAT' 41 65536
2024-03-17 19:59:22,391 is words is instance of list? True
2024-03-17 19:59:22,391 is bboxes is instance of list? True
2024-03-17 19:59:22,391 is bounding_boxes is instance of list? True
2024-03-17 19:59:22,619 is input_id_chunks is instance of list? True
2024-03-17 19:59:22,620 is mask_chunks is instance of list? True
2024-03-17 19:59:22,620 is bbox_chunks is instance of list? True
2024-03-17 19:59:22,620 is image_chunks is instance of list? True
2024-03-17 19:59:22,620 is input_dict is instance of dict? True
2024-03-17 19:59:25,021 Model Called
2024-03-17 19:59:25,022 RAM memory 90.0 used for Bill_Of_Landing_56_page_0.png:
2024-03-17 19:59:25,022 is all_predictions is instance of list? True
2024-03-17 19:59:25,022 is all_boxes is instance of list? True
2024-03-17 19:59:25,022 is all_confidences is instance of list? True
2024-03-17 19:59:25,022 is all_text is instance of list? True
2024-03-17 19:59:25,022 is label2id is instance of dict? True
2024-03-17 19:59:25,022 is id2label is instance of dict? True
2024-03-17 19:59:25,023 is label2color is instance of dict? True
2024-03-17 19:59:25,023 label2color : {'stamp': '#29F6C4', 'bol_original_or_copy': '#B27E31', 'vessel_name': '#84ECA4', 'shipped_onboard_date': '#6C5A87', 'final_destination': '#FDE825', 'measurement': '#5A8486', 'country_of_origin': '#CA933D', 'bol_original_number': '#BC5D8B', 'net_weight': '#F37236', 'signed_by_carrier': '#72A1BD', 'gross_weight': '#F58775', 'carrier_country': '#4164F1', 'port_of_discharge': '#23F3C2', 'goods_quantity': '#FCC52B', 'notify_party_name': '#50C23F', 'port_of_loading': '#C80CA9', 'shipper_address': '#7BC6A1', 'place_of_issue': '#E00424', 'agent_country': '#665352', 'freight_collect_at': '#BE2BF2', 'place_of_receipt': '#689BFC', 'voyage_number': '#ACFC7C', 'signature': '#9EC30D', 'consignee_name': '#742678', 'consignee_address': '#FC2209', 'bill_of_lading_issue_date': '#C9E6D2', 'mode_of_transport': '#82C102', 'shipper_name': '#4A5B9C', 'signed_By_agent': '#02683B', 'container_number': '#A87CF8', 'transaction_date': '#B4ACE3', 'notify_party_address': '#D5B65C', 'goods_marks_and_nos': '#D7E0BF', 'goods_description': '#45EC2A', 'lc_date': '#20B7F8', 'dimension': '#2D993C', 'agent_name': '#6AF59F', 'carrier_name': '#A213AB', 'O': '#3AC157', 'lc_ref_number': '#059572', 'pre_carriage_by': '#90696A', 'page_no': '#71075F', 'total_original_no': '#39F8C7', 'freight_collect_or_prepaid': '#9C3753', 'signed_by_master': '#43288B', 'bill_of_lading_number': '#6C106E'}
2024-03-17 19:59:25,214 is result_set is instance of dict? True
2024-03-17 19:59:25,214 is final_result_set is instance of dict? True
2024-03-17 19:59:25,629 Time taken for page 1 of Bill_Of_Landing_56_page_0.png:0:00:03.280353
2024-03-17 19:59:25,790 *****Generated All Pages****** for Bill_Of_Landing_56_page_0.png
2024-03-17 19:59:25,790 RAM memory 89.9 used for Bill_Of_Landing_56_page_0.png Generating All Pages:
2024-03-17 19:59:25,790 Processing time taken for all pages of Bill_Of_Landing_56_page_0.png1:0:00:03.451926
2024-03-17 19:59:25,909 file name is:Bill_of_lading_636_page_4.png
2024-03-17 19:59:25,910 folder path :Images
2024-03-17 19:59:25,910 Calling Image result
2024-03-17 19:59:25,910 is all_page_result is instance of dict? True
2024-03-17 19:59:25,921 STREAM b'IHDR' 16 13
2024-03-17 19:59:25,921 STREAM b'PLTE' 41 6
2024-03-17 19:59:25,921 STREAM b'IDAT' 59 65536
2024-03-17 19:59:25,963 is words is instance of list? True
2024-03-17 19:59:25,963 is bboxes is instance of list? True
2024-03-17 19:59:25,964 is bounding_boxes is instance of list? True
2024-03-17 19:59:26,216 is input_id_chunks is instance of list? True
2024-03-17 19:59:26,216 is mask_chunks is instance of list? True
2024-03-17 19:59:26,216 is bbox_chunks is instance of list? True
2024-03-17 19:59:26,216 is image_chunks is instance of list? True
2024-03-17 19:59:26,217 is input_dict is instance of dict? True
2024-03-17 19:59:28,511 Model Called
2024-03-17 19:59:28,511 RAM memory 89.9 used for Bill_of_lading_636_page_4.png:
2024-03-17 19:59:28,511 is all_predictions is instance of list? True
2024-03-17 19:59:28,511 is all_boxes is instance of list? True
2024-03-17 19:59:28,512 is all_confidences is instance of list? True
2024-03-17 19:59:28,512 is all_text is instance of list? True
2024-03-17 19:59:28,512 is label2id is instance of dict? True
2024-03-17 19:59:28,512 is id2label is instance of dict? True
2024-03-17 19:59:28,513 is label2color is instance of dict? True
2024-03-17 19:59:28,513 label2color : {'stamp': '#998CBF', 'bol_original_or_copy': '#E09599', 'vessel_name': '#995192', 'shipped_onboard_date': '#905DAD', 'final_destination': '#2BB249', 'measurement': '#A60BEE', 'country_of_origin': '#FD3E1C', 'bol_original_number': '#4C9EA1', 'net_weight': '#41642A', 'signed_by_carrier': '#D2171F', 'gross_weight': '#9B2C37', 'carrier_country': '#AA2129', 'port_of_discharge': '#59DC87', 'goods_quantity': '#934AB0', 'notify_party_name': '#A6EDC5', 'port_of_loading': '#F30E5C', 'shipper_address': '#DDF09B', 'place_of_issue': '#5F1929', 'agent_country': '#0C6D7C', 'freight_collect_at': '#95A3B9', 'place_of_receipt': '#1EE8EF', 'voyage_number': '#8DF3F5', 'signature': '#36F905', 'consignee_name': '#F4C41E', 'consignee_address': '#6A5440', 'bill_of_lading_issue_date': '#D6A7CB', 'mode_of_transport': '#D848F3', 'shipper_name': '#EFB88A', 'signed_By_agent': '#DA538D', 'container_number': '#741910', 'transaction_date': '#171713', 'notify_party_address': '#A70F47', 'goods_marks_and_nos': '#614B70', 'goods_description': '#71D5C7', 'lc_date': '#1A885D', 'dimension': '#77235C', 'agent_name': '#56E95D', 'carrier_name': '#EEEF39', 'O': '#C32388', 'lc_ref_number': '#452AD4', 'pre_carriage_by': '#1576A9', 'page_no': '#C33299', 'total_original_no': '#12B64A', 'freight_collect_or_prepaid': '#5EDD05', 'signed_by_master': '#912C8B', 'bill_of_lading_number': '#06E5A1'}
2024-03-17 19:59:28,750 is result_set is instance of dict? True
2024-03-17 19:59:28,751 is final_result_set is instance of dict? True
