2024-04-27 05:13:19,309 checkpoint 1 => setting basis cofiguration for logging purposes
2024-04-27 05:13:19,310 start time: 2024-04-27 05:13:19.310547
2024-04-27 05:13:21,668 Starting new HTTPS connection (1): huggingface.co:443
2024-04-27 05:13:22,353 https://huggingface.co:443 "HEAD /microsoft/layoutlmv2-base-uncased/resolve/main/preprocessor_config.json HTTP/1.1" 200 0
2024-04-27 05:13:23,186 https://huggingface.co:443 "HEAD /microsoft/layoutlmv2-base-uncased/resolve/main/tokenizer_config.json HTTP/1.1" 404 0
2024-04-27 05:13:23,493 https://huggingface.co:443 "HEAD /microsoft/layoutlmv2-base-uncased/resolve/main/vocab.txt HTTP/1.1" 200 0
2024-04-27 05:13:23,532 RAM memory for Model loading used: 70.5
2024-04-27 05:13:23,532 cpu_utilization % for Model Loading:11.4
2024-04-27 05:13:23,532 memory_consumption in bytes for Loading Model:910299136
2024-04-27 05:13:23,532 Loaded Model successfully
2024-04-27 05:13:23,532 file name is:Bill_of_Exchange_157_0.png
2024-04-27 05:13:23,532 folder path :Images
2024-04-27 05:13:23,532 Calling Image result
2024-04-27 05:13:23,532 is all_page_result is instance of dict? True
2024-04-27 05:13:23,536 STREAM b'IHDR' 16 13
2024-04-27 05:13:23,536 STREAM b'pHYs' 41 9
2024-04-27 05:13:23,536 STREAM b'IDAT' 62 126930
2024-04-27 05:13:23,544 is words is instance of list? True
2024-04-27 05:13:23,544 is bboxes is instance of list? True
2024-04-27 05:13:23,544 is bounding_boxes is instance of list? True
2024-04-27 05:13:23,587 is input_id_chunks is instance of list? True
2024-04-27 05:13:23,587 is mask_chunks is instance of list? True
2024-04-27 05:13:23,587 is bbox_chunks is instance of list? True
2024-04-27 05:13:23,587 is image_chunks is instance of list? True
2024-04-27 05:13:23,588 is input_dict is instance of dict? True
2024-04-27 05:13:24,506 Model Called
2024-04-27 05:13:24,506 RAM memory 76.4 used for Bill_of_Exchange_157_0.png:
2024-04-27 05:13:24,506 is all_predictions is instance of list? True
2024-04-27 05:13:24,506 is all_boxes is instance of list? True
2024-04-27 05:13:24,506 is all_confidences is instance of list? True
2024-04-27 05:13:24,506 is all_text is instance of list? True
2024-04-27 05:13:24,506 is label2id is instance of dict? True
2024-04-27 05:13:24,506 is id2label is instance of dict? True
2024-04-27 05:13:24,507 is label2color is instance of dict? True
2024-04-27 05:13:24,507 label2color : {'tenor_type': '#AAF0B1', 'invoice_due_date': '#B8F4D2', 'diclaration_by': '#E25F86', 'invoice_amount': '#725DAC', 'original_or_copy': '#6D74A6', 'boe_currency': '#1DECD6', 'lc_ref_no': '#7E6430', 'boe_amount': '#C84782', 'indicator_date': '#8D962D', 'tenore_details': '#E974B0', 'lc_date': '#27B7D0', 'issuing_bank': '#1BF048', 'drawer_name': '#BE4539', 'stamp': '#DF87EA', 'drawer_bank_address': '#D2324A', 'drawer_address': '#1E079A', 'drawee_name': '#D6724B', 'country_of_origin': '#DDCE8C', 'tenor_indicator': '#84F70D', 'bill_exchange_no': '#470105', 'drawee_bank_address': '#F5C9CF', 'issuing_bank_address': '#A244D6', 'bill_exchange_date': '#934F9B', 'goods_discription': '#06DEFA', 'drawer_bank_name': '#843C3B', 'indicator_type': '#8A6FBC', 'drawee_bank_name': '#0384E4', 'usance_tenor': '#54AFD6', 'signature': '#056E71', 'invoice_no': '#6BC980', 'original_number': '#927FC2', 'drawee_address': '#F8C39E', 'invoice_date': '#45061C', 'issue_place': '#D92483', 'invoice_currency': '#6439F3', 'O': '#45A67A', 'amount_in_words': '#4F96C9'}
2024-04-27 05:13:24,528 is result_set is instance of dict? True
2024-04-27 05:13:24,529 is final_result_set is instance of dict? True
