2024-02-21 03:37:12,895 checkpoint 1 => setting basis cofiguration for logging purposes
2024-02-21 03:37:12,896 start time: 2024-02-21 03:37:12.896230
2024-02-21 03:37:16,003 Falling back to TensorFlow client; we recommended you install the Cloud TPU client directly with pip install cloud-tpu-client.
2024-02-21 03:37:16,068 Creating converter from 7 to 5
2024-02-21 03:37:16,068 Creating converter from 5 to 7
2024-02-21 03:37:16,068 Creating converter from 7 to 5
2024-02-21 03:37:16,068 Creating converter from 5 to 7
2024-02-21 03:37:16,383 Starting new HTTPS connection (1): huggingface.co:443
2024-02-21 03:37:16,791 https://huggingface.co:443 "HEAD /microsoft/layoutlmv2-base-uncased/resolve/main/preprocessor_config.json HTTP/1.1" 200 0
2024-02-21 03:37:17,815 https://huggingface.co:443 "HEAD /microsoft/layoutlmv2-base-uncased/resolve/main/tokenizer_config.json HTTP/1.1" 404 0
2024-02-21 03:37:18,532 https://huggingface.co:443 "HEAD /microsoft/layoutlmv2-base-uncased/resolve/main/vocab.txt HTTP/1.1" 200 0
2024-02-21 03:37:18,562 RAM memory for Model loading used: 53.5
2024-02-21 03:37:18,562 cpu_utilization % for Model Loading:10.3
2024-02-21 03:37:18,562 memory_consumption in bytes for Loading Model:1146068992
2024-02-21 03:37:18,562 Loaded Model successfully
2024-02-21 03:37:18,562 file name is:Packing_List(2013_04_15_16_20_53_5835)_346_page_1.png
2024-02-21 03:37:18,562 folder path :Images
2024-02-21 03:37:18,562 Calling Image result
2024-02-21 03:37:18,562 is all_page_result is instance of dict? True
2024-02-21 03:37:18,565 STREAM b'IHDR' 16 13
2024-02-21 03:37:18,565 STREAM b'IDAT' 41 34787
2024-02-21 03:37:18,582 is words is instance of list? True
2024-02-21 03:37:18,582 is bboxes is instance of list? True
2024-02-21 03:37:18,582 is bounding_boxes is instance of list? True
2024-02-21 03:37:18,723 is input_id_chunks is instance of list? True
2024-02-21 03:37:18,723 is mask_chunks is instance of list? True
2024-02-21 03:37:18,723 is bbox_chunks is instance of list? True
2024-02-21 03:37:18,723 is image_chunks is instance of list? True
2024-02-21 03:37:18,724 is input_dict is instance of dict? True
2024-02-21 03:37:20,392 Model Called
2024-02-21 03:37:20,392 RAM memory 66.3 used for Packing_List(2013_04_15_16_20_53_5835)_346_page_1.png:
2024-02-21 03:37:20,392 is all_predictions is instance of list? True
2024-02-21 03:37:20,392 is all_boxes is instance of list? True
2024-02-21 03:37:20,393 is all_confidences is instance of list? True
2024-02-21 03:37:20,393 is all_text is instance of list? True
2024-02-21 03:37:20,393 is label2id is instance of dict? True
2024-02-21 03:37:20,393 is id2label is instance of dict? True
2024-02-21 03:37:20,393 is label2color is instance of dict? True
2024-02-21 03:37:20,393 label2color : {'track_reference': '#51F004', 'vessel_name': '#AA0B78', 'transaction_amount_value': '#A6843F', 'lc_ref_no': '#3E92FD', 'invoice_currency': '#DA4EE3', 'bill_of_lading_date': '#EE964B', 'net_weight': '#C058D7', 'awb_date': '#ABB9C4', 'date_of_invoice': '#20C761', 'port_of_discharge': '#20802E', 'original_copy': '#3E5AF5', 'shipper_address': '#77BF6A', 'rate_per_unit': '#25BDC9', 'invoice_no': '#678726', 'signature': '#98E8B6', 'consignee_address': '#7E8361', 'incoterm': '#6C2354', 'country_of_final_destination': '#23D755', 'description_of_goods': '#42AA35', 'total_quantity_of_goods': '#D69B4B', 'shipper_name': '#A6C9F3', 'bill_of_lading_number': '#94F752', 'transaction_currency': '#69C690', 'iec_no': '#FDB1DA', 'gross_weight': '#AAEC51', 'vessel_flight_no': '#DB5D18', 'transaction_date': '#E5E4DB', 'lc_date': '#4B74DC', 'consignee_name': '#2C6CDB', 'stamp': '#D1606F', 'invoice_amount': '#E8DBB9', 'dimension': '#C47CEA', 'O': '#A28ED6', 'consignor_name': '#3D80DC', 'notify_party_name': '#1D4577', 'beneficiary_drawer_exporter_seller_supplier_name': '#A14BD9', 'pre_carriage_by': '#6153F3', 'consignor_address': '#B4D179', 'declaration': '#4340EB', 'beneficiary_drawer_exporter_seller_supplier_tin_no': '#5FFAD4', 'country_of_origin_origin_of_goods': '#DFDE18', 'awb_number': '#65C10F', 'beneficiary_address': '#B39306', 'remitter_address': '#2A7349', 'page_no': '#0EBF9C', 'remitter_drawee_applicant_importer_buyer_name': '#4F24CF', 'port_of_loading': '#AD941B', 'notify_party_address': '#75B274', 'payment_terms_terms_of_delivery_&_payment': '#5FD677'}
2024-02-21 03:37:20,495 is result_set is instance of dict? True
2024-02-21 03:37:20,497 is final_result_set is instance of dict? True
