2024-04-26 11:44:24,541 checkpoint 1 => setting basis cofiguration for logging purposes
2024-04-26 11:44:24,542 start time: 2024-04-26 11:44:24.542345
2024-04-26 11:44:27,253 Starting new HTTPS connection (1): huggingface.co:443
2024-04-26 11:44:27,679 https://huggingface.co:443 "HEAD /microsoft/layoutlmv2-base-uncased/resolve/main/preprocessor_config.json HTTP/1.1" 200 0
2024-04-26 11:44:28,163 https://huggingface.co:443 "HEAD /microsoft/layoutlmv2-base-uncased/resolve/main/tokenizer_config.json HTTP/1.1" 404 0
2024-04-26 11:44:28,475 https://huggingface.co:443 "HEAD /microsoft/layoutlmv2-base-uncased/resolve/main/vocab.txt HTTP/1.1" 200 0
2024-04-26 11:44:28,503 RAM memory for Model loading used: 61.0
2024-04-26 11:44:28,503 cpu_utilization % for Model Loading:25.7
2024-04-26 11:44:28,503 memory_consumption in bytes for Loading Model:909746176
2024-04-26 11:44:28,503 Loaded Model successfully
2024-04-26 11:44:28,503 file name is:Bill_of_lading_512_page_0.png
2024-04-26 11:44:28,503 folder path :Images
2024-04-26 11:44:28,503 Calling Image result
2024-04-26 11:44:28,503 is all_page_result is instance of dict? True
2024-04-26 11:44:28,507 STREAM b'IHDR' 16 13
2024-04-26 11:44:28,507 STREAM b'IDAT' 41 57112
2024-04-26 11:44:28,541 is words is instance of list? True
2024-04-26 11:44:28,541 is bboxes is instance of list? True
2024-04-26 11:44:28,541 is bounding_boxes is instance of list? True
2024-04-26 11:44:28,860 is input_id_chunks is instance of list? True
2024-04-26 11:44:28,860 is mask_chunks is instance of list? True
2024-04-26 11:44:28,860 is bbox_chunks is instance of list? True
2024-04-26 11:44:28,860 is image_chunks is instance of list? True
2024-04-26 11:44:28,861 is input_dict is instance of dict? True
2024-04-26 11:44:31,582 Model Called
2024-04-26 11:44:31,583 RAM memory 72.3 used for Bill_of_lading_512_page_0.png:
2024-04-26 11:44:31,583 is all_predictions is instance of list? True
2024-04-26 11:44:31,583 is all_boxes is instance of list? True
2024-04-26 11:44:31,583 is all_confidences is instance of list? True
2024-04-26 11:44:31,583 is all_text is instance of list? True
2024-04-26 11:44:31,584 is label2id is instance of dict? True
2024-04-26 11:44:31,584 is id2label is instance of dict? True
2024-04-26 11:44:31,585 is label2color is instance of dict? True
2024-04-26 11:44:31,585 label2color : {'stamp': '#C64574', 'bol_original_or_copy': '#C14329', 'vessel_name': '#9A9C02', 'shipped_onboard_date': '#233885', 'final_destination': '#15331E', 'measurement': '#F0146F', 'country_of_origin': '#5E433D', 'bol_original_number': '#FA417F', 'net_weight': '#960DF9', 'signed_by_carrier': '#E0A4DB', 'gross_weight': '#7B5AB8', 'carrier_country': '#E341D1', 'port_of_discharge': '#1B7925', 'goods_quantity': '#51A745', 'notify_party_name': '#99F8DC', 'port_of_loading': '#3F05B2', 'shipper_address': '#10BD5C', 'place_of_issue': '#2D4BA7', 'agent_country': '#8575B6', 'freight_collect_at': '#9F402F', 'place_of_receipt': '#CDD7D8', 'voyage_number': '#92D353', 'signature': '#5F3FD8', 'consignee_name': '#223116', 'consignee_address': '#ADEEF6', 'bill_of_lading_issue_date': '#1699EA', 'mode_of_transport': '#B4F788', 'shipper_name': '#F41C99', 'signed_By_agent': '#CD8281', 'container_number': '#0CD7AA', 'transaction_date': '#9C1B30', 'notify_party_address': '#66A288', 'goods_marks_and_nos': '#EA3A9C', 'goods_description': '#6CF65B', 'lc_date': '#63A036', 'dimension': '#142B8F', 'agent_name': '#58BB9E', 'carrier_name': '#0A3558', 'O': '#E2D9BA', 'lc_ref_number': '#59E1A6', 'pre_carriage_by': '#B7FC02', 'page_no': '#A1BC91', 'total_original_no': '#262B80', 'freight_collect_or_prepaid': '#76135C', 'signed_by_master': '#9F2D1E', 'bill_of_lading_number': '#6B84C2'}
2024-04-26 11:44:31,795 is result_set is instance of dict? True
2024-04-26 11:44:31,796 is final_result_set is instance of dict? True
2024-04-26 11:44:31,927 Time taken for page 1 of Bill_of_lading_512_page_0.png:0:00:03.420624
2024-04-26 11:44:32,050 *****Generated All Pages****** for Bill_of_lading_512_page_0.png
2024-04-26 11:44:32,050 RAM memory 72.7 used for Bill_of_lading_512_page_0.png Generating All Pages:
2024-04-26 11:44:32,050 Processing time taken for all pages of Bill_of_lading_512_page_0.png1:0:00:03.546669
2024-04-26 11:44:32,179 file name is:Bill_of_lading_1505_page_4.png
2024-04-26 11:44:32,179 folder path :Images
2024-04-26 11:44:32,180 Calling Image result
2024-04-26 11:44:32,180 is all_page_result is instance of dict? True
2024-04-26 11:44:32,180 STREAM b'IHDR' 16 13
2024-04-26 11:44:32,180 STREAM b'PLTE' 41 6
2024-04-26 11:44:32,180 STREAM b'IDAT' 59 65536
2024-04-26 11:44:32,221 is words is instance of list? True
2024-04-26 11:44:32,221 is bboxes is instance of list? True
2024-04-26 11:44:32,221 is bounding_boxes is instance of list? True
2024-04-26 11:44:32,498 is input_id_chunks is instance of list? True
2024-04-26 11:44:32,498 is mask_chunks is instance of list? True
2024-04-26 11:44:32,498 is bbox_chunks is instance of list? True
2024-04-26 11:44:32,498 is image_chunks is instance of list? True
2024-04-26 11:44:32,499 is input_dict is instance of dict? True
2024-04-26 11:44:34,879 Model Called
2024-04-26 11:44:34,880 RAM memory 73.2 used for Bill_of_lading_1505_page_4.png:
2024-04-26 11:44:34,880 is all_predictions is instance of list? True
2024-04-26 11:44:34,880 is all_boxes is instance of list? True
2024-04-26 11:44:34,880 is all_confidences is instance of list? True
2024-04-26 11:44:34,880 is all_text is instance of list? True
2024-04-26 11:44:34,880 is label2id is instance of dict? True
2024-04-26 11:44:34,880 is id2label is instance of dict? True
2024-04-26 11:44:34,880 is label2color is instance of dict? True
2024-04-26 11:44:34,880 label2color : {'stamp': '#DC98BE', 'bol_original_or_copy': '#5E288E', 'vessel_name': '#D73A3E', 'shipped_onboard_date': '#903346', 'final_destination': '#247D3D', 'measurement': '#7D1E11', 'country_of_origin': '#66E549', 'bol_original_number': '#7733BC', 'net_weight': '#7818F5', 'signed_by_carrier': '#AA2820', 'gross_weight': '#635566', 'carrier_country': '#187757', 'port_of_discharge': '#766E83', 'goods_quantity': '#C76128', 'notify_party_name': '#DBD646', 'port_of_loading': '#5E29C7', 'shipper_address': '#38D127', 'place_of_issue': '#05D20D', 'agent_country': '#778008', 'freight_collect_at': '#5B45C6', 'place_of_receipt': '#055732', 'voyage_number': '#0ECAFE', 'signature': '#45930A', 'consignee_name': '#D54C02', 'consignee_address': '#248E59', 'bill_of_lading_issue_date': '#2AB6EB', 'mode_of_transport': '#49EFE2', 'shipper_name': '#E8FE11', 'signed_By_agent': '#9A50E5', 'container_number': '#1AAC0D', 'transaction_date': '#FEC9C9', 'notify_party_address': '#A57AAB', 'goods_marks_and_nos': '#BC2F4C', 'goods_description': '#9FC416', 'lc_date': '#7DFF45', 'dimension': '#642AC8', 'agent_name': '#C61386', 'carrier_name': '#A31041', 'O': '#817B29', 'lc_ref_number': '#0BD0D5', 'pre_carriage_by': '#AFBAFD', 'page_no': '#EAFB6A', 'total_original_no': '#18827B', 'freight_collect_or_prepaid': '#99E509', 'signed_by_master': '#38A096', 'bill_of_lading_number': '#E1B9D2'}
2024-04-26 11:44:35,144 is result_set is instance of dict? True
2024-04-26 11:44:35,145 is final_result_set is instance of dict? True
2024-04-26 11:44:35,226 Time taken for page 1 of Bill_of_lading_1505_page_4.png:0:00:03.045716
2024-04-26 11:44:35,374 *****Generated All Pages****** for Bill_of_lading_1505_page_4.png
2024-04-26 11:44:35,374 RAM memory 73.6 used for Bill_of_lading_1505_page_4.png Generating All Pages:
2024-04-26 11:44:35,374 Processing time taken for all pages of Bill_of_lading_1505_page_4.png1:0:00:03.194861
2024-04-26 11:44:35,542 file name is:Bill_of_lading_1077_page_0.png
2024-04-26 11:44:35,542 folder path :Images
2024-04-26 11:44:35,542 Calling Image result
2024-04-26 11:44:35,542 is all_page_result is instance of dict? True
2024-04-26 11:44:35,542 STREAM b'IHDR' 16 13
2024-04-26 11:44:35,542 STREAM b'IDAT' 41 59829
2024-04-26 11:44:35,574 is words is instance of list? True
2024-04-26 11:44:35,574 is bboxes is instance of list? True
2024-04-26 11:44:35,574 is bounding_boxes is instance of list? True
2024-04-26 11:44:35,802 is input_id_chunks is instance of list? True
2024-04-26 11:44:35,802 is mask_chunks is instance of list? True
2024-04-26 11:44:35,802 is bbox_chunks is instance of list? True
2024-04-26 11:44:35,802 is image_chunks is instance of list? True
2024-04-26 11:44:35,803 is input_dict is instance of dict? True
2024-04-26 11:44:38,964 Model Called
2024-04-26 11:44:38,964 RAM memory 80.3 used for Bill_of_lading_1077_page_0.png:
2024-04-26 11:44:38,964 is all_predictions is instance of list? True
2024-04-26 11:44:38,964 is all_boxes is instance of list? True
2024-04-26 11:44:38,964 is all_confidences is instance of list? True
2024-04-26 11:44:38,964 is all_text is instance of list? True
2024-04-26 11:44:38,965 is label2id is instance of dict? True
2024-04-26 11:44:38,965 is id2label is instance of dict? True
2024-04-26 11:44:38,965 is label2color is instance of dict? True
2024-04-26 11:44:38,965 label2color : {'stamp': '#669EA4', 'bol_original_or_copy': '#4FA0BD', 'vessel_name': '#CF78A7', 'shipped_onboard_date': '#604897', 'final_destination': '#3AE940', 'measurement': '#6B12A9', 'country_of_origin': '#A87AA2', 'bol_original_number': '#8B7AEC', 'net_weight': '#8C7C3F', 'signed_by_carrier': '#9D54F4', 'gross_weight': '#55F129', 'carrier_country': '#3913AA', 'port_of_discharge': '#BD3960', 'goods_quantity': '#3D00AD', 'notify_party_name': '#CEBFA7', 'port_of_loading': '#FF5AA7', 'shipper_address': '#2B8A60', 'place_of_issue': '#7857DF', 'agent_country': '#68314B', 'freight_collect_at': '#8A963F', 'place_of_receipt': '#42B039', 'voyage_number': '#96CA79', 'signature': '#94182B', 'consignee_name': '#40E0B3', 'consignee_address': '#36D2DA', 'bill_of_lading_issue_date': '#36C53A', 'mode_of_transport': '#5B6228', 'shipper_name': '#92095F', 'signed_By_agent': '#11DF92', 'container_number': '#BBD9DF', 'transaction_date': '#34B31A', 'notify_party_address': '#A5A873', 'goods_marks_and_nos': '#BB1D38', 'goods_description': '#8558D6', 'lc_date': '#046589', 'dimension': '#7DC308', 'agent_name': '#DDE926', 'carrier_name': '#78191D', 'O': '#B18824', 'lc_ref_number': '#9FE982', 'pre_carriage_by': '#904202', 'page_no': '#246F67', 'total_original_no': '#0AF369', 'freight_collect_or_prepaid': '#7A105C', 'signed_by_master': '#F68281', 'bill_of_lading_number': '#ACA505'}
2024-04-26 11:44:39,237 is result_set is instance of dict? True
2024-04-26 11:44:39,238 is final_result_set is instance of dict? True
2024-04-26 11:44:39,330 Time taken for page 1 of Bill_of_lading_1077_page_0.png:0:00:03.787902
2024-04-26 11:44:39,467 *****Generated All Pages****** for Bill_of_lading_1077_page_0.png
2024-04-26 11:44:39,467 RAM memory 80.4 used for Bill_of_lading_1077_page_0.png Generating All Pages:
2024-04-26 11:44:39,467 Processing time taken for all pages of Bill_of_lading_1077_page_0.png1:0:00:03.925378
