2024-04-25 17:19:44,313 checkpoint 1 => setting basis cofiguration for logging purposes
2024-04-25 17:19:44,315 start time: 2024-04-25 17:19:44.315477
2024-04-25 17:19:47,491 Starting new HTTPS connection (1): huggingface.co:443
2024-04-25 17:19:52,870 https://huggingface.co:443 "HEAD /microsoft/layoutlmv2-base-uncased/resolve/main/preprocessor_config.json HTTP/1.1" 200 0
2024-04-25 17:19:54,281 https://huggingface.co:443 "HEAD /microsoft/layoutlmv2-base-uncased/resolve/main/tokenizer_config.json HTTP/1.1" 404 0
2024-04-25 17:19:54,955 https://huggingface.co:443 "HEAD /microsoft/layoutlmv2-base-uncased/resolve/main/vocab.txt HTTP/1.1" 200 0
2024-04-25 17:19:54,990 RAM memory for Model loading used: 53.5
2024-04-25 17:19:54,991 cpu_utilization % for Model Loading:23.5
2024-04-25 17:19:54,991 memory_consumption in bytes for Loading Model:907988992
2024-04-25 17:19:54,991 Loaded Model successfully
2024-04-25 17:19:54,991 file name is:Bill_of_lading_1589_page_0.png
2024-04-25 17:19:54,991 folder path :Images
2024-04-25 17:19:54,991 Calling Image result
2024-04-25 17:19:54,991 is all_page_result is instance of dict? True
2024-04-25 17:19:54,997 STREAM b'IHDR' 16 13
2024-04-25 17:19:54,998 STREAM b'IDAT' 41 65536
2024-04-25 17:19:55,048 *****Generated All Pages****** for Bill_of_lading_1589_page_0.png
2024-04-25 17:19:55,048 RAM memory 53.7 used for Bill_of_lading_1589_page_0.png Generating All Pages:
2024-04-25 17:19:55,049 Processing time taken for all pages of Bill_of_lading_1589_page_0.png1:0:00:00.057399
2024-04-25 17:19:55,193 file name is:Bill_of_lading_2090_page_0.png
2024-04-25 17:19:55,193 folder path :Images
2024-04-25 17:19:55,193 Calling Image result
2024-04-25 17:19:55,193 is all_page_result is instance of dict? True
2024-04-25 17:19:55,194 STREAM b'IHDR' 16 13
2024-04-25 17:19:55,194 STREAM b'IDAT' 41 65536
2024-04-25 17:19:55,225 *****Generated All Pages****** for Bill_of_lading_2090_page_0.png
2024-04-25 17:19:55,225 RAM memory 53.7 used for Bill_of_lading_2090_page_0.png Generating All Pages:
2024-04-25 17:19:55,225 Processing time taken for all pages of Bill_of_lading_2090_page_0.png1:0:00:00.031701
2024-04-25 17:19:55,376 file name is:Bill_Of_Landing_8_page_0.png
2024-04-25 17:19:55,376 folder path :Images
2024-04-25 17:19:55,376 Calling Image result
2024-04-25 17:19:55,376 is all_page_result is instance of dict? True
2024-04-25 17:19:55,377 STREAM b'IHDR' 16 13
2024-04-25 17:19:55,377 STREAM b'IDAT' 41 65536
2024-04-25 17:19:55,403 *****Generated All Pages****** for Bill_Of_Landing_8_page_0.png
2024-04-25 17:19:55,404 RAM memory 53.7 used for Bill_Of_Landing_8_page_0.png Generating All Pages:
2024-04-25 17:19:55,404 Processing time taken for all pages of Bill_Of_Landing_8_page_0.png1:0:00:00.027617
2024-04-25 17:19:55,519 file name is:Bill_Of_Landing_54_page_0.png
2024-04-25 17:19:55,519 folder path :Images
2024-04-25 17:19:55,519 Calling Image result
2024-04-25 17:19:55,519 is all_page_result is instance of dict? True
2024-04-25 17:19:55,529 STREAM b'IHDR' 16 13
2024-04-25 17:19:55,529 STREAM b'IDAT' 41 65536
2024-04-25 17:19:55,566 *****Generated All Pages****** for Bill_Of_Landing_54_page_0.png
2024-04-25 17:19:55,566 RAM memory 53.8 used for Bill_Of_Landing_54_page_0.png Generating All Pages:
2024-04-25 17:19:55,566 Processing time taken for all pages of Bill_Of_Landing_54_page_0.png1:0:00:00.047550
2024-04-25 17:19:55,696 file name is:Bill_Of_Landing_39_page_0.png
2024-04-25 17:19:55,696 folder path :Images
2024-04-25 17:19:55,696 Calling Image result
2024-04-25 17:19:55,696 is all_page_result is instance of dict? True
2024-04-25 17:19:55,696 STREAM b'IHDR' 16 13
2024-04-25 17:19:55,696 STREAM b'IDAT' 41 65536
2024-04-25 17:19:55,730 *****Generated All Pages****** for Bill_Of_Landing_39_page_0.png
2024-04-25 17:19:55,730 RAM memory 53.8 used for Bill_Of_Landing_39_page_0.png Generating All Pages:
2024-04-25 17:19:55,730 Processing time taken for all pages of Bill_Of_Landing_39_page_0.png1:0:00:00.034190
2024-04-25 17:19:55,865 file name is:Bill_Of_Landing_36_page_2.png
2024-04-25 17:19:55,865 folder path :Images
2024-04-25 17:19:55,865 Calling Image result
2024-04-25 17:19:55,865 is all_page_result is instance of dict? True
2024-04-25 17:19:55,866 STREAM b'IHDR' 16 13
2024-04-25 17:19:55,866 STREAM b'IDAT' 41 52678
2024-04-25 17:19:55,895 *****Generated All Pages****** for Bill_Of_Landing_36_page_2.png
2024-04-25 17:19:55,896 RAM memory 53.8 used for Bill_Of_Landing_36_page_2.png Generating All Pages:
2024-04-25 17:19:55,896 Processing time taken for all pages of Bill_Of_Landing_36_page_2.png1:0:00:00.030645
2024-04-25 17:19:56,038 file name is:Bill_of_lading_2060_page_0.png
2024-04-25 17:19:56,038 folder path :Images
2024-04-25 17:19:56,039 Calling Image result
2024-04-25 17:19:56,039 is all_page_result is instance of dict? True
2024-04-25 17:19:56,039 STREAM b'IHDR' 16 13
2024-04-25 17:19:56,039 STREAM b'IDAT' 41 65536
2024-04-25 17:19:56,090 *****Generated All Pages****** for Bill_of_lading_2060_page_0.png
2024-04-25 17:19:56,090 RAM memory 53.9 used for Bill_of_lading_2060_page_0.png Generating All Pages:
2024-04-25 17:19:56,090 Processing time taken for all pages of Bill_of_lading_2060_page_0.png1:0:00:00.051802
2024-04-25 17:19:56,214 file name is:Bill_of_lading_1004_page_0.png
2024-04-25 17:19:56,214 folder path :Images
2024-04-25 17:19:56,214 Calling Image result
2024-04-25 17:19:56,214 is all_page_result is instance of dict? True
2024-04-25 17:19:56,225 STREAM b'IHDR' 16 13
2024-04-25 17:19:56,225 STREAM b'IDAT' 41 65536
2024-04-25 17:19:56,252 *****Generated All Pages****** for Bill_of_lading_1004_page_0.png
2024-04-25 17:19:56,252 RAM memory 53.8 used for Bill_of_lading_1004_page_0.png Generating All Pages:
2024-04-25 17:19:56,252 Processing time taken for all pages of Bill_of_lading_1004_page_0.png1:0:00:00.037463
2024-04-25 17:19:56,374 file name is:Bill_of_lading_2073_page_1.png
2024-04-25 17:19:56,374 folder path :Images
2024-04-25 17:19:56,374 Calling Image result
2024-04-25 17:19:56,374 is all_page_result is instance of dict? True
2024-04-25 17:19:56,384 STREAM b'IHDR' 16 13
2024-04-25 17:19:56,384 STREAM b'IDAT' 41 65536
2024-04-25 17:19:56,417 *****Generated All Pages****** for Bill_of_lading_2073_page_1.png
2024-04-25 17:19:56,417 RAM memory 53.9 used for Bill_of_lading_2073_page_1.png Generating All Pages:
2024-04-25 17:19:56,417 Processing time taken for all pages of Bill_of_lading_2073_page_1.png1:0:00:00.043318
2024-04-25 17:19:56,539 file name is:Bill_of_lading_2100_page_0.png
2024-04-25 17:19:56,539 folder path :Images
2024-04-25 17:19:56,539 Calling Image result
2024-04-25 17:19:56,539 is all_page_result is instance of dict? True
2024-04-25 17:19:56,539 STREAM b'IHDR' 16 13
2024-04-25 17:19:56,539 STREAM b'IDAT' 41 65536
2024-04-25 17:19:56,569 *****Generated All Pages****** for Bill_of_lading_2100_page_0.png
2024-04-25 17:19:56,569 RAM memory 53.9 used for Bill_of_lading_2100_page_0.png Generating All Pages:
2024-04-25 17:19:56,569 Processing time taken for all pages of Bill_of_lading_2100_page_0.png1:0:00:00.030200
2024-04-25 17:19:56,690 file name is:Bill_Of_Landing_24_page_0.png
2024-04-25 17:19:56,690 folder path :Images
2024-04-25 17:19:56,690 Calling Image result
2024-04-25 17:19:56,690 is all_page_result is instance of dict? True
2024-04-25 17:19:56,700 STREAM b'IHDR' 16 13
2024-04-25 17:19:56,700 STREAM b'IDAT' 41 65536
2024-04-25 17:19:56,731 *****Generated All Pages****** for Bill_Of_Landing_24_page_0.png
2024-04-25 17:19:56,732 RAM memory 53.9 used for Bill_Of_Landing_24_page_0.png Generating All Pages:
2024-04-25 17:19:56,732 Processing time taken for all pages of Bill_Of_Landing_24_page_0.png1:0:00:00.041858
2024-04-25 17:19:56,853 file name is:Bill_Of_Landing_65_page_1.png
2024-04-25 17:19:56,853 folder path :Images
2024-04-25 17:19:56,853 Calling Image result
2024-04-25 17:19:56,853 is all_page_result is instance of dict? True
2024-04-25 17:19:56,864 STREAM b'IHDR' 16 13
2024-04-25 17:19:56,864 STREAM b'IDAT' 41 65536
2024-04-25 17:19:56,894 *****Generated All Pages****** for Bill_Of_Landing_65_page_1.png
2024-04-25 17:19:56,894 RAM memory 53.9 used for Bill_Of_Landing_65_page_1.png Generating All Pages:
2024-04-25 17:19:56,894 Processing time taken for all pages of Bill_Of_Landing_65_page_1.png1:0:00:00.040495
2024-04-25 17:19:57,034 file name is:Bill_Of_Landing(2013_01_09_17_00_23_1355)_38_page_0.png
2024-04-25 17:19:57,034 folder path :Images
2024-04-25 17:19:57,034 Calling Image result
2024-04-25 17:19:57,034 is all_page_result is instance of dict? True
2024-04-25 17:19:57,035 STREAM b'IHDR' 16 13
2024-04-25 17:19:57,035 STREAM b'IDAT' 41 59393
2024-04-25 17:19:57,065 *****Generated All Pages****** for Bill_Of_Landing(2013_01_09_17_00_23_1355)_38_page_0.png
2024-04-25 17:19:57,066 RAM memory 53.9 used for Bill_Of_Landing(2013_01_09_17_00_23_1355)_38_page_0.png Generating All Pages:
2024-04-25 17:19:57,066 Processing time taken for all pages of Bill_Of_Landing(2013_01_09_17_00_23_1355)_38_page_0.png1:0:00:00.031432
2024-04-25 17:19:57,186 file name is:Bill_Of_Landing_46_page_0.png
2024-04-25 17:19:57,187 folder path :Images
2024-04-25 17:19:57,187 Calling Image result
2024-04-25 17:19:57,187 is all_page_result is instance of dict? True
2024-04-25 17:19:57,187 STREAM b'IHDR' 16 13
2024-04-25 17:19:57,187 STREAM b'IDAT' 41 48624
2024-04-25 17:19:57,211 *****Generated All Pages****** for Bill_Of_Landing_46_page_0.png
2024-04-25 17:19:57,212 RAM memory 54.0 used for Bill_Of_Landing_46_page_0.png Generating All Pages:
2024-04-25 17:19:57,212 Processing time taken for all pages of Bill_Of_Landing_46_page_0.png1:0:00:00.025094
2024-04-25 17:19:57,329 file name is:Bill_Of_Landing_24_page_6.png
2024-04-25 17:19:57,329 folder path :Images
2024-04-25 17:19:57,329 Calling Image result
2024-04-25 17:19:57,329 is all_page_result is instance of dict? True
2024-04-25 17:19:57,329 STREAM b'IHDR' 16 13
2024-04-25 17:19:57,329 STREAM b'IDAT' 41 65536
2024-04-25 17:19:57,355 *****Generated All Pages****** for Bill_Of_Landing_24_page_6.png
2024-04-25 17:19:57,356 RAM memory 54.0 used for Bill_Of_Landing_24_page_6.png Generating All Pages:
2024-04-25 17:19:57,356 Processing time taken for all pages of Bill_Of_Landing_24_page_6.png1:0:00:00.026972
2024-04-25 17:19:57,478 file name is:Bill_of_lading_522_page_6.png
2024-04-25 17:19:57,478 folder path :Images
2024-04-25 17:19:57,478 Calling Image result
2024-04-25 17:19:57,479 is all_page_result is instance of dict? True
2024-04-25 17:19:57,479 STREAM b'IHDR' 16 13
2024-04-25 17:19:57,479 STREAM b'IDAT' 41 41263
2024-04-25 17:19:57,493 *****Generated All Pages****** for Bill_of_lading_522_page_6.png
2024-04-25 17:19:57,494 RAM memory 54.1 used for Bill_of_lading_522_page_6.png Generating All Pages:
2024-04-25 17:19:57,494 Processing time taken for all pages of Bill_of_lading_522_page_6.png1:0:00:00.015126
2024-04-25 17:19:57,605 file name is:Bill_Of_Landing_12_page_2.png
2024-04-25 17:19:57,605 folder path :Images
2024-04-25 17:19:57,605 Calling Image result
2024-04-25 17:19:57,605 is all_page_result is instance of dict? True
2024-04-25 17:19:57,606 STREAM b'IHDR' 16 13
2024-04-25 17:19:57,606 STREAM b'IDAT' 41 32747
2024-04-25 17:19:57,631 *****Generated All Pages****** for Bill_Of_Landing_12_page_2.png
2024-04-25 17:19:57,631 RAM memory 54.3 used for Bill_Of_Landing_12_page_2.png Generating All Pages:
2024-04-25 17:19:57,631 Processing time taken for all pages of Bill_Of_Landing_12_page_2.png1:0:00:00.025876
2024-04-25 17:19:57,742 file name is:Bill_Of_Landing_55_page_0.png
2024-04-25 17:19:57,742 folder path :Images
2024-04-25 17:19:57,742 Calling Image result
2024-04-25 17:19:57,742 is all_page_result is instance of dict? True
2024-04-25 17:19:57,742 STREAM b'IHDR' 16 13
2024-04-25 17:19:57,743 STREAM b'IDAT' 41 35668
2024-04-25 17:19:57,760 *****Generated All Pages****** for Bill_Of_Landing_55_page_0.png
2024-04-25 17:19:57,761 RAM memory 54.1 used for Bill_Of_Landing_55_page_0.png Generating All Pages:
2024-04-25 17:19:57,761 Processing time taken for all pages of Bill_Of_Landing_55_page_0.png1:0:00:00.018556
2024-04-25 17:19:57,887 file name is:Bill_of_lading_1068_page_2.png
2024-04-25 17:19:57,887 folder path :Images
2024-04-25 17:19:57,887 Calling Image result
2024-04-25 17:19:57,887 is all_page_result is instance of dict? True
2024-04-25 17:19:57,887 STREAM b'IHDR' 16 13
2024-04-25 17:19:57,887 STREAM b'IDAT' 41 65536
2024-04-25 17:19:57,951 *****Generated All Pages****** for Bill_of_lading_1068_page_2.png
2024-04-25 17:19:57,951 RAM memory 54.6 used for Bill_of_lading_1068_page_2.png Generating All Pages:
2024-04-25 17:19:57,951 Processing time taken for all pages of Bill_of_lading_1068_page_2.png1:0:00:00.064125
2024-04-25 17:19:58,079 file name is:Bill_Of_Landing_79_page_0.png
2024-04-25 17:19:58,079 folder path :Images
2024-04-25 17:19:58,079 Calling Image result
2024-04-25 17:19:58,079 is all_page_result is instance of dict? True
2024-04-25 17:19:58,079 STREAM b'IHDR' 16 13
2024-04-25 17:19:58,079 STREAM b'IDAT' 41 65536
