2024-04-29 16:22:50,600 checkpoint 1 => setting basis cofiguration for logging purposes
2024-04-29 16:22:50,602 start time: 2024-04-29 16:22:50.602209
2024-04-29 16:22:53,681 Starting new HTTPS connection (1): huggingface.co:443
2024-04-29 16:22:54,069 https://huggingface.co:443 "HEAD /microsoft/layoutlmv2-base-uncased/resolve/main/preprocessor_config.json HTTP/1.1" 200 0
2024-04-29 16:22:54,485 https://huggingface.co:443 "HEAD /microsoft/layoutlmv2-base-uncased/resolve/main/tokenizer_config.json HTTP/1.1" 404 0
2024-04-29 16:22:54,800 https://huggingface.co:443 "HEAD /microsoft/layoutlmv2-base-uncased/resolve/main/vocab.txt HTTP/1.1" 200 0
2024-04-29 16:22:54,834 RAM memory for Model loading used: 58.0
2024-04-29 16:22:54,834 cpu_utilization % for Model Loading:-24.8
2024-04-29 16:22:54,834 memory_consumption in bytes for Loading Model:909742080
2024-04-29 16:22:54,834 Loaded Model successfully
2024-04-29 16:22:54,834 file name is:Bill_of_lading_512_page_0.png
2024-04-29 16:22:54,834 folder path :Images
2024-04-29 16:22:54,834 Calling Image result
2024-04-29 16:22:54,834 is all_page_result is instance of dict? True
2024-04-29 16:22:54,839 STREAM b'IHDR' 16 13
2024-04-29 16:22:54,839 STREAM b'IDAT' 41 57112
2024-04-29 16:22:54,880 is words is instance of list? True
2024-04-29 16:22:54,881 is bboxes is instance of list? True
2024-04-29 16:22:54,881 is bounding_boxes is instance of list? True
2024-04-29 16:22:55,459 is input_id_chunks is instance of list? True
2024-04-29 16:22:55,459 is mask_chunks is instance of list? True
2024-04-29 16:22:55,460 is bbox_chunks is instance of list? True
2024-04-29 16:22:55,460 is image_chunks is instance of list? True
2024-04-29 16:22:55,461 is input_dict is instance of dict? True
2024-04-29 16:22:58,207 Model Called
2024-04-29 16:22:58,207 RAM memory 70.0 used for Bill_of_lading_512_page_0.png:
2024-04-29 16:22:58,207 is all_predictions is instance of list? True
2024-04-29 16:22:58,207 is all_boxes is instance of list? True
2024-04-29 16:22:58,207 is all_confidences is instance of list? True
2024-04-29 16:22:58,207 is all_text is instance of list? True
2024-04-29 16:22:58,208 is label2id is instance of dict? True
2024-04-29 16:22:58,208 is id2label is instance of dict? True
2024-04-29 16:22:58,208 is label2color is instance of dict? True
2024-04-29 16:22:58,208 label2color : {'stamp': '#9EDDB3', 'bol_original_or_copy': '#E44DE4', 'vessel_name': '#048358', 'shipped_onboard_date': '#DC0E3B', 'final_destination': '#5B94A1', 'measurement': '#1A6539', 'country_of_origin': '#852C01', 'bol_original_number': '#282A58', 'net_weight': '#A38C4C', 'signed_by_carrier': '#B2C6CE', 'gross_weight': '#DF1AD5', 'carrier_country': '#CDC521', 'port_of_discharge': '#B22B59', 'goods_quantity': '#95DC26', 'notify_party_name': '#7D9636', 'port_of_loading': '#18CD01', 'shipper_address': '#88A767', 'place_of_issue': '#454CBE', 'agent_country': '#ECB050', 'freight_collect_at': '#735669', 'place_of_receipt': '#5608CA', 'voyage_number': '#BA0E16', 'signature': '#2D9F5B', 'consignee_name': '#686EF6', 'consignee_address': '#6167D6', 'bill_of_lading_issue_date': '#E0FE2E', 'mode_of_transport': '#938E56', 'shipper_name': '#064555', 'signed_By_agent': '#4EB70F', 'container_number': '#391F8C', 'transaction_date': '#83742F', 'notify_party_address': '#406C61', 'goods_marks_and_nos': '#99A4DF', 'goods_description': '#1C7BBD', 'lc_date': '#834D91', 'dimension': '#A456D4', 'agent_name': '#EA9979', 'carrier_name': '#CA3A04', 'O': '#305B0B', 'lc_ref_number': '#A15684', 'pre_carriage_by': '#70AF27', 'page_no': '#6B25F6', 'total_original_no': '#FE99CF', 'freight_collect_or_prepaid': '#5C5733', 'signed_by_master': '#9A99B9', 'bill_of_lading_number': '#F7D325'}
2024-04-29 16:22:58,453 is result_set is instance of dict? True
2024-04-29 16:22:58,455 is final_result_set is instance of dict? True
