2024-04-29 23:52:51,861 checkpoint 1 => setting basis cofiguration for logging purposes
2024-04-29 23:52:51,862 start time: 2024-04-29 23:52:51.862664
2024-04-29 23:52:54,950 Starting new HTTPS connection (1): huggingface.co:443
2024-04-29 23:52:55,783 https://huggingface.co:443 "HEAD /microsoft/layoutlmv2-base-uncased/resolve/main/preprocessor_config.json HTTP/1.1" 200 0
2024-04-29 23:52:56,296 https://huggingface.co:443 "HEAD /microsoft/layoutlmv2-base-uncased/resolve/main/tokenizer_config.json HTTP/1.1" 404 0
2024-04-29 23:52:57,015 https://huggingface.co:443 "HEAD /microsoft/layoutlmv2-base-uncased/resolve/main/vocab.txt HTTP/1.1" 200 0
2024-04-29 23:52:57,056 RAM memory for Model loading used: 50.1
2024-04-29 23:52:57,056 cpu_utilization % for Model Loading:24.0
2024-04-29 23:52:57,056 memory_consumption in bytes for Loading Model:910344192
2024-04-29 23:52:57,056 Loaded Model successfully
2024-04-29 23:52:57,057 file name is:Bill_of_lading_2034_page_0.png
2024-04-29 23:52:57,057 folder path :Images
2024-04-29 23:52:57,057 Calling Image result
2024-04-29 23:52:57,057 is all_page_result is instance of dict? True
2024-04-29 23:52:57,062 STREAM b'IHDR' 16 13
2024-04-29 23:52:57,062 STREAM b'IDAT' 41 65536
2024-04-29 23:52:57,128 is words is instance of list? True
2024-04-29 23:52:57,128 is bboxes is instance of list? True
2024-04-29 23:52:57,128 is bounding_boxes is instance of list? True
2024-04-29 23:52:57,597 is input_id_chunks is instance of list? True
2024-04-29 23:52:57,597 is mask_chunks is instance of list? True
2024-04-29 23:52:57,597 is bbox_chunks is instance of list? True
2024-04-29 23:52:57,597 is image_chunks is instance of list? True
2024-04-29 23:52:57,598 is input_dict is instance of dict? True
2024-04-29 23:53:00,365 Model Called
2024-04-29 23:53:00,365 RAM memory 62.9 used for Bill_of_lading_2034_page_0.png:
2024-04-29 23:53:00,365 is all_predictions is instance of list? True
2024-04-29 23:53:00,365 is all_boxes is instance of list? True
2024-04-29 23:53:00,365 is all_confidences is instance of list? True
2024-04-29 23:53:00,366 is all_text is instance of list? True
2024-04-29 23:53:00,366 is label2id is instance of dict? True
2024-04-29 23:53:00,366 is id2label is instance of dict? True
2024-04-29 23:53:00,367 is label2color is instance of dict? True
2024-04-29 23:53:00,367 label2color : {'stamp': '#2A216F', 'bol_original_or_copy': '#4EB756', 'vessel_name': '#9697BF', 'shipped_onboard_date': '#958D4C', 'final_destination': '#6B92C3', 'measurement': '#F84568', 'country_of_origin': '#84B0F8', 'bol_original_number': '#AC99C1', 'net_weight': '#6236DC', 'signed_by_carrier': '#CB7810', 'gross_weight': '#64C42A', 'carrier_country': '#578B89', 'port_of_discharge': '#703732', 'goods_quantity': '#888415', 'notify_party_name': '#5AF619', 'port_of_loading': '#F62A48', 'shipper_address': '#9CB324', 'place_of_issue': '#59CBD9', 'agent_country': '#27429F', 'freight_collect_at': '#977D20', 'place_of_receipt': '#5B0F29', 'voyage_number': '#886C21', 'signature': '#7E68E1', 'consignee_name': '#83BFF7', 'consignee_address': '#04EE96', 'bill_of_lading_issue_date': '#3C94EF', 'mode_of_transport': '#C6C102', 'shipper_name': '#E6877D', 'signed_By_agent': '#D98B5A', 'container_number': '#986F50', 'transaction_date': '#F3F88D', 'notify_party_address': '#1D142D', 'goods_marks_and_nos': '#ADA98B', 'goods_description': '#3E1419', 'lc_date': '#387AC5', 'dimension': '#97DF17', 'agent_name': '#494569', 'carrier_name': '#7A76E7', 'O': '#01CE5D', 'lc_ref_number': '#DB6757', 'pre_carriage_by': '#9956B2', 'page_no': '#550556', 'total_original_no': '#8693EC', 'freight_collect_or_prepaid': '#CB7B36', 'signed_by_master': '#DA7BA5', 'bill_of_lading_number': '#6AEAD7'}
2024-04-29 23:53:00,825 is result_set is instance of dict? True
2024-04-29 23:53:00,828 is final_result_set is instance of dict? True
