2024-04-29 13:30:07,588 checkpoint 1 => setting basis cofiguration for logging purposes
2024-04-29 13:30:07,590 start time: 2024-04-29 13:30:07.590759
2024-04-29 13:30:11,583 Starting new HTTPS connection (1): huggingface.co:443
2024-04-29 13:30:12,009 https://huggingface.co:443 "HEAD /microsoft/layoutlmv2-base-uncased/resolve/main/preprocessor_config.json HTTP/1.1" 200 0
2024-04-29 13:30:12,665 https://huggingface.co:443 "HEAD /microsoft/layoutlmv2-base-uncased/resolve/main/tokenizer_config.json HTTP/1.1" 404 0
2024-04-29 13:30:12,976 https://huggingface.co:443 "HEAD /microsoft/layoutlmv2-base-uncased/resolve/main/vocab.txt HTTP/1.1" 200 0
2024-04-29 13:30:13,062 RAM memory for Model loading used: 58.5
2024-04-29 13:30:13,062 cpu_utilization % for Model Loading:-25.800000000000004
2024-04-29 13:30:13,062 memory_consumption in bytes for Loading Model:912003072
2024-04-29 13:30:13,062 Loaded Model successfully
2024-04-29 13:30:13,063 file name is:Bill_of_Exchange_157_0.png
2024-04-29 13:30:13,063 folder path :Images
2024-04-29 13:30:13,063 Calling Image result
2024-04-29 13:30:13,063 is all_page_result is instance of dict? True
2024-04-29 13:30:13,074 STREAM b'IHDR' 16 13
2024-04-29 13:30:13,074 STREAM b'pHYs' 41 9
2024-04-29 13:30:13,075 STREAM b'IDAT' 62 126930
2024-04-29 13:30:13,097 is words is instance of list? True
2024-04-29 13:30:13,097 is bboxes is instance of list? True
2024-04-29 13:30:13,097 is bounding_boxes is instance of list? True
2024-04-29 13:30:13,212 is input_id_chunks is instance of list? True
2024-04-29 13:30:13,213 is mask_chunks is instance of list? True
2024-04-29 13:30:13,213 is bbox_chunks is instance of list? True
2024-04-29 13:30:13,213 is image_chunks is instance of list? True
2024-04-29 13:30:13,215 is input_dict is instance of dict? True
2024-04-29 13:30:15,175 Model Called
2024-04-29 13:30:15,175 RAM memory 64.4 used for Bill_of_Exchange_157_0.png:
2024-04-29 13:30:15,176 is all_predictions is instance of list? True
2024-04-29 13:30:15,176 is all_boxes is instance of list? True
2024-04-29 13:30:15,176 is all_confidences is instance of list? True
2024-04-29 13:30:15,176 is all_text is instance of list? True
2024-04-29 13:30:15,177 is label2id is instance of dict? True
2024-04-29 13:30:15,177 is id2label is instance of dict? True
2024-04-29 13:30:15,178 is label2color is instance of dict? True
2024-04-29 13:30:15,178 label2color : {'tenor_type': '#85F277', 'invoice_due_date': '#71381E', 'diclaration_by': '#4C06D1', 'invoice_amount': '#B6AE3B', 'original_or_copy': '#FED584', 'boe_currency': '#4D8DE5', 'lc_ref_no': '#DB2A6E', 'boe_amount': '#98A86E', 'indicator_date': '#70C6C4', 'tenore_details': '#21B02E', 'lc_date': '#C0824A', 'issuing_bank': '#F1B4BA', 'drawer_name': '#59851A', 'stamp': '#7FD7F8', 'drawer_bank_address': '#74183D', 'drawer_address': '#6D6C8E', 'drawee_name': '#69C44B', 'country_of_origin': '#717ECB', 'tenor_indicator': '#EE545F', 'bill_exchange_no': '#D18974', 'drawee_bank_address': '#1FF1B6', 'issuing_bank_address': '#0E7A1D', 'bill_exchange_date': '#26EE5C', 'goods_discription': '#1FB75B', 'drawer_bank_name': '#117961', 'indicator_type': '#20C8C5', 'drawee_bank_name': '#1A675A', 'usance_tenor': '#331915', 'signature': '#BCB671', 'invoice_no': '#57CBB1', 'original_number': '#178D94', 'drawee_address': '#D7700D', 'invoice_date': '#071779', 'issue_place': '#F8F030', 'invoice_currency': '#083191', 'O': '#8A4F6E', 'amount_in_words': '#236435'}
2024-04-29 13:30:15,224 is result_set is instance of dict? True
2024-04-29 13:30:15,227 is final_result_set is instance of dict? True
