2024-04-29 23:05:06,982 checkpoint 1 => setting basis cofiguration for logging purposes
2024-04-29 23:05:06,983 start time: 2024-04-29 23:05:06.983441
2024-04-29 23:05:10,300 Starting new HTTPS connection (1): huggingface.co:443
2024-04-29 23:05:11,010 https://huggingface.co:443 "HEAD /microsoft/layoutlmv2-base-uncased/resolve/main/preprocessor_config.json HTTP/1.1" 200 0
2024-04-29 23:05:11,961 https://huggingface.co:443 "HEAD /microsoft/layoutlmv2-base-uncased/resolve/main/tokenizer_config.json HTTP/1.1" 404 0
2024-04-29 23:05:12,678 https://huggingface.co:443 "HEAD /microsoft/layoutlmv2-base-uncased/resolve/main/vocab.txt HTTP/1.1" 200 0
2024-04-29 23:05:12,715 RAM memory for Model loading used: 48.7
2024-04-29 23:05:12,715 cpu_utilization % for Model Loading:23.9
2024-04-29 23:05:12,715 memory_consumption in bytes for Loading Model:911536128
2024-04-29 23:05:12,715 Loaded Model successfully
2024-04-29 23:05:12,716 file name is:Bill_of_lading_1029_page_6.png
2024-04-29 23:05:12,716 folder path :Images
2024-04-29 23:05:12,716 Calling Image result
2024-04-29 23:05:12,716 is all_page_result is instance of dict? True
2024-04-29 23:05:12,721 STREAM b'IHDR' 16 13
2024-04-29 23:05:12,721 STREAM b'PLTE' 41 768
2024-04-29 23:05:12,721 STREAM b'IDAT' 821 65536
2024-04-29 23:05:12,743 is words is instance of list? True
2024-04-29 23:05:12,743 is bboxes is instance of list? True
2024-04-29 23:05:12,743 is bounding_boxes is instance of list? True
2024-04-29 23:05:12,829 is input_id_chunks is instance of list? True
2024-04-29 23:05:12,829 is mask_chunks is instance of list? True
2024-04-29 23:05:12,830 is bbox_chunks is instance of list? True
2024-04-29 23:05:12,830 is image_chunks is instance of list? True
2024-04-29 23:05:12,830 is input_dict is instance of dict? True
2024-04-29 23:05:14,640 Model Called
2024-04-29 23:05:14,641 RAM memory 55.3 used for Bill_of_lading_1029_page_6.png:
2024-04-29 23:05:14,641 is all_predictions is instance of list? True
2024-04-29 23:05:14,641 is all_boxes is instance of list? True
2024-04-29 23:05:14,641 is all_confidences is instance of list? True
2024-04-29 23:05:14,641 is all_text is instance of list? True
2024-04-29 23:05:14,641 is label2id is instance of dict? True
2024-04-29 23:05:14,641 is id2label is instance of dict? True
2024-04-29 23:05:14,642 is label2color is instance of dict? True
2024-04-29 23:05:14,642 label2color : {'stamp': '#096022', 'bol_original_or_copy': '#CB4227', 'vessel_name': '#BDF2A5', 'shipped_onboard_date': '#75174D', 'final_destination': '#2AD1B8', 'measurement': '#DB8105', 'country_of_origin': '#C2F763', 'bol_original_number': '#50668D', 'net_weight': '#ABBD71', 'signed_by_carrier': '#BFBBB9', 'gross_weight': '#226CBD', 'carrier_country': '#DFF4D3', 'port_of_discharge': '#A53ECB', 'goods_quantity': '#7B01F4', 'notify_party_name': '#047C8D', 'port_of_loading': '#E9AE61', 'shipper_address': '#7987F4', 'place_of_issue': '#87037E', 'agent_country': '#147939', 'freight_collect_at': '#68B563', 'place_of_receipt': '#9AD629', 'voyage_number': '#0B9841', 'signature': '#C55A09', 'consignee_name': '#248176', 'consignee_address': '#598881', 'bill_of_lading_issue_date': '#77F311', 'mode_of_transport': '#F918D1', 'shipper_name': '#CF43CE', 'signed_By_agent': '#A870E1', 'container_number': '#F447BA', 'transaction_date': '#C7DE14', 'notify_party_address': '#795C8F', 'goods_marks_and_nos': '#35D8C4', 'goods_description': '#35B375', 'lc_date': '#184755', 'dimension': '#44C334', 'agent_name': '#3BA8BC', 'carrier_name': '#E678A4', 'O': '#0B1E52', 'lc_ref_number': '#F0156A', 'pre_carriage_by': '#258A85', 'page_no': '#9D8B36', 'total_original_no': '#9FE082', 'freight_collect_or_prepaid': '#1F81C7', 'signed_by_master': '#0D137D', 'bill_of_lading_number': '#920927'}
2024-04-29 23:05:14,672 is result_set is instance of dict? True
2024-04-29 23:05:14,673 is final_result_set is instance of dict? True
