2024-04-25 19:02:49,446 checkpoint 1 => setting basis cofiguration for logging purposes
2024-04-25 19:02:49,448 start time: 2024-04-25 19:02:49.448524
2024-04-25 19:02:53,279 Starting new HTTPS connection (1): huggingface.co:443
2024-04-25 19:02:54,123 https://huggingface.co:443 "HEAD /microsoft/layoutlmv2-base-uncased/resolve/main/preprocessor_config.json HTTP/1.1" 200 0
2024-04-25 19:02:54,645 https://huggingface.co:443 "HEAD /microsoft/layoutlmv2-base-uncased/resolve/main/tokenizer_config.json HTTP/1.1" 404 0
2024-04-25 19:02:55,375 https://huggingface.co:443 "HEAD /microsoft/layoutlmv2-base-uncased/resolve/main/vocab.txt HTTP/1.1" 200 0
2024-04-25 19:02:55,446 RAM memory for Model loading used: 71.8
2024-04-25 19:02:55,447 cpu_utilization % for Model Loading:-31.2
2024-04-25 19:02:55,447 memory_consumption in bytes for Loading Model:907833344
2024-04-25 19:02:55,447 Loaded Model successfully
2024-04-25 19:02:55,447 file name is:Bill_of_lading_1077_page_0.png
2024-04-25 19:02:55,448 folder path :Images
2024-04-25 19:02:55,448 Calling Image result
2024-04-25 19:02:55,448 is all_page_result is instance of dict? True
2024-04-25 19:02:55,458 STREAM b'IHDR' 16 13
2024-04-25 19:02:55,458 STREAM b'IDAT' 41 59829
2024-04-25 19:02:55,510 is words is instance of list? True
2024-04-25 19:02:55,510 is bboxes is instance of list? True
2024-04-25 19:02:55,510 is bounding_boxes is instance of list? True
2024-04-25 19:02:55,941 is input_id_chunks is instance of list? True
2024-04-25 19:02:55,941 is mask_chunks is instance of list? True
2024-04-25 19:02:55,941 is bbox_chunks is instance of list? True
2024-04-25 19:02:55,941 is image_chunks is instance of list? True
2024-04-25 19:02:55,942 is input_dict is instance of dict? True
2024-04-25 19:03:02,034 Model Called
2024-04-25 19:03:02,035 RAM memory 91.2 used for Bill_of_lading_1077_page_0.png:
2024-04-25 19:03:02,035 is all_predictions is instance of list? True
2024-04-25 19:03:02,036 is all_boxes is instance of list? True
2024-04-25 19:03:02,036 is all_confidences is instance of list? True
2024-04-25 19:03:02,036 is all_text is instance of list? True
2024-04-25 19:03:02,037 is label2id is instance of dict? True
2024-04-25 19:03:02,037 is id2label is instance of dict? True
2024-04-25 19:03:02,038 is label2color is instance of dict? True
2024-04-25 19:03:02,038 label2color : {'stamp': '#9D4053', 'bol_original_or_copy': '#66C078', 'vessel_name': '#0D516E', 'shipped_onboard_date': '#8EE186', 'final_destination': '#25C9DA', 'measurement': '#823D8D', 'country_of_origin': '#A47724', 'bol_original_number': '#BBBA9C', 'net_weight': '#11FCFC', 'signed_by_carrier': '#A2E08C', 'gross_weight': '#891FAA', 'carrier_country': '#BCB9E8', 'port_of_discharge': '#B38ECA', 'goods_quantity': '#35684E', 'notify_party_name': '#41E6A5', 'port_of_loading': '#9676EC', 'shipper_address': '#3E82C4', 'place_of_issue': '#B08F1C', 'agent_country': '#BC9E8C', 'freight_collect_at': '#0E7E76', 'place_of_receipt': '#577F05', 'voyage_number': '#0C0216', 'signature': '#A5C1F1', 'consignee_name': '#8DE9DE', 'consignee_address': '#9533D6', 'bill_of_lading_issue_date': '#B2CA6E', 'mode_of_transport': '#8A27C8', 'shipper_name': '#752DF7', 'signed_By_agent': '#DE05F0', 'container_number': '#BCB59B', 'transaction_date': '#9EA9F4', 'notify_party_address': '#F588AA', 'goods_marks_and_nos': '#E03873', 'goods_description': '#80FA71', 'lc_date': '#1B34FB', 'dimension': '#BC9844', 'agent_name': '#223135', 'carrier_name': '#F0EE96', 'O': '#29F11A', 'lc_ref_number': '#DDF43E', 'pre_carriage_by': '#062354', 'page_no': '#0F9BFF', 'total_original_no': '#5D88A5', 'freight_collect_or_prepaid': '#976334', 'signed_by_master': '#F3F9B0', 'bill_of_lading_number': '#3C5964'}
2024-04-25 19:03:02,443 is result_set is instance of dict? True
2024-04-25 19:03:02,447 is final_result_set is instance of dict? True
