2024-04-26 16:44:20,496 checkpoint 1 => setting basis cofiguration for logging purposes
2024-04-26 16:44:20,497 start time: 2024-04-26 16:44:20.497652
2024-04-26 16:44:24,290 Starting new HTTPS connection (1): huggingface.co:443
2024-04-26 16:44:25,024 https://huggingface.co:443 "HEAD /microsoft/layoutlmv2-base-uncased/resolve/main/preprocessor_config.json HTTP/1.1" 200 0
2024-04-26 16:44:26,006 https://huggingface.co:443 "HEAD /microsoft/layoutlmv2-base-uncased/resolve/main/tokenizer_config.json HTTP/1.1" 404 0
2024-04-26 16:44:26,256 https://huggingface.co:443 "HEAD /microsoft/layoutlmv2-base-uncased/resolve/main/vocab.txt HTTP/1.1" 200 0
2024-04-26 16:44:26,319 RAM memory for Model loading used: 58.2
2024-04-26 16:44:26,319 cpu_utilization % for Model Loading:45.0
2024-04-26 16:44:26,319 memory_consumption in bytes for Loading Model:910872576
2024-04-26 16:44:26,319 Loaded Model successfully
2024-04-26 16:44:26,320 file name is:Bill_of_lading_526_page_0.png
2024-04-26 16:44:26,320 folder path :Images
2024-04-26 16:44:26,320 Calling Image result
2024-04-26 16:44:26,320 is all_page_result is instance of dict? True
2024-04-26 16:44:26,328 STREAM b'IHDR' 16 13
2024-04-26 16:44:26,328 STREAM b'IDAT' 41 65536
2024-04-26 16:44:26,375 is words is instance of list? True
2024-04-26 16:44:26,375 is bboxes is instance of list? True
2024-04-26 16:44:26,375 is bounding_boxes is instance of list? True
2024-04-26 16:44:26,936 is input_id_chunks is instance of list? True
2024-04-26 16:44:26,936 is mask_chunks is instance of list? True
2024-04-26 16:44:26,936 is bbox_chunks is instance of list? True
2024-04-26 16:44:26,937 is image_chunks is instance of list? True
2024-04-26 16:44:26,939 is input_dict is instance of dict? True
2024-04-26 16:44:29,848 Model Called
2024-04-26 16:44:29,849 RAM memory 69.8 used for Bill_of_lading_526_page_0.png:
2024-04-26 16:44:29,849 is all_predictions is instance of list? True
2024-04-26 16:44:29,849 is all_boxes is instance of list? True
2024-04-26 16:44:29,849 is all_confidences is instance of list? True
2024-04-26 16:44:29,849 is all_text is instance of list? True
2024-04-26 16:44:29,849 is label2id is instance of dict? True
2024-04-26 16:44:29,849 is id2label is instance of dict? True
2024-04-26 16:44:29,850 is label2color is instance of dict? True
2024-04-26 16:44:29,850 label2color : {'stamp': '#4E6166', 'bol_original_or_copy': '#E2CE64', 'vessel_name': '#7E9C60', 'shipped_onboard_date': '#EA54C6', 'final_destination': '#2648B1', 'measurement': '#D85801', 'country_of_origin': '#BD73D8', 'bol_original_number': '#9A06BE', 'net_weight': '#47E234', 'signed_by_carrier': '#FEFB2F', 'gross_weight': '#FD5D56', 'carrier_country': '#FC27FF', 'port_of_discharge': '#34F644', 'goods_quantity': '#837A65', 'notify_party_name': '#7615DB', 'port_of_loading': '#D2848C', 'shipper_address': '#E6295E', 'place_of_issue': '#F58FA7', 'agent_country': '#4DE018', 'freight_collect_at': '#F646E0', 'place_of_receipt': '#AD9DBB', 'voyage_number': '#AFA106', 'signature': '#B2B178', 'consignee_name': '#2648A2', 'consignee_address': '#DA7E3F', 'bill_of_lading_issue_date': '#F8A8B1', 'mode_of_transport': '#0F0AD8', 'shipper_name': '#7797AC', 'signed_By_agent': '#606A5A', 'container_number': '#7F0538', 'transaction_date': '#9CFB75', 'notify_party_address': '#9470B6', 'goods_marks_and_nos': '#6CCB89', 'goods_description': '#873289', 'lc_date': '#2DE051', 'dimension': '#545529', 'agent_name': '#DBBA40', 'carrier_name': '#044F17', 'O': '#3134C5', 'lc_ref_number': '#A583C0', 'pre_carriage_by': '#612119', 'page_no': '#A8A681', 'total_original_no': '#125689', 'freight_collect_or_prepaid': '#6B8736', 'signed_by_master': '#82AE10', 'bill_of_lading_number': '#80B334'}
2024-04-26 16:44:30,097 is result_set is instance of dict? True
2024-04-26 16:44:30,101 is final_result_set is instance of dict? True
2024-04-26 16:44:30,253 Time taken for page 1 of Bill_of_lading_526_page_0.png:0:00:03.924875
2024-04-26 16:44:30,442 *****Generated All Pages****** for Bill_of_lading_526_page_0.png
2024-04-26 16:44:30,442 RAM memory 70.1 used for Bill_of_lading_526_page_0.png Generating All Pages:
2024-04-26 16:44:30,442 Processing time taken for all pages of Bill_of_lading_526_page_0.png1:0:00:04.121909
