2024-04-30 12:56:06,599 checkpoint 1 => setting basis cofiguration for logging purposes
2024-04-30 12:56:06,601 start time: 2024-04-30 12:56:06.601476
2024-04-30 12:56:09,659 Starting new HTTPS connection (1): huggingface.co:443
2024-04-30 12:56:10,379 https://huggingface.co:443 "HEAD /microsoft/layoutlmv2-base-uncased/resolve/main/preprocessor_config.json HTTP/1.1" 200 0
2024-04-30 12:56:11,215 https://huggingface.co:443 "HEAD /microsoft/layoutlmv2-base-uncased/resolve/main/tokenizer_config.json HTTP/1.1" 404 0
2024-04-30 12:56:11,949 https://huggingface.co:443 "HEAD /microsoft/layoutlmv2-base-uncased/resolve/main/vocab.txt HTTP/1.1" 200 0
2024-04-30 12:56:11,990 RAM memory for Model loading used: 65.3
2024-04-30 12:56:11,990 cpu_utilization % for Model Loading:24.6
2024-04-30 12:56:11,990 memory_consumption in bytes for Loading Model:912908288
2024-04-30 12:56:11,990 Loaded Model successfully
2024-04-30 12:56:11,990 file name is:Bill_of_lading_1589_page_0.png
2024-04-30 12:56:11,990 folder path :Images
2024-04-30 12:56:11,990 Calling Image result
2024-04-30 12:56:11,990 is all_page_result is instance of dict? True
2024-04-30 12:56:11,996 STREAM b'IHDR' 16 13
2024-04-30 12:56:11,996 STREAM b'IDAT' 41 65536
2024-04-30 12:56:12,038 is words is instance of list? True
2024-04-30 12:56:12,038 is bboxes is instance of list? True
2024-04-30 12:56:12,038 is bounding_boxes is instance of list? True
2024-04-30 12:56:12,486 is input_id_chunks is instance of list? True
2024-04-30 12:56:12,486 is mask_chunks is instance of list? True
2024-04-30 12:56:12,486 is bbox_chunks is instance of list? True
2024-04-30 12:56:12,486 is image_chunks is instance of list? True
2024-04-30 12:56:12,488 is input_dict is instance of dict? True
2024-04-30 12:56:16,311 Model Called
2024-04-30 12:56:16,311 RAM memory 84.6 used for Bill_of_lading_1589_page_0.png:
2024-04-30 12:56:16,312 is all_predictions is instance of list? True
2024-04-30 12:56:16,312 is all_boxes is instance of list? True
2024-04-30 12:56:16,312 is all_confidences is instance of list? True
2024-04-30 12:56:16,312 is all_text is instance of list? True
2024-04-30 12:56:16,312 is label2id is instance of dict? True
2024-04-30 12:56:16,312 is id2label is instance of dict? True
2024-04-30 12:56:16,313 is label2color is instance of dict? True
2024-04-30 12:56:16,313 label2color : {'stamp': '#71E392', 'bol_original_or_copy': '#89F66C', 'vessel_name': '#2AA7F4', 'shipped_onboard_date': '#2C2AFA', 'final_destination': '#7FEFC0', 'measurement': '#65C628', 'country_of_origin': '#57D6B1', 'bol_original_number': '#062543', 'net_weight': '#7F2123', 'signed_by_carrier': '#99B54E', 'gross_weight': '#B3ACF4', 'carrier_country': '#DADABD', 'port_of_discharge': '#74959F', 'goods_quantity': '#3E839F', 'notify_party_name': '#F9A994', 'port_of_loading': '#61B762', 'shipper_address': '#F567B0', 'place_of_issue': '#2D45C9', 'agent_country': '#E5D4F0', 'freight_collect_at': '#DE7D4D', 'place_of_receipt': '#56C61B', 'voyage_number': '#3D9EDF', 'signature': '#01BE8D', 'consignee_name': '#7CF9AA', 'consignee_address': '#34D7CD', 'bill_of_lading_issue_date': '#6B5DEB', 'mode_of_transport': '#48C35D', 'shipper_name': '#DDE4F3', 'signed_By_agent': '#AFC79C', 'container_number': '#8A9893', 'transaction_date': '#C414CC', 'notify_party_address': '#343665', 'goods_marks_and_nos': '#127F51', 'goods_description': '#112BBC', 'lc_date': '#A6D992', 'dimension': '#53EFE1', 'agent_name': '#619C7E', 'carrier_name': '#4A713A', 'O': '#9705B3', 'lc_ref_number': '#3E6E7F', 'pre_carriage_by': '#47A507', 'page_no': '#EFB9DE', 'total_original_no': '#409B22', 'freight_collect_or_prepaid': '#BAA5C5', 'signed_by_master': '#5F3BBD', 'bill_of_lading_number': '#E27F51'}
2024-04-30 12:56:16,609 is result_set is instance of dict? True
2024-04-30 12:56:16,610 is final_result_set is instance of dict? True
2024-04-30 12:56:16,783 Time taken for page 1 of Bill_of_lading_1589_page_0.png:0:00:04.787192
2024-04-30 12:56:16,932 *****Generated All Pages****** for Bill_of_lading_1589_page_0.png
2024-04-30 12:56:16,932 RAM memory 85.1 used for Bill_of_lading_1589_page_0.png Generating All Pages:
2024-04-30 12:56:16,932 Processing time taken for all pages of Bill_of_lading_1589_page_0.png1:0:00:04.941465
2024-04-30 12:56:17,152 file name is:Bill_of_lading_526_page_0.png
2024-04-30 12:56:17,152 folder path :Images
2024-04-30 12:56:17,152 Calling Image result
2024-04-30 12:56:17,153 is all_page_result is instance of dict? True
2024-04-30 12:56:17,153 STREAM b'IHDR' 16 13
2024-04-30 12:56:17,153 STREAM b'IDAT' 41 65536
2024-04-30 12:56:17,185 is words is instance of list? True
2024-04-30 12:56:17,185 is bboxes is instance of list? True
2024-04-30 12:56:17,185 is bounding_boxes is instance of list? True
2024-04-30 12:56:17,383 is input_id_chunks is instance of list? True
2024-04-30 12:56:17,383 is mask_chunks is instance of list? True
2024-04-30 12:56:17,384 is bbox_chunks is instance of list? True
2024-04-30 12:56:17,384 is image_chunks is instance of list? True
2024-04-30 12:56:17,384 is input_dict is instance of dict? True
2024-04-30 12:56:19,380 Model Called
2024-04-30 12:56:19,380 RAM memory 78.1 used for Bill_of_lading_526_page_0.png:
2024-04-30 12:56:19,380 is all_predictions is instance of list? True
2024-04-30 12:56:19,380 is all_boxes is instance of list? True
2024-04-30 12:56:19,380 is all_confidences is instance of list? True
2024-04-30 12:56:19,380 is all_text is instance of list? True
2024-04-30 12:56:19,381 is label2id is instance of dict? True
2024-04-30 12:56:19,381 is id2label is instance of dict? True
2024-04-30 12:56:19,381 is label2color is instance of dict? True
2024-04-30 12:56:19,381 label2color : {'stamp': '#6FBA83', 'bol_original_or_copy': '#57CD50', 'vessel_name': '#CF8C35', 'shipped_onboard_date': '#FBCDFE', 'final_destination': '#B8D649', 'measurement': '#06E5F5', 'country_of_origin': '#CEB261', 'bol_original_number': '#14B705', 'net_weight': '#779185', 'signed_by_carrier': '#ED57D5', 'gross_weight': '#9B4645', 'carrier_country': '#8D8CA5', 'port_of_discharge': '#CB39AA', 'goods_quantity': '#0D2B42', 'notify_party_name': '#8E8ADB', 'port_of_loading': '#2E76D8', 'shipper_address': '#2BDDD4', 'place_of_issue': '#773D22', 'agent_country': '#2C7763', 'freight_collect_at': '#84BEBB', 'place_of_receipt': '#F51A6A', 'voyage_number': '#8B8CDB', 'signature': '#2D0749', 'consignee_name': '#6DD756', 'consignee_address': '#4B4543', 'bill_of_lading_issue_date': '#BC183B', 'mode_of_transport': '#57B2D3', 'shipper_name': '#7D54BD', 'signed_By_agent': '#7FA5E1', 'container_number': '#1BEA4D', 'transaction_date': '#29D294', 'notify_party_address': '#1D32B8', 'goods_marks_and_nos': '#27CD52', 'goods_description': '#DD0DC1', 'lc_date': '#1FFB4C', 'dimension': '#D3DD9F', 'agent_name': '#6842BF', 'carrier_name': '#61DF64', 'O': '#B254E1', 'lc_ref_number': '#2614CA', 'pre_carriage_by': '#06F546', 'page_no': '#E53B7C', 'total_original_no': '#58F851', 'freight_collect_or_prepaid': '#1474D4', 'signed_by_master': '#7BD39B', 'bill_of_lading_number': '#D7013C'}
2024-04-30 12:56:19,605 is result_set is instance of dict? True
2024-04-30 12:56:19,607 is final_result_set is instance of dict? True
2024-04-30 12:56:19,718 Time taken for page 1 of Bill_of_lading_526_page_0.png:0:00:02.564776
2024-04-30 12:56:19,854 *****Generated All Pages****** for Bill_of_lading_526_page_0.png
2024-04-30 12:56:19,854 RAM memory 78.3 used for Bill_of_lading_526_page_0.png Generating All Pages:
2024-04-30 12:56:19,854 Processing time taken for all pages of Bill_of_lading_526_page_0.png1:0:00:02.701494
2024-04-30 12:56:19,987 file name is:Bill_of_lading_1997_page_0.png
2024-04-30 12:56:19,987 folder path :Images
2024-04-30 12:56:19,987 Calling Image result
2024-04-30 12:56:19,987 is all_page_result is instance of dict? True
2024-04-30 12:56:19,987 STREAM b'IHDR' 16 13
2024-04-30 12:56:19,987 STREAM b'IDAT' 41 65536
2024-04-30 12:56:20,056 is words is instance of list? True
2024-04-30 12:56:20,056 is bboxes is instance of list? True
2024-04-30 12:56:20,056 is bounding_boxes is instance of list? True
2024-04-30 12:56:20,749 is input_id_chunks is instance of list? True
2024-04-30 12:56:20,749 is mask_chunks is instance of list? True
2024-04-30 12:56:20,749 is bbox_chunks is instance of list? True
2024-04-30 12:56:20,749 is image_chunks is instance of list? True
2024-04-30 12:56:20,750 is input_dict is instance of dict? True
2024-04-30 12:56:24,739 Model Called
2024-04-30 12:56:24,740 RAM memory 85.7 used for Bill_of_lading_1997_page_0.png:
2024-04-30 12:56:24,740 is all_predictions is instance of list? True
2024-04-30 12:56:24,740 is all_boxes is instance of list? True
2024-04-30 12:56:24,740 is all_confidences is instance of list? True
2024-04-30 12:56:24,740 is all_text is instance of list? True
2024-04-30 12:56:24,740 is label2id is instance of dict? True
2024-04-30 12:56:24,740 is id2label is instance of dict? True
2024-04-30 12:56:24,741 is label2color is instance of dict? True
2024-04-30 12:56:24,741 label2color : {'stamp': '#FFA703', 'bol_original_or_copy': '#0F30D3', 'vessel_name': '#6595EC', 'shipped_onboard_date': '#C1762B', 'final_destination': '#C57BA1', 'measurement': '#5F0373', 'country_of_origin': '#6DCD2A', 'bol_original_number': '#F7A67F', 'net_weight': '#583812', 'signed_by_carrier': '#5E8468', 'gross_weight': '#A9BC8A', 'carrier_country': '#F06D51', 'port_of_discharge': '#E9677D', 'goods_quantity': '#E67C7E', 'notify_party_name': '#F43B60', 'port_of_loading': '#CDD193', 'shipper_address': '#2CF441', 'place_of_issue': '#6E9E4B', 'agent_country': '#515079', 'freight_collect_at': '#800489', 'place_of_receipt': '#C05A7A', 'voyage_number': '#6C050D', 'signature': '#DB9B20', 'consignee_name': '#A0DFA2', 'consignee_address': '#357986', 'bill_of_lading_issue_date': '#70DB7D', 'mode_of_transport': '#38760B', 'shipper_name': '#3B72FE', 'signed_By_agent': '#5BC7E5', 'container_number': '#D6CA38', 'transaction_date': '#475FA5', 'notify_party_address': '#C1D1C2', 'goods_marks_and_nos': '#B81A1D', 'goods_description': '#6230E6', 'lc_date': '#53F43A', 'dimension': '#8A2E71', 'agent_name': '#D96634', 'carrier_name': '#10F6FE', 'O': '#9C214B', 'lc_ref_number': '#B14F6B', 'pre_carriage_by': '#BFB16F', 'page_no': '#481B73', 'total_original_no': '#6FEEFB', 'freight_collect_or_prepaid': '#8E0E5A', 'signed_by_master': '#F817F3', 'bill_of_lading_number': '#1C167F'}
2024-04-30 12:56:25,344 is result_set is instance of dict? True
2024-04-30 12:56:25,345 is final_result_set is instance of dict? True
2024-04-30 12:56:25,437 Time taken for page 1 of Bill_of_lading_1997_page_0.png:0:00:05.450323
2024-04-30 12:56:25,696 *****Generated All Pages****** for Bill_of_lading_1997_page_0.png
2024-04-30 12:56:25,696 RAM memory 86.0 used for Bill_of_lading_1997_page_0.png Generating All Pages:
2024-04-30 12:56:25,696 Processing time taken for all pages of Bill_of_lading_1997_page_0.png1:0:00:05.709432
2024-04-30 12:56:25,844 file name is:Bill_of_lading_535_page_0.png
2024-04-30 12:56:25,845 folder path :Images
2024-04-30 12:56:25,845 Calling Image result
2024-04-30 12:56:25,845 is all_page_result is instance of dict? True
2024-04-30 12:56:25,845 STREAM b'IHDR' 16 13
2024-04-30 12:56:25,845 STREAM b'IDAT' 41 64046
2024-04-30 12:56:25,875 is words is instance of list? True
2024-04-30 12:56:25,876 is bboxes is instance of list? True
2024-04-30 12:56:25,876 is bounding_boxes is instance of list? True
2024-04-30 12:56:26,081 is input_id_chunks is instance of list? True
2024-04-30 12:56:26,081 is mask_chunks is instance of list? True
2024-04-30 12:56:26,081 is bbox_chunks is instance of list? True
2024-04-30 12:56:26,081 is image_chunks is instance of list? True
2024-04-30 12:56:26,082 is input_dict is instance of dict? True
2024-04-30 12:56:28,646 Model Called
2024-04-30 12:56:28,646 RAM memory 81.6 used for Bill_of_lading_535_page_0.png:
2024-04-30 12:56:28,646 is all_predictions is instance of list? True
2024-04-30 12:56:28,646 is all_boxes is instance of list? True
2024-04-30 12:56:28,646 is all_confidences is instance of list? True
2024-04-30 12:56:28,646 is all_text is instance of list? True
2024-04-30 12:56:28,647 is label2id is instance of dict? True
2024-04-30 12:56:28,647 is id2label is instance of dict? True
2024-04-30 12:56:28,647 is label2color is instance of dict? True
2024-04-30 12:56:28,647 label2color : {'stamp': '#32F5AD', 'bol_original_or_copy': '#4354ED', 'vessel_name': '#87C188', 'shipped_onboard_date': '#8058DC', 'final_destination': '#F68320', 'measurement': '#8E6EA4', 'country_of_origin': '#68E0AD', 'bol_original_number': '#810B4B', 'net_weight': '#B4A0D8', 'signed_by_carrier': '#DE9A13', 'gross_weight': '#75172D', 'carrier_country': '#910235', 'port_of_discharge': '#11609E', 'goods_quantity': '#05EC06', 'notify_party_name': '#57E061', 'port_of_loading': '#EAC3B1', 'shipper_address': '#F2BC3E', 'place_of_issue': '#0546A7', 'agent_country': '#E9AF08', 'freight_collect_at': '#E1FCD4', 'place_of_receipt': '#F59512', 'voyage_number': '#0F0270', 'signature': '#FA4A71', 'consignee_name': '#2D0561', 'consignee_address': '#408441', 'bill_of_lading_issue_date': '#01072A', 'mode_of_transport': '#C70E11', 'shipper_name': '#FA4E83', 'signed_By_agent': '#497868', 'container_number': '#77C877', 'transaction_date': '#C47A3E', 'notify_party_address': '#03D8B2', 'goods_marks_and_nos': '#1B682C', 'goods_description': '#3A3B8D', 'lc_date': '#88AFD5', 'dimension': '#6780BE', 'agent_name': '#BFCBF7', 'carrier_name': '#C37407', 'O': '#B3C28C', 'lc_ref_number': '#5E4655', 'pre_carriage_by': '#D4F051', 'page_no': '#33CFD4', 'total_original_no': '#1ED74A', 'freight_collect_or_prepaid': '#737A81', 'signed_by_master': '#7C84C2', 'bill_of_lading_number': '#E0FD96'}
2024-04-30 12:56:28,865 is result_set is instance of dict? True
2024-04-30 12:56:28,867 is final_result_set is instance of dict? True
2024-04-30 12:56:28,987 Time taken for page 1 of Bill_of_lading_535_page_0.png:0:00:03.142187
2024-04-30 12:56:29,133 *****Generated All Pages****** for Bill_of_lading_535_page_0.png
2024-04-30 12:56:29,134 RAM memory 81.7 used for Bill_of_lading_535_page_0.png Generating All Pages:
2024-04-30 12:56:29,134 Processing time taken for all pages of Bill_of_lading_535_page_0.png1:0:00:03.288982
2024-04-30 12:56:29,250 file name is:Bill_of_lading_1029_page_6.png
2024-04-30 12:56:29,250 folder path :Images
2024-04-30 12:56:29,250 Calling Image result
2024-04-30 12:56:29,250 is all_page_result is instance of dict? True
2024-04-30 12:56:29,250 STREAM b'IHDR' 16 13
2024-04-30 12:56:29,251 STREAM b'PLTE' 41 768
2024-04-30 12:56:29,251 STREAM b'IDAT' 821 65536
2024-04-30 12:56:29,270 is words is instance of list? True
2024-04-30 12:56:29,270 is bboxes is instance of list? True
2024-04-30 12:56:29,270 is bounding_boxes is instance of list? True
2024-04-30 12:56:29,310 is input_id_chunks is instance of list? True
2024-04-30 12:56:29,310 is mask_chunks is instance of list? True
2024-04-30 12:56:29,310 is bbox_chunks is instance of list? True
2024-04-30 12:56:29,310 is image_chunks is instance of list? True
2024-04-30 12:56:29,311 is input_dict is instance of dict? True
2024-04-30 12:56:30,624 Model Called
2024-04-30 12:56:30,624 RAM memory 81.8 used for Bill_of_lading_1029_page_6.png:
2024-04-30 12:56:30,624 is all_predictions is instance of list? True
2024-04-30 12:56:30,624 is all_boxes is instance of list? True
2024-04-30 12:56:30,624 is all_confidences is instance of list? True
2024-04-30 12:56:30,624 is all_text is instance of list? True
2024-04-30 12:56:30,624 is label2id is instance of dict? True
2024-04-30 12:56:30,624 is id2label is instance of dict? True
2024-04-30 12:56:30,625 is label2color is instance of dict? True
2024-04-30 12:56:30,625 label2color : {'stamp': '#B794AB', 'bol_original_or_copy': '#BD4E9A', 'vessel_name': '#14EB3E', 'shipped_onboard_date': '#FBA83B', 'final_destination': '#CAB7CD', 'measurement': '#1ADF3D', 'country_of_origin': '#26C625', 'bol_original_number': '#583751', 'net_weight': '#78C844', 'signed_by_carrier': '#E3136F', 'gross_weight': '#21D75F', 'carrier_country': '#6D0D74', 'port_of_discharge': '#C30C6D', 'goods_quantity': '#B90CA6', 'notify_party_name': '#FE3E9D', 'port_of_loading': '#48378A', 'shipper_address': '#50AC56', 'place_of_issue': '#0DF91C', 'agent_country': '#1A95A5', 'freight_collect_at': '#853ABF', 'place_of_receipt': '#DCCC87', 'voyage_number': '#BA4855', 'signature': '#0B88B6', 'consignee_name': '#81FA54', 'consignee_address': '#E0B375', 'bill_of_lading_issue_date': '#10F8FB', 'mode_of_transport': '#8BA1EE', 'shipper_name': '#A8B0D2', 'signed_By_agent': '#953089', 'container_number': '#5B6DF6', 'transaction_date': '#32C3F3', 'notify_party_address': '#236420', 'goods_marks_and_nos': '#729F4B', 'goods_description': '#14DEB2', 'lc_date': '#B1D7F1', 'dimension': '#66BBAD', 'agent_name': '#711893', 'carrier_name': '#5E64D7', 'O': '#2C8E56', 'lc_ref_number': '#9ADC48', 'pre_carriage_by': '#8DDF62', 'page_no': '#6C70D5', 'total_original_no': '#485136', 'freight_collect_or_prepaid': '#725A96', 'signed_by_master': '#C2BD38', 'bill_of_lading_number': '#D7D2B0'}
2024-04-30 12:56:30,656 is result_set is instance of dict? True
2024-04-30 12:56:30,657 is final_result_set is instance of dict? True
2024-04-30 12:56:30,723 Time taken for page 1 of Bill_of_lading_1029_page_6.png:0:00:01.472551
2024-04-30 12:56:30,829 *****Generated All Pages****** for Bill_of_lading_1029_page_6.png
2024-04-30 12:56:30,829 RAM memory 81.5 used for Bill_of_lading_1029_page_6.png Generating All Pages:
2024-04-30 12:56:30,829 Processing time taken for all pages of Bill_of_lading_1029_page_6.png1:0:00:01.578863
2024-04-30 12:56:30,940 file name is:Bill_of_lading_58_page_0.png
2024-04-30 12:56:30,940 folder path :Images
2024-04-30 12:56:30,940 Calling Image result
2024-04-30 12:56:30,940 is all_page_result is instance of dict? True
2024-04-30 12:56:30,940 STREAM b'IHDR' 16 13
2024-04-30 12:56:30,940 STREAM b'IDAT' 41 65536
2024-04-30 12:56:30,969 is words is instance of list? True
2024-04-30 12:56:30,969 is bboxes is instance of list? True
2024-04-30 12:56:30,969 is bounding_boxes is instance of list? True
2024-04-30 12:56:31,185 is input_id_chunks is instance of list? True
2024-04-30 12:56:31,185 is mask_chunks is instance of list? True
2024-04-30 12:56:31,185 is bbox_chunks is instance of list? True
2024-04-30 12:56:31,185 is image_chunks is instance of list? True
2024-04-30 12:56:31,186 is input_dict is instance of dict? True
2024-04-30 12:56:33,568 Model Called
2024-04-30 12:56:33,568 RAM memory 81.9 used for Bill_of_lading_58_page_0.png:
2024-04-30 12:56:33,569 is all_predictions is instance of list? True
2024-04-30 12:56:33,569 is all_boxes is instance of list? True
2024-04-30 12:56:33,569 is all_confidences is instance of list? True
2024-04-30 12:56:33,569 is all_text is instance of list? True
2024-04-30 12:56:33,570 is label2id is instance of dict? True
2024-04-30 12:56:33,570 is id2label is instance of dict? True
2024-04-30 12:56:33,571 is label2color is instance of dict? True
2024-04-30 12:56:33,571 label2color : {'stamp': '#2A9E0D', 'bol_original_or_copy': '#92E377', 'vessel_name': '#F8CA1B', 'shipped_onboard_date': '#ABC38A', 'final_destination': '#ABA149', 'measurement': '#65F898', 'country_of_origin': '#65FE68', 'bol_original_number': '#B204C5', 'net_weight': '#5E2F2E', 'signed_by_carrier': '#79B5AC', 'gross_weight': '#F20305', 'carrier_country': '#131503', 'port_of_discharge': '#A30E3B', 'goods_quantity': '#9D5A73', 'notify_party_name': '#53A8FE', 'port_of_loading': '#67E7C2', 'shipper_address': '#0EBA63', 'place_of_issue': '#781DCA', 'agent_country': '#49A7BF', 'freight_collect_at': '#CFF2A0', 'place_of_receipt': '#4B1C63', 'voyage_number': '#15BC01', 'signature': '#8F0493', 'consignee_name': '#87B47C', 'consignee_address': '#9AE128', 'bill_of_lading_issue_date': '#B3F3B2', 'mode_of_transport': '#040637', 'shipper_name': '#392297', 'signed_By_agent': '#C6E8C6', 'container_number': '#40E55F', 'transaction_date': '#F39D9A', 'notify_party_address': '#68C258', 'goods_marks_and_nos': '#0E071A', 'goods_description': '#A89B0C', 'lc_date': '#674DDB', 'dimension': '#7EB0C0', 'agent_name': '#FAF041', 'carrier_name': '#FEDAE0', 'O': '#7DB19F', 'lc_ref_number': '#8BB289', 'pre_carriage_by': '#6E3E3B', 'page_no': '#536CF8', 'total_original_no': '#648B6D', 'freight_collect_or_prepaid': '#194281', 'signed_by_master': '#817353', 'bill_of_lading_number': '#2E1FF0'}
2024-04-30 12:56:33,835 is result_set is instance of dict? True
2024-04-30 12:56:33,836 is final_result_set is instance of dict? True
2024-04-30 12:56:33,982 Time taken for page 1 of Bill_of_lading_58_page_0.png:0:00:03.042083
2024-04-30 12:56:34,165 *****Generated All Pages****** for Bill_of_lading_58_page_0.png
2024-04-30 12:56:34,165 RAM memory 81.7 used for Bill_of_lading_58_page_0.png Generating All Pages:
2024-04-30 12:56:34,165 Processing time taken for all pages of Bill_of_lading_58_page_0.png1:0:00:03.224872
2024-04-30 12:56:34,276 file name is:Bill_of_lading_1055_page_1.png
2024-04-30 12:56:34,276 folder path :Images
2024-04-30 12:56:34,276 Calling Image result
2024-04-30 12:56:34,276 is all_page_result is instance of dict? True
2024-04-30 12:56:34,276 STREAM b'IHDR' 16 13
2024-04-30 12:56:34,276 STREAM b'IDAT' 41 65536
2024-04-30 12:56:34,321 is words is instance of list? True
2024-04-30 12:56:34,322 is bboxes is instance of list? True
2024-04-30 12:56:34,322 is bounding_boxes is instance of list? True
2024-04-30 12:56:34,575 is input_id_chunks is instance of list? True
2024-04-30 12:56:34,575 is mask_chunks is instance of list? True
2024-04-30 12:56:34,575 is bbox_chunks is instance of list? True
2024-04-30 12:56:34,575 is image_chunks is instance of list? True
2024-04-30 12:56:34,576 is input_dict is instance of dict? True
2024-04-30 12:56:37,532 Model Called
2024-04-30 12:56:37,533 RAM memory 86.3 used for Bill_of_lading_1055_page_1.png:
2024-04-30 12:56:37,533 is all_predictions is instance of list? True
2024-04-30 12:56:37,533 is all_boxes is instance of list? True
2024-04-30 12:56:37,533 is all_confidences is instance of list? True
2024-04-30 12:56:37,533 is all_text is instance of list? True
2024-04-30 12:56:37,533 is label2id is instance of dict? True
2024-04-30 12:56:37,533 is id2label is instance of dict? True
2024-04-30 12:56:37,534 is label2color is instance of dict? True
2024-04-30 12:56:37,534 label2color : {'stamp': '#7B6A0C', 'bol_original_or_copy': '#69E7B2', 'vessel_name': '#063932', 'shipped_onboard_date': '#D1104A', 'final_destination': '#493E2F', 'measurement': '#49CD46', 'country_of_origin': '#36FF77', 'bol_original_number': '#06D23B', 'net_weight': '#7E110C', 'signed_by_carrier': '#C18379', 'gross_weight': '#32BC5A', 'carrier_country': '#0FC75A', 'port_of_discharge': '#CF1420', 'goods_quantity': '#DE9871', 'notify_party_name': '#8A47E9', 'port_of_loading': '#596996', 'shipper_address': '#FCEE2C', 'place_of_issue': '#9AFCDA', 'agent_country': '#146476', 'freight_collect_at': '#E13959', 'place_of_receipt': '#6E8364', 'voyage_number': '#8185EB', 'signature': '#B290D7', 'consignee_name': '#FEB155', 'consignee_address': '#8BD9B2', 'bill_of_lading_issue_date': '#057F1B', 'mode_of_transport': '#28F100', 'shipper_name': '#A3EC8E', 'signed_By_agent': '#ECE0F7', 'container_number': '#8C3A70', 'transaction_date': '#18266B', 'notify_party_address': '#7DE649', 'goods_marks_and_nos': '#6CD2A7', 'goods_description': '#A11AA3', 'lc_date': '#4190C2', 'dimension': '#69AA4D', 'agent_name': '#20ACF3', 'carrier_name': '#10F0C0', 'O': '#4E12B5', 'lc_ref_number': '#44B2D6', 'pre_carriage_by': '#334B0C', 'page_no': '#0B431D', 'total_original_no': '#2F2C90', 'freight_collect_or_prepaid': '#625432', 'signed_by_master': '#C7560B', 'bill_of_lading_number': '#A89C05'}
2024-04-30 12:56:37,791 is result_set is instance of dict? True
2024-04-30 12:56:37,792 is final_result_set is instance of dict? True
2024-04-30 12:56:37,960 Time taken for page 1 of Bill_of_lading_1055_page_1.png:0:00:03.683504
2024-04-30 12:56:38,186 *****Generated All Pages****** for Bill_of_lading_1055_page_1.png
2024-04-30 12:56:38,186 RAM memory 86.4 used for Bill_of_lading_1055_page_1.png Generating All Pages:
2024-04-30 12:56:38,186 Processing time taken for all pages of Bill_of_lading_1055_page_1.png1:0:00:03.909520
2024-04-30 12:56:38,304 file name is:Bill_of_lading_1565_page_0.png
2024-04-30 12:56:38,305 folder path :Images
2024-04-30 12:56:38,305 Calling Image result
2024-04-30 12:56:38,305 is all_page_result is instance of dict? True
2024-04-30 12:56:38,305 STREAM b'IHDR' 16 13
2024-04-30 12:56:38,305 STREAM b'IDAT' 41 65536
2024-04-30 12:56:38,372 is words is instance of list? True
2024-04-30 12:56:38,373 is bboxes is instance of list? True
2024-04-30 12:56:38,373 is bounding_boxes is instance of list? True
2024-04-30 12:56:38,832 is input_id_chunks is instance of list? True
2024-04-30 12:56:38,832 is mask_chunks is instance of list? True
2024-04-30 12:56:38,832 is bbox_chunks is instance of list? True
2024-04-30 12:56:38,832 is image_chunks is instance of list? True
2024-04-30 12:56:38,832 is input_dict is instance of dict? True
2024-04-30 12:56:41,936 Model Called
2024-04-30 12:56:41,936 RAM memory 85.8 used for Bill_of_lading_1565_page_0.png:
2024-04-30 12:56:41,936 is all_predictions is instance of list? True
2024-04-30 12:56:41,936 is all_boxes is instance of list? True
2024-04-30 12:56:41,937 is all_confidences is instance of list? True
2024-04-30 12:56:41,937 is all_text is instance of list? True
2024-04-30 12:56:41,937 is label2id is instance of dict? True
2024-04-30 12:56:41,937 is id2label is instance of dict? True
2024-04-30 12:56:41,938 is label2color is instance of dict? True
2024-04-30 12:56:41,938 label2color : {'stamp': '#1120FF', 'bol_original_or_copy': '#9D96DA', 'vessel_name': '#674A42', 'shipped_onboard_date': '#F2E649', 'final_destination': '#68A0BC', 'measurement': '#7CA032', 'country_of_origin': '#292183', 'bol_original_number': '#D03558', 'net_weight': '#81DDE4', 'signed_by_carrier': '#9F2612', 'gross_weight': '#D24ED9', 'carrier_country': '#FAF13E', 'port_of_discharge': '#AEFA0F', 'goods_quantity': '#C3812C', 'notify_party_name': '#71BA53', 'port_of_loading': '#070C44', 'shipper_address': '#2D9AAC', 'place_of_issue': '#C7507F', 'agent_country': '#9B88D7', 'freight_collect_at': '#286C60', 'place_of_receipt': '#ED8D3E', 'voyage_number': '#7A896A', 'signature': '#2303D9', 'consignee_name': '#2A20EA', 'consignee_address': '#E6A594', 'bill_of_lading_issue_date': '#CC9B69', 'mode_of_transport': '#25F37F', 'shipper_name': '#ED19FE', 'signed_By_agent': '#C970DC', 'container_number': '#FAFA72', 'transaction_date': '#B0BB0D', 'notify_party_address': '#516809', 'goods_marks_and_nos': '#D7695D', 'goods_description': '#15C23A', 'lc_date': '#87C2D5', 'dimension': '#EA6FC3', 'agent_name': '#4206E2', 'carrier_name': '#56AA97', 'O': '#CE4C8A', 'lc_ref_number': '#D0C02C', 'pre_carriage_by': '#44987B', 'page_no': '#37B91B', 'total_original_no': '#C088FE', 'freight_collect_or_prepaid': '#D03005', 'signed_by_master': '#B1267A', 'bill_of_lading_number': '#DEAF11'}
2024-04-30 12:56:42,527 is result_set is instance of dict? True
2024-04-30 12:56:42,528 is final_result_set is instance of dict? True
2024-04-30 12:56:42,664 Time taken for page 1 of Bill_of_lading_1565_page_0.png:0:00:04.358501
2024-04-30 12:56:42,947 *****Generated All Pages****** for Bill_of_lading_1565_page_0.png
2024-04-30 12:56:42,948 RAM memory 86.0 used for Bill_of_lading_1565_page_0.png Generating All Pages:
2024-04-30 12:56:42,948 Processing time taken for all pages of Bill_of_lading_1565_page_0.png1:0:00:04.642910
2024-04-30 12:56:43,069 file name is:Bill_of_lading_2034_page_0.png
2024-04-30 12:56:43,069 folder path :Images
2024-04-30 12:56:43,069 Calling Image result
2024-04-30 12:56:43,069 is all_page_result is instance of dict? True
2024-04-30 12:56:43,069 STREAM b'IHDR' 16 13
2024-04-30 12:56:43,070 STREAM b'IDAT' 41 65536
2024-04-30 12:56:43,112 is words is instance of list? True
2024-04-30 12:56:43,112 is bboxes is instance of list? True
2024-04-30 12:56:43,112 is bounding_boxes is instance of list? True
2024-04-30 12:56:43,424 is input_id_chunks is instance of list? True
2024-04-30 12:56:43,424 is mask_chunks is instance of list? True
2024-04-30 12:56:43,424 is bbox_chunks is instance of list? True
2024-04-30 12:56:43,424 is image_chunks is instance of list? True
2024-04-30 12:56:43,425 is input_dict is instance of dict? True
2024-04-30 12:56:46,040 Model Called
2024-04-30 12:56:46,041 RAM memory 84.9 used for Bill_of_lading_2034_page_0.png:
2024-04-30 12:56:46,041 is all_predictions is instance of list? True
2024-04-30 12:56:46,041 is all_boxes is instance of list? True
2024-04-30 12:56:46,041 is all_confidences is instance of list? True
2024-04-30 12:56:46,041 is all_text is instance of list? True
2024-04-30 12:56:46,041 is label2id is instance of dict? True
2024-04-30 12:56:46,041 is id2label is instance of dict? True
2024-04-30 12:56:46,041 is label2color is instance of dict? True
2024-04-30 12:56:46,042 label2color : {'stamp': '#C80EF9', 'bol_original_or_copy': '#437494', 'vessel_name': '#37DD30', 'shipped_onboard_date': '#8C94B5', 'final_destination': '#A14DBE', 'measurement': '#367C95', 'country_of_origin': '#58083D', 'bol_original_number': '#BDAA61', 'net_weight': '#B47641', 'signed_by_carrier': '#AD5F9E', 'gross_weight': '#DB391A', 'carrier_country': '#7FDEC2', 'port_of_discharge': '#685A03', 'goods_quantity': '#AAA163', 'notify_party_name': '#1DE655', 'port_of_loading': '#96D5BF', 'shipper_address': '#6414A5', 'place_of_issue': '#2A3789', 'agent_country': '#316FF8', 'freight_collect_at': '#907914', 'place_of_receipt': '#C1AB62', 'voyage_number': '#23DCD3', 'signature': '#607127', 'consignee_name': '#8F51DB', 'consignee_address': '#D080E9', 'bill_of_lading_issue_date': '#5AAE42', 'mode_of_transport': '#CCAD45', 'shipper_name': '#F00D24', 'signed_By_agent': '#F8A0FC', 'container_number': '#8DC46A', 'transaction_date': '#320A3E', 'notify_party_address': '#F377E3', 'goods_marks_and_nos': '#C37199', 'goods_description': '#DEFF99', 'lc_date': '#65AB6E', 'dimension': '#5D1DF4', 'agent_name': '#EFF1D0', 'carrier_name': '#880E52', 'O': '#DC4CEA', 'lc_ref_number': '#0B54F6', 'pre_carriage_by': '#A8CF09', 'page_no': '#367CF7', 'total_original_no': '#B16A79', 'freight_collect_or_prepaid': '#576BCE', 'signed_by_master': '#B3DA21', 'bill_of_lading_number': '#A80198'}
2024-04-30 12:56:46,337 is result_set is instance of dict? True
2024-04-30 12:56:46,339 is final_result_set is instance of dict? True
2024-04-30 12:56:46,468 Time taken for page 1 of Bill_of_lading_2034_page_0.png:0:00:03.398122
2024-04-30 12:56:46,671 *****Generated All Pages****** for Bill_of_lading_2034_page_0.png
2024-04-30 12:56:46,671 RAM memory 84.6 used for Bill_of_lading_2034_page_0.png Generating All Pages:
2024-04-30 12:56:46,671 Processing time taken for all pages of Bill_of_lading_2034_page_0.png1:0:00:03.601572
