2024-04-29 11:50:37,965 checkpoint 1 => setting basis cofiguration for logging purposes
2024-04-29 11:50:37,966 start time: 2024-04-29 11:50:37.966353
2024-04-29 11:50:40,804 Starting new HTTPS connection (1): huggingface.co:443
2024-04-29 11:50:41,260 https://huggingface.co:443 "HEAD /microsoft/layoutlmv2-base-uncased/resolve/main/preprocessor_config.json HTTP/1.1" 200 0
2024-04-29 11:50:41,675 https://huggingface.co:443 "HEAD /microsoft/layoutlmv2-base-uncased/resolve/main/tokenizer_config.json HTTP/1.1" 404 0
2024-04-29 11:50:41,934 https://huggingface.co:443 "HEAD /microsoft/layoutlmv2-base-uncased/resolve/main/vocab.txt HTTP/1.1" 200 0
2024-04-29 11:50:41,962 RAM memory for Model loading used: 62.0
2024-04-29 11:50:41,962 cpu_utilization % for Model Loading:27.8
2024-04-29 11:50:41,962 memory_consumption in bytes for Loading Model:913096704
2024-04-29 11:50:41,962 Loaded Model successfully
2024-04-29 11:50:41,962 file name is:Bill_of_Exchange_200_2.png
2024-04-29 11:50:41,962 folder path :Images
2024-04-29 11:50:41,962 Calling Image result
2024-04-29 11:50:41,962 is all_page_result is instance of dict? True
2024-04-29 11:50:41,966 STREAM b'IHDR' 16 13
2024-04-29 11:50:41,966 STREAM b'pHYs' 41 9
2024-04-29 11:50:41,966 STREAM b'IDAT' 62 81268
2024-04-29 11:50:41,974 is words is instance of list? True
2024-04-29 11:50:41,974 is bboxes is instance of list? True
2024-04-29 11:50:41,974 is bounding_boxes is instance of list? True
2024-04-29 11:50:42,000 is input_id_chunks is instance of list? True
2024-04-29 11:50:42,000 is mask_chunks is instance of list? True
2024-04-29 11:50:42,001 is bbox_chunks is instance of list? True
2024-04-29 11:50:42,001 is image_chunks is instance of list? True
2024-04-29 11:50:42,002 is input_dict is instance of dict? True
2024-04-29 11:50:43,456 Model Called
2024-04-29 11:50:43,456 RAM memory 68.1 used for Bill_of_Exchange_200_2.png:
2024-04-29 11:50:43,456 is all_predictions is instance of list? True
2024-04-29 11:50:43,456 is all_boxes is instance of list? True
2024-04-29 11:50:43,456 is all_confidences is instance of list? True
2024-04-29 11:50:43,456 is all_text is instance of list? True
2024-04-29 11:50:43,457 is label2id is instance of dict? True
2024-04-29 11:50:43,457 is id2label is instance of dict? True
2024-04-29 11:50:43,457 is label2color is instance of dict? True
2024-04-29 11:50:43,457 label2color : {'tenor_type': '#6CEE7F', 'invoice_due_date': '#31A184', 'diclaration_by': '#D14779', 'invoice_amount': '#2F63E0', 'original_or_copy': '#37BE09', 'boe_currency': '#E5A8AB', 'lc_ref_no': '#AD2545', 'boe_amount': '#BF86CD', 'indicator_date': '#250CBC', 'tenore_details': '#FFC792', 'lc_date': '#D0932A', 'issuing_bank': '#D2FBE7', 'drawer_name': '#61A4C6', 'stamp': '#80E072', 'drawer_bank_address': '#FD03EA', 'drawer_address': '#3DDB07', 'drawee_name': '#2A1738', 'country_of_origin': '#953141', 'tenor_indicator': '#6FD160', 'bill_exchange_no': '#34D9D4', 'drawee_bank_address': '#4796FD', 'issuing_bank_address': '#881FB7', 'bill_exchange_date': '#702405', 'goods_discription': '#D615B1', 'drawer_bank_name': '#300547', 'indicator_type': '#06D0D8', 'drawee_bank_name': '#FAE147', 'usance_tenor': '#091BAC', 'signature': '#F470A8', 'invoice_no': '#973BED', 'original_number': '#29D41C', 'drawee_address': '#A71E05', 'invoice_date': '#963F53', 'issue_place': '#F88458', 'invoice_currency': '#845309', 'O': '#6BF3AC', 'amount_in_words': '#5F2248'}
2024-04-29 11:50:43,473 is result_set is instance of dict? True
2024-04-29 11:50:43,474 is final_result_set is instance of dict? True
2024-04-29 11:50:43,530 Time taken for page 1 of Bill_of_Exchange_200_2.png:0:00:01.563957
2024-04-29 11:50:43,549 *****Generated All Pages****** for Bill_of_Exchange_200_2.png
2024-04-29 11:50:43,550 RAM memory 68.1 used for Bill_of_Exchange_200_2.png Generating All Pages:
2024-04-29 11:50:43,550 Processing time taken for all pages of Bill_of_Exchange_200_2.png1:0:00:01.587464
