2024-04-29 01:50:56,028 checkpoint 1 => setting basis cofiguration for logging purposes
2024-04-29 01:50:56,029 start time: 2024-04-29 01:50:56.029268
2024-04-29 01:50:59,009 Starting new HTTPS connection (1): huggingface.co:443
2024-04-29 01:50:59,789 https://huggingface.co:443 "HEAD /microsoft/layoutlmv2-base-uncased/resolve/main/preprocessor_config.json HTTP/1.1" 200 0
2024-04-29 01:51:00,711 https://huggingface.co:443 "HEAD /microsoft/layoutlmv2-base-uncased/resolve/main/tokenizer_config.json HTTP/1.1" 404 0
2024-04-29 01:51:01,018 https://huggingface.co:443 "HEAD /microsoft/layoutlmv2-base-uncased/resolve/main/vocab.txt HTTP/1.1" 200 0
2024-04-29 01:51:01,046 RAM memory for Model loading used: 53.2
2024-04-29 01:51:01,046 cpu_utilization % for Model Loading:-77.0
2024-04-29 01:51:01,047 memory_consumption in bytes for Loading Model:911572992
2024-04-29 01:51:01,047 Loaded Model successfully
2024-04-29 01:51:01,047 file name is:Bill_of_Exchange_266_0.png
2024-04-29 01:51:01,047 folder path :Images
2024-04-29 01:51:01,047 Calling Image result
2024-04-29 01:51:01,047 is all_page_result is instance of dict? True
2024-04-29 01:51:01,051 STREAM b'IHDR' 16 13
2024-04-29 01:51:01,051 STREAM b'pHYs' 41 9
2024-04-29 01:51:01,051 STREAM b'IDAT' 62 183397
2024-04-29 01:51:01,062 is words is instance of list? True
2024-04-29 01:51:01,062 is bboxes is instance of list? True
2024-04-29 01:51:01,062 is bounding_boxes is instance of list? True
2024-04-29 01:51:01,128 is input_id_chunks is instance of list? True
2024-04-29 01:51:01,128 is mask_chunks is instance of list? True
2024-04-29 01:51:01,128 is bbox_chunks is instance of list? True
2024-04-29 01:51:01,129 is image_chunks is instance of list? True
2024-04-29 01:51:01,130 is input_dict is instance of dict? True
2024-04-29 01:51:03,263 Model Called
2024-04-29 01:51:03,263 RAM memory 64.2 used for Bill_of_Exchange_266_0.png:
2024-04-29 01:51:03,263 is all_predictions is instance of list? True
2024-04-29 01:51:03,263 is all_boxes is instance of list? True
2024-04-29 01:51:03,263 is all_confidences is instance of list? True
2024-04-29 01:51:03,263 is all_text is instance of list? True
2024-04-29 01:51:03,264 is label2id is instance of dict? True
2024-04-29 01:51:03,264 is id2label is instance of dict? True
2024-04-29 01:51:03,264 is label2color is instance of dict? True
2024-04-29 01:51:03,264 label2color : {'tenor_type': '#D3051A', 'invoice_due_date': '#B20AD1', 'diclaration_by': '#251A96', 'invoice_amount': '#0FEF74', 'original_or_copy': '#568D9A', 'boe_currency': '#671356', 'lc_ref_no': '#3FED2D', 'boe_amount': '#DE1E0C', 'indicator_date': '#658F8C', 'tenore_details': '#0B79D6', 'lc_date': '#D9BF2E', 'issuing_bank': '#D963EA', 'drawer_name': '#408F63', 'stamp': '#A7551C', 'drawer_bank_address': '#8CA739', 'drawer_address': '#9C646F', 'drawee_name': '#CBDC47', 'country_of_origin': '#DE8B60', 'tenor_indicator': '#3E6C97', 'bill_exchange_no': '#7AEA1B', 'drawee_bank_address': '#E68C18', 'issuing_bank_address': '#612B5F', 'bill_exchange_date': '#95E6DE', 'goods_discription': '#41868D', 'drawer_bank_name': '#37FC9F', 'indicator_type': '#2F1C7B', 'drawee_bank_name': '#49CA53', 'usance_tenor': '#1B748E', 'signature': '#62B3FA', 'invoice_no': '#2E9566', 'original_number': '#80B598', 'drawee_address': '#BC7A5C', 'invoice_date': '#C5054C', 'issue_place': '#788E35', 'invoice_currency': '#15AC77', 'O': '#221EC6', 'amount_in_words': '#5D5D7B'}
2024-04-29 01:51:03,308 is result_set is instance of dict? True
2024-04-29 01:51:03,310 is final_result_set is instance of dict? True
2024-04-29 01:51:03,417 Time taken for page 1 of Bill_of_Exchange_266_0.png:0:00:02.366369
2024-04-29 01:51:03,461 *****Generated All Pages****** for Bill_of_Exchange_266_0.png
2024-04-29 01:51:03,461 RAM memory 64.3 used for Bill_of_Exchange_266_0.png Generating All Pages:
2024-04-29 01:51:03,461 Processing time taken for all pages of Bill_of_Exchange_266_0.png1:0:00:02.414542
