2024-03-06 12:14:49,159 checkpoint 1 => setting basis cofiguration for logging purposes
2024-03-06 12:14:49,160 start time: 2024-03-06 12:14:49.160413
2024-03-06 12:14:52,781 Falling back to TensorFlow client; we recommended you install the Cloud TPU client directly with pip install cloud-tpu-client.
2024-03-06 12:14:52,956 Creating converter from 7 to 5
2024-03-06 12:14:52,956 Creating converter from 5 to 7
2024-03-06 12:14:52,956 Creating converter from 7 to 5
2024-03-06 12:14:52,956 Creating converter from 5 to 7
2024-03-06 12:14:53,370 Starting new HTTPS connection (1): huggingface.co:443
2024-03-06 12:14:53,760 https://huggingface.co:443 "HEAD /microsoft/layoutlmv2-base-uncased/resolve/main/preprocessor_config.json HTTP/1.1" 200 0
2024-03-06 12:14:54,322 https://huggingface.co:443 "HEAD /microsoft/layoutlmv2-base-uncased/resolve/main/tokenizer_config.json HTTP/1.1" 404 0
2024-03-06 12:14:54,742 https://huggingface.co:443 "HEAD /microsoft/layoutlmv2-base-uncased/resolve/main/vocab.txt HTTP/1.1" 200 0
2024-03-06 12:14:54,797 RAM memory for Model loading used: 59.7
2024-03-06 12:14:54,797 cpu_utilization % for Model Loading:13.6
2024-03-06 12:14:54,797 memory_consumption in bytes for Loading Model:1154174976
2024-03-06 12:14:54,797 Loaded Model successfully
2024-03-06 12:14:54,798 file name is:Proforma_Invoice(2013_04_17_14_00_41_9003)_303_0.png
2024-03-06 12:14:54,798 folder path :Images
2024-03-06 12:14:54,798 Calling Image result
2024-03-06 12:14:54,798 is all_page_result is instance of dict? True
2024-03-06 12:14:54,802 STREAM b'IHDR' 16 13
2024-03-06 12:14:54,802 STREAM b'pHYs' 41 9
2024-03-06 12:14:54,802 STREAM b'IDAT' 62 139842
2024-03-06 12:14:54,814 Checking spheric-time-383904-f1b421d86eef.json for explicit credentials as part of auth process...
2024-03-06 12:14:55,914 is words is instance of list? True
2024-03-06 12:14:55,915 is bboxes is instance of list? True
2024-03-06 12:14:55,915 is bounding_boxes is instance of list? True
2024-03-06 12:14:55,957 is input_id_chunks is instance of list? True
2024-03-06 12:14:55,957 is mask_chunks is instance of list? True
2024-03-06 12:14:55,957 is bbox_chunks is instance of list? True
2024-03-06 12:14:55,957 is image_chunks is instance of list? True
2024-03-06 12:14:55,958 is input_dict is instance of dict? True
2024-03-06 12:14:58,456 Model Called
2024-03-06 12:14:58,456 RAM memory 71.6 used for Proforma_Invoice(2013_04_17_14_00_41_9003)_303_0.png:
2024-03-06 12:14:58,456 is all_predictions is instance of list? True
2024-03-06 12:14:58,456 is all_boxes is instance of list? True
2024-03-06 12:14:58,456 is all_confidences is instance of list? True
2024-03-06 12:14:58,456 is all_text is instance of list? True
2024-03-06 12:14:58,457 is label2id is instance of dict? True
2024-03-06 12:14:58,457 is id2label is instance of dict? True
2024-03-06 12:14:58,458 is label2color is instance of dict? True
2024-03-06 12:14:58,459 label2color : {'transaction_date': '#71327D', 'beneficiary_bank_swift': '#D554BD', 'unit': '#A6E6CD', 'gross_weight': '#E92074', 'payment_terms': '#7D5E70', 'date_of_invoice': '#30C8A3', 'lc_ref_no': '#6B0D2D', 'order_date': '#F2C2C1', 'invoice_tax_amount': '#8D67F9', 'shipper_name': '#7E1DDA', 'freight_charges': '#84A56C', 'tolerance_of_quantity': '#02CCFA', 'O': '#2AD2C6', 'transport_details': '#A4D538', 'place_of_receipt': '#AA1C7E', 'country_of_final_destination': '#57044D', 'notify_party_name': '#E93D15', 'remitter_country': '#2331A3', 'beneficiary_country': '#3830A9', 'final_destination': '#F9FD0D', 'pre-carriage-by': '#2FB4A1', 'invoice_no': '#3D4F08', 'insurance_charges': '#69A03F', 'cosignee_name': '#49D3B4', 'tenor_indicator': '#D4A506', 'incoterm': '#B5C079', 'original_or_copy': '#B87015', 'page_no': '#EA9711', 'vessel_flight_no': '#EAFEF5', 'beneficiary_bank_identifier': '#28EB9D', 'port_of_loading': '#5AE6EE', 'awb_number': '#BD72BF', 'transaction_amonunt_value': '#01E507', 'shipper_address': '#E70933', 'goods_description': '#49A787', 'consignor_name': '#E50339', 'stamp': '#64E1BF', 'bill_of_lading_no': '#80493B', 'transhipment': '#A47C4B', 'invoice_due_date': '#B15628', 'indicator_type': '#B59D80', 'importer_your_ref_no': '#310823', 'rate_per_unit': '#017210', 'beneficiary_bank_country': '#8DDD49', 'notify_party_country': '#E41537', 'beneficiary_drawer_exporter_seller_supplier_tin': '#3BF9D0', 'signature': '#5FD261', 'invoice_amount': '#29BB97', 'lc_date': '#6A5BBD', 'advance_amount': '#02F477', 'beneficiary_address': '#8199BD', 'signature_of_the_issuer': '#114F5B', 'beneficiary_account_number': '#9BD2D4', 'signed_by': '#03C430', 'from': '#9A951A', 'exporter_our_ref_no': '#72E3A3', 'remitter_drawee_applicant_importer_buyer_name': '#C267BA', 'packaging_description': '#5555C6', 'notify_party_address': '#E10E67', 'hs_code_no': '#F63F59', 'beneficiary_iban_number': '#A59F4A', 'beneficiary_drawer_exporter_seller_supplier_name': '#AC65BE', 'beneficiary_bank_name': '#313371', 'delivery_terms': '#2C8738', 'total_quantity_of_goods': '#981806', 'dimension': '#490558', 'invoice_amount_in_words': '#4D6B16', 'invoice_discount_ccy': '#986ABF', 'declaration_by_issuer': '#807DB0', 'port_of_discharge': '#558BDA', 'total_pages': '#C39721', 'usance_tenor': '#A29764', 'amount_due': '#6C7BCE', 'purchase_order_no_and_agreement_ref_no': '#3598AB', 'vessel_name': '#CA2713', 'indicator_date': '#692BAB', 'invoice_tax_ccy': '#19CBBD', 'mode_of_despatch': '#CB40EF', 'net_weight': '#EBA91E', 'awb_date': '#2EFAFE', 'country_of_origin_of_goods': '#9072DC', 'invoice_currency': '#66F27C', 'bill_of_lading_date': '#47AC46', 'shipment_date': '#AED6C3', 'consignee_address': '#36F0B5', 'invoice_discount_amount': '#918923', 'transaction_currency': '#EEF204', 'consignor_country': '#4B798D', 'to': '#220BBA', 'consignor_address': '#12DE9F', 'remitter_address': '#31712D', 'drawer_ref_no': '#606F99', 'tenor_type': '#3570CF', 'presentation_period': '#867895'}
2024-03-06 12:14:58,517 is result_set is instance of dict? True
2024-03-06 12:14:58,519 is final_result_set is instance of dict? True
2024-03-06 12:14:58,828 Time taken for page 1 of Proforma_Invoice(2013_04_17_14_00_41_9003)_303_0.png:0:00:04.026234
2024-03-06 12:14:58,872 *****Generated All Pages****** for Proforma_Invoice(2013_04_17_14_00_41_9003)_303_0.png
2024-03-06 12:14:58,872 RAM memory 71.2 used for Proforma_Invoice(2013_04_17_14_00_41_9003)_303_0.png Generating All Pages:
2024-03-06 12:14:58,872 Processing time taken for all pages of Proforma_Invoice(2013_04_17_14_00_41_9003)_303_0.png1:0:00:04.074677
