2024-04-27 05:22:27,680 checkpoint 1 => setting basis cofiguration for logging purposes
2024-04-27 05:22:27,681 start time: 2024-04-27 05:22:27.681405
2024-04-27 05:22:30,097 Starting new HTTPS connection (1): huggingface.co:443
2024-04-27 05:22:30,931 https://huggingface.co:443 "HEAD /microsoft/layoutlmv2-base-uncased/resolve/main/preprocessor_config.json HTTP/1.1" 200 0
2024-04-27 05:22:31,750 https://huggingface.co:443 "HEAD /microsoft/layoutlmv2-base-uncased/resolve/main/tokenizer_config.json HTTP/1.1" 404 0
2024-04-27 05:22:32,160 https://huggingface.co:443 "HEAD /microsoft/layoutlmv2-base-uncased/resolve/main/vocab.txt HTTP/1.1" 200 0
2024-04-27 05:22:32,187 RAM memory for Model loading used: 71.6
2024-04-27 05:22:32,187 cpu_utilization % for Model Loading:12.8
2024-04-27 05:22:32,188 memory_consumption in bytes for Loading Model:909848576
2024-04-27 05:22:32,188 Loaded Model successfully
2024-04-27 05:22:32,188 file name is:Bill_of_Exchange_157_0.png
2024-04-27 05:22:32,188 folder path :Images
2024-04-27 05:22:32,188 Calling Image result
2024-04-27 05:22:32,188 is all_page_result is instance of dict? True
2024-04-27 05:22:32,191 STREAM b'IHDR' 16 13
2024-04-27 05:22:32,191 STREAM b'pHYs' 41 9
2024-04-27 05:22:32,191 STREAM b'IDAT' 62 126930
2024-04-27 05:22:32,200 is words is instance of list? True
2024-04-27 05:22:32,201 is bboxes is instance of list? True
2024-04-27 05:22:32,201 is bounding_boxes is instance of list? True
2024-04-27 05:22:32,242 is input_id_chunks is instance of list? True
2024-04-27 05:22:32,242 is mask_chunks is instance of list? True
2024-04-27 05:22:32,242 is bbox_chunks is instance of list? True
2024-04-27 05:22:32,242 is image_chunks is instance of list? True
2024-04-27 05:22:32,242 is input_dict is instance of dict? True
2024-04-27 05:22:33,186 Model Called
2024-04-27 05:22:33,186 RAM memory 77.7 used for Bill_of_Exchange_157_0.png:
2024-04-27 05:22:33,186 is all_predictions is instance of list? True
2024-04-27 05:22:33,186 is all_boxes is instance of list? True
2024-04-27 05:22:33,186 is all_confidences is instance of list? True
2024-04-27 05:22:33,187 is all_text is instance of list? True
2024-04-27 05:22:33,187 is label2id is instance of dict? True
2024-04-27 05:22:33,187 is id2label is instance of dict? True
2024-04-27 05:22:33,187 is label2color is instance of dict? True
2024-04-27 05:22:33,187 label2color : {'tenor_type': '#F3A13E', 'invoice_due_date': '#EA6DFC', 'diclaration_by': '#C7AAA4', 'invoice_amount': '#6588D8', 'original_or_copy': '#C0F81B', 'boe_currency': '#83504C', 'lc_ref_no': '#007725', 'boe_amount': '#28064E', 'indicator_date': '#04BC52', 'tenore_details': '#F8662D', 'lc_date': '#A14167', 'issuing_bank': '#C35A0A', 'drawer_name': '#20C45B', 'stamp': '#8CCEEE', 'drawer_bank_address': '#03AD1C', 'drawer_address': '#E380FF', 'drawee_name': '#54E75E', 'country_of_origin': '#44D0B4', 'tenor_indicator': '#FA8AFD', 'bill_exchange_no': '#60DF59', 'drawee_bank_address': '#7F7947', 'issuing_bank_address': '#ABFC2A', 'bill_exchange_date': '#D8C1C5', 'goods_discription': '#4E4BA3', 'drawer_bank_name': '#D9086F', 'indicator_type': '#49F3D2', 'drawee_bank_name': '#F4FC19', 'usance_tenor': '#232DD4', 'signature': '#DB5529', 'invoice_no': '#19F8EE', 'original_number': '#CB8FA0', 'drawee_address': '#576C5D', 'invoice_date': '#3DC604', 'issue_place': '#EDAEEE', 'invoice_currency': '#86CF4A', 'O': '#B8BA1B', 'amount_in_words': '#DF75F4'}
2024-04-27 05:22:33,209 is result_set is instance of dict? True
2024-04-27 05:22:33,210 is final_result_set is instance of dict? True
