2024-04-29 01:56:22,043 checkpoint 1 => setting basis cofiguration for logging purposes
2024-04-29 01:56:22,044 start time: 2024-04-29 01:56:22.044417
2024-04-29 01:56:24,671 Starting new HTTPS connection (1): huggingface.co:443
2024-04-29 01:56:25,419 https://huggingface.co:443 "HEAD /microsoft/layoutlmv2-base-uncased/resolve/main/preprocessor_config.json HTTP/1.1" 200 0
2024-04-29 01:56:26,347 https://huggingface.co:443 "HEAD /microsoft/layoutlmv2-base-uncased/resolve/main/tokenizer_config.json HTTP/1.1" 404 0
2024-04-29 01:56:26,853 https://huggingface.co:443 "HEAD /microsoft/layoutlmv2-base-uncased/resolve/main/vocab.txt HTTP/1.1" 200 0
2024-04-29 01:56:26,881 RAM memory for Model loading used: 52.1
2024-04-29 01:56:26,881 cpu_utilization % for Model Loading:24.7
2024-04-29 01:56:26,881 memory_consumption in bytes for Loading Model:911077376
2024-04-29 01:56:26,881 Loaded Model successfully
2024-04-29 01:56:26,881 file name is:Bill_of_Exchange_44_0.png
2024-04-29 01:56:26,881 folder path :Images
2024-04-29 01:56:26,881 Calling Image result
2024-04-29 01:56:26,881 is all_page_result is instance of dict? True
2024-04-29 01:56:26,885 STREAM b'IHDR' 16 13
2024-04-29 01:56:26,885 STREAM b'pHYs' 41 9
2024-04-29 01:56:26,885 STREAM b'IDAT' 62 98834
2024-04-29 01:56:26,907 is words is instance of list? True
2024-04-29 01:56:26,907 is bboxes is instance of list? True
2024-04-29 01:56:26,907 is bounding_boxes is instance of list? True
2024-04-29 01:56:26,950 is input_id_chunks is instance of list? True
2024-04-29 01:56:26,951 is mask_chunks is instance of list? True
2024-04-29 01:56:26,951 is bbox_chunks is instance of list? True
2024-04-29 01:56:26,951 is image_chunks is instance of list? True
2024-04-29 01:56:26,951 is input_dict is instance of dict? True
2024-04-29 01:56:27,975 Model Called
2024-04-29 01:56:27,975 RAM memory 58.1 used for Bill_of_Exchange_44_0.png:
2024-04-29 01:56:27,975 is all_predictions is instance of list? True
2024-04-29 01:56:27,975 is all_boxes is instance of list? True
2024-04-29 01:56:27,975 is all_confidences is instance of list? True
2024-04-29 01:56:27,975 is all_text is instance of list? True
2024-04-29 01:56:27,976 is label2id is instance of dict? True
2024-04-29 01:56:27,976 is id2label is instance of dict? True
2024-04-29 01:56:27,976 is label2color is instance of dict? True
2024-04-29 01:56:27,976 label2color : {'tenor_type': '#279B95', 'invoice_due_date': '#34BEE3', 'diclaration_by': '#EEF28F', 'invoice_amount': '#0DA60E', 'original_or_copy': '#A94804', 'boe_currency': '#E74E34', 'lc_ref_no': '#458A60', 'boe_amount': '#F7FA05', 'indicator_date': '#B3BE42', 'tenore_details': '#9FD36C', 'lc_date': '#0200B4', 'issuing_bank': '#47B66C', 'drawer_name': '#3C97F4', 'stamp': '#CFFF0D', 'drawer_bank_address': '#55348E', 'drawer_address': '#AB7F15', 'drawee_name': '#B8E9A2', 'country_of_origin': '#F0E3A5', 'tenor_indicator': '#254D7B', 'bill_exchange_no': '#587805', 'drawee_bank_address': '#E1D207', 'issuing_bank_address': '#C57A60', 'bill_exchange_date': '#E48417', 'goods_discription': '#9E1041', 'drawer_bank_name': '#A5D31F', 'indicator_type': '#F18C2B', 'drawee_bank_name': '#0C8AF9', 'usance_tenor': '#98BE9E', 'signature': '#EF0F1C', 'invoice_no': '#AF0478', 'original_number': '#28FE3B', 'drawee_address': '#345C19', 'invoice_date': '#4EA3CD', 'issue_place': '#E101C6', 'invoice_currency': '#2720F4', 'O': '#316A23', 'amount_in_words': '#48D664'}
2024-04-29 01:56:27,998 is result_set is instance of dict? True
2024-04-29 01:56:28,000 is final_result_set is instance of dict? True
2024-04-29 01:56:28,102 Time taken for page 1 of Bill_of_Exchange_44_0.png:0:00:01.216576
2024-04-29 01:56:28,134 *****Generated All Pages****** for Bill_of_Exchange_44_0.png
2024-04-29 01:56:28,134 RAM memory 58.1 used for Bill_of_Exchange_44_0.png Generating All Pages:
2024-04-29 01:56:28,134 Processing time taken for all pages of Bill_of_Exchange_44_0.png1:0:00:01.252766
2024-04-29 01:56:28,256 file name is:Bill_of_Exchange_266_0.png
2024-04-29 01:56:28,257 folder path :Images
2024-04-29 01:56:28,257 Calling Image result
2024-04-29 01:56:28,257 is all_page_result is instance of dict? True
2024-04-29 01:56:28,257 STREAM b'IHDR' 16 13
2024-04-29 01:56:28,257 STREAM b'pHYs' 41 9
2024-04-29 01:56:28,257 STREAM b'IDAT' 62 183397
2024-04-29 01:56:28,265 *****Generated All Pages****** for Bill_of_Exchange_266_0.png
2024-04-29 01:56:28,265 RAM memory 56.9 used for Bill_of_Exchange_266_0.png Generating All Pages:
2024-04-29 01:56:28,266 Processing time taken for all pages of Bill_of_Exchange_266_0.png1:0:00:00.008899
