2024-04-30 10:47:26,338 checkpoint 1 => setting basis cofiguration for logging purposes
2024-04-30 10:47:26,340 start time: 2024-04-30 10:47:26.339979
2024-04-30 10:47:29,963 Starting new HTTPS connection (1): huggingface.co:443
2024-04-30 10:47:30,301 https://huggingface.co:443 "HEAD /microsoft/layoutlmv2-base-uncased/resolve/main/preprocessor_config.json HTTP/1.1" 200 0
2024-04-30 10:47:30,783 https://huggingface.co:443 "HEAD /microsoft/layoutlmv2-base-uncased/resolve/main/tokenizer_config.json HTTP/1.1" 404 0
2024-04-30 10:47:31,022 https://huggingface.co:443 "HEAD /microsoft/layoutlmv2-base-uncased/resolve/main/vocab.txt HTTP/1.1" 200 0
2024-04-30 10:47:31,072 RAM memory for Model loading used: 72.7
2024-04-30 10:47:31,072 cpu_utilization % for Model Loading:-22.1
2024-04-30 10:47:31,072 memory_consumption in bytes for Loading Model:909623296
2024-04-30 10:47:31,072 Loaded Model successfully
2024-04-30 10:47:31,072 file name is:Bill_of_lading_1029_page_6.png
2024-04-30 10:47:31,073 folder path :Images
2024-04-30 10:47:31,073 Calling Image result
2024-04-30 10:47:31,073 is all_page_result is instance of dict? True
2024-04-30 10:47:31,080 STREAM b'IHDR' 16 13
2024-04-30 10:47:31,080 STREAM b'PLTE' 41 768
2024-04-30 10:47:31,080 STREAM b'IDAT' 821 65536
2024-04-30 10:47:31,096 is words is instance of list? True
2024-04-30 10:47:31,096 is bboxes is instance of list? True
2024-04-30 10:47:31,096 is bounding_boxes is instance of list? True
2024-04-30 10:47:31,160 is input_id_chunks is instance of list? True
2024-04-30 10:47:31,160 is mask_chunks is instance of list? True
2024-04-30 10:47:31,160 is bbox_chunks is instance of list? True
2024-04-30 10:47:31,160 is image_chunks is instance of list? True
2024-04-30 10:47:31,161 is input_dict is instance of dict? True
2024-04-30 10:47:32,907 Model Called
2024-04-30 10:47:32,908 RAM memory 77.8 used for Bill_of_lading_1029_page_6.png:
2024-04-30 10:47:32,908 is all_predictions is instance of list? True
2024-04-30 10:47:32,908 is all_boxes is instance of list? True
2024-04-30 10:47:32,908 is all_confidences is instance of list? True
2024-04-30 10:47:32,908 is all_text is instance of list? True
2024-04-30 10:47:32,909 is label2id is instance of dict? True
2024-04-30 10:47:32,909 is id2label is instance of dict? True
2024-04-30 10:47:32,910 is label2color is instance of dict? True
2024-04-30 10:47:32,910 label2color : {'stamp': '#79EEA0', 'bol_original_or_copy': '#869A95', 'vessel_name': '#A6BF3D', 'shipped_onboard_date': '#331900', 'final_destination': '#CDD8B2', 'measurement': '#0DDC1D', 'country_of_origin': '#F05712', 'bol_original_number': '#27D792', 'net_weight': '#9AADD1', 'signed_by_carrier': '#F1904F', 'gross_weight': '#E83FCD', 'carrier_country': '#C02133', 'port_of_discharge': '#9D3353', 'goods_quantity': '#6174F6', 'notify_party_name': '#48C42C', 'port_of_loading': '#A90FE2', 'shipper_address': '#BBAD72', 'place_of_issue': '#A64B29', 'agent_country': '#C5495A', 'freight_collect_at': '#E32FF7', 'place_of_receipt': '#4AE35A', 'voyage_number': '#0461D8', 'signature': '#BA2ADC', 'consignee_name': '#8340A6', 'consignee_address': '#4A5851', 'bill_of_lading_issue_date': '#50383C', 'mode_of_transport': '#0FEB23', 'shipper_name': '#2060E2', 'signed_By_agent': '#ADD4F4', 'container_number': '#197716', 'transaction_date': '#4E1188', 'notify_party_address': '#8ED107', 'goods_marks_and_nos': '#999E3E', 'goods_description': '#6632F8', 'lc_date': '#D4B84B', 'dimension': '#94C9FF', 'agent_name': '#248749', 'carrier_name': '#1E543A', 'O': '#C8E04D', 'lc_ref_number': '#869D32', 'pre_carriage_by': '#835605', 'page_no': '#F064A2', 'total_original_no': '#D609CA', 'freight_collect_or_prepaid': '#02192E', 'signed_by_master': '#406B11', 'bill_of_lading_number': '#911E98'}
2024-04-30 10:47:32,953 is result_set is instance of dict? True
2024-04-30 10:47:32,955 is final_result_set is instance of dict? True
