2024-04-26 15:55:18,570 checkpoint 1 => setting basis cofiguration for logging purposes
2024-04-26 15:55:18,572 start time: 2024-04-26 15:55:18.572386
2024-04-26 15:55:22,922 Starting new HTTPS connection (1): huggingface.co:443
2024-04-26 15:55:23,361 https://huggingface.co:443 "HEAD /microsoft/layoutlmv2-base-uncased/resolve/main/preprocessor_config.json HTTP/1.1" 200 0
2024-04-26 15:55:23,806 https://huggingface.co:443 "HEAD /microsoft/layoutlmv2-base-uncased/resolve/main/tokenizer_config.json HTTP/1.1" 404 0
2024-04-26 15:55:24,508 https://huggingface.co:443 "HEAD /microsoft/layoutlmv2-base-uncased/resolve/main/vocab.txt HTTP/1.1" 200 0
2024-04-26 15:55:24,580 RAM memory for Model loading used: 70.7
2024-04-26 15:55:24,581 cpu_utilization % for Model Loading:-34.300000000000004
2024-04-26 15:55:24,581 memory_consumption in bytes for Loading Model:907329536
2024-04-26 15:55:24,581 Loaded Model successfully
2024-04-26 15:55:24,581 file name is:Bill_of_lading_526_page_0.png
2024-04-26 15:55:24,581 folder path :Images
2024-04-26 15:55:24,581 Calling Image result
2024-04-26 15:55:24,581 is all_page_result is instance of dict? True
2024-04-26 15:55:24,589 STREAM b'IHDR' 16 13
2024-04-26 15:55:24,590 STREAM b'IDAT' 41 65536
2024-04-26 15:55:24,688 is words is instance of list? True
2024-04-26 15:55:24,689 is bboxes is instance of list? True
2024-04-26 15:55:24,689 is bounding_boxes is instance of list? True
2024-04-26 15:55:25,387 is input_id_chunks is instance of list? True
2024-04-26 15:55:25,387 is mask_chunks is instance of list? True
2024-04-26 15:55:25,387 is bbox_chunks is instance of list? True
2024-04-26 15:55:25,387 is image_chunks is instance of list? True
2024-04-26 15:55:25,389 is input_dict is instance of dict? True
2024-04-26 15:55:28,906 Model Called
2024-04-26 15:55:28,906 RAM memory 82.4 used for Bill_of_lading_526_page_0.png:
2024-04-26 15:55:28,907 is all_predictions is instance of list? True
2024-04-26 15:55:28,907 is all_boxes is instance of list? True
2024-04-26 15:55:28,907 is all_confidences is instance of list? True
2024-04-26 15:55:28,907 is all_text is instance of list? True
2024-04-26 15:55:28,907 is label2id is instance of dict? True
2024-04-26 15:55:28,908 is id2label is instance of dict? True
2024-04-26 15:55:28,909 is label2color is instance of dict? True
2024-04-26 15:55:28,909 label2color : {'stamp': '#70D9B0', 'bol_original_or_copy': '#255758', 'vessel_name': '#07A375', 'shipped_onboard_date': '#EE7835', 'final_destination': '#BB6D32', 'measurement': '#3BA96C', 'country_of_origin': '#25B06F', 'bol_original_number': '#7BEBDA', 'net_weight': '#9AD90B', 'signed_by_carrier': '#537972', 'gross_weight': '#8C24C9', 'carrier_country': '#B6C3DA', 'port_of_discharge': '#B0C376', 'goods_quantity': '#78A240', 'notify_party_name': '#C8B47F', 'port_of_loading': '#373C70', 'shipper_address': '#F37FE5', 'place_of_issue': '#96321C', 'agent_country': '#F0E393', 'freight_collect_at': '#EF5AAA', 'place_of_receipt': '#08BE0C', 'voyage_number': '#1B9EC2', 'signature': '#1EFE76', 'consignee_name': '#58C48D', 'consignee_address': '#1CB76E', 'bill_of_lading_issue_date': '#B7A2D5', 'mode_of_transport': '#052457', 'shipper_name': '#C20859', 'signed_By_agent': '#C33F5F', 'container_number': '#9A971E', 'transaction_date': '#10257B', 'notify_party_address': '#6C671A', 'goods_marks_and_nos': '#10BF27', 'goods_description': '#78127A', 'lc_date': '#96CB99', 'dimension': '#D69DDC', 'agent_name': '#D290DF', 'carrier_name': '#F148ED', 'O': '#E59FAA', 'lc_ref_number': '#ACF4C5', 'pre_carriage_by': '#08F0C6', 'page_no': '#DE1950', 'total_original_no': '#4C18EF', 'freight_collect_or_prepaid': '#A884D4', 'signed_by_master': '#FCA5D3', 'bill_of_lading_number': '#948322'}
2024-04-26 15:55:29,217 is result_set is instance of dict? True
2024-04-26 15:55:29,219 is final_result_set is instance of dict? True
2024-04-26 15:55:29,397 Time taken for page 1 of Bill_of_lading_526_page_0.png:0:00:04.806921
2024-04-26 15:55:29,621 *****Generated All Pages****** for Bill_of_lading_526_page_0.png
2024-04-26 15:55:29,622 RAM memory 83.0 used for Bill_of_lading_526_page_0.png Generating All Pages:
2024-04-26 15:55:29,622 Processing time taken for all pages of Bill_of_lading_526_page_0.png1:0:00:05.040546
