2024-04-29 12:20:58,987 checkpoint 1 => setting basis cofiguration for logging purposes
2024-04-29 12:20:58,988 start time: 2024-04-29 12:20:58.988437
2024-04-29 12:21:01,706 Starting new HTTPS connection (1): huggingface.co:443
2024-04-29 12:21:02,109 https://huggingface.co:443 "HEAD /microsoft/layoutlmv2-base-uncased/resolve/main/preprocessor_config.json HTTP/1.1" 200 0
2024-04-29 12:21:02,635 https://huggingface.co:443 "HEAD /microsoft/layoutlmv2-base-uncased/resolve/main/tokenizer_config.json HTTP/1.1" 404 0
2024-04-29 12:21:02,946 https://huggingface.co:443 "HEAD /microsoft/layoutlmv2-base-uncased/resolve/main/vocab.txt HTTP/1.1" 200 0
2024-04-29 12:21:02,973 RAM memory for Model loading used: 59.3
2024-04-29 12:21:02,973 cpu_utilization % for Model Loading:25.2
2024-04-29 12:21:02,973 memory_consumption in bytes for Loading Model:911994880
2024-04-29 12:21:02,973 Loaded Model successfully
2024-04-29 12:21:02,973 file name is:Bill_of_Exchange_200_2.png
2024-04-29 12:21:02,974 folder path :Images
2024-04-29 12:21:02,974 Calling Image result
2024-04-29 12:21:02,974 is all_page_result is instance of dict? True
2024-04-29 12:21:02,977 STREAM b'IHDR' 16 13
2024-04-29 12:21:02,977 STREAM b'pHYs' 41 9
2024-04-29 12:21:02,977 STREAM b'IDAT' 62 81268
2024-04-29 12:21:02,992 is words is instance of list? True
2024-04-29 12:21:02,992 is bboxes is instance of list? True
2024-04-29 12:21:02,992 is bounding_boxes is instance of list? True
2024-04-29 12:21:03,019 is input_id_chunks is instance of list? True
2024-04-29 12:21:03,019 is mask_chunks is instance of list? True
2024-04-29 12:21:03,019 is bbox_chunks is instance of list? True
2024-04-29 12:21:03,019 is image_chunks is instance of list? True
2024-04-29 12:21:03,019 is input_dict is instance of dict? True
2024-04-29 12:21:04,259 Model Called
2024-04-29 12:21:04,259 RAM memory 65.6 used for Bill_of_Exchange_200_2.png:
2024-04-29 12:21:04,259 is all_predictions is instance of list? True
2024-04-29 12:21:04,260 is all_boxes is instance of list? True
2024-04-29 12:21:04,260 is all_confidences is instance of list? True
2024-04-29 12:21:04,260 is all_text is instance of list? True
2024-04-29 12:21:04,260 is label2id is instance of dict? True
2024-04-29 12:21:04,260 is id2label is instance of dict? True
2024-04-29 12:21:04,260 is label2color is instance of dict? True
2024-04-29 12:21:04,261 label2color : {'tenor_type': '#DF6107', 'invoice_due_date': '#DEFC82', 'diclaration_by': '#045ABD', 'invoice_amount': '#8D61F6', 'original_or_copy': '#28014C', 'boe_currency': '#0FE0B6', 'lc_ref_no': '#C0120E', 'boe_amount': '#BE1747', 'indicator_date': '#19E31A', 'tenore_details': '#415BD7', 'lc_date': '#A1BB7D', 'issuing_bank': '#39462C', 'drawer_name': '#9DB4CB', 'stamp': '#1A1457', 'drawer_bank_address': '#458792', 'drawer_address': '#25532A', 'drawee_name': '#C7E70F', 'country_of_origin': '#853C27', 'tenor_indicator': '#473543', 'bill_exchange_no': '#0D5F76', 'drawee_bank_address': '#CA014E', 'issuing_bank_address': '#4044D1', 'bill_exchange_date': '#7191C6', 'goods_discription': '#597A28', 'drawer_bank_name': '#C42F88', 'indicator_type': '#289D8C', 'drawee_bank_name': '#FF6282', 'usance_tenor': '#84CB14', 'signature': '#766FC4', 'invoice_no': '#2B195B', 'original_number': '#AD2260', 'drawee_address': '#29B537', 'invoice_date': '#A9F0A7', 'issue_place': '#191BD2', 'invoice_currency': '#235E83', 'O': '#F2C599', 'amount_in_words': '#E69272'}
2024-04-29 12:21:04,275 is result_set is instance of dict? True
2024-04-29 12:21:04,276 is final_result_set is instance of dict? True
