2024-04-25 18:27:53,001 checkpoint 1 => setting basis cofiguration for logging purposes
2024-04-25 18:27:53,002 start time: 2024-04-25 18:27:53.002941
2024-04-25 18:27:56,261 Starting new HTTPS connection (1): huggingface.co:443
2024-04-25 18:27:56,638 https://huggingface.co:443 "HEAD /microsoft/layoutlmv2-base-uncased/resolve/main/preprocessor_config.json HTTP/1.1" 200 0
2024-04-25 18:27:57,576 https://huggingface.co:443 "HEAD /microsoft/layoutlmv2-base-uncased/resolve/main/tokenizer_config.json HTTP/1.1" 404 0
2024-04-25 18:27:57,994 https://huggingface.co:443 "HEAD /microsoft/layoutlmv2-base-uncased/resolve/main/vocab.txt HTTP/1.1" 200 0
2024-04-25 18:27:58,047 RAM memory for Model loading used: 67.7
2024-04-25 18:27:58,048 cpu_utilization % for Model Loading:18.0
2024-04-25 18:27:58,048 memory_consumption in bytes for Loading Model:908337152
2024-04-25 18:27:58,048 Loaded Model successfully
2024-04-25 18:27:58,048 file name is:Bill_of_lading_512_page_0.png
2024-04-25 18:27:58,048 folder path :Images
2024-04-25 18:27:58,048 Calling Image result
2024-04-25 18:27:58,049 is all_page_result is instance of dict? True
2024-04-25 18:27:58,056 STREAM b'IHDR' 16 13
2024-04-25 18:27:58,057 STREAM b'IDAT' 41 57112
2024-04-25 18:27:58,103 is words is instance of list? True
2024-04-25 18:27:58,103 is bboxes is instance of list? True
2024-04-25 18:27:58,103 is bounding_boxes is instance of list? True
2024-04-25 18:27:58,597 is input_id_chunks is instance of list? True
2024-04-25 18:27:58,597 is mask_chunks is instance of list? True
2024-04-25 18:27:58,597 is bbox_chunks is instance of list? True
2024-04-25 18:27:58,597 is image_chunks is instance of list? True
2024-04-25 18:27:58,598 is input_dict is instance of dict? True
2024-04-25 18:28:01,298 Model Called
2024-04-25 18:28:01,298 RAM memory 79.7 used for Bill_of_lading_512_page_0.png:
2024-04-25 18:28:01,298 is all_predictions is instance of list? True
2024-04-25 18:28:01,299 is all_boxes is instance of list? True
2024-04-25 18:28:01,299 is all_confidences is instance of list? True
2024-04-25 18:28:01,299 is all_text is instance of list? True
2024-04-25 18:28:01,299 is label2id is instance of dict? True
2024-04-25 18:28:01,299 is id2label is instance of dict? True
2024-04-25 18:28:01,300 is label2color is instance of dict? True
2024-04-25 18:28:01,300 label2color : {'stamp': '#6BA5A2', 'bol_original_or_copy': '#EB2113', 'vessel_name': '#78D581', 'shipped_onboard_date': '#CD5D30', 'final_destination': '#FE76C3', 'measurement': '#8914A0', 'country_of_origin': '#F1CF30', 'bol_original_number': '#48799E', 'net_weight': '#B28FC1', 'signed_by_carrier': '#8484B2', 'gross_weight': '#A7FBF7', 'carrier_country': '#609ACF', 'port_of_discharge': '#627E57', 'goods_quantity': '#E26C0C', 'notify_party_name': '#EA0459', 'port_of_loading': '#C0021E', 'shipper_address': '#0733EA', 'place_of_issue': '#6BC6EA', 'agent_country': '#09BDD0', 'freight_collect_at': '#680ADF', 'place_of_receipt': '#DD6B50', 'voyage_number': '#271A71', 'signature': '#6732EC', 'consignee_name': '#760B84', 'consignee_address': '#2D9008', 'bill_of_lading_issue_date': '#40419C', 'mode_of_transport': '#B6DED5', 'shipper_name': '#71C3A0', 'signed_By_agent': '#336631', 'container_number': '#FE4CA5', 'transaction_date': '#B689DE', 'notify_party_address': '#5A8F96', 'goods_marks_and_nos': '#53B1E5', 'goods_description': '#D3B2EC', 'lc_date': '#175F0F', 'dimension': '#7C5C96', 'agent_name': '#F293F6', 'carrier_name': '#6078EA', 'O': '#3D8BF1', 'lc_ref_number': '#DEDB27', 'pre_carriage_by': '#BF8E07', 'page_no': '#141BB6', 'total_original_no': '#9461FA', 'freight_collect_or_prepaid': '#559A5A', 'signed_by_master': '#660BA2', 'bill_of_lading_number': '#5726F9'}
2024-04-25 18:28:01,538 is result_set is instance of dict? True
2024-04-25 18:28:01,540 is final_result_set is instance of dict? True
2024-04-25 18:28:01,667 Time taken for page 1 of Bill_of_lading_512_page_0.png:0:00:03.610495
2024-04-25 18:28:01,836 *****Generated All Pages****** for Bill_of_lading_512_page_0.png
2024-04-25 18:28:01,837 RAM memory 79.8 used for Bill_of_lading_512_page_0.png Generating All Pages:
2024-04-25 18:28:01,837 Processing time taken for all pages of Bill_of_lading_512_page_0.png1:0:00:03.788105
2024-04-25 18:28:02,068 file name is:Bill_of_lading_1505_page_4.png
2024-04-25 18:28:02,069 folder path :Images
2024-04-25 18:28:02,069 Calling Image result
2024-04-25 18:28:02,069 is all_page_result is instance of dict? True
2024-04-25 18:28:02,069 STREAM b'IHDR' 16 13
2024-04-25 18:28:02,070 STREAM b'PLTE' 41 6
2024-04-25 18:28:02,070 STREAM b'IDAT' 59 65536
2024-04-25 18:28:02,131 is words is instance of list? True
2024-04-25 18:28:02,133 is bboxes is instance of list? True
2024-04-25 18:28:02,134 is bounding_boxes is instance of list? True
2024-04-25 18:28:02,407 is input_id_chunks is instance of list? True
2024-04-25 18:28:02,407 is mask_chunks is instance of list? True
2024-04-25 18:28:02,407 is bbox_chunks is instance of list? True
2024-04-25 18:28:02,407 is image_chunks is instance of list? True
2024-04-25 18:28:02,408 is input_dict is instance of dict? True
2024-04-25 18:28:05,578 Model Called
2024-04-25 18:28:05,579 RAM memory 80.8 used for Bill_of_lading_1505_page_4.png:
2024-04-25 18:28:05,579 is all_predictions is instance of list? True
2024-04-25 18:28:05,579 is all_boxes is instance of list? True
2024-04-25 18:28:05,579 is all_confidences is instance of list? True
2024-04-25 18:28:05,579 is all_text is instance of list? True
2024-04-25 18:28:05,580 is label2id is instance of dict? True
2024-04-25 18:28:05,580 is id2label is instance of dict? True
2024-04-25 18:28:05,581 is label2color is instance of dict? True
2024-04-25 18:28:05,581 label2color : {'stamp': '#7E57E9', 'bol_original_or_copy': '#357529', 'vessel_name': '#A8BA1E', 'shipped_onboard_date': '#82AF48', 'final_destination': '#048B79', 'measurement': '#532D1E', 'country_of_origin': '#40EDA9', 'bol_original_number': '#499F6F', 'net_weight': '#2F1DD0', 'signed_by_carrier': '#7EE99A', 'gross_weight': '#26BA77', 'carrier_country': '#7050E0', 'port_of_discharge': '#85B53B', 'goods_quantity': '#884D9A', 'notify_party_name': '#A6DA76', 'port_of_loading': '#DBB00B', 'shipper_address': '#AB5A25', 'place_of_issue': '#A4AD3F', 'agent_country': '#80AE1F', 'freight_collect_at': '#D6C23A', 'place_of_receipt': '#285961', 'voyage_number': '#62DBA3', 'signature': '#B29987', 'consignee_name': '#57B5A1', 'consignee_address': '#64A7E1', 'bill_of_lading_issue_date': '#C239FE', 'mode_of_transport': '#638B68', 'shipper_name': '#8C4DD0', 'signed_By_agent': '#2BDAD4', 'container_number': '#F5378B', 'transaction_date': '#FC8591', 'notify_party_address': '#358D12', 'goods_marks_and_nos': '#627EE4', 'goods_description': '#3D75AE', 'lc_date': '#662F26', 'dimension': '#4161F3', 'agent_name': '#A72D2D', 'carrier_name': '#5A87F9', 'O': '#FC6A7E', 'lc_ref_number': '#F5BB52', 'pre_carriage_by': '#E8BB3D', 'page_no': '#2F6A1F', 'total_original_no': '#093166', 'freight_collect_or_prepaid': '#04E42E', 'signed_by_master': '#8F95BB', 'bill_of_lading_number': '#E2668E'}
2024-04-25 18:28:05,847 is result_set is instance of dict? True
2024-04-25 18:28:05,849 is final_result_set is instance of dict? True
2024-04-25 18:28:05,957 Time taken for page 1 of Bill_of_lading_1505_page_4.png:0:00:03.887451
2024-04-25 18:28:06,146 *****Generated All Pages****** for Bill_of_lading_1505_page_4.png
2024-04-25 18:28:06,146 RAM memory 81.0 used for Bill_of_lading_1505_page_4.png Generating All Pages:
2024-04-25 18:28:06,146 Processing time taken for all pages of Bill_of_lading_1505_page_4.png1:0:00:04.077512
2024-04-25 18:28:06,307 file name is:Bill_of_lading_1077_page_0.png
2024-04-25 18:28:06,308 folder path :Images
2024-04-25 18:28:06,308 Calling Image result
2024-04-25 18:28:06,308 is all_page_result is instance of dict? True
2024-04-25 18:28:06,309 STREAM b'IHDR' 16 13
2024-04-25 18:28:06,309 STREAM b'IDAT' 41 59829
2024-04-25 18:28:06,341 is words is instance of list? True
2024-04-25 18:28:06,341 is bboxes is instance of list? True
2024-04-25 18:28:06,341 is bounding_boxes is instance of list? True
2024-04-25 18:28:06,554 is input_id_chunks is instance of list? True
2024-04-25 18:28:06,554 is mask_chunks is instance of list? True
2024-04-25 18:28:06,554 is bbox_chunks is instance of list? True
2024-04-25 18:28:06,554 is image_chunks is instance of list? True
2024-04-25 18:28:06,555 is input_dict is instance of dict? True
2024-04-25 18:28:10,663 Model Called
2024-04-25 18:28:10,664 RAM memory 86.7 used for Bill_of_lading_1077_page_0.png:
2024-04-25 18:28:10,664 is all_predictions is instance of list? True
2024-04-25 18:28:10,664 is all_boxes is instance of list? True
2024-04-25 18:28:10,664 is all_confidences is instance of list? True
2024-04-25 18:28:10,664 is all_text is instance of list? True
2024-04-25 18:28:10,664 is label2id is instance of dict? True
2024-04-25 18:28:10,664 is id2label is instance of dict? True
2024-04-25 18:28:10,665 is label2color is instance of dict? True
2024-04-25 18:28:10,665 label2color : {'stamp': '#BA1A4F', 'bol_original_or_copy': '#B11CE3', 'vessel_name': '#FD4ABD', 'shipped_onboard_date': '#250BBB', 'final_destination': '#09C82D', 'measurement': '#EEDCAF', 'country_of_origin': '#C851E1', 'bol_original_number': '#66353E', 'net_weight': '#EFED77', 'signed_by_carrier': '#E0ECAA', 'gross_weight': '#4C402B', 'carrier_country': '#8AFFDB', 'port_of_discharge': '#1CBF90', 'goods_quantity': '#A06C1C', 'notify_party_name': '#800203', 'port_of_loading': '#7025FD', 'shipper_address': '#31D4FF', 'place_of_issue': '#64B367', 'agent_country': '#90F93C', 'freight_collect_at': '#C7B18F', 'place_of_receipt': '#82B6D9', 'voyage_number': '#7001D7', 'signature': '#00EC2D', 'consignee_name': '#0B1B9B', 'consignee_address': '#A80873', 'bill_of_lading_issue_date': '#363E29', 'mode_of_transport': '#01B149', 'shipper_name': '#D3727A', 'signed_By_agent': '#A57D27', 'container_number': '#CC788B', 'transaction_date': '#CF359C', 'notify_party_address': '#3C7245', 'goods_marks_and_nos': '#59AE6B', 'goods_description': '#52D365', 'lc_date': '#323BB1', 'dimension': '#77E992', 'agent_name': '#EDC650', 'carrier_name': '#32A9D7', 'O': '#F153C5', 'lc_ref_number': '#454045', 'pre_carriage_by': '#D53923', 'page_no': '#91CF1F', 'total_original_no': '#B443A2', 'freight_collect_or_prepaid': '#957691', 'signed_by_master': '#C2F84D', 'bill_of_lading_number': '#DE34F5'}
2024-04-25 18:28:11,049 is result_set is instance of dict? True
2024-04-25 18:28:11,052 is final_result_set is instance of dict? True
2024-04-25 18:28:11,230 Time taken for page 1 of Bill_of_lading_1077_page_0.png:0:00:04.920668
2024-04-25 18:28:11,422 *****Generated All Pages****** for Bill_of_lading_1077_page_0.png
2024-04-25 18:28:11,422 RAM memory 86.9 used for Bill_of_lading_1077_page_0.png Generating All Pages:
2024-04-25 18:28:11,422 Processing time taken for all pages of Bill_of_lading_1077_page_0.png1:0:00:05.114098
