2024-04-26 00:44:02,857 checkpoint 1 => setting basis cofiguration for logging purposes
2024-04-26 00:44:02,859 start time: 2024-04-26 00:44:02.859206
2024-04-26 00:44:06,112 Starting new HTTPS connection (1): huggingface.co:443
2024-04-26 00:44:06,909 https://huggingface.co:443 "HEAD /microsoft/layoutlmv2-base-uncased/resolve/main/preprocessor_config.json HTTP/1.1" 200 0
2024-04-26 00:44:07,830 https://huggingface.co:443 "HEAD /microsoft/layoutlmv2-base-uncased/resolve/main/tokenizer_config.json HTTP/1.1" 404 0
2024-04-26 00:44:08,140 https://huggingface.co:443 "HEAD /microsoft/layoutlmv2-base-uncased/resolve/main/vocab.txt HTTP/1.1" 200 0
2024-04-26 00:44:08,175 RAM memory for Model loading used: 49.7
2024-04-26 00:44:08,175 cpu_utilization % for Model Loading:25.6
2024-04-26 00:44:08,175 memory_consumption in bytes for Loading Model:910102528
2024-04-26 00:44:08,175 Loaded Model successfully
2024-04-26 00:44:08,176 file name is:Bill_of_lading_512_page_0.png
2024-04-26 00:44:08,176 folder path :Images
2024-04-26 00:44:08,176 Calling Image result
2024-04-26 00:44:08,176 is all_page_result is instance of dict? True
2024-04-26 00:44:08,183 STREAM b'IHDR' 16 13
2024-04-26 00:44:08,184 STREAM b'IDAT' 41 57112
2024-04-26 00:44:08,229 is words is instance of list? True
2024-04-26 00:44:08,229 is bboxes is instance of list? True
2024-04-26 00:44:08,229 is bounding_boxes is instance of list? True
2024-04-26 00:44:08,579 is input_id_chunks is instance of list? True
2024-04-26 00:44:08,579 is mask_chunks is instance of list? True
2024-04-26 00:44:08,579 is bbox_chunks is instance of list? True
2024-04-26 00:44:08,579 is image_chunks is instance of list? True
2024-04-26 00:44:08,580 is input_dict is instance of dict? True
2024-04-26 00:44:11,511 Model Called
2024-04-26 00:44:11,511 RAM memory 61.4 used for Bill_of_lading_512_page_0.png:
2024-04-26 00:44:11,511 is all_predictions is instance of list? True
2024-04-26 00:44:11,511 is all_boxes is instance of list? True
2024-04-26 00:44:11,512 is all_confidences is instance of list? True
2024-04-26 00:44:11,512 is all_text is instance of list? True
2024-04-26 00:44:11,512 is label2id is instance of dict? True
2024-04-26 00:44:11,512 is id2label is instance of dict? True
2024-04-26 00:44:11,513 is label2color is instance of dict? True
2024-04-26 00:44:11,513 label2color : {'stamp': '#AEAC92', 'bol_original_or_copy': '#FCB955', 'vessel_name': '#B58CCC', 'shipped_onboard_date': '#1BA182', 'final_destination': '#1931DE', 'measurement': '#8D6F11', 'country_of_origin': '#31B22C', 'bol_original_number': '#0F515C', 'net_weight': '#F33DDB', 'signed_by_carrier': '#1FE44F', 'gross_weight': '#E56FF8', 'carrier_country': '#CDAC08', 'port_of_discharge': '#9D3A74', 'goods_quantity': '#3EC44D', 'notify_party_name': '#BA8985', 'port_of_loading': '#562628', 'shipper_address': '#EC0008', 'place_of_issue': '#8973EB', 'agent_country': '#AECC4A', 'freight_collect_at': '#5F9BBB', 'place_of_receipt': '#B480F5', 'voyage_number': '#A71B40', 'signature': '#906C63', 'consignee_name': '#483E95', 'consignee_address': '#C4A96A', 'bill_of_lading_issue_date': '#371936', 'mode_of_transport': '#17E1F8', 'shipper_name': '#1B8C89', 'signed_By_agent': '#5574B1', 'container_number': '#177549', 'transaction_date': '#91F04E', 'notify_party_address': '#7C54D5', 'goods_marks_and_nos': '#32EC90', 'goods_description': '#C8993E', 'lc_date': '#96B792', 'dimension': '#94EB27', 'agent_name': '#4F2B6B', 'carrier_name': '#3307BF', 'O': '#5E465D', 'lc_ref_number': '#438B79', 'pre_carriage_by': '#680508', 'page_no': '#1DB9AD', 'total_original_no': '#3F28EE', 'freight_collect_or_prepaid': '#CC11B2', 'signed_by_master': '#D34080', 'bill_of_lading_number': '#22483E'}
2024-04-26 00:44:11,740 is result_set is instance of dict? True
2024-04-26 00:44:11,742 is final_result_set is instance of dict? True
