2024-04-27 05:26:45,832 checkpoint 1 => setting basis cofiguration for logging purposes
2024-04-27 05:26:45,833 start time: 2024-04-27 05:26:45.833854
2024-04-27 05:26:48,300 Starting new HTTPS connection (1): huggingface.co:443
2024-04-27 05:26:49,085 https://huggingface.co:443 "HEAD /microsoft/layoutlmv2-base-uncased/resolve/main/preprocessor_config.json HTTP/1.1" 200 0
2024-04-27 05:26:49,901 https://huggingface.co:443 "HEAD /microsoft/layoutlmv2-base-uncased/resolve/main/tokenizer_config.json HTTP/1.1" 404 0
2024-04-27 05:26:50,624 https://huggingface.co:443 "HEAD /microsoft/layoutlmv2-base-uncased/resolve/main/vocab.txt HTTP/1.1" 200 0
2024-04-27 05:26:50,662 RAM memory for Model loading used: 72.0
2024-04-27 05:26:50,662 cpu_utilization % for Model Loading:10.7
2024-04-27 05:26:50,662 memory_consumption in bytes for Loading Model:911278080
2024-04-27 05:26:50,662 Loaded Model successfully
2024-04-27 05:26:50,662 file name is:Bill_of_Exchange_157_0.png
2024-04-27 05:26:50,662 folder path :Images
2024-04-27 05:26:50,662 Calling Image result
2024-04-27 05:26:50,662 is all_page_result is instance of dict? True
2024-04-27 05:26:50,665 STREAM b'IHDR' 16 13
2024-04-27 05:26:50,665 STREAM b'pHYs' 41 9
2024-04-27 05:26:50,665 STREAM b'IDAT' 62 126930
2024-04-27 05:26:50,675 is words is instance of list? True
2024-04-27 05:26:50,675 is bboxes is instance of list? True
2024-04-27 05:26:50,675 is bounding_boxes is instance of list? True
2024-04-27 05:26:50,717 is input_id_chunks is instance of list? True
2024-04-27 05:26:50,717 is mask_chunks is instance of list? True
2024-04-27 05:26:50,717 is bbox_chunks is instance of list? True
2024-04-27 05:26:50,717 is image_chunks is instance of list? True
2024-04-27 05:26:50,718 is input_dict is instance of dict? True
2024-04-27 05:26:51,627 Model Called
2024-04-27 05:26:51,627 RAM memory 78.0 used for Bill_of_Exchange_157_0.png:
2024-04-27 05:26:51,627 is all_predictions is instance of list? True
2024-04-27 05:26:51,627 is all_boxes is instance of list? True
2024-04-27 05:26:51,627 is all_confidences is instance of list? True
2024-04-27 05:26:51,627 is all_text is instance of list? True
2024-04-27 05:26:51,627 is label2id is instance of dict? True
2024-04-27 05:26:51,627 is id2label is instance of dict? True
2024-04-27 05:26:51,628 is label2color is instance of dict? True
2024-04-27 05:26:51,628 label2color : {'tenor_type': '#C20783', 'invoice_due_date': '#D02380', 'diclaration_by': '#0297AF', 'invoice_amount': '#8199DF', 'original_or_copy': '#254B0E', 'boe_currency': '#A4D301', 'lc_ref_no': '#367392', 'boe_amount': '#9DE6FE', 'indicator_date': '#3369FD', 'tenore_details': '#35324D', 'lc_date': '#D4EBF0', 'issuing_bank': '#BE02EF', 'drawer_name': '#776776', 'stamp': '#E63834', 'drawer_bank_address': '#72F439', 'drawer_address': '#454478', 'drawee_name': '#69234E', 'country_of_origin': '#C24A7D', 'tenor_indicator': '#451E3B', 'bill_exchange_no': '#B0292E', 'drawee_bank_address': '#E62925', 'issuing_bank_address': '#898DAB', 'bill_exchange_date': '#243362', 'goods_discription': '#2BFDEB', 'drawer_bank_name': '#FFF4A9', 'indicator_type': '#10F65D', 'drawee_bank_name': '#C9CB09', 'usance_tenor': '#59497E', 'signature': '#760528', 'invoice_no': '#C07A51', 'original_number': '#8A7322', 'drawee_address': '#8DBFD5', 'invoice_date': '#F16995', 'issue_place': '#B32DEA', 'invoice_currency': '#1D5795', 'O': '#028437', 'amount_in_words': '#43E55B'}
2024-04-27 05:26:51,649 is result_set is instance of dict? True
2024-04-27 05:26:51,650 is final_result_set is instance of dict? True
