2024-04-29 23:34:10,958 checkpoint 1 => setting basis cofiguration for logging purposes
2024-04-29 23:34:10,960 start time: 2024-04-29 23:34:10.960586
2024-04-29 23:34:14,766 Starting new HTTPS connection (1): huggingface.co:443
2024-04-29 23:34:15,124 https://huggingface.co:443 "HEAD /microsoft/layoutlmv2-base-uncased/resolve/main/preprocessor_config.json HTTP/1.1" 200 0
2024-04-29 23:34:15,624 https://huggingface.co:443 "HEAD /microsoft/layoutlmv2-base-uncased/resolve/main/tokenizer_config.json HTTP/1.1" 404 0
2024-04-29 23:34:15,932 https://huggingface.co:443 "HEAD /microsoft/layoutlmv2-base-uncased/resolve/main/vocab.txt HTTP/1.1" 200 0
2024-04-29 23:34:15,990 RAM memory for Model loading used: 48.5
2024-04-29 23:34:15,990 cpu_utilization % for Model Loading:-9.799999999999997
2024-04-29 23:34:15,990 memory_consumption in bytes for Loading Model:910581760
2024-04-29 23:34:15,990 Loaded Model successfully
2024-04-29 23:34:15,990 file name is:Bill_of_lading_1029_page_6.png
2024-04-29 23:34:15,990 folder path :Images
2024-04-29 23:34:15,991 Calling Image result
2024-04-29 23:34:15,991 is all_page_result is instance of dict? True
2024-04-29 23:34:15,997 STREAM b'IHDR' 16 13
2024-04-29 23:34:15,997 STREAM b'PLTE' 41 768
2024-04-29 23:34:15,997 STREAM b'IDAT' 821 65536
2024-04-29 23:34:16,014 is words is instance of list? True
2024-04-29 23:34:16,014 is bboxes is instance of list? True
2024-04-29 23:34:16,014 is bounding_boxes is instance of list? True
2024-04-29 23:34:16,107 is input_id_chunks is instance of list? True
2024-04-29 23:34:16,108 is mask_chunks is instance of list? True
2024-04-29 23:34:16,108 is bbox_chunks is instance of list? True
2024-04-29 23:34:16,108 is image_chunks is instance of list? True
2024-04-29 23:34:16,108 is input_dict is instance of dict? True
2024-04-29 23:34:17,532 Model Called
2024-04-29 23:34:17,533 RAM memory 54.6 used for Bill_of_lading_1029_page_6.png:
2024-04-29 23:34:17,533 is all_predictions is instance of list? True
2024-04-29 23:34:17,533 is all_boxes is instance of list? True
2024-04-29 23:34:17,533 is all_confidences is instance of list? True
2024-04-29 23:34:17,534 is all_text is instance of list? True
2024-04-29 23:34:17,534 is label2id is instance of dict? True
2024-04-29 23:34:17,535 is id2label is instance of dict? True
2024-04-29 23:34:17,536 is label2color is instance of dict? True
2024-04-29 23:34:17,536 label2color : {'stamp': '#9ADE15', 'bol_original_or_copy': '#76B941', 'vessel_name': '#511FBF', 'shipped_onboard_date': '#4402FC', 'final_destination': '#CA85ED', 'measurement': '#BA6740', 'country_of_origin': '#5B07FA', 'bol_original_number': '#1DB6FC', 'net_weight': '#49541C', 'signed_by_carrier': '#A6D286', 'gross_weight': '#C93E73', 'carrier_country': '#3A97DE', 'port_of_discharge': '#9A0070', 'goods_quantity': '#F8C5C9', 'notify_party_name': '#C621A6', 'port_of_loading': '#1D4364', 'shipper_address': '#3BA058', 'place_of_issue': '#03D43B', 'agent_country': '#04D85C', 'freight_collect_at': '#EA8970', 'place_of_receipt': '#578A21', 'voyage_number': '#FDA65F', 'signature': '#9016EB', 'consignee_name': '#AD9C2E', 'consignee_address': '#0A3918', 'bill_of_lading_issue_date': '#CFBB59', 'mode_of_transport': '#CCE4A5', 'shipper_name': '#89E65F', 'signed_By_agent': '#CAEB0B', 'container_number': '#9789DD', 'transaction_date': '#DE160D', 'notify_party_address': '#91C094', 'goods_marks_and_nos': '#BF8DA0', 'goods_description': '#F3625E', 'lc_date': '#7A045C', 'dimension': '#7FBFBD', 'agent_name': '#2A9F9C', 'carrier_name': '#B0B797', 'O': '#F6FD67', 'lc_ref_number': '#24AAC3', 'pre_carriage_by': '#89663C', 'page_no': '#F9F361', 'total_original_no': '#F07A45', 'freight_collect_or_prepaid': '#87FDA5', 'signed_by_master': '#F9D062', 'bill_of_lading_number': '#04B31D'}
2024-04-29 23:34:17,584 is result_set is instance of dict? True
2024-04-29 23:34:17,586 is final_result_set is instance of dict? True
