2024-04-25 17:20:36,898 checkpoint 1 => setting basis cofiguration for logging purposes
2024-04-25 17:20:36,899 start time: 2024-04-25 17:20:36.899724
2024-04-25 17:20:40,055 Starting new HTTPS connection (1): huggingface.co:443
2024-04-25 17:20:40,773 https://huggingface.co:443 "HEAD /microsoft/layoutlmv2-base-uncased/resolve/main/preprocessor_config.json HTTP/1.1" 200 0
2024-04-25 17:20:41,563 https://huggingface.co:443 "HEAD /microsoft/layoutlmv2-base-uncased/resolve/main/tokenizer_config.json HTTP/1.1" 404 0
2024-04-25 17:20:41,880 https://huggingface.co:443 "HEAD /microsoft/layoutlmv2-base-uncased/resolve/main/vocab.txt HTTP/1.1" 200 0
2024-04-25 17:20:41,908 RAM memory for Model loading used: 61.7
2024-04-25 17:20:41,908 cpu_utilization % for Model Loading:-41.1
2024-04-25 17:20:41,908 memory_consumption in bytes for Loading Model:909828096
2024-04-25 17:20:41,908 Loaded Model successfully
2024-04-25 17:20:41,909 file name is:Covering_Schedule_586_page_2.png
2024-04-25 17:20:41,909 folder path :Images
2024-04-25 17:20:41,909 Calling Image result
2024-04-25 17:20:41,909 is all_page_result is instance of dict? True
2024-04-25 17:20:41,913 STREAM b'IHDR' 16 13
2024-04-25 17:20:41,913 STREAM b'IDAT' 41 28553
2024-04-25 17:20:41,944 *****Generated All Pages****** for Covering_Schedule_586_page_2.png
2024-04-25 17:20:41,944 RAM memory 61.9 used for Covering_Schedule_586_page_2.png Generating All Pages:
2024-04-25 17:20:41,944 Processing time taken for all pages of Covering_Schedule_586_page_2.png1:0:00:00.035524
2024-04-25 17:20:42,076 file name is:Covering_Schedule_35_page_1.png
2024-04-25 17:20:42,076 folder path :Images
2024-04-25 17:20:42,076 Calling Image result
2024-04-25 17:20:42,076 is all_page_result is instance of dict? True
2024-04-25 17:20:42,076 STREAM b'IHDR' 16 13
2024-04-25 17:20:42,076 STREAM b'IDAT' 41 47154
2024-04-25 17:20:42,107 is words is instance of list? True
2024-04-25 17:20:42,107 is bboxes is instance of list? True
2024-04-25 17:20:42,107 is bounding_boxes is instance of list? True
2024-04-25 17:20:42,567 is input_id_chunks is instance of list? True
2024-04-25 17:20:42,567 is mask_chunks is instance of list? True
2024-04-25 17:20:42,568 is bbox_chunks is instance of list? True
2024-04-25 17:20:42,568 is image_chunks is instance of list? True
2024-04-25 17:20:42,570 is input_dict is instance of dict? True
2024-04-25 17:20:43,981 Model Called
2024-04-25 17:20:43,981 RAM memory 67.9 used for Covering_Schedule_35_page_1.png:
2024-04-25 17:20:43,981 is all_predictions is instance of list? True
2024-04-25 17:20:43,981 is all_boxes is instance of list? True
2024-04-25 17:20:43,981 is all_confidences is instance of list? True
2024-04-25 17:20:43,981 is all_text is instance of list? True
2024-04-25 17:20:43,982 is label2id is instance of dict? True
2024-04-25 17:20:43,982 is id2label is instance of dict? True
2024-04-25 17:20:43,982 is label2color is instance of dict? True
2024-04-25 17:20:43,982 label2color : {'tenor_type': '#CAF6CC', 'invoice_due_date': '#D0FD17', 'diclaration_by': '#4F8204', 'invoice_amount': '#C6181C', 'original_or_copy': '#6A36F2', 'boe_currency': '#FB4275', 'lc_ref_no': '#BAAD5D', 'boe_amount': '#9AF2B2', 'indicator_date': '#9D2139', 'tenore_details': '#BACF52', 'lc_date': '#BEF440', 'issuing_bank': '#F08B8F', 'drawer_name': '#8F9732', 'stamp': '#B3495F', 'drawer_bank_address': '#1BA79C', 'drawer_address': '#E95C29', 'drawee_name': '#C50398', 'country_of_origin': '#0CF495', 'tenor_indicator': '#5B742B', 'bill_exchange_no': '#1111C4', 'drawee_bank_address': '#9D44C7', 'issuing_bank_address': '#4BD391', 'bill_exchange_date': '#95C100', 'goods_discription': '#DC475D', 'drawer_bank_name': '#1C72D7', 'indicator_type': '#771158', 'drawee_bank_name': '#B87F40', 'usance_tenor': '#72F95A', 'signature': '#D7708E', 'invoice_no': '#D321A8', 'original_number': '#1FDE1D', 'drawee_address': '#2C520F', 'invoice_date': '#89A3BA', 'issue_place': '#73E4DD', 'invoice_currency': '#460B25', 'O': '#3A6C4C', 'amount_in_words': '#67B5A9'}
2024-04-25 17:20:44,145 is result_set is instance of dict? True
2024-04-25 17:20:44,146 is final_result_set is instance of dict? True
2024-04-25 17:20:44,254 Time taken for page 1 of Covering_Schedule_35_page_1.png:0:00:02.177567
2024-04-25 17:20:44,385 *****Generated All Pages****** for Covering_Schedule_35_page_1.png
2024-04-25 17:20:44,385 RAM memory 68.2 used for Covering_Schedule_35_page_1.png Generating All Pages:
2024-04-25 17:20:44,385 Processing time taken for all pages of Covering_Schedule_35_page_1.png1:0:00:02.309163
2024-04-25 17:20:44,500 file name is:Covering_Schedule_790_page_1.png
2024-04-25 17:20:44,500 folder path :Images
2024-04-25 17:20:44,500 Calling Image result
2024-04-25 17:20:44,500 is all_page_result is instance of dict? True
2024-04-25 17:20:44,500 STREAM b'IHDR' 16 13
2024-04-25 17:20:44,501 STREAM b'IDAT' 41 23275
2024-04-25 17:20:44,517 is words is instance of list? True
2024-04-25 17:20:44,517 is bboxes is instance of list? True
2024-04-25 17:20:44,517 is bounding_boxes is instance of list? True
2024-04-25 17:20:44,707 is input_id_chunks is instance of list? True
2024-04-25 17:20:44,707 is mask_chunks is instance of list? True
2024-04-25 17:20:44,708 is bbox_chunks is instance of list? True
2024-04-25 17:20:44,708 is image_chunks is instance of list? True
2024-04-25 17:20:44,708 is input_dict is instance of dict? True
2024-04-25 17:20:45,746 Model Called
2024-04-25 17:20:45,747 RAM memory 67.4 used for Covering_Schedule_790_page_1.png:
2024-04-25 17:20:45,747 is all_predictions is instance of list? True
2024-04-25 17:20:45,747 is all_boxes is instance of list? True
2024-04-25 17:20:45,747 is all_confidences is instance of list? True
2024-04-25 17:20:45,747 is all_text is instance of list? True
2024-04-25 17:20:45,747 is label2id is instance of dict? True
2024-04-25 17:20:45,747 is id2label is instance of dict? True
2024-04-25 17:20:45,748 is label2color is instance of dict? True
2024-04-25 17:20:45,748 label2color : {'tenor_type': '#D544DB', 'invoice_due_date': '#C95446', 'diclaration_by': '#68AF8B', 'invoice_amount': '#7E7398', 'original_or_copy': '#B3A284', 'boe_currency': '#5B442F', 'lc_ref_no': '#561B1A', 'boe_amount': '#70C1DE', 'indicator_date': '#B0459D', 'tenore_details': '#3A9DB1', 'lc_date': '#BA193C', 'issuing_bank': '#CD121D', 'drawer_name': '#4DD55D', 'stamp': '#F4882B', 'drawer_bank_address': '#C03638', 'drawer_address': '#0940F2', 'drawee_name': '#C0CFD6', 'country_of_origin': '#646A3B', 'tenor_indicator': '#B89E91', 'bill_exchange_no': '#286F88', 'drawee_bank_address': '#1381FC', 'issuing_bank_address': '#F62302', 'bill_exchange_date': '#FE9630', 'goods_discription': '#CE3D0A', 'drawer_bank_name': '#581D03', 'indicator_type': '#C2BA16', 'drawee_bank_name': '#048760', 'usance_tenor': '#3157CF', 'signature': '#1EBB97', 'invoice_no': '#3892FE', 'original_number': '#F770B7', 'drawee_address': '#3E115D', 'invoice_date': '#A09C59', 'issue_place': '#2F7A47', 'invoice_currency': '#550FA1', 'O': '#3DC1F1', 'amount_in_words': '#2614DB'}
2024-04-25 17:20:45,853 is result_set is instance of dict? True
2024-04-25 17:20:45,855 is final_result_set is instance of dict? True
2024-04-25 17:20:45,919 Time taken for page 1 of Covering_Schedule_790_page_1.png:0:00:01.418412
2024-04-25 17:20:46,003 *****Generated All Pages****** for Covering_Schedule_790_page_1.png
2024-04-25 17:20:46,003 RAM memory 67.6 used for Covering_Schedule_790_page_1.png Generating All Pages:
2024-04-25 17:20:46,003 Processing time taken for all pages of Covering_Schedule_790_page_1.png1:0:00:01.502524
