2024-04-29 13:32:40,792 checkpoint 1 => setting basis cofiguration for logging purposes
2024-04-29 13:32:40,794 start time: 2024-04-29 13:32:40.794288
2024-04-29 13:32:44,665 Starting new HTTPS connection (1): huggingface.co:443
2024-04-29 13:32:45,068 https://huggingface.co:443 "HEAD /microsoft/layoutlmv2-base-uncased/resolve/main/preprocessor_config.json HTTP/1.1" 200 0
2024-04-29 13:32:45,573 https://huggingface.co:443 "HEAD /microsoft/layoutlmv2-base-uncased/resolve/main/tokenizer_config.json HTTP/1.1" 404 0
2024-04-29 13:32:45,887 https://huggingface.co:443 "HEAD /microsoft/layoutlmv2-base-uncased/resolve/main/vocab.txt HTTP/1.1" 200 0
2024-04-29 13:32:45,925 RAM memory for Model loading used: 58.8
2024-04-29 13:32:45,925 cpu_utilization % for Model Loading:-53.8
2024-04-29 13:32:45,925 memory_consumption in bytes for Loading Model:910946304
2024-04-29 13:32:45,925 Loaded Model successfully
2024-04-29 13:32:45,925 file name is:Bill_of_Exchange_157_0.png
2024-04-29 13:32:45,925 folder path :Images
2024-04-29 13:32:45,925 Calling Image result
2024-04-29 13:32:45,925 is all_page_result is instance of dict? True
2024-04-29 13:32:45,931 STREAM b'IHDR' 16 13
2024-04-29 13:32:45,931 STREAM b'pHYs' 41 9
2024-04-29 13:32:45,931 STREAM b'IDAT' 62 126930
2024-04-29 13:32:45,945 is words is instance of list? True
2024-04-29 13:32:45,945 is bboxes is instance of list? True
2024-04-29 13:32:45,945 is bounding_boxes is instance of list? True
2024-04-29 13:32:46,016 is input_id_chunks is instance of list? True
2024-04-29 13:32:46,016 is mask_chunks is instance of list? True
2024-04-29 13:32:46,016 is bbox_chunks is instance of list? True
2024-04-29 13:32:46,016 is image_chunks is instance of list? True
2024-04-29 13:32:46,017 is input_dict is instance of dict? True
2024-04-29 13:32:47,903 Model Called
2024-04-29 13:32:47,904 RAM memory 64.4 used for Bill_of_Exchange_157_0.png:
2024-04-29 13:32:47,904 is all_predictions is instance of list? True
2024-04-29 13:32:47,904 is all_boxes is instance of list? True
2024-04-29 13:32:47,904 is all_confidences is instance of list? True
2024-04-29 13:32:47,904 is all_text is instance of list? True
2024-04-29 13:32:47,905 is label2id is instance of dict? True
2024-04-29 13:32:47,905 is id2label is instance of dict? True
2024-04-29 13:32:47,906 is label2color is instance of dict? True
2024-04-29 13:32:47,906 label2color : {'tenor_type': '#433276', 'invoice_due_date': '#7A9B91', 'diclaration_by': '#98072A', 'invoice_amount': '#8E4C2E', 'original_or_copy': '#4BA930', 'boe_currency': '#01ACA0', 'lc_ref_no': '#9A39C5', 'boe_amount': '#E1935E', 'indicator_date': '#9FADDF', 'tenore_details': '#A3A7FA', 'lc_date': '#869C9E', 'issuing_bank': '#57E59B', 'drawer_name': '#99FF31', 'stamp': '#D7AFEC', 'drawer_bank_address': '#8E5C96', 'drawer_address': '#4BCA92', 'drawee_name': '#4FB852', 'country_of_origin': '#FEB262', 'tenor_indicator': '#E91084', 'bill_exchange_no': '#7A0F99', 'drawee_bank_address': '#432452', 'issuing_bank_address': '#6AD8AE', 'bill_exchange_date': '#42E3DD', 'goods_discription': '#90448C', 'drawer_bank_name': '#034182', 'indicator_type': '#458669', 'drawee_bank_name': '#0FD4BF', 'usance_tenor': '#4B839A', 'signature': '#A3CCB1', 'invoice_no': '#3AC6EA', 'original_number': '#E96BA5', 'drawee_address': '#F6D5EC', 'invoice_date': '#343B78', 'issue_place': '#FC6945', 'invoice_currency': '#5C6254', 'O': '#F5CBC0', 'amount_in_words': '#FAA384'}
2024-04-29 13:32:47,948 is result_set is instance of dict? True
2024-04-29 13:32:47,950 is final_result_set is instance of dict? True
