2024-04-29 22:51:28,079 checkpoint 1 => setting basis cofiguration for logging purposes
2024-04-29 22:51:28,081 start time: 2024-04-29 22:51:28.081180
2024-04-29 22:51:31,211 Starting new HTTPS connection (1): huggingface.co:443
2024-04-29 22:51:31,940 https://huggingface.co:443 "HEAD /microsoft/layoutlmv2-base-uncased/resolve/main/preprocessor_config.json HTTP/1.1" 200 0
2024-04-29 22:51:32,780 https://huggingface.co:443 "HEAD /microsoft/layoutlmv2-base-uncased/resolve/main/tokenizer_config.json HTTP/1.1" 404 0
2024-04-29 22:51:33,497 https://huggingface.co:443 "HEAD /microsoft/layoutlmv2-base-uncased/resolve/main/vocab.txt HTTP/1.1" 200 0
2024-04-29 22:51:33,525 RAM memory for Model loading used: 47.4
2024-04-29 22:51:33,525 cpu_utilization % for Model Loading:26.9
2024-04-29 22:51:33,525 memory_consumption in bytes for Loading Model:910450688
2024-04-29 22:51:33,525 Loaded Model successfully
2024-04-29 22:51:33,525 file name is:Bill_of_lading_1029_page_6.png
2024-04-29 22:51:33,525 folder path :Images
2024-04-29 22:51:33,525 Calling Image result
2024-04-29 22:51:33,525 is all_page_result is instance of dict? True
2024-04-29 22:51:33,529 STREAM b'IHDR' 16 13
2024-04-29 22:51:33,529 STREAM b'PLTE' 41 768
2024-04-29 22:51:33,529 STREAM b'IDAT' 821 65536
2024-04-29 22:51:33,543 is words is instance of list? True
2024-04-29 22:51:33,543 is bboxes is instance of list? True
2024-04-29 22:51:33,544 is bounding_boxes is instance of list? True
2024-04-29 22:51:33,593 is input_id_chunks is instance of list? True
2024-04-29 22:51:33,593 is mask_chunks is instance of list? True
2024-04-29 22:51:33,593 is bbox_chunks is instance of list? True
2024-04-29 22:51:33,593 is image_chunks is instance of list? True
2024-04-29 22:51:33,594 is input_dict is instance of dict? True
2024-04-29 22:51:34,669 Model Called
2024-04-29 22:51:34,669 RAM memory 54.9 used for Bill_of_lading_1029_page_6.png:
2024-04-29 22:51:34,669 is all_predictions is instance of list? True
2024-04-29 22:51:34,669 is all_boxes is instance of list? True
2024-04-29 22:51:34,669 is all_confidences is instance of list? True
2024-04-29 22:51:34,669 is all_text is instance of list? True
2024-04-29 22:51:34,669 is label2id is instance of dict? True
2024-04-29 22:51:34,670 is id2label is instance of dict? True
2024-04-29 22:51:34,670 is label2color is instance of dict? True
2024-04-29 22:51:34,671 label2color : {'stamp': '#6C7595', 'bol_original_or_copy': '#4C5981', 'vessel_name': '#59EFDD', 'shipped_onboard_date': '#494044', 'final_destination': '#63ACAF', 'measurement': '#06F32D', 'country_of_origin': '#AFE4FF', 'bol_original_number': '#7F8232', 'net_weight': '#25F6F1', 'signed_by_carrier': '#6ED809', 'gross_weight': '#63E1EF', 'carrier_country': '#321FA7', 'port_of_discharge': '#329DA3', 'goods_quantity': '#5CF211', 'notify_party_name': '#9CF9CD', 'port_of_loading': '#642E48', 'shipper_address': '#6880C2', 'place_of_issue': '#1E4EC1', 'agent_country': '#318BF6', 'freight_collect_at': '#D3C167', 'place_of_receipt': '#255079', 'voyage_number': '#DD9E27', 'signature': '#A63AFD', 'consignee_name': '#89E3BC', 'consignee_address': '#DCA066', 'bill_of_lading_issue_date': '#50E9EB', 'mode_of_transport': '#01CB71', 'shipper_name': '#EA9703', 'signed_By_agent': '#B46C7B', 'container_number': '#51495D', 'transaction_date': '#540577', 'notify_party_address': '#D3DDF9', 'goods_marks_and_nos': '#242D63', 'goods_description': '#EFCD04', 'lc_date': '#39BC8F', 'dimension': '#0881A9', 'agent_name': '#9DABDF', 'carrier_name': '#6827F3', 'O': '#ACDB7C', 'lc_ref_number': '#122C30', 'pre_carriage_by': '#25C5BB', 'page_no': '#E959F6', 'total_original_no': '#AE2E2A', 'freight_collect_or_prepaid': '#83A3F6', 'signed_by_master': '#1B34CF', 'bill_of_lading_number': '#809EA2'}
2024-04-29 22:51:34,709 is result_set is instance of dict? True
2024-04-29 22:51:34,710 is final_result_set is instance of dict? True
