2024-04-29 02:01:48,419 checkpoint 1 => setting basis cofiguration for logging purposes
2024-04-29 02:01:48,421 start time: 2024-04-29 02:01:48.421017
2024-04-29 02:01:51,216 Starting new HTTPS connection (1): huggingface.co:443
2024-04-29 02:01:51,978 https://huggingface.co:443 "HEAD /microsoft/layoutlmv2-base-uncased/resolve/main/preprocessor_config.json HTTP/1.1" 200 0
2024-04-29 02:01:52,793 https://huggingface.co:443 "HEAD /microsoft/layoutlmv2-base-uncased/resolve/main/tokenizer_config.json HTTP/1.1" 404 0
2024-04-29 02:01:53,511 https://huggingface.co:443 "HEAD /microsoft/layoutlmv2-base-uncased/resolve/main/vocab.txt HTTP/1.1" 200 0
2024-04-29 02:01:53,538 RAM memory for Model loading used: 61.6
2024-04-29 02:01:53,539 cpu_utilization % for Model Loading:-26.2
2024-04-29 02:01:53,539 memory_consumption in bytes for Loading Model:911446016
2024-04-29 02:01:53,539 Loaded Model successfully
2024-04-29 02:01:53,539 file name is:Accepted_Bill_of_Exchange(2012_08_23_20_20_28_4131)_338_5.png
2024-04-29 02:01:53,539 folder path :Images
2024-04-29 02:01:53,539 Calling Image result
2024-04-29 02:01:53,539 is all_page_result is instance of dict? True
2024-04-29 02:01:53,543 STREAM b'IHDR' 16 13
2024-04-29 02:01:53,543 STREAM b'sRGB' 41 1
2024-04-29 02:01:53,543 STREAM b'gAMA' 54 4
2024-04-29 02:01:53,543 STREAM b'pHYs' 70 9
2024-04-29 02:01:53,543 STREAM b'IDAT' 91 65445
2024-04-29 02:01:53,563 is words is instance of list? True
2024-04-29 02:01:53,563 is bboxes is instance of list? True
2024-04-29 02:01:53,563 is bounding_boxes is instance of list? True
2024-04-29 02:01:53,613 is input_id_chunks is instance of list? True
2024-04-29 02:01:53,613 is mask_chunks is instance of list? True
2024-04-29 02:01:53,613 is bbox_chunks is instance of list? True
2024-04-29 02:01:53,614 is image_chunks is instance of list? True
2024-04-29 02:01:53,614 is input_dict is instance of dict? True
2024-04-29 02:01:55,009 Model Called
2024-04-29 02:01:55,009 RAM memory 67.5 used for Accepted_Bill_of_Exchange(2012_08_23_20_20_28_4131)_338_5.png:
2024-04-29 02:01:55,009 is all_predictions is instance of list? True
2024-04-29 02:01:55,009 is all_boxes is instance of list? True
2024-04-29 02:01:55,009 is all_confidences is instance of list? True
2024-04-29 02:01:55,009 is all_text is instance of list? True
2024-04-29 02:01:55,010 is label2id is instance of dict? True
2024-04-29 02:01:55,010 is id2label is instance of dict? True
2024-04-29 02:01:55,010 is label2color is instance of dict? True
2024-04-29 02:01:55,010 label2color : {'tenor_type': '#3C94BC', 'invoice_due_date': '#3B97BE', 'diclaration_by': '#D0FDBE', 'invoice_amount': '#FB51C2', 'original_or_copy': '#D6CA0E', 'boe_currency': '#553DB5', 'lc_ref_no': '#4D313E', 'boe_amount': '#30682A', 'indicator_date': '#C7AB76', 'tenore_details': '#541E7B', 'lc_date': '#36DF37', 'issuing_bank': '#990B77', 'drawer_name': '#78CAD8', 'stamp': '#6EAE4C', 'drawer_bank_address': '#C752FD', 'drawer_address': '#EEF94C', 'drawee_name': '#5FBBCA', 'country_of_origin': '#61E889', 'tenor_indicator': '#DE9A36', 'bill_exchange_no': '#C634D3', 'drawee_bank_address': '#CEB569', 'issuing_bank_address': '#4A303A', 'bill_exchange_date': '#12602B', 'goods_discription': '#7B76E8', 'drawer_bank_name': '#FD4446', 'indicator_type': '#97C4B0', 'drawee_bank_name': '#6A0784', 'usance_tenor': '#4CE8EB', 'signature': '#020F55', 'invoice_no': '#86D038', 'original_number': '#FDB8BB', 'drawee_address': '#40FE15', 'invoice_date': '#56AADC', 'issue_place': '#DD3476', 'invoice_currency': '#8A1E5B', 'O': '#01D34E', 'amount_in_words': '#8538F5'}
2024-04-29 02:01:55,040 is result_set is instance of dict? True
2024-04-29 02:01:55,042 is final_result_set is instance of dict? True
2024-04-29 02:01:55,115 Time taken for page 1 of Accepted_Bill_of_Exchange(2012_08_23_20_20_28_4131)_338_5.png:0:00:01.571975
2024-04-29 02:01:55,141 *****Generated All Pages****** for Accepted_Bill_of_Exchange(2012_08_23_20_20_28_4131)_338_5.png
2024-04-29 02:01:55,141 RAM memory 67.6 used for Accepted_Bill_of_Exchange(2012_08_23_20_20_28_4131)_338_5.png Generating All Pages:
2024-04-29 02:01:55,142 Processing time taken for all pages of Accepted_Bill_of_Exchange(2012_08_23_20_20_28_4131)_338_5.png1:0:00:01.602543
2024-04-29 02:01:55,280 file name is:Bill_of_Exchange_44_0.png
2024-04-29 02:01:55,281 folder path :Images
2024-04-29 02:01:55,281 Calling Image result
2024-04-29 02:01:55,281 is all_page_result is instance of dict? True
2024-04-29 02:01:55,281 STREAM b'IHDR' 16 13
2024-04-29 02:01:55,281 STREAM b'pHYs' 41 9
2024-04-29 02:01:55,281 STREAM b'IDAT' 62 98834
2024-04-29 02:01:55,288 is words is instance of list? True
2024-04-29 02:01:55,288 is bboxes is instance of list? True
2024-04-29 02:01:55,288 is bounding_boxes is instance of list? True
2024-04-29 02:01:55,340 is input_id_chunks is instance of list? True
2024-04-29 02:01:55,340 is mask_chunks is instance of list? True
2024-04-29 02:01:55,340 is bbox_chunks is instance of list? True
2024-04-29 02:01:55,340 is image_chunks is instance of list? True
2024-04-29 02:01:55,341 is input_dict is instance of dict? True
2024-04-29 02:01:56,770 Model Called
2024-04-29 02:01:56,770 RAM memory 67.6 used for Bill_of_Exchange_44_0.png:
2024-04-29 02:01:56,770 is all_predictions is instance of list? True
2024-04-29 02:01:56,770 is all_boxes is instance of list? True
2024-04-29 02:01:56,770 is all_confidences is instance of list? True
2024-04-29 02:01:56,770 is all_text is instance of list? True
2024-04-29 02:01:56,770 is label2id is instance of dict? True
2024-04-29 02:01:56,770 is id2label is instance of dict? True
2024-04-29 02:01:56,771 is label2color is instance of dict? True
2024-04-29 02:01:56,771 label2color : {'tenor_type': '#646A87', 'invoice_due_date': '#422231', 'diclaration_by': '#B463DE', 'invoice_amount': '#587090', 'original_or_copy': '#946527', 'boe_currency': '#65BD49', 'lc_ref_no': '#F4F62C', 'boe_amount': '#029541', 'indicator_date': '#D96CB0', 'tenore_details': '#338FCC', 'lc_date': '#8C7DBE', 'issuing_bank': '#D4A596', 'drawer_name': '#109404', 'stamp': '#23CE08', 'drawer_bank_address': '#A703C3', 'drawer_address': '#7AF713', 'drawee_name': '#7596E0', 'country_of_origin': '#B082B0', 'tenor_indicator': '#CD4A41', 'bill_exchange_no': '#AB7D92', 'drawee_bank_address': '#B73A8F', 'issuing_bank_address': '#D10161', 'bill_exchange_date': '#49EFFC', 'goods_discription': '#1CE2B8', 'drawer_bank_name': '#53FCD5', 'indicator_type': '#D23BD5', 'drawee_bank_name': '#BD184A', 'usance_tenor': '#B1BE33', 'signature': '#B4E1DB', 'invoice_no': '#92F156', 'original_number': '#434430', 'drawee_address': '#49B789', 'invoice_date': '#19BE5E', 'issue_place': '#D932D7', 'invoice_currency': '#E5B2B9', 'O': '#C882DF', 'amount_in_words': '#A8AF4C'}
2024-04-29 02:01:56,802 is result_set is instance of dict? True
2024-04-29 02:01:56,804 is final_result_set is instance of dict? True
2024-04-29 02:01:56,880 Time taken for page 1 of Bill_of_Exchange_44_0.png:0:00:01.598821
2024-04-29 02:01:56,910 *****Generated All Pages****** for Bill_of_Exchange_44_0.png
2024-04-29 02:01:56,910 RAM memory 67.5 used for Bill_of_Exchange_44_0.png Generating All Pages:
2024-04-29 02:01:56,911 Processing time taken for all pages of Bill_of_Exchange_44_0.png1:0:00:01.629940
2024-04-29 02:01:57,026 file name is:Bill_of_Exchange_266_0.png
2024-04-29 02:01:57,026 folder path :Images
2024-04-29 02:01:57,026 Calling Image result
2024-04-29 02:01:57,026 is all_page_result is instance of dict? True
2024-04-29 02:01:57,027 STREAM b'IHDR' 16 13
2024-04-29 02:01:57,027 STREAM b'pHYs' 41 9
2024-04-29 02:01:57,027 STREAM b'IDAT' 62 183397
2024-04-29 02:01:57,034 is words is instance of list? True
2024-04-29 02:01:57,034 is bboxes is instance of list? True
2024-04-29 02:01:57,034 is bounding_boxes is instance of list? True
2024-04-29 02:01:57,077 is input_id_chunks is instance of list? True
2024-04-29 02:01:57,078 is mask_chunks is instance of list? True
2024-04-29 02:01:57,078 is bbox_chunks is instance of list? True
2024-04-29 02:01:57,078 is image_chunks is instance of list? True
2024-04-29 02:01:57,078 is input_dict is instance of dict? True
2024-04-29 02:01:59,329 Model Called
2024-04-29 02:01:59,330 RAM memory 73.8 used for Bill_of_Exchange_266_0.png:
2024-04-29 02:01:59,330 is all_predictions is instance of list? True
2024-04-29 02:01:59,330 is all_boxes is instance of list? True
2024-04-29 02:01:59,330 is all_confidences is instance of list? True
2024-04-29 02:01:59,330 is all_text is instance of list? True
2024-04-29 02:01:59,330 is label2id is instance of dict? True
2024-04-29 02:01:59,330 is id2label is instance of dict? True
2024-04-29 02:01:59,331 is label2color is instance of dict? True
2024-04-29 02:01:59,331 label2color : {'tenor_type': '#3CFD24', 'invoice_due_date': '#736669', 'diclaration_by': '#06C7ED', 'invoice_amount': '#E9E75A', 'original_or_copy': '#F8F0F3', 'boe_currency': '#D0338A', 'lc_ref_no': '#2E05E1', 'boe_amount': '#E99810', 'indicator_date': '#6C6059', 'tenore_details': '#21C38A', 'lc_date': '#E3B789', 'issuing_bank': '#4C3E37', 'drawer_name': '#2ADAD5', 'stamp': '#03712F', 'drawer_bank_address': '#DB66B9', 'drawer_address': '#9397A0', 'drawee_name': '#7352AA', 'country_of_origin': '#082175', 'tenor_indicator': '#FCAB89', 'bill_exchange_no': '#B74CB1', 'drawee_bank_address': '#16A57D', 'issuing_bank_address': '#F6D821', 'bill_exchange_date': '#040DC5', 'goods_discription': '#1CA377', 'drawer_bank_name': '#887AC4', 'indicator_type': '#3777AE', 'drawee_bank_name': '#0D9533', 'usance_tenor': '#A78E16', 'signature': '#726FBA', 'invoice_no': '#D8C984', 'original_number': '#2A56E2', 'drawee_address': '#8194C6', 'invoice_date': '#3F684C', 'issue_place': '#72ACE3', 'invoice_currency': '#E5F500', 'O': '#155B76', 'amount_in_words': '#AB72B7'}
2024-04-29 02:01:59,398 is result_set is instance of dict? True
2024-04-29 02:01:59,400 is final_result_set is instance of dict? True
2024-04-29 02:01:59,502 Time taken for page 1 of Bill_of_Exchange_266_0.png:0:00:02.475202
2024-04-29 02:01:59,555 *****Generated All Pages****** for Bill_of_Exchange_266_0.png
2024-04-29 02:01:59,555 RAM memory 74.0 used for Bill_of_Exchange_266_0.png Generating All Pages:
2024-04-29 02:01:59,555 Processing time taken for all pages of Bill_of_Exchange_266_0.png1:0:00:02.528536
2024-04-29 02:01:59,733 file name is:Accepted_Bill_of_Exchange(2012_08_21_15_47_02_7475)_368_5.png
2024-04-29 02:01:59,733 folder path :Images
2024-04-29 02:01:59,733 Calling Image result
2024-04-29 02:01:59,733 is all_page_result is instance of dict? True
2024-04-29 02:01:59,733 STREAM b'IHDR' 16 13
2024-04-29 02:01:59,733 STREAM b'sRGB' 41 1
2024-04-29 02:01:59,733 STREAM b'gAMA' 54 4
2024-04-29 02:01:59,733 STREAM b'pHYs' 70 9
2024-04-29 02:01:59,733 STREAM b'IDAT' 91 65445
2024-04-29 02:01:59,741 is words is instance of list? True
2024-04-29 02:01:59,741 is bboxes is instance of list? True
2024-04-29 02:01:59,741 is bounding_boxes is instance of list? True
2024-04-29 02:01:59,779 is input_id_chunks is instance of list? True
2024-04-29 02:01:59,779 is mask_chunks is instance of list? True
2024-04-29 02:01:59,779 is bbox_chunks is instance of list? True
2024-04-29 02:01:59,779 is image_chunks is instance of list? True
2024-04-29 02:01:59,780 is input_dict is instance of dict? True
2024-04-29 02:02:00,888 Model Called
2024-04-29 02:02:00,889 RAM memory 67.4 used for Accepted_Bill_of_Exchange(2012_08_21_15_47_02_7475)_368_5.png:
2024-04-29 02:02:00,889 is all_predictions is instance of list? True
2024-04-29 02:02:00,889 is all_boxes is instance of list? True
2024-04-29 02:02:00,889 is all_confidences is instance of list? True
2024-04-29 02:02:00,889 is all_text is instance of list? True
2024-04-29 02:02:00,889 is label2id is instance of dict? True
2024-04-29 02:02:00,889 is id2label is instance of dict? True
2024-04-29 02:02:00,890 is label2color is instance of dict? True
2024-04-29 02:02:00,890 label2color : {'tenor_type': '#012061', 'invoice_due_date': '#A80907', 'diclaration_by': '#7E69ED', 'invoice_amount': '#D13522', 'original_or_copy': '#6ACBF5', 'boe_currency': '#EC3799', 'lc_ref_no': '#96AB21', 'boe_amount': '#90718B', 'indicator_date': '#A14DD1', 'tenore_details': '#635459', 'lc_date': '#174D5B', 'issuing_bank': '#397263', 'drawer_name': '#F67571', 'stamp': '#30708E', 'drawer_bank_address': '#82B59D', 'drawer_address': '#D737A4', 'drawee_name': '#8AD185', 'country_of_origin': '#585B0B', 'tenor_indicator': '#EFFC78', 'bill_exchange_no': '#8F42D2', 'drawee_bank_address': '#22AD85', 'issuing_bank_address': '#CABD2D', 'bill_exchange_date': '#C5524C', 'goods_discription': '#40A860', 'drawer_bank_name': '#283BCD', 'indicator_type': '#15391E', 'drawee_bank_name': '#4A1054', 'usance_tenor': '#FA2717', 'signature': '#042F26', 'invoice_no': '#7C4961', 'original_number': '#D4F58B', 'drawee_address': '#016E57', 'invoice_date': '#36B7C7', 'issue_place': '#64D898', 'invoice_currency': '#8E19B9', 'O': '#078CF2', 'amount_in_words': '#EFCE1C'}
2024-04-29 02:02:00,914 is result_set is instance of dict? True
2024-04-29 02:02:00,916 is final_result_set is instance of dict? True
2024-04-29 02:02:00,968 Time taken for page 1 of Accepted_Bill_of_Exchange(2012_08_21_15_47_02_7475)_368_5.png:0:00:01.234340
2024-04-29 02:02:00,996 *****Generated All Pages****** for Accepted_Bill_of_Exchange(2012_08_21_15_47_02_7475)_368_5.png
2024-04-29 02:02:00,996 RAM memory 67.4 used for Accepted_Bill_of_Exchange(2012_08_21_15_47_02_7475)_368_5.png Generating All Pages:
2024-04-29 02:02:00,996 Processing time taken for all pages of Accepted_Bill_of_Exchange(2012_08_21_15_47_02_7475)_368_5.png1:0:00:01.263424
