2024-04-27 01:00:35,986 checkpoint 1 => setting basis cofiguration for logging purposes
2024-04-27 01:00:35,987 start time: 2024-04-27 01:00:35.987865
2024-04-27 01:00:39,147 Starting new HTTPS connection (1): huggingface.co:443
2024-04-27 01:00:39,482 https://huggingface.co:443 "HEAD /microsoft/layoutlmv2-base-uncased/resolve/main/preprocessor_config.json HTTP/1.1" 200 0
2024-04-27 01:00:40,404 https://huggingface.co:443 "HEAD /microsoft/layoutlmv2-base-uncased/resolve/main/tokenizer_config.json HTTP/1.1" 404 0
2024-04-27 01:00:41,120 https://huggingface.co:443 "HEAD /microsoft/layoutlmv2-base-uncased/resolve/main/vocab.txt HTTP/1.1" 200 0
2024-04-27 01:00:41,175 RAM memory for Model loading used: 46.3
2024-04-27 01:00:41,175 cpu_utilization % for Model Loading:16.2
2024-04-27 01:00:41,175 memory_consumption in bytes for Loading Model:910643200
2024-04-27 01:00:41,175 Loaded Model successfully
2024-04-27 01:00:41,176 file name is:Bill_of_lading_1565_page_0.png
2024-04-27 01:00:41,176 folder path :Images
2024-04-27 01:00:41,176 Calling Image result
2024-04-27 01:00:41,176 is all_page_result is instance of dict? True
2024-04-27 01:00:41,184 STREAM b'IHDR' 16 13
2024-04-27 01:00:41,184 STREAM b'IDAT' 41 65536
2024-04-27 01:00:41,277 is words is instance of list? True
2024-04-27 01:00:41,277 is bboxes is instance of list? True
2024-04-27 01:00:41,277 is bounding_boxes is instance of list? True
2024-04-27 01:00:41,847 is input_id_chunks is instance of list? True
2024-04-27 01:00:41,847 is mask_chunks is instance of list? True
2024-04-27 01:00:41,847 is bbox_chunks is instance of list? True
2024-04-27 01:00:41,847 is image_chunks is instance of list? True
2024-04-27 01:00:41,849 is input_dict is instance of dict? True
2024-04-27 01:00:45,698 Model Called
2024-04-27 01:00:45,699 RAM memory 66.5 used for Bill_of_lading_1565_page_0.png:
2024-04-27 01:00:45,699 is all_predictions is instance of list? True
2024-04-27 01:00:45,699 is all_boxes is instance of list? True
2024-04-27 01:00:45,699 is all_confidences is instance of list? True
2024-04-27 01:00:45,699 is all_text is instance of list? True
2024-04-27 01:00:45,700 is label2id is instance of dict? True
2024-04-27 01:00:45,700 is id2label is instance of dict? True
2024-04-27 01:00:45,701 is label2color is instance of dict? True
2024-04-27 01:00:45,701 label2color : {'stamp': '#BE43F2', 'bol_original_or_copy': '#C1D7A8', 'vessel_name': '#0A2C32', 'shipped_onboard_date': '#01B7C5', 'final_destination': '#D8697F', 'measurement': '#2E3A9B', 'country_of_origin': '#62069F', 'bol_original_number': '#9630BB', 'net_weight': '#5CC7D9', 'signed_by_carrier': '#5BAC60', 'gross_weight': '#216E73', 'carrier_country': '#4BB339', 'port_of_discharge': '#FBB569', 'goods_quantity': '#87C97C', 'notify_party_name': '#190C0A', 'port_of_loading': '#A1F5C7', 'shipper_address': '#B1033C', 'place_of_issue': '#99EBD3', 'agent_country': '#43E937', 'freight_collect_at': '#34D592', 'place_of_receipt': '#4A4DA3', 'voyage_number': '#1C8BE7', 'signature': '#27BB48', 'consignee_name': '#7402F3', 'consignee_address': '#DB8592', 'bill_of_lading_issue_date': '#2D4C63', 'mode_of_transport': '#798EB2', 'shipper_name': '#DDA230', 'signed_By_agent': '#8D682A', 'container_number': '#E3E49B', 'transaction_date': '#151E45', 'notify_party_address': '#D8D5AB', 'goods_marks_and_nos': '#2AA8AD', 'goods_description': '#E96FE2', 'lc_date': '#180B23', 'dimension': '#33C294', 'agent_name': '#DC4898', 'carrier_name': '#739D73', 'O': '#1F555C', 'lc_ref_number': '#301EF1', 'pre_carriage_by': '#A78710', 'page_no': '#9582CB', 'total_original_no': '#B55C19', 'freight_collect_or_prepaid': '#674D9B', 'signed_by_master': '#4CFE9A', 'bill_of_lading_number': '#435F6E'}
2024-04-27 01:00:46,376 is result_set is instance of dict? True
2024-04-27 01:00:46,378 is final_result_set is instance of dict? True
2024-04-27 01:00:46,557 Time taken for page 1 of Bill_of_lading_1565_page_0.png:0:00:05.372437
2024-04-27 01:00:46,900 *****Generated All Pages****** for Bill_of_lading_1565_page_0.png
2024-04-27 01:00:46,900 RAM memory 67.4 used for Bill_of_lading_1565_page_0.png Generating All Pages:
2024-04-27 01:00:46,901 Processing time taken for all pages of Bill_of_lading_1565_page_0.png1:0:00:05.724450
