2024-02-21 03:38:00,689 checkpoint 1 => setting basis cofiguration for logging purposes
2024-02-21 03:38:00,689 start time: 2024-02-21 03:38:00.689917
2024-02-21 03:38:03,876 Falling back to TensorFlow client; we recommended you install the Cloud TPU client directly with pip install cloud-tpu-client.
2024-02-21 03:38:03,940 Creating converter from 7 to 5
2024-02-21 03:38:03,940 Creating converter from 5 to 7
2024-02-21 03:38:03,940 Creating converter from 7 to 5
2024-02-21 03:38:03,940 Creating converter from 5 to 7
2024-02-21 03:38:04,242 Starting new HTTPS connection (1): huggingface.co:443
2024-02-21 03:38:05,023 https://huggingface.co:443 "HEAD /microsoft/layoutlmv2-base-uncased/resolve/main/preprocessor_config.json HTTP/1.1" 200 0
2024-02-21 03:38:05,535 https://huggingface.co:443 "HEAD /microsoft/layoutlmv2-base-uncased/resolve/main/tokenizer_config.json HTTP/1.1" 404 0
2024-02-21 03:38:05,842 https://huggingface.co:443 "HEAD /microsoft/layoutlmv2-base-uncased/resolve/main/vocab.txt HTTP/1.1" 200 0
2024-02-21 03:38:05,872 RAM memory for Model loading used: 53.4
2024-02-21 03:38:05,873 cpu_utilization % for Model Loading:11.4
2024-02-21 03:38:05,873 memory_consumption in bytes for Loading Model:1145454592
2024-02-21 03:38:05,873 Loaded Model successfully
2024-02-21 03:38:05,873 file name is:Packing_List(2013_04_15_16_20_53_5835)_346_page_1.png
2024-02-21 03:38:05,873 folder path :Images
2024-02-21 03:38:05,873 Calling Image result
2024-02-21 03:38:05,873 is all_page_result is instance of dict? True
2024-02-21 03:38:05,876 STREAM b'IHDR' 16 13
2024-02-21 03:38:05,876 STREAM b'IDAT' 41 34787
2024-02-21 03:38:05,892 is words is instance of list? True
2024-02-21 03:38:05,892 is bboxes is instance of list? True
2024-02-21 03:38:05,892 is bounding_boxes is instance of list? True
2024-02-21 03:38:06,025 is input_id_chunks is instance of list? True
2024-02-21 03:38:06,025 is mask_chunks is instance of list? True
2024-02-21 03:38:06,025 is bbox_chunks is instance of list? True
2024-02-21 03:38:06,025 is image_chunks is instance of list? True
2024-02-21 03:38:06,026 is input_dict is instance of dict? True
2024-02-21 03:38:07,646 Model Called
2024-02-21 03:38:07,646 RAM memory 65.8 used for Packing_List(2013_04_15_16_20_53_5835)_346_page_1.png:
2024-02-21 03:38:07,646 is all_predictions is instance of list? True
2024-02-21 03:38:07,646 is all_boxes is instance of list? True
2024-02-21 03:38:07,646 is all_confidences is instance of list? True
2024-02-21 03:38:07,646 is all_text is instance of list? True
2024-02-21 03:38:07,646 is label2id is instance of dict? True
2024-02-21 03:38:07,647 is id2label is instance of dict? True
2024-02-21 03:38:07,647 is label2color is instance of dict? True
2024-02-21 03:38:07,647 label2color : {'track_reference': '#B46630', 'vessel_name': '#C275DF', 'transaction_amount_value': '#6B62D7', 'lc_ref_no': '#ED50FB', 'invoice_currency': '#784AB4', 'bill_of_lading_date': '#528AB6', 'net_weight': '#486E55', 'awb_date': '#C91379', 'date_of_invoice': '#EF198A', 'port_of_discharge': '#ACF941', 'original_copy': '#D3A415', 'shipper_address': '#1C4C40', 'rate_per_unit': '#810245', 'invoice_no': '#9D3614', 'signature': '#4B6DFF', 'consignee_address': '#FF6CF2', 'incoterm': '#55249E', 'country_of_final_destination': '#5E4CA1', 'description_of_goods': '#7CA719', 'total_quantity_of_goods': '#360FE2', 'shipper_name': '#E04875', 'bill_of_lading_number': '#5DEEDB', 'transaction_currency': '#20D02B', 'iec_no': '#EA3CC9', 'gross_weight': '#AC7B9A', 'vessel_flight_no': '#4C9496', 'transaction_date': '#51739D', 'lc_date': '#B8D4FD', 'consignee_name': '#6F38BE', 'stamp': '#1F3AB0', 'invoice_amount': '#6046D9', 'dimension': '#C665C6', 'O': '#760BE0', 'consignor_name': '#78BFEC', 'notify_party_name': '#296675', 'beneficiary_drawer_exporter_seller_supplier_name': '#EDCB0B', 'pre_carriage_by': '#B329B0', 'consignor_address': '#32B916', 'declaration': '#73A5A2', 'beneficiary_drawer_exporter_seller_supplier_tin_no': '#A8D101', 'country_of_origin_origin_of_goods': '#1B7030', 'awb_number': '#2BD95A', 'beneficiary_address': '#783C00', 'remitter_address': '#4DDA34', 'page_no': '#D2D262', 'remitter_drawee_applicant_importer_buyer_name': '#961931', 'port_of_loading': '#6E319C', 'notify_party_address': '#CD0215', 'payment_terms_terms_of_delivery_&_payment': '#A9C324'}
2024-02-21 03:38:07,748 is result_set is instance of dict? True
2024-02-21 03:38:07,750 is final_result_set is instance of dict? True
