2024-04-27 05:43:59,637 checkpoint 1 => setting basis cofiguration for logging purposes
2024-04-27 05:43:59,638 start time: 2024-04-27 05:43:59.638218
2024-04-27 05:44:01,970 Starting new HTTPS connection (1): huggingface.co:443
2024-04-27 05:44:02,805 https://huggingface.co:443 "HEAD /microsoft/layoutlmv2-base-uncased/resolve/main/preprocessor_config.json HTTP/1.1" 200 0
2024-04-27 05:44:03,621 https://huggingface.co:443 "HEAD /microsoft/layoutlmv2-base-uncased/resolve/main/tokenizer_config.json HTTP/1.1" 404 0
2024-04-27 05:44:04,337 https://huggingface.co:443 "HEAD /microsoft/layoutlmv2-base-uncased/resolve/main/vocab.txt HTTP/1.1" 200 0
2024-04-27 05:44:04,362 RAM memory for Model loading used: 70.4
2024-04-27 05:44:04,362 cpu_utilization % for Model Loading:-55.800000000000004
2024-04-27 05:44:04,363 memory_consumption in bytes for Loading Model:910864384
2024-04-27 05:44:04,363 Loaded Model successfully
2024-04-27 05:44:04,363 file name is:Bill_of_Exchange_42_0.png
2024-04-27 05:44:04,363 folder path :Images
2024-04-27 05:44:04,363 Calling Image result
2024-04-27 05:44:04,363 is all_page_result is instance of dict? True
2024-04-27 05:44:04,366 STREAM b'IHDR' 16 13
2024-04-27 05:44:04,366 STREAM b'pHYs' 41 9
2024-04-27 05:44:04,366 STREAM b'IDAT' 62 77897
2024-04-27 05:44:04,371 is words is instance of list? True
2024-04-27 05:44:04,371 is bboxes is instance of list? True
2024-04-27 05:44:04,371 is bounding_boxes is instance of list? True
2024-04-27 05:44:04,393 is input_id_chunks is instance of list? True
2024-04-27 05:44:04,393 is mask_chunks is instance of list? True
2024-04-27 05:44:04,393 is bbox_chunks is instance of list? True
2024-04-27 05:44:04,393 is image_chunks is instance of list? True
2024-04-27 05:44:04,394 is input_dict is instance of dict? True
2024-04-27 05:44:05,301 Model Called
2024-04-27 05:44:05,301 RAM memory 76.2 used for Bill_of_Exchange_42_0.png:
2024-04-27 05:44:05,302 is all_predictions is instance of list? True
2024-04-27 05:44:05,302 is all_boxes is instance of list? True
2024-04-27 05:44:05,302 is all_confidences is instance of list? True
2024-04-27 05:44:05,302 is all_text is instance of list? True
2024-04-27 05:44:05,302 is label2id is instance of dict? True
2024-04-27 05:44:05,302 is id2label is instance of dict? True
2024-04-27 05:44:05,302 is label2color is instance of dict? True
2024-04-27 05:44:05,302 label2color : {'tenor_type': '#3A6DE7', 'invoice_due_date': '#5C9044', 'diclaration_by': '#85181F', 'invoice_amount': '#7C589A', 'original_or_copy': '#16FFD5', 'boe_currency': '#717892', 'lc_ref_no': '#E8EEEC', 'boe_amount': '#D3646D', 'indicator_date': '#FFE16D', 'tenore_details': '#546B9E', 'lc_date': '#D3D900', 'issuing_bank': '#C43F5D', 'drawer_name': '#5D79FC', 'stamp': '#EFCD26', 'drawer_bank_address': '#5D3F97', 'drawer_address': '#17EBFD', 'drawee_name': '#7A77B0', 'country_of_origin': '#9E57BC', 'tenor_indicator': '#79A9C0', 'bill_exchange_no': '#8E755C', 'drawee_bank_address': '#C62BFC', 'issuing_bank_address': '#C1463B', 'bill_exchange_date': '#8D4CE6', 'goods_discription': '#02BAF0', 'drawer_bank_name': '#E991DB', 'indicator_type': '#EF67A7', 'drawee_bank_name': '#399712', 'usance_tenor': '#EE4E03', 'signature': '#89BDF9', 'invoice_no': '#2F3A77', 'original_number': '#6877F6', 'drawee_address': '#901D39', 'invoice_date': '#3EE313', 'issue_place': '#C187C2', 'invoice_currency': '#242B3E', 'O': '#55A969', 'amount_in_words': '#508A13'}
2024-04-27 05:44:05,314 is result_set is instance of dict? True
2024-04-27 05:44:05,315 is final_result_set is instance of dict? True
