2024-03-17 21:52:29,285 checkpoint 1 => setting basis cofiguration for logging purposes
2024-03-17 21:52:29,287 start time: 2024-03-17 21:52:29.287061
2024-03-17 21:52:32,982 Falling back to TensorFlow client; we recommended you install the Cloud TPU client directly with pip install cloud-tpu-client.
2024-03-17 21:52:33,152 Creating converter from 7 to 5
2024-03-17 21:52:33,153 Creating converter from 5 to 7
2024-03-17 21:52:33,153 Creating converter from 7 to 5
2024-03-17 21:52:33,153 Creating converter from 5 to 7
2024-03-17 21:52:33,557 Starting new HTTPS connection (1): huggingface.co:443
2024-03-17 21:52:34,280 https://huggingface.co:443 "HEAD /microsoft/layoutlmv2-base-uncased/resolve/main/preprocessor_config.json HTTP/1.1" 200 0
2024-03-17 21:52:35,305 https://huggingface.co:443 "HEAD /microsoft/layoutlmv2-base-uncased/resolve/main/tokenizer_config.json HTTP/1.1" 404 0
2024-03-17 21:52:35,816 https://huggingface.co:443 "HEAD /microsoft/layoutlmv2-base-uncased/resolve/main/vocab.txt HTTP/1.1" 200 0
2024-03-17 21:52:35,865 RAM memory for Model loading used: 50.6
2024-03-17 21:52:35,865 cpu_utilization % for Model Loading:14.3
2024-03-17 21:52:35,865 memory_consumption in bytes for Loading Model:1157636096
2024-03-17 21:52:35,865 Loaded Model successfully
2024-03-17 21:52:35,865 file name is:Bill_Of_Landing_411_page_1.png
2024-03-17 21:52:35,866 folder path :Images
2024-03-17 21:52:35,866 Calling Image result
2024-03-17 21:52:35,866 is all_page_result is instance of dict? True
2024-03-17 21:52:35,881 STREAM b'IHDR' 16 13
2024-03-17 21:52:35,881 STREAM b'IDAT' 41 64281
