2024-04-27 05:30:53,156 checkpoint 1 => setting basis cofiguration for logging purposes
2024-04-27 05:30:53,158 start time: 2024-04-27 05:30:53.158091
2024-04-27 05:30:55,765 Starting new HTTPS connection (1): huggingface.co:443
2024-04-27 05:30:56,585 https://huggingface.co:443 "HEAD /microsoft/layoutlmv2-base-uncased/resolve/main/preprocessor_config.json HTTP/1.1" 200 0
2024-04-27 05:30:57,506 https://huggingface.co:443 "HEAD /microsoft/layoutlmv2-base-uncased/resolve/main/tokenizer_config.json HTTP/1.1" 404 0
2024-04-27 05:30:57,814 https://huggingface.co:443 "HEAD /microsoft/layoutlmv2-base-uncased/resolve/main/vocab.txt HTTP/1.1" 200 0
2024-04-27 05:30:57,852 RAM memory for Model loading used: 71.3
2024-04-27 05:30:57,852 cpu_utilization % for Model Loading:-83.1
2024-04-27 05:30:57,852 memory_consumption in bytes for Loading Model:910925824
2024-04-27 05:30:57,852 Loaded Model successfully
2024-04-27 05:30:57,852 file name is:Bill_of_Exchange_157_0.png
2024-04-27 05:30:57,852 folder path :Images
2024-04-27 05:30:57,852 Calling Image result
2024-04-27 05:30:57,852 is all_page_result is instance of dict? True
2024-04-27 05:30:57,855 STREAM b'IHDR' 16 13
2024-04-27 05:30:57,855 STREAM b'pHYs' 41 9
2024-04-27 05:30:57,855 STREAM b'IDAT' 62 126930
2024-04-27 05:30:57,864 is words is instance of list? True
2024-04-27 05:30:57,865 is bboxes is instance of list? True
2024-04-27 05:30:57,865 is bounding_boxes is instance of list? True
2024-04-27 05:30:57,902 is input_id_chunks is instance of list? True
2024-04-27 05:30:57,902 is mask_chunks is instance of list? True
2024-04-27 05:30:57,902 is bbox_chunks is instance of list? True
2024-04-27 05:30:57,902 is image_chunks is instance of list? True
2024-04-27 05:30:57,903 is input_dict is instance of dict? True
2024-04-27 05:30:58,804 Model Called
2024-04-27 05:30:58,804 RAM memory 76.9 used for Bill_of_Exchange_157_0.png:
2024-04-27 05:30:58,804 is all_predictions is instance of list? True
2024-04-27 05:30:58,804 is all_boxes is instance of list? True
2024-04-27 05:30:58,804 is all_confidences is instance of list? True
2024-04-27 05:30:58,804 is all_text is instance of list? True
2024-04-27 05:30:58,805 is label2id is instance of dict? True
2024-04-27 05:30:58,805 is id2label is instance of dict? True
2024-04-27 05:30:58,805 is label2color is instance of dict? True
2024-04-27 05:30:58,805 label2color : {'tenor_type': '#B0EAC7', 'invoice_due_date': '#B34C6D', 'diclaration_by': '#B51457', 'invoice_amount': '#810ADB', 'original_or_copy': '#8A8DA3', 'boe_currency': '#E93370', 'lc_ref_no': '#328926', 'boe_amount': '#8C605C', 'indicator_date': '#B07E5A', 'tenore_details': '#FCA36A', 'lc_date': '#5CCE99', 'issuing_bank': '#281EE8', 'drawer_name': '#DC9FAA', 'stamp': '#FCD487', 'drawer_bank_address': '#DEB905', 'drawer_address': '#573D01', 'drawee_name': '#6450B5', 'country_of_origin': '#3FF17C', 'tenor_indicator': '#0EA5C4', 'bill_exchange_no': '#8163AF', 'drawee_bank_address': '#D28D3E', 'issuing_bank_address': '#E575D9', 'bill_exchange_date': '#4D211A', 'goods_discription': '#FD4FEB', 'drawer_bank_name': '#2C6329', 'indicator_type': '#C49134', 'drawee_bank_name': '#D9FE41', 'usance_tenor': '#42CCDD', 'signature': '#4CEF67', 'invoice_no': '#335E93', 'original_number': '#C33119', 'drawee_address': '#DDAD83', 'invoice_date': '#0EA9CB', 'issue_place': '#1657E1', 'invoice_currency': '#A67D14', 'O': '#C3E318', 'amount_in_words': '#BD278C'}
2024-04-27 05:30:58,830 is result_set is instance of dict? True
2024-04-27 05:30:58,832 is final_result_set is instance of dict? True
2024-04-27 05:30:58,918 Time taken for page 1 of Bill_of_Exchange_157_0.png:0:00:01.062595
2024-04-27 05:30:58,947 *****Generated All Pages****** for Bill_of_Exchange_157_0.png
2024-04-27 05:30:58,948 RAM memory 76.8 used for Bill_of_Exchange_157_0.png Generating All Pages:
2024-04-27 05:30:58,948 Processing time taken for all pages of Bill_of_Exchange_157_0.png1:0:00:01.095827
