2024-04-27 05:28:10,524 checkpoint 1 => setting basis cofiguration for logging purposes
2024-04-27 05:28:10,525 start time: 2024-04-27 05:28:10.525664
2024-04-27 05:28:12,921 Starting new HTTPS connection (1): huggingface.co:443
2024-04-27 05:28:13,620 https://huggingface.co:443 "HEAD /microsoft/layoutlmv2-base-uncased/resolve/main/preprocessor_config.json HTTP/1.1" 200 0
2024-04-27 05:28:14,483 https://huggingface.co:443 "HEAD /microsoft/layoutlmv2-base-uncased/resolve/main/tokenizer_config.json HTTP/1.1" 404 0
2024-04-27 05:28:14,791 https://huggingface.co:443 "HEAD /microsoft/layoutlmv2-base-uncased/resolve/main/vocab.txt HTTP/1.1" 200 0
2024-04-27 05:28:14,818 RAM memory for Model loading used: 71.5
2024-04-27 05:28:14,818 cpu_utilization % for Model Loading:11.3
2024-04-27 05:28:14,818 memory_consumption in bytes for Loading Model:910639104
2024-04-27 05:28:14,818 Loaded Model successfully
2024-04-27 05:28:14,819 file name is:Bill_of_Exchange_157_0.png
2024-04-27 05:28:14,819 folder path :Images
2024-04-27 05:28:14,819 Calling Image result
2024-04-27 05:28:14,819 is all_page_result is instance of dict? True
2024-04-27 05:28:14,822 STREAM b'IHDR' 16 13
2024-04-27 05:28:14,822 STREAM b'pHYs' 41 9
2024-04-27 05:28:14,822 STREAM b'IDAT' 62 126930
2024-04-27 05:28:14,832 is words is instance of list? True
2024-04-27 05:28:14,832 is bboxes is instance of list? True
2024-04-27 05:28:14,832 is bounding_boxes is instance of list? True
2024-04-27 05:28:14,871 is input_id_chunks is instance of list? True
2024-04-27 05:28:14,871 is mask_chunks is instance of list? True
2024-04-27 05:28:14,871 is bbox_chunks is instance of list? True
2024-04-27 05:28:14,871 is image_chunks is instance of list? True
2024-04-27 05:28:14,871 is input_dict is instance of dict? True
2024-04-27 05:28:15,755 Model Called
2024-04-27 05:28:15,755 RAM memory 77.2 used for Bill_of_Exchange_157_0.png:
2024-04-27 05:28:15,755 is all_predictions is instance of list? True
2024-04-27 05:28:15,755 is all_boxes is instance of list? True
2024-04-27 05:28:15,755 is all_confidences is instance of list? True
2024-04-27 05:28:15,755 is all_text is instance of list? True
2024-04-27 05:28:15,756 is label2id is instance of dict? True
2024-04-27 05:28:15,756 is id2label is instance of dict? True
2024-04-27 05:28:15,756 is label2color is instance of dict? True
2024-04-27 05:28:15,756 label2color : {'tenor_type': '#AB9CA9', 'invoice_due_date': '#24792B', 'diclaration_by': '#5C1287', 'invoice_amount': '#EDFE99', 'original_or_copy': '#F3265A', 'boe_currency': '#3316BA', 'lc_ref_no': '#34BA05', 'boe_amount': '#320328', 'indicator_date': '#33E507', 'tenore_details': '#8622BD', 'lc_date': '#E144E4', 'issuing_bank': '#2FF106', 'drawer_name': '#26110C', 'stamp': '#C5E525', 'drawer_bank_address': '#87DF0E', 'drawer_address': '#E04752', 'drawee_name': '#914663', 'country_of_origin': '#B95E0B', 'tenor_indicator': '#BA35FC', 'bill_exchange_no': '#5E965C', 'drawee_bank_address': '#0DA89B', 'issuing_bank_address': '#6C4AF2', 'bill_exchange_date': '#73995D', 'goods_discription': '#88BDDD', 'drawer_bank_name': '#309B09', 'indicator_type': '#1CC9EB', 'drawee_bank_name': '#A14B30', 'usance_tenor': '#D050B1', 'signature': '#7CD914', 'invoice_no': '#BA6BB8', 'original_number': '#0251FB', 'drawee_address': '#2F5D6A', 'invoice_date': '#2FE33D', 'issue_place': '#7A3A32', 'invoice_currency': '#256968', 'O': '#4FC189', 'amount_in_words': '#D7FAA4'}
2024-04-27 05:28:15,777 is result_set is instance of dict? True
2024-04-27 05:28:15,778 is final_result_set is instance of dict? True
