2024-04-26 00:19:39,765 checkpoint 1 => setting basis cofiguration for logging purposes
2024-04-26 00:19:39,766 start time: 2024-04-26 00:19:39.766688
2024-04-26 00:19:43,050 Starting new HTTPS connection (1): huggingface.co:443
2024-04-26 00:19:43,828 https://huggingface.co:443 "HEAD /microsoft/layoutlmv2-base-uncased/resolve/main/preprocessor_config.json HTTP/1.1" 200 0
2024-04-26 00:19:44,753 https://huggingface.co:443 "HEAD /microsoft/layoutlmv2-base-uncased/resolve/main/tokenizer_config.json HTTP/1.1" 404 0
2024-04-26 00:19:45,466 https://huggingface.co:443 "HEAD /microsoft/layoutlmv2-base-uncased/resolve/main/vocab.txt HTTP/1.1" 200 0
2024-04-26 00:19:45,496 RAM memory for Model loading used: 51.0
2024-04-26 00:19:45,496 cpu_utilization % for Model Loading:34.7
2024-04-26 00:19:45,496 memory_consumption in bytes for Loading Model:911564800
2024-04-26 00:19:45,496 Loaded Model successfully
2024-04-26 00:19:45,497 file name is:Bill_of_lading_512_page_0.png
2024-04-26 00:19:45,497 folder path :Images
2024-04-26 00:19:45,497 Calling Image result
2024-04-26 00:19:45,497 is all_page_result is instance of dict? True
2024-04-26 00:19:45,501 STREAM b'IHDR' 16 13
2024-04-26 00:19:45,501 STREAM b'IDAT' 41 57112
2024-04-26 00:19:45,535 is words is instance of list? True
2024-04-26 00:19:45,535 is bboxes is instance of list? True
2024-04-26 00:19:45,535 is bounding_boxes is instance of list? True
2024-04-26 00:19:46,057 is input_id_chunks is instance of list? True
2024-04-26 00:19:46,057 is mask_chunks is instance of list? True
2024-04-26 00:19:46,057 is bbox_chunks is instance of list? True
2024-04-26 00:19:46,057 is image_chunks is instance of list? True
2024-04-26 00:19:46,058 is input_dict is instance of dict? True
2024-04-26 00:19:49,071 Model Called
2024-04-26 00:19:49,072 RAM memory 62.8 used for Bill_of_lading_512_page_0.png:
2024-04-26 00:19:49,072 is all_predictions is instance of list? True
2024-04-26 00:19:49,072 is all_boxes is instance of list? True
2024-04-26 00:19:49,073 is all_confidences is instance of list? True
2024-04-26 00:19:49,073 is all_text is instance of list? True
2024-04-26 00:19:49,073 is label2id is instance of dict? True
2024-04-26 00:19:49,074 is id2label is instance of dict? True
2024-04-26 00:19:49,075 is label2color is instance of dict? True
2024-04-26 00:19:49,075 label2color : {'stamp': '#FB5F86', 'bol_original_or_copy': '#51EF42', 'vessel_name': '#50A5CC', 'shipped_onboard_date': '#0C0B4D', 'final_destination': '#4ADE8C', 'measurement': '#64A30C', 'country_of_origin': '#91A775', 'bol_original_number': '#DF675D', 'net_weight': '#C8F71C', 'signed_by_carrier': '#5AEBEE', 'gross_weight': '#CACA25', 'carrier_country': '#F7D31A', 'port_of_discharge': '#E8CB6D', 'goods_quantity': '#1AC1BC', 'notify_party_name': '#3CBF6E', 'port_of_loading': '#49735A', 'shipper_address': '#02249B', 'place_of_issue': '#1DF5E5', 'agent_country': '#2970CE', 'freight_collect_at': '#7C7A10', 'place_of_receipt': '#078DC0', 'voyage_number': '#75E2D7', 'signature': '#DAD95C', 'consignee_name': '#DC0AA5', 'consignee_address': '#C98C23', 'bill_of_lading_issue_date': '#E76524', 'mode_of_transport': '#BC0F26', 'shipper_name': '#CCE5EF', 'signed_By_agent': '#38857F', 'container_number': '#257BC9', 'transaction_date': '#FE5361', 'notify_party_address': '#2972F1', 'goods_marks_and_nos': '#B0FF2A', 'goods_description': '#6D8A95', 'lc_date': '#87E09E', 'dimension': '#082D2C', 'agent_name': '#D3A0BB', 'carrier_name': '#FEE221', 'O': '#E98280', 'lc_ref_number': '#4ABDC7', 'pre_carriage_by': '#3CC61B', 'page_no': '#94BACC', 'total_original_no': '#8E8D79', 'freight_collect_or_prepaid': '#35280C', 'signed_by_master': '#7767CD', 'bill_of_lading_number': '#F5EAFF'}
2024-04-26 00:19:49,334 is result_set is instance of dict? True
2024-04-26 00:19:49,336 is final_result_set is instance of dict? True
