2024-03-05 21:06:13,565 checkpoint 1 => setting basis cofiguration for logging purposes
2024-03-05 21:06:13,567 start time: 2024-03-05 21:06:13.567171
2024-03-05 21:06:18,840 Falling back to TensorFlow client; we recommended you install the Cloud TPU client directly with pip install cloud-tpu-client.
2024-03-05 21:06:19,111 Creating converter from 7 to 5
2024-03-05 21:06:19,111 Creating converter from 5 to 7
2024-03-05 21:06:19,111 Creating converter from 7 to 5
2024-03-05 21:06:19,111 Creating converter from 5 to 7
2024-03-05 21:06:19,901 Starting new HTTPS connection (1): huggingface.co:443
2024-03-05 21:06:20,308 https://huggingface.co:443 "HEAD /microsoft/layoutlmv2-base-uncased/resolve/main/preprocessor_config.json HTTP/1.1" 200 0
2024-03-05 21:06:21,039 https://huggingface.co:443 "HEAD /microsoft/layoutlmv2-base-uncased/resolve/main/tokenizer_config.json HTTP/1.1" 404 0
2024-03-05 21:06:21,415 https://huggingface.co:443 "HEAD /microsoft/layoutlmv2-base-uncased/resolve/main/vocab.txt HTTP/1.1" 200 0
2024-03-05 21:06:21,529 RAM memory for Model loading used: 83.4
2024-03-05 21:06:21,530 cpu_utilization % for Model Loading:24.2
2024-03-05 21:06:21,530 memory_consumption in bytes for Loading Model:1110511616
2024-03-05 21:06:21,530 Loaded Model successfully
2024-03-05 21:06:21,530 file name is:Proforma_Invoice(2013_04_17_14_00_41_9003)_303_0.png
2024-03-05 21:06:21,531 folder path :Images
2024-03-05 21:06:21,531 Calling Image result
2024-03-05 21:06:21,531 is all_page_result is instance of dict? True
2024-03-05 21:06:21,545 STREAM b'IHDR' 16 13
2024-03-05 21:06:21,545 STREAM b'pHYs' 41 9
2024-03-05 21:06:21,545 STREAM b'IDAT' 62 139842
2024-03-05 21:06:21,666 is words is instance of list? True
2024-03-05 21:06:21,667 is bboxes is instance of list? True
2024-03-05 21:06:21,667 is bounding_boxes is instance of list? True
2024-03-05 21:06:21,839 is input_id_chunks is instance of list? True
2024-03-05 21:06:21,839 is mask_chunks is instance of list? True
2024-03-05 21:06:21,839 is bbox_chunks is instance of list? True
2024-03-05 21:06:21,839 is image_chunks is instance of list? True
2024-03-05 21:06:21,892 is input_dict is instance of dict? True
2024-03-05 21:06:27,723 Model Called
2024-03-05 21:06:27,725 RAM memory 93.6 used for Proforma_Invoice(2013_04_17_14_00_41_9003)_303_0.png:
2024-03-05 21:06:27,725 is all_predictions is instance of list? True
2024-03-05 21:06:27,725 is all_boxes is instance of list? True
2024-03-05 21:06:27,725 is all_confidences is instance of list? True
2024-03-05 21:06:27,725 is all_text is instance of list? True
2024-03-05 21:06:27,726 is label2id is instance of dict? True
2024-03-05 21:06:27,726 is id2label is instance of dict? True
2024-03-05 21:06:27,728 is label2color is instance of dict? True
2024-03-05 21:06:27,729 label2color : {'transaction_date': '#1DF27C', 'beneficiary_bank_swift': '#153A1C', 'unit': '#940606', 'gross_weight': '#3BB886', 'payment_terms': '#E493C6', 'date_of_invoice': '#548F46', 'lc_ref_no': '#4D1B26', 'order_date': '#6FF507', 'invoice_tax_amount': '#10C2A9', 'shipper_name': '#28784D', 'freight_charges': '#10D3CE', 'tolerance_of_quantity': '#9519B8', 'O': '#C1CBE4', 'transport_details': '#7E37CF', 'place_of_receipt': '#DB9EA2', 'country_of_final_destination': '#EEC9A8', 'notify_party_name': '#B9EA4B', 'remitter_country': '#A5828B', 'beneficiary_country': '#986447', 'final_destination': '#7A913A', 'pre-carriage-by': '#C2C0E7', 'invoice_no': '#CD052F', 'insurance_charges': '#FF356C', 'cosignee_name': '#0630D8', 'tenor_indicator': '#0CEF7E', 'incoterm': '#8B21E5', 'original_or_copy': '#A60476', 'page_no': '#F17403', 'vessel_flight_no': '#B07186', 'beneficiary_bank_identifier': '#BABD8F', 'port_of_loading': '#CC9DFD', 'awb_number': '#2FBF67', 'transaction_amonunt_value': '#69A9D4', 'shipper_address': '#94F241', 'goods_description': '#268CFD', 'consignor_name': '#F123D5', 'stamp': '#9A8BC4', 'bill_of_lading_no': '#D9F861', 'transhipment': '#2E67AB', 'invoice_due_date': '#AC022B', 'indicator_type': '#548C0C', 'importer_your_ref_no': '#9F39AA', 'rate_per_unit': '#5F0A29', 'beneficiary_bank_country': '#D2A8DD', 'notify_party_country': '#4E4B66', 'beneficiary_drawer_exporter_seller_supplier_tin': '#02E7C2', 'signature': '#D5B8DE', 'invoice_amount': '#A652BB', 'lc_date': '#31775C', 'advance_amount': '#73F6D2', 'beneficiary_address': '#711058', 'signature_of_the_issuer': '#32114D', 'beneficiary_account_number': '#56683D', 'signed_by': '#96C76D', 'from': '#C2DFB6', 'exporter_our_ref_no': '#EE71D6', 'remitter_drawee_applicant_importer_buyer_name': '#B57E17', 'packaging_description': '#292615', 'notify_party_address': '#1D57A9', 'hs_code_no': '#F21D4A', 'beneficiary_iban_number': '#924B0E', 'beneficiary_drawer_exporter_seller_supplier_name': '#BD12C6', 'beneficiary_bank_name': '#B393B0', 'delivery_terms': '#0E59B7', 'total_quantity_of_goods': '#BBC01B', 'dimension': '#B59596', 'invoice_amount_in_words': '#BC4E62', 'invoice_discount_ccy': '#E97F38', 'declaration_by_issuer': '#3FC05C', 'port_of_discharge': '#28E3D9', 'total_pages': '#9BBC75', 'usance_tenor': '#BD3CF2', 'amount_due': '#68D5D2', 'purchase_order_no_and_agreement_ref_no': '#0E58AB', 'vessel_name': '#D86B0D', 'indicator_date': '#DF7AC2', 'invoice_tax_ccy': '#CE8957', 'mode_of_despatch': '#0EC194', 'net_weight': '#976757', 'awb_date': '#D08C4E', 'country_of_origin_of_goods': '#0CFCE0', 'invoice_currency': '#997A99', 'bill_of_lading_date': '#510ECB', 'shipment_date': '#83532A', 'consignee_address': '#F4697A', 'invoice_discount_amount': '#88E610', 'transaction_currency': '#8C28A2', 'consignor_country': '#5EDBA5', 'to': '#110B63', 'consignor_address': '#A32F6A', 'remitter_address': '#59910C', 'drawer_ref_no': '#D497E0', 'tenor_type': '#1AD4B9', 'presentation_period': '#22235A'}
2024-03-05 21:06:27,796 is result_set is instance of dict? True
2024-03-05 21:06:27,798 is final_result_set is instance of dict? True
2024-03-05 21:06:28,156 Time taken for page 1 of Proforma_Invoice(2013_04_17_14_00_41_9003)_303_0.png:0:00:06.609059
2024-03-05 21:06:28,208 *****Generated All Pages****** for Proforma_Invoice(2013_04_17_14_00_41_9003)_303_0.png
2024-03-05 21:06:28,209 RAM memory 93.4 used for Proforma_Invoice(2013_04_17_14_00_41_9003)_303_0.png Generating All Pages:
2024-03-05 21:06:28,209 Processing time taken for all pages of Proforma_Invoice(2013_04_17_14_00_41_9003)_303_0.png1:0:00:06.678082
