2024-04-29 02:14:56,358 checkpoint 1 => setting basis cofiguration for logging purposes
2024-04-29 02:14:56,359 start time: 2024-04-29 02:14:56.359482
2024-04-29 02:14:59,179 Starting new HTTPS connection (1): huggingface.co:443
2024-04-29 02:14:59,957 https://huggingface.co:443 "HEAD /microsoft/layoutlmv2-base-uncased/resolve/main/preprocessor_config.json HTTP/1.1" 200 0
2024-04-29 02:15:00,776 https://huggingface.co:443 "HEAD /microsoft/layoutlmv2-base-uncased/resolve/main/tokenizer_config.json HTTP/1.1" 404 0
2024-04-29 02:15:01,083 https://huggingface.co:443 "HEAD /microsoft/layoutlmv2-base-uncased/resolve/main/vocab.txt HTTP/1.1" 200 0
2024-04-29 02:15:01,110 RAM memory for Model loading used: 61.8
2024-04-29 02:15:01,110 cpu_utilization % for Model Loading:24.1
2024-04-29 02:15:01,110 memory_consumption in bytes for Loading Model:912707584
2024-04-29 02:15:01,110 Loaded Model successfully
2024-04-29 02:15:01,111 file name is:Bill_of_Exchange_44_0.png
2024-04-29 02:15:01,111 folder path :Images
2024-04-29 02:15:01,111 Calling Image result
2024-04-29 02:15:01,111 is all_page_result is instance of dict? True
2024-04-29 02:15:01,114 STREAM b'IHDR' 16 13
2024-04-29 02:15:01,114 STREAM b'pHYs' 41 9
2024-04-29 02:15:01,114 STREAM b'IDAT' 62 98834
2024-04-29 02:15:01,124 is words is instance of list? True
2024-04-29 02:15:01,124 is bboxes is instance of list? True
2024-04-29 02:15:01,125 is bounding_boxes is instance of list? True
2024-04-29 02:15:01,178 is input_id_chunks is instance of list? True
2024-04-29 02:15:01,178 is mask_chunks is instance of list? True
2024-04-29 02:15:01,178 is bbox_chunks is instance of list? True
2024-04-29 02:15:01,178 is image_chunks is instance of list? True
2024-04-29 02:15:01,179 is input_dict is instance of dict? True
2024-04-29 02:15:02,386 Model Called
2024-04-29 02:15:02,386 RAM memory 67.8 used for Bill_of_Exchange_44_0.png:
2024-04-29 02:15:02,386 is all_predictions is instance of list? True
2024-04-29 02:15:02,386 is all_boxes is instance of list? True
2024-04-29 02:15:02,386 is all_confidences is instance of list? True
2024-04-29 02:15:02,386 is all_text is instance of list? True
2024-04-29 02:15:02,387 is label2id is instance of dict? True
2024-04-29 02:15:02,387 is id2label is instance of dict? True
2024-04-29 02:15:02,387 is label2color is instance of dict? True
2024-04-29 02:15:02,388 label2color : {'tenor_type': '#75DA7B', 'invoice_due_date': '#086B04', 'diclaration_by': '#6C4A7F', 'invoice_amount': '#D048E2', 'original_or_copy': '#BCFB2A', 'boe_currency': '#39A898', 'lc_ref_no': '#59C1AA', 'boe_amount': '#5FA46C', 'indicator_date': '#C2FD6D', 'tenore_details': '#A2824A', 'lc_date': '#73EAF8', 'issuing_bank': '#137CF8', 'drawer_name': '#FDC314', 'stamp': '#0B1ACB', 'drawer_bank_address': '#4FFC3B', 'drawer_address': '#8B8C11', 'drawee_name': '#5CEA08', 'country_of_origin': '#66B1F1', 'tenor_indicator': '#F5488E', 'bill_exchange_no': '#3893E8', 'drawee_bank_address': '#28D08C', 'issuing_bank_address': '#0D89A5', 'bill_exchange_date': '#197BF4', 'goods_discription': '#47CF72', 'drawer_bank_name': '#0085A4', 'indicator_type': '#72B741', 'drawee_bank_name': '#EF1DA0', 'usance_tenor': '#326ED0', 'signature': '#76669D', 'invoice_no': '#323F28', 'original_number': '#387E45', 'drawee_address': '#DEF1CC', 'invoice_date': '#B0887F', 'issue_place': '#19E152', 'invoice_currency': '#6556A6', 'O': '#635BC3', 'amount_in_words': '#C78827'}
2024-04-29 02:15:02,412 is result_set is instance of dict? True
2024-04-29 02:15:02,413 is final_result_set is instance of dict? True
2024-04-29 02:15:02,502 Time taken for page 1 of Bill_of_Exchange_44_0.png:0:00:01.387798
2024-04-29 02:15:02,532 *****Generated All Pages****** for Bill_of_Exchange_44_0.png
2024-04-29 02:15:02,532 RAM memory 68.0 used for Bill_of_Exchange_44_0.png Generating All Pages:
2024-04-29 02:15:02,532 Processing time taken for all pages of Bill_of_Exchange_44_0.png1:0:00:01.421710
