2024-04-29 23:32:40,802 checkpoint 1 => setting basis cofiguration for logging purposes
2024-04-29 23:32:40,804 start time: 2024-04-29 23:32:40.804010
2024-04-29 23:32:44,869 Starting new HTTPS connection (1): huggingface.co:443
2024-04-29 23:32:45,820 https://huggingface.co:443 "HEAD /microsoft/layoutlmv2-base-uncased/resolve/main/preprocessor_config.json HTTP/1.1" 200 0
2024-04-29 23:32:46,741 https://huggingface.co:443 "HEAD /microsoft/layoutlmv2-base-uncased/resolve/main/tokenizer_config.json HTTP/1.1" 404 0
2024-04-29 23:32:47,462 https://huggingface.co:443 "HEAD /microsoft/layoutlmv2-base-uncased/resolve/main/vocab.txt HTTP/1.1" 200 0
2024-04-29 23:32:47,509 RAM memory for Model loading used: 48.6
2024-04-29 23:32:47,509 cpu_utilization % for Model Loading:-58.5
2024-04-29 23:32:47,509 memory_consumption in bytes for Loading Model:912015360
2024-04-29 23:32:47,509 Loaded Model successfully
2024-04-29 23:32:47,510 file name is:Bill_of_lading_1029_page_6.png
2024-04-29 23:32:47,510 folder path :Images
2024-04-29 23:32:47,510 Calling Image result
2024-04-29 23:32:47,510 is all_page_result is instance of dict? True
2024-04-29 23:32:47,518 STREAM b'IHDR' 16 13
2024-04-29 23:32:47,518 STREAM b'PLTE' 41 768
2024-04-29 23:32:47,518 STREAM b'IDAT' 821 65536
2024-04-29 23:32:47,542 is words is instance of list? True
2024-04-29 23:32:47,542 is bboxes is instance of list? True
2024-04-29 23:32:47,542 is bounding_boxes is instance of list? True
2024-04-29 23:32:47,653 is input_id_chunks is instance of list? True
2024-04-29 23:32:47,653 is mask_chunks is instance of list? True
2024-04-29 23:32:47,653 is bbox_chunks is instance of list? True
2024-04-29 23:32:47,653 is image_chunks is instance of list? True
2024-04-29 23:32:47,655 is input_dict is instance of dict? True
2024-04-29 23:32:49,659 Model Called
2024-04-29 23:32:49,659 RAM memory 54.5 used for Bill_of_lading_1029_page_6.png:
2024-04-29 23:32:49,659 is all_predictions is instance of list? True
2024-04-29 23:32:49,659 is all_boxes is instance of list? True
2024-04-29 23:32:49,659 is all_confidences is instance of list? True
2024-04-29 23:32:49,660 is all_text is instance of list? True
2024-04-29 23:32:49,660 is label2id is instance of dict? True
2024-04-29 23:32:49,660 is id2label is instance of dict? True
2024-04-29 23:32:49,661 is label2color is instance of dict? True
2024-04-29 23:32:49,661 label2color : {'stamp': '#222487', 'bol_original_or_copy': '#E3D426', 'vessel_name': '#D7F633', 'shipped_onboard_date': '#DD6A2F', 'final_destination': '#3A3529', 'measurement': '#9C810F', 'country_of_origin': '#C147AE', 'bol_original_number': '#A7F875', 'net_weight': '#467494', 'signed_by_carrier': '#E7BCD4', 'gross_weight': '#2E6EEE', 'carrier_country': '#6D2F16', 'port_of_discharge': '#7D7626', 'goods_quantity': '#806408', 'notify_party_name': '#4550B3', 'port_of_loading': '#A71E68', 'shipper_address': '#2A026B', 'place_of_issue': '#DEB4DA', 'agent_country': '#EA352E', 'freight_collect_at': '#3ED08A', 'place_of_receipt': '#8B106C', 'voyage_number': '#5DEA7C', 'signature': '#4F357F', 'consignee_name': '#E102F0', 'consignee_address': '#F67AFF', 'bill_of_lading_issue_date': '#E43D91', 'mode_of_transport': '#4B7C1B', 'shipper_name': '#68BC03', 'signed_By_agent': '#3BE6E5', 'container_number': '#B26BB1', 'transaction_date': '#830075', 'notify_party_address': '#5A6F5D', 'goods_marks_and_nos': '#714EF6', 'goods_description': '#60888B', 'lc_date': '#F295DE', 'dimension': '#61AA5D', 'agent_name': '#2421BC', 'carrier_name': '#3F02E8', 'O': '#8B5F01', 'lc_ref_number': '#D02BF1', 'pre_carriage_by': '#96EAC5', 'page_no': '#F8262F', 'total_original_no': '#910402', 'freight_collect_or_prepaid': '#6A8994', 'signed_by_master': '#1C05AA', 'bill_of_lading_number': '#39075D'}
2024-04-29 23:32:49,711 is result_set is instance of dict? True
2024-04-29 23:32:49,713 is final_result_set is instance of dict? True
