2024-03-14 10:33:08,052 checkpoint 1 => setting basis cofiguration for logging purposes
2024-03-14 10:33:08,053 start time: 2024-03-14 10:33:08.053361
2024-03-14 10:33:11,806 Falling back to TensorFlow client; we recommended you install the Cloud TPU client directly with pip install cloud-tpu-client.
2024-03-14 10:33:12,018 Creating converter from 7 to 5
2024-03-14 10:33:12,018 Creating converter from 5 to 7
2024-03-14 10:33:12,018 Creating converter from 7 to 5
2024-03-14 10:33:12,019 Creating converter from 5 to 7
2024-03-14 10:33:12,672 Starting new HTTPS connection (1): huggingface.co:443
2024-03-14 10:33:13,421 https://huggingface.co:443 "HEAD /microsoft/layoutlmv2-base-uncased/resolve/main/preprocessor_config.json HTTP/1.1" 200 0
2024-03-14 10:33:14,362 https://huggingface.co:443 "HEAD /microsoft/layoutlmv2-base-uncased/resolve/main/tokenizer_config.json HTTP/1.1" 404 0
2024-03-14 10:33:14,704 https://huggingface.co:443 "HEAD /microsoft/layoutlmv2-base-uncased/resolve/main/vocab.txt HTTP/1.1" 200 0
2024-03-14 10:33:14,761 RAM memory for Model loading used: 36.4
2024-03-14 10:33:14,761 cpu_utilization % for Model Loading:-39.5
2024-03-14 10:33:14,761 memory_consumption in bytes for Loading Model:1155465216
2024-03-14 10:33:14,761 Loaded Model successfully
2024-03-14 10:33:14,762 file name is:Bill_Of_Landing_411_page_1.png
2024-03-14 10:33:14,762 folder path :Images
2024-03-14 10:33:14,762 Calling Image result
2024-03-14 10:33:14,762 is all_page_result is instance of dict? True
2024-03-14 10:33:14,769 STREAM b'IHDR' 16 13
2024-03-14 10:33:14,769 STREAM b'IDAT' 41 64281
2024-03-14 10:33:14,813 *****Generated All Pages****** for Bill_Of_Landing_411_page_1.png
2024-03-14 10:33:14,814 RAM memory 36.7 used for Bill_Of_Landing_411_page_1.png Generating All Pages:
2024-03-14 10:33:14,814 Processing time taken for all pages of Bill_Of_Landing_411_page_1.png1:0:00:00.052180
2024-03-14 10:33:14,951 file name is:Bill_Of_Landing_774_page_4.png
2024-03-14 10:33:14,951 folder path :Images
2024-03-14 10:33:14,951 Calling Image result
2024-03-14 10:33:14,951 is all_page_result is instance of dict? True
2024-03-14 10:33:14,962 STREAM b'IHDR' 16 13
2024-03-14 10:33:14,962 STREAM b'IDAT' 41 65536
2024-03-14 10:33:15,057 *****Generated All Pages****** for Bill_Of_Landing_774_page_4.png
2024-03-14 10:33:15,057 RAM memory 37.3 used for Bill_Of_Landing_774_page_4.png Generating All Pages:
2024-03-14 10:33:15,057 Processing time taken for all pages of Bill_Of_Landing_774_page_4.png1:0:00:00.105669
2024-03-14 10:33:15,181 file name is:Bill_Of_Landing_530_page_1.png
2024-03-14 10:33:15,181 folder path :Images
2024-03-14 10:33:15,181 Calling Image result
2024-03-14 10:33:15,181 is all_page_result is instance of dict? True
2024-03-14 10:33:15,191 STREAM b'IHDR' 16 13
2024-03-14 10:33:15,191 STREAM b'IDAT' 41 23120
2024-03-14 10:33:15,204 *****Generated All Pages****** for Bill_Of_Landing_530_page_1.png
2024-03-14 10:33:15,204 RAM memory 36.5 used for Bill_Of_Landing_530_page_1.png Generating All Pages:
2024-03-14 10:33:15,204 Processing time taken for all pages of Bill_Of_Landing_530_page_1.png1:0:00:00.023434
2024-03-14 10:33:15,334 file name is:Bill_Of_Landing_562_page_1.png
2024-03-14 10:33:15,334 folder path :Images
2024-03-14 10:33:15,334 Calling Image result
2024-03-14 10:33:15,334 is all_page_result is instance of dict? True
2024-03-14 10:33:15,344 STREAM b'IHDR' 16 13
2024-03-14 10:33:15,345 STREAM b'IDAT' 41 59485
2024-03-14 10:33:15,383 *****Generated All Pages****** for Bill_Of_Landing_562_page_1.png
2024-03-14 10:33:15,383 RAM memory 36.8 used for Bill_Of_Landing_562_page_1.png Generating All Pages:
2024-03-14 10:33:15,384 Processing time taken for all pages of Bill_Of_Landing_562_page_1.png1:0:00:00.049704
2024-03-14 10:33:15,509 file name is:Bill_Of_Landing_679_page_0.png
2024-03-14 10:33:15,509 folder path :Images
2024-03-14 10:33:15,509 Calling Image result
2024-03-14 10:33:15,509 is all_page_result is instance of dict? True
2024-03-14 10:33:15,520 STREAM b'IHDR' 16 13
2024-03-14 10:33:15,520 STREAM b'IDAT' 41 65536
2024-03-14 10:33:15,617 *****Generated All Pages****** for Bill_Of_Landing_679_page_0.png
2024-03-14 10:33:15,617 RAM memory 37.4 used for Bill_Of_Landing_679_page_0.png Generating All Pages:
2024-03-14 10:33:15,617 Processing time taken for all pages of Bill_Of_Landing_679_page_0.png1:0:00:00.108384
2024-03-14 10:33:15,745 file name is:Bill_Of_Landing_784_page_0.png
2024-03-14 10:33:15,745 folder path :Images
2024-03-14 10:33:15,745 Calling Image result
2024-03-14 10:33:15,745 is all_page_result is instance of dict? True
2024-03-14 10:33:15,756 STREAM b'IHDR' 16 13
2024-03-14 10:33:15,756 STREAM b'IDAT' 41 65536
2024-03-14 10:33:15,792 *****Generated All Pages****** for Bill_Of_Landing_784_page_0.png
2024-03-14 10:33:15,793 RAM memory 36.8 used for Bill_Of_Landing_784_page_0.png Generating All Pages:
2024-03-14 10:33:15,793 Processing time taken for all pages of Bill_Of_Landing_784_page_0.png1:0:00:00.047385
2024-03-14 10:33:15,922 file name is:Bill_Of_Landing_562_page_13.png
2024-03-14 10:33:15,922 folder path :Images
2024-03-14 10:33:15,922 Calling Image result
2024-03-14 10:33:15,922 is all_page_result is instance of dict? True
2024-03-14 10:33:15,932 STREAM b'IHDR' 16 13
2024-03-14 10:33:15,933 STREAM b'IDAT' 41 65536
2024-03-14 10:33:15,974 *****Generated All Pages****** for Bill_Of_Landing_562_page_13.png
2024-03-14 10:33:15,974 RAM memory 36.8 used for Bill_Of_Landing_562_page_13.png Generating All Pages:
2024-03-14 10:33:15,974 Processing time taken for all pages of Bill_Of_Landing_562_page_13.png1:0:00:00.052769
2024-03-14 10:33:16,097 file name is:Bill_Of_Landing_555_page_0.png
2024-03-14 10:33:16,097 folder path :Images
2024-03-14 10:33:16,097 Calling Image result
2024-03-14 10:33:16,097 is all_page_result is instance of dict? True
2024-03-14 10:33:16,108 STREAM b'IHDR' 16 13
2024-03-14 10:33:16,108 STREAM b'IDAT' 41 65536
2024-03-14 10:33:16,144 *****Generated All Pages****** for Bill_Of_Landing_555_page_0.png
2024-03-14 10:33:16,144 RAM memory 36.8 used for Bill_Of_Landing_555_page_0.png Generating All Pages:
2024-03-14 10:33:16,144 Processing time taken for all pages of Bill_Of_Landing_555_page_0.png1:0:00:00.047216
2024-03-14 10:33:16,274 file name is:Bill_Of_Landing_899_page_20.png
2024-03-14 10:33:16,274 folder path :Images
2024-03-14 10:33:16,274 Calling Image result
2024-03-14 10:33:16,274 is all_page_result is instance of dict? True
2024-03-14 10:33:16,285 STREAM b'IHDR' 16 13
2024-03-14 10:33:16,285 STREAM b'IDAT' 41 65536
2024-03-14 10:33:16,321 *****Generated All Pages****** for Bill_Of_Landing_899_page_20.png
2024-03-14 10:33:16,321 RAM memory 36.8 used for Bill_Of_Landing_899_page_20.png Generating All Pages:
2024-03-14 10:33:16,321 Processing time taken for all pages of Bill_Of_Landing_899_page_20.png1:0:00:00.046809
2024-03-14 10:33:16,449 file name is:Bill_Of_Landing_511_page_0.png
2024-03-14 10:33:16,449 folder path :Images
2024-03-14 10:33:16,449 Calling Image result
2024-03-14 10:33:16,449 is all_page_result is instance of dict? True
2024-03-14 10:33:16,450 STREAM b'IHDR' 16 13
2024-03-14 10:33:16,450 STREAM b'IDAT' 41 65536
2024-03-14 10:33:16,484 *****Generated All Pages****** for Bill_Of_Landing_511_page_0.png
2024-03-14 10:33:16,485 RAM memory 36.8 used for Bill_Of_Landing_511_page_0.png Generating All Pages:
2024-03-14 10:33:16,485 Processing time taken for all pages of Bill_Of_Landing_511_page_0.png1:0:00:00.035516
2024-03-14 10:33:16,613 file name is:Bill_Of_Landing_562_page_26.png
2024-03-14 10:33:16,613 folder path :Images
2024-03-14 10:33:16,613 Calling Image result
2024-03-14 10:33:16,613 is all_page_result is instance of dict? True
2024-03-14 10:33:16,624 STREAM b'IHDR' 16 13
2024-03-14 10:33:16,624 STREAM b'IDAT' 41 65536
2024-03-14 10:33:16,660 *****Generated All Pages****** for Bill_Of_Landing_562_page_26.png
2024-03-14 10:33:16,661 RAM memory 36.8 used for Bill_Of_Landing_562_page_26.png Generating All Pages:
2024-03-14 10:33:16,661 Processing time taken for all pages of Bill_Of_Landing_562_page_26.png1:0:00:00.047508
2024-03-14 10:33:16,788 file name is:Bill_Of_Landing_418_page_7.png
2024-03-14 10:33:16,789 folder path :Images
2024-03-14 10:33:16,789 Calling Image result
2024-03-14 10:33:16,789 is all_page_result is instance of dict? True
2024-03-14 10:33:16,799 STREAM b'IHDR' 16 13
2024-03-14 10:33:16,799 STREAM b'IDAT' 41 65536
2024-03-14 10:33:16,838 *****Generated All Pages****** for Bill_Of_Landing_418_page_7.png
2024-03-14 10:33:16,838 RAM memory 36.8 used for Bill_Of_Landing_418_page_7.png Generating All Pages:
2024-03-14 10:33:16,838 Processing time taken for all pages of Bill_Of_Landing_418_page_7.png1:0:00:00.049540
2024-03-14 10:33:16,966 file name is:Bill_Of_Landing_562_page_7.png
2024-03-14 10:33:16,966 folder path :Images
2024-03-14 10:33:16,966 Calling Image result
2024-03-14 10:33:16,966 is all_page_result is instance of dict? True
2024-03-14 10:33:16,977 STREAM b'IHDR' 16 13
2024-03-14 10:33:16,977 STREAM b'IDAT' 41 63516
2024-03-14 10:33:17,014 *****Generated All Pages****** for Bill_Of_Landing_562_page_7.png
2024-03-14 10:33:17,015 RAM memory 36.6 used for Bill_Of_Landing_562_page_7.png Generating All Pages:
2024-03-14 10:33:17,015 Processing time taken for all pages of Bill_Of_Landing_562_page_7.png1:0:00:00.048321
2024-03-14 10:33:17,145 file name is:Bill_Of_Landing_760_page_0.png
2024-03-14 10:33:17,145 folder path :Images
2024-03-14 10:33:17,145 Calling Image result
2024-03-14 10:33:17,145 is all_page_result is instance of dict? True
2024-03-14 10:33:17,155 STREAM b'IHDR' 16 13
2024-03-14 10:33:17,156 STREAM b'IDAT' 41 65536
2024-03-14 10:33:17,259 *****Generated All Pages****** for Bill_Of_Landing_760_page_0.png
2024-03-14 10:33:17,259 RAM memory 37.3 used for Bill_Of_Landing_760_page_0.png Generating All Pages:
2024-03-14 10:33:17,259 Processing time taken for all pages of Bill_Of_Landing_760_page_0.png1:0:00:00.114386
2024-03-14 10:33:17,387 file name is:Bill_Of_Landing_511_page_4.png
2024-03-14 10:33:17,387 folder path :Images
2024-03-14 10:33:17,387 Calling Image result
2024-03-14 10:33:17,387 is all_page_result is instance of dict? True
2024-03-14 10:33:17,397 STREAM b'IHDR' 16 13
2024-03-14 10:33:17,398 STREAM b'IDAT' 41 65536
2024-03-14 10:33:17,436 *****Generated All Pages****** for Bill_Of_Landing_511_page_4.png
2024-03-14 10:33:17,436 RAM memory 36.6 used for Bill_Of_Landing_511_page_4.png Generating All Pages:
2024-03-14 10:33:17,436 Processing time taken for all pages of Bill_Of_Landing_511_page_4.png1:0:00:00.049116
2024-03-14 10:33:17,562 file name is:Bill_Of_Landing_815_page_0.png
2024-03-14 10:33:17,562 folder path :Images
2024-03-14 10:33:17,562 Calling Image result
2024-03-14 10:33:17,562 is all_page_result is instance of dict? True
2024-03-14 10:33:17,573 STREAM b'IHDR' 16 13
2024-03-14 10:33:17,573 STREAM b'IDAT' 41 65536
2024-03-14 10:33:17,743 *****Generated All Pages****** for Bill_Of_Landing_815_page_0.png
2024-03-14 10:33:17,743 RAM memory 38.0 used for Bill_Of_Landing_815_page_0.png Generating All Pages:
2024-03-14 10:33:17,743 Processing time taken for all pages of Bill_Of_Landing_815_page_0.png1:0:00:00.181108
2024-03-14 10:33:17,871 file name is:Bill_Of_Landing_273_page_0.png
2024-03-14 10:33:17,871 folder path :Images
2024-03-14 10:33:17,871 Calling Image result
2024-03-14 10:33:17,871 is all_page_result is instance of dict? True
2024-03-14 10:33:17,881 STREAM b'IHDR' 16 13
2024-03-14 10:33:17,882 STREAM b'IDAT' 41 57869
2024-03-14 10:33:17,919 *****Generated All Pages****** for Bill_Of_Landing_273_page_0.png
2024-03-14 10:33:17,919 RAM memory 36.8 used for Bill_Of_Landing_273_page_0.png Generating All Pages:
2024-03-14 10:33:17,919 Processing time taken for all pages of Bill_Of_Landing_273_page_0.png1:0:00:00.048410
2024-03-14 10:33:18,047 file name is:Bill_Of_Landing_424_page_4.png
2024-03-14 10:33:18,047 folder path :Images
2024-03-14 10:33:18,047 Calling Image result
2024-03-14 10:33:18,047 is all_page_result is instance of dict? True
2024-03-14 10:33:18,058 STREAM b'IHDR' 16 13
2024-03-14 10:33:18,058 STREAM b'IDAT' 41 61880
2024-03-14 10:33:18,094 *****Generated All Pages****** for Bill_Of_Landing_424_page_4.png
2024-03-14 10:33:18,095 RAM memory 36.8 used for Bill_Of_Landing_424_page_4.png Generating All Pages:
2024-03-14 10:33:18,095 Processing time taken for all pages of Bill_Of_Landing_424_page_4.png1:0:00:00.047775
2024-03-14 10:33:18,230 file name is:Bill_Of_Landing_429_page_0.png
2024-03-14 10:33:18,230 folder path :Images
2024-03-14 10:33:18,230 Calling Image result
2024-03-14 10:33:18,230 is all_page_result is instance of dict? True
2024-03-14 10:33:18,241 STREAM b'IHDR' 16 13
2024-03-14 10:33:18,241 STREAM b'IDAT' 41 65536
2024-03-14 10:33:18,275 *****Generated All Pages****** for Bill_Of_Landing_429_page_0.png
2024-03-14 10:33:18,275 RAM memory 36.8 used for Bill_Of_Landing_429_page_0.png Generating All Pages:
2024-03-14 10:33:18,275 Processing time taken for all pages of Bill_Of_Landing_429_page_0.png1:0:00:00.044783
2024-03-14 10:33:18,407 file name is:Bill_Of_Landing_562_page_6.png
2024-03-14 10:33:18,407 folder path :Images
2024-03-14 10:33:18,407 Calling Image result
2024-03-14 10:33:18,407 is all_page_result is instance of dict? True
2024-03-14 10:33:18,418 STREAM b'IHDR' 16 13
2024-03-14 10:33:18,418 STREAM b'IDAT' 41 63691
2024-03-14 10:33:18,457 *****Generated All Pages****** for Bill_Of_Landing_562_page_6.png
2024-03-14 10:33:18,458 RAM memory 37.0 used for Bill_Of_Landing_562_page_6.png Generating All Pages:
2024-03-14 10:33:18,458 Processing time taken for all pages of Bill_Of_Landing_562_page_6.png1:0:00:00.050417
2024-03-14 10:33:18,581 file name is:Bill_Of_Landing_357_page_0.png
2024-03-14 10:33:18,581 folder path :Images
2024-03-14 10:33:18,581 Calling Image result
2024-03-14 10:33:18,581 is all_page_result is instance of dict? True
2024-03-14 10:33:18,592 STREAM b'IHDR' 16 13
2024-03-14 10:33:18,592 STREAM b'IDAT' 41 65536
2024-03-14 10:33:18,626 *****Generated All Pages****** for Bill_Of_Landing_357_page_0.png
2024-03-14 10:33:18,626 RAM memory 36.9 used for Bill_Of_Landing_357_page_0.png Generating All Pages:
2024-03-14 10:33:18,626 Processing time taken for all pages of Bill_Of_Landing_357_page_0.png1:0:00:00.045100
2024-03-14 10:33:18,757 file name is:Bill_Of_Landing_816_page_0.png
2024-03-14 10:33:18,758 folder path :Images
2024-03-14 10:33:18,758 Calling Image result
2024-03-14 10:33:18,758 is all_page_result is instance of dict? True
2024-03-14 10:33:18,768 STREAM b'IHDR' 16 13
2024-03-14 10:33:18,769 STREAM b'IDAT' 41 55012
2024-03-14 10:33:18,802 *****Generated All Pages****** for Bill_Of_Landing_816_page_0.png
2024-03-14 10:33:18,802 RAM memory 37.0 used for Bill_Of_Landing_816_page_0.png Generating All Pages:
2024-03-14 10:33:18,803 Processing time taken for all pages of Bill_Of_Landing_816_page_0.png1:0:00:00.044843
2024-03-14 10:33:18,928 file name is:Bill_Of_Landing_562_page_5.png
2024-03-14 10:33:18,928 folder path :Images
2024-03-14 10:33:18,928 Calling Image result
2024-03-14 10:33:18,928 is all_page_result is instance of dict? True
2024-03-14 10:33:18,939 STREAM b'IHDR' 16 13
2024-03-14 10:33:18,939 STREAM b'IDAT' 41 63729
2024-03-14 10:33:18,975 *****Generated All Pages****** for Bill_Of_Landing_562_page_5.png
2024-03-14 10:33:18,975 RAM memory 37.0 used for Bill_Of_Landing_562_page_5.png Generating All Pages:
2024-03-14 10:33:18,975 Processing time taken for all pages of Bill_Of_Landing_562_page_5.png1:0:00:00.047192
2024-03-14 10:33:19,100 file name is:Bill_Of_Landing_486_page_1.png
2024-03-14 10:33:19,100 folder path :Images
2024-03-14 10:33:19,100 Calling Image result
2024-03-14 10:33:19,100 is all_page_result is instance of dict? True
2024-03-14 10:33:19,110 STREAM b'IHDR' 16 13
2024-03-14 10:33:19,111 STREAM b'IDAT' 41 65536
2024-03-14 10:33:19,146 *****Generated All Pages****** for Bill_Of_Landing_486_page_1.png
2024-03-14 10:33:19,146 RAM memory 37.0 used for Bill_Of_Landing_486_page_1.png Generating All Pages:
2024-03-14 10:33:19,146 Processing time taken for all pages of Bill_Of_Landing_486_page_1.png1:0:00:00.046466
2024-03-14 10:33:19,277 file name is:Bill_Of_Landing_578_page_1.png
2024-03-14 10:33:19,277 folder path :Images
2024-03-14 10:33:19,277 Calling Image result
2024-03-14 10:33:19,277 is all_page_result is instance of dict? True
2024-03-14 10:33:19,277 STREAM b'IHDR' 16 13
2024-03-14 10:33:19,278 STREAM b'IDAT' 41 60137
2024-03-14 10:33:19,309 *****Generated All Pages****** for Bill_Of_Landing_578_page_1.png
2024-03-14 10:33:19,309 RAM memory 37.0 used for Bill_Of_Landing_578_page_1.png Generating All Pages:
2024-03-14 10:33:19,309 Processing time taken for all pages of Bill_Of_Landing_578_page_1.png1:0:00:00.032343
2024-03-14 10:33:19,442 file name is:Bill_Of_Landing_562_page_23.png
2024-03-14 10:33:19,443 folder path :Images
2024-03-14 10:33:19,443 Calling Image result
2024-03-14 10:33:19,443 is all_page_result is instance of dict? True
2024-03-14 10:33:19,453 STREAM b'IHDR' 16 13
2024-03-14 10:33:19,453 STREAM b'IDAT' 41 65536
2024-03-14 10:33:19,490 *****Generated All Pages****** for Bill_Of_Landing_562_page_23.png
2024-03-14 10:33:19,490 RAM memory 37.0 used for Bill_Of_Landing_562_page_23.png Generating All Pages:
2024-03-14 10:33:19,490 Processing time taken for all pages of Bill_Of_Landing_562_page_23.png1:0:00:00.047355
2024-03-14 10:33:19,619 file name is:Bill_Of_Landing_511_page_5.png
2024-03-14 10:33:19,619 folder path :Images
2024-03-14 10:33:19,619 Calling Image result
2024-03-14 10:33:19,619 is all_page_result is instance of dict? True
2024-03-14 10:33:19,629 STREAM b'IHDR' 16 13
2024-03-14 10:33:19,630 STREAM b'IDAT' 41 65536
2024-03-14 10:33:19,669 *****Generated All Pages****** for Bill_Of_Landing_511_page_5.png
2024-03-14 10:33:19,669 RAM memory 37.0 used for Bill_Of_Landing_511_page_5.png Generating All Pages:
2024-03-14 10:33:19,670 Processing time taken for all pages of Bill_Of_Landing_511_page_5.png1:0:00:00.050590
2024-03-14 10:33:19,794 file name is:Bill_Of_Landing_609_page_0.png
2024-03-14 10:33:19,794 folder path :Images
2024-03-14 10:33:19,794 Calling Image result
2024-03-14 10:33:19,794 is all_page_result is instance of dict? True
2024-03-14 10:33:19,805 STREAM b'IHDR' 16 13
2024-03-14 10:33:19,805 STREAM b'IDAT' 41 65536
2024-03-14 10:33:19,843 *****Generated All Pages****** for Bill_Of_Landing_609_page_0.png
2024-03-14 10:33:19,843 RAM memory 37.0 used for Bill_Of_Landing_609_page_0.png Generating All Pages:
2024-03-14 10:33:19,843 Processing time taken for all pages of Bill_Of_Landing_609_page_0.png1:0:00:00.048911
2024-03-14 10:33:19,966 file name is:Bill_Of_Landing_562_page_3.png
2024-03-14 10:33:19,966 folder path :Images
2024-03-14 10:33:19,966 Calling Image result
2024-03-14 10:33:19,966 is all_page_result is instance of dict? True
2024-03-14 10:33:19,977 STREAM b'IHDR' 16 13
2024-03-14 10:33:19,977 STREAM b'IDAT' 41 59926
2024-03-14 10:33:20,014 *****Generated All Pages****** for Bill_Of_Landing_562_page_3.png
2024-03-14 10:33:20,014 RAM memory 37.0 used for Bill_Of_Landing_562_page_3.png Generating All Pages:
2024-03-14 10:33:20,015 Processing time taken for all pages of Bill_Of_Landing_562_page_3.png1:0:00:00.048556
2024-03-14 10:33:20,145 file name is:Bill_Of_Landing_815_page_1.png
2024-03-14 10:33:20,145 folder path :Images
2024-03-14 10:33:20,145 Calling Image result
2024-03-14 10:33:20,145 is all_page_result is instance of dict? True
2024-03-14 10:33:20,156 STREAM b'IHDR' 16 13
2024-03-14 10:33:20,156 STREAM b'IDAT' 41 65536
2024-03-14 10:33:20,326 *****Generated All Pages****** for Bill_Of_Landing_815_page_1.png
2024-03-14 10:33:20,327 RAM memory 38.2 used for Bill_Of_Landing_815_page_1.png Generating All Pages:
2024-03-14 10:33:20,327 Processing time taken for all pages of Bill_Of_Landing_815_page_1.png1:0:00:00.181626
2024-03-14 10:33:20,460 file name is:Bill_Of_Landing_263_page_0.png
2024-03-14 10:33:20,460 folder path :Images
2024-03-14 10:33:20,460 Calling Image result
2024-03-14 10:33:20,460 is all_page_result is instance of dict? True
2024-03-14 10:33:20,471 STREAM b'IHDR' 16 13
2024-03-14 10:33:20,471 STREAM b'IDAT' 41 65536
2024-03-14 10:33:20,507 *****Generated All Pages****** for Bill_Of_Landing_263_page_0.png
2024-03-14 10:33:20,507 RAM memory 36.9 used for Bill_Of_Landing_263_page_0.png Generating All Pages:
2024-03-14 10:33:20,507 Processing time taken for all pages of Bill_Of_Landing_263_page_0.png1:0:00:00.046820
2024-03-14 10:33:20,637 file name is:Bill_Of_Landing_456_page_0.png
2024-03-14 10:33:20,637 folder path :Images
2024-03-14 10:33:20,637 Calling Image result
2024-03-14 10:33:20,637 is all_page_result is instance of dict? True
2024-03-14 10:33:20,648 STREAM b'IHDR' 16 13
2024-03-14 10:33:20,648 STREAM b'IDAT' 41 65536
2024-03-14 10:33:20,686 *****Generated All Pages****** for Bill_Of_Landing_456_page_0.png
2024-03-14 10:33:20,686 RAM memory 36.9 used for Bill_Of_Landing_456_page_0.png Generating All Pages:
2024-03-14 10:33:20,686 Processing time taken for all pages of Bill_Of_Landing_456_page_0.png1:0:00:00.048819
2024-03-14 10:33:20,811 file name is:Bill_Of_Landing_633_page_0.png
2024-03-14 10:33:20,811 folder path :Images
2024-03-14 10:33:20,811 Calling Image result
2024-03-14 10:33:20,811 is all_page_result is instance of dict? True
2024-03-14 10:33:20,822 STREAM b'IHDR' 16 13
2024-03-14 10:33:20,822 STREAM b'IDAT' 41 65536
2024-03-14 10:33:20,860 *****Generated All Pages****** for Bill_Of_Landing_633_page_0.png
2024-03-14 10:33:20,860 RAM memory 36.9 used for Bill_Of_Landing_633_page_0.png Generating All Pages:
2024-03-14 10:33:20,860 Processing time taken for all pages of Bill_Of_Landing_633_page_0.png1:0:00:00.049086
2024-03-14 10:33:20,983 file name is:Bill_Of_Landing_511_page_2.png
2024-03-14 10:33:20,983 folder path :Images
2024-03-14 10:33:20,984 Calling Image result
2024-03-14 10:33:20,984 is all_page_result is instance of dict? True
2024-03-14 10:33:20,994 STREAM b'IHDR' 16 13
2024-03-14 10:33:20,995 STREAM b'IDAT' 41 65536
2024-03-14 10:33:21,033 *****Generated All Pages****** for Bill_Of_Landing_511_page_2.png
2024-03-14 10:33:21,033 RAM memory 36.8 used for Bill_Of_Landing_511_page_2.png Generating All Pages:
2024-03-14 10:33:21,033 Processing time taken for all pages of Bill_Of_Landing_511_page_2.png1:0:00:00.049500
2024-03-14 10:33:21,165 file name is:Bill_Of_Landing_349_page_2.png
2024-03-14 10:33:21,165 folder path :Images
2024-03-14 10:33:21,165 Calling Image result
2024-03-14 10:33:21,165 is all_page_result is instance of dict? True
2024-03-14 10:33:21,176 STREAM b'IHDR' 16 13
2024-03-14 10:33:21,176 STREAM b'IDAT' 41 65536
2024-03-14 10:33:21,212 *****Generated All Pages****** for Bill_Of_Landing_349_page_2.png
2024-03-14 10:33:21,212 RAM memory 36.7 used for Bill_Of_Landing_349_page_2.png Generating All Pages:
2024-03-14 10:33:21,212 Processing time taken for all pages of Bill_Of_Landing_349_page_2.png1:0:00:00.046681
2024-03-14 10:33:21,341 file name is:Packing_List_223_page_6.png
2024-03-14 10:33:21,341 folder path :Images
2024-03-14 10:33:21,341 Calling Image result
2024-03-14 10:33:21,341 is all_page_result is instance of dict? True
2024-03-14 10:33:21,352 STREAM b'IHDR' 16 13
2024-03-14 10:33:21,352 STREAM b'IDAT' 41 65536
2024-03-14 10:33:21,392 *****Generated All Pages****** for Packing_List_223_page_6.png
2024-03-14 10:33:21,392 RAM memory 36.8 used for Packing_List_223_page_6.png Generating All Pages:
2024-03-14 10:33:21,392 Processing time taken for all pages of Packing_List_223_page_6.png1:0:00:00.050997
2024-03-14 10:33:21,526 file name is:Bill_Of_Landing_562_page_15.png
2024-03-14 10:33:21,527 folder path :Images
2024-03-14 10:33:21,527 Calling Image result
2024-03-14 10:33:21,527 is all_page_result is instance of dict? True
2024-03-14 10:33:21,537 STREAM b'IHDR' 16 13
2024-03-14 10:33:21,537 STREAM b'IDAT' 41 65536
2024-03-14 10:33:21,576 *****Generated All Pages****** for Bill_Of_Landing_562_page_15.png
2024-03-14 10:33:21,576 RAM memory 37.0 used for Bill_Of_Landing_562_page_15.png Generating All Pages:
2024-03-14 10:33:21,577 Processing time taken for all pages of Bill_Of_Landing_562_page_15.png1:0:00:00.049929
2024-03-14 10:33:21,705 file name is:Packing_List_749_page_1.png
2024-03-14 10:33:21,705 folder path :Images
2024-03-14 10:33:21,705 Calling Image result
2024-03-14 10:33:21,705 is all_page_result is instance of dict? True
2024-03-14 10:33:21,715 STREAM b'IHDR' 16 13
2024-03-14 10:33:21,716 STREAM b'IDAT' 41 65536
2024-03-14 10:33:21,752 *****Generated All Pages****** for Packing_List_749_page_1.png
2024-03-14 10:33:21,753 RAM memory 37.0 used for Packing_List_749_page_1.png Generating All Pages:
2024-03-14 10:33:21,753 Processing time taken for all pages of Packing_List_749_page_1.png1:0:00:00.047772
2024-03-14 10:33:21,878 file name is:Bill_Of_Landing_508_page_0.png
2024-03-14 10:33:21,878 folder path :Images
2024-03-14 10:33:21,879 Calling Image result
2024-03-14 10:33:21,879 is all_page_result is instance of dict? True
2024-03-14 10:33:21,889 STREAM b'IHDR' 16 13
2024-03-14 10:33:21,889 STREAM b'IDAT' 41 65536
2024-03-14 10:33:21,927 *****Generated All Pages****** for Bill_Of_Landing_508_page_0.png
2024-03-14 10:33:21,927 RAM memory 37.0 used for Bill_Of_Landing_508_page_0.png Generating All Pages:
2024-03-14 10:33:21,927 Processing time taken for all pages of Bill_Of_Landing_508_page_0.png1:0:00:00.048365
2024-03-14 10:33:22,051 file name is:Bill_Of_Landing_640_page_0.png
2024-03-14 10:33:22,051 folder path :Images
2024-03-14 10:33:22,051 Calling Image result
2024-03-14 10:33:22,051 is all_page_result is instance of dict? True
2024-03-14 10:33:22,062 STREAM b'IHDR' 16 13
2024-03-14 10:33:22,062 STREAM b'IDAT' 41 65536
2024-03-14 10:33:22,099 *****Generated All Pages****** for Bill_Of_Landing_640_page_0.png
2024-03-14 10:33:22,099 RAM memory 37.0 used for Bill_Of_Landing_640_page_0.png Generating All Pages:
2024-03-14 10:33:22,099 Processing time taken for all pages of Bill_Of_Landing_640_page_0.png1:0:00:00.048136
2024-03-14 10:33:22,228 file name is:Bill_Of_Landing_270_page_3.png
2024-03-14 10:33:22,228 folder path :Images
2024-03-14 10:33:22,228 Calling Image result
2024-03-14 10:33:22,228 is all_page_result is instance of dict? True
2024-03-14 10:33:22,238 STREAM b'IHDR' 16 13
2024-03-14 10:33:22,239 STREAM b'IDAT' 41 65536
2024-03-14 10:33:22,276 *****Generated All Pages****** for Bill_Of_Landing_270_page_3.png
2024-03-14 10:33:22,276 RAM memory 37.0 used for Bill_Of_Landing_270_page_3.png Generating All Pages:
2024-03-14 10:33:22,276 Processing time taken for all pages of Bill_Of_Landing_270_page_3.png1:0:00:00.048448
2024-03-14 10:33:22,403 file name is:Bill_Of_Landing_806_page_0.png
2024-03-14 10:33:22,403 folder path :Images
2024-03-14 10:33:22,404 Calling Image result
2024-03-14 10:33:22,404 is all_page_result is instance of dict? True
2024-03-14 10:33:22,414 STREAM b'IHDR' 16 13
2024-03-14 10:33:22,414 STREAM b'IDAT' 41 62008
2024-03-14 10:33:22,452 *****Generated All Pages****** for Bill_Of_Landing_806_page_0.png
2024-03-14 10:33:22,452 RAM memory 37.0 used for Bill_Of_Landing_806_page_0.png Generating All Pages:
2024-03-14 10:33:22,452 Processing time taken for all pages of Bill_Of_Landing_806_page_0.png1:0:00:00.048544
2024-03-14 10:33:22,582 file name is:Bill_Of_Landing_418_page_6.png
2024-03-14 10:33:22,582 folder path :Images
2024-03-14 10:33:22,582 Calling Image result
2024-03-14 10:33:22,582 is all_page_result is instance of dict? True
2024-03-14 10:33:22,592 STREAM b'IHDR' 16 13
2024-03-14 10:33:22,593 STREAM b'IDAT' 41 65536
2024-03-14 10:33:22,628 *****Generated All Pages****** for Bill_Of_Landing_418_page_6.png
2024-03-14 10:33:22,628 RAM memory 37.0 used for Bill_Of_Landing_418_page_6.png Generating All Pages:
2024-03-14 10:33:22,628 Processing time taken for all pages of Bill_Of_Landing_418_page_6.png1:0:00:00.046400
2024-03-14 10:33:22,770 file name is:Bill_Of_Landing_562_page_24.png
2024-03-14 10:33:22,771 folder path :Images
2024-03-14 10:33:22,771 Calling Image result
2024-03-14 10:33:22,771 is all_page_result is instance of dict? True
2024-03-14 10:33:22,781 STREAM b'IHDR' 16 13
2024-03-14 10:33:22,781 STREAM b'IDAT' 41 65536
2024-03-14 10:33:22,815 *****Generated All Pages****** for Bill_Of_Landing_562_page_24.png
2024-03-14 10:33:22,816 RAM memory 36.9 used for Bill_Of_Landing_562_page_24.png Generating All Pages:
2024-03-14 10:33:22,816 Processing time taken for all pages of Bill_Of_Landing_562_page_24.png1:0:00:00.045003
2024-03-14 10:33:22,972 file name is:Bill_Of_Landing_743_page_0.png
2024-03-14 10:33:22,972 folder path :Images
2024-03-14 10:33:22,972 Calling Image result
2024-03-14 10:33:22,972 is all_page_result is instance of dict? True
2024-03-14 10:33:22,983 STREAM b'IHDR' 16 13
2024-03-14 10:33:22,983 STREAM b'IDAT' 41 65536
2024-03-14 10:33:23,067 *****Generated All Pages****** for Bill_Of_Landing_743_page_0.png
2024-03-14 10:33:23,068 RAM memory 37.6 used for Bill_Of_Landing_743_page_0.png Generating All Pages:
2024-03-14 10:33:23,068 Processing time taken for all pages of Bill_Of_Landing_743_page_0.png1:0:00:00.095951
2024-03-14 10:33:23,203 file name is:Bill_Of_Landing_424_page_5.png
2024-03-14 10:33:23,203 folder path :Images
2024-03-14 10:33:23,203 Calling Image result
2024-03-14 10:33:23,203 is all_page_result is instance of dict? True
2024-03-14 10:33:23,213 STREAM b'IHDR' 16 13
2024-03-14 10:33:23,214 STREAM b'IDAT' 41 62380
2024-03-14 10:33:23,247 *****Generated All Pages****** for Bill_Of_Landing_424_page_5.png
2024-03-14 10:33:23,247 RAM memory 37.1 used for Bill_Of_Landing_424_page_5.png Generating All Pages:
2024-03-14 10:33:23,248 Processing time taken for all pages of Bill_Of_Landing_424_page_5.png1:0:00:00.044830
2024-03-14 10:33:23,374 file name is:Bill_Of_Landing_418_page_8.png
2024-03-14 10:33:23,374 folder path :Images
2024-03-14 10:33:23,374 Calling Image result
2024-03-14 10:33:23,374 is all_page_result is instance of dict? True
2024-03-14 10:33:23,385 STREAM b'IHDR' 16 13
2024-03-14 10:33:23,385 STREAM b'IDAT' 41 65536
2024-03-14 10:33:23,423 *****Generated All Pages****** for Bill_Of_Landing_418_page_8.png
2024-03-14 10:33:23,423 RAM memory 37.2 used for Bill_Of_Landing_418_page_8.png Generating All Pages:
2024-03-14 10:33:23,423 Processing time taken for all pages of Bill_Of_Landing_418_page_8.png1:0:00:00.048854
2024-03-14 10:33:23,559 file name is:Bill_Of_Landing_637_page_0.png
2024-03-14 10:33:23,560 folder path :Images
2024-03-14 10:33:23,560 Calling Image result
2024-03-14 10:33:23,560 is all_page_result is instance of dict? True
2024-03-14 10:33:23,571 STREAM b'IHDR' 16 13
2024-03-14 10:33:23,571 STREAM b'IDAT' 41 65536
2024-03-14 10:33:23,603 *****Generated All Pages****** for Bill_Of_Landing_637_page_0.png
2024-03-14 10:33:23,603 RAM memory 37.2 used for Bill_Of_Landing_637_page_0.png Generating All Pages:
2024-03-14 10:33:23,603 Processing time taken for all pages of Bill_Of_Landing_637_page_0.png1:0:00:00.043359
2024-03-14 10:33:23,743 file name is:Bill_Of_Landing_328_page_0.png
2024-03-14 10:33:23,744 folder path :Images
2024-03-14 10:33:23,744 Calling Image result
2024-03-14 10:33:23,744 is all_page_result is instance of dict? True
2024-03-14 10:33:23,754 STREAM b'IHDR' 16 13
2024-03-14 10:33:23,754 STREAM b'IDAT' 41 65536
2024-03-14 10:33:23,793 *****Generated All Pages****** for Bill_Of_Landing_328_page_0.png
2024-03-14 10:33:23,793 RAM memory 37.2 used for Bill_Of_Landing_328_page_0.png Generating All Pages:
2024-03-14 10:33:23,793 Processing time taken for all pages of Bill_Of_Landing_328_page_0.png1:0:00:00.049308
2024-03-14 10:33:23,929 file name is:Bill_Of_Landing_270_page_0.png
2024-03-14 10:33:23,929 folder path :Images
2024-03-14 10:33:23,929 Calling Image result
2024-03-14 10:33:23,929 is all_page_result is instance of dict? True
2024-03-14 10:33:23,940 STREAM b'IHDR' 16 13
2024-03-14 10:33:23,940 STREAM b'IDAT' 41 65536
2024-03-14 10:33:23,970 *****Generated All Pages****** for Bill_Of_Landing_270_page_0.png
2024-03-14 10:33:23,970 RAM memory 37.2 used for Bill_Of_Landing_270_page_0.png Generating All Pages:
2024-03-14 10:33:23,970 Processing time taken for all pages of Bill_Of_Landing_270_page_0.png1:0:00:00.040963
2024-03-14 10:33:24,108 file name is:Bill_Of_Landing_648_page_1.png
2024-03-14 10:33:24,108 folder path :Images
2024-03-14 10:33:24,108 Calling Image result
2024-03-14 10:33:24,108 is all_page_result is instance of dict? True
2024-03-14 10:33:24,119 STREAM b'IHDR' 16 13
2024-03-14 10:33:24,119 STREAM b'sRGB' 41 1
2024-03-14 10:33:24,119 STREAM b'gAMA' 54 4
2024-03-14 10:33:24,119 STREAM b'pHYs' 70 9
2024-03-14 10:33:24,119 STREAM b'IDAT' 91 34243
2024-03-14 10:33:24,140 *****Generated All Pages****** for Bill_Of_Landing_648_page_1.png
2024-03-14 10:33:24,140 RAM memory 36.9 used for Bill_Of_Landing_648_page_1.png Generating All Pages:
2024-03-14 10:33:24,140 Processing time taken for all pages of Bill_Of_Landing_648_page_1.png1:0:00:00.032058
2024-03-14 10:33:24,282 file name is:Bill_Of_Landing_310_page_0.png
2024-03-14 10:33:24,282 folder path :Images
2024-03-14 10:33:24,282 Calling Image result
2024-03-14 10:33:24,292 is all_page_result is instance of dict? True
2024-03-14 10:33:24,293 STREAM b'IHDR' 16 13
2024-03-14 10:33:24,293 STREAM b'IDAT' 41 65536
2024-03-14 10:33:24,327 *****Generated All Pages****** for Bill_Of_Landing_310_page_0.png
2024-03-14 10:33:24,327 RAM memory 37.2 used for Bill_Of_Landing_310_page_0.png Generating All Pages:
2024-03-14 10:33:24,327 Processing time taken for all pages of Bill_Of_Landing_310_page_0.png1:0:00:00.045437
2024-03-14 10:33:24,467 file name is:Bill_Of_Landing_270_page_2.png
2024-03-14 10:33:24,467 folder path :Images
2024-03-14 10:33:24,467 Calling Image result
2024-03-14 10:33:24,467 is all_page_result is instance of dict? True
2024-03-14 10:33:24,468 STREAM b'IHDR' 16 13
2024-03-14 10:33:24,468 STREAM b'IDAT' 41 65536
2024-03-14 10:33:24,501 *****Generated All Pages****** for Bill_Of_Landing_270_page_2.png
2024-03-14 10:33:24,501 RAM memory 37.2 used for Bill_Of_Landing_270_page_2.png Generating All Pages:
2024-03-14 10:33:24,501 Processing time taken for all pages of Bill_Of_Landing_270_page_2.png1:0:00:00.033800
2024-03-14 10:33:24,643 file name is:Bill_Of_Landing_486_page_0.png
2024-03-14 10:33:24,643 folder path :Images
2024-03-14 10:33:24,643 Calling Image result
2024-03-14 10:33:24,643 is all_page_result is instance of dict? True
2024-03-14 10:33:24,654 STREAM b'IHDR' 16 13
2024-03-14 10:33:24,654 STREAM b'IDAT' 41 65536
2024-03-14 10:33:24,689 *****Generated All Pages****** for Bill_Of_Landing_486_page_0.png
2024-03-14 10:33:24,690 RAM memory 37.2 used for Bill_Of_Landing_486_page_0.png Generating All Pages:
2024-03-14 10:33:24,690 Processing time taken for all pages of Bill_Of_Landing_486_page_0.png1:0:00:00.046319
2024-03-14 10:33:24,833 file name is:Bill_Of_Landing_562_page_9.png
2024-03-14 10:33:24,833 folder path :Images
2024-03-14 10:33:24,833 Calling Image result
2024-03-14 10:33:24,833 is all_page_result is instance of dict? True
2024-03-14 10:33:24,844 STREAM b'IHDR' 16 13
2024-03-14 10:33:24,844 STREAM b'IDAT' 41 62466
2024-03-14 10:33:24,882 *****Generated All Pages****** for Bill_Of_Landing_562_page_9.png
2024-03-14 10:33:24,882 RAM memory 37.2 used for Bill_Of_Landing_562_page_9.png Generating All Pages:
2024-03-14 10:33:24,882 Processing time taken for all pages of Bill_Of_Landing_562_page_9.png1:0:00:00.048707
2024-03-14 10:33:25,024 file name is:Packing_List_780_page_1.png
2024-03-14 10:33:25,024 folder path :Images
2024-03-14 10:33:25,024 Calling Image result
2024-03-14 10:33:25,024 is all_page_result is instance of dict? True
2024-03-14 10:33:25,035 STREAM b'IHDR' 16 13
2024-03-14 10:33:25,035 STREAM b'IDAT' 41 65536
2024-03-14 10:33:25,073 *****Generated All Pages****** for Packing_List_780_page_1.png
2024-03-14 10:33:25,073 RAM memory 37.0 used for Packing_List_780_page_1.png Generating All Pages:
2024-03-14 10:33:25,073 Processing time taken for all pages of Packing_List_780_page_1.png1:0:00:00.048712
2024-03-14 10:33:25,198 file name is:Bill_Of_Landing_678_page_0.png
2024-03-14 10:33:25,198 folder path :Images
2024-03-14 10:33:25,198 Calling Image result
2024-03-14 10:33:25,198 is all_page_result is instance of dict? True
2024-03-14 10:33:25,209 STREAM b'IHDR' 16 13
2024-03-14 10:33:25,209 STREAM b'IDAT' 41 65536
2024-03-14 10:33:25,301 *****Generated All Pages****** for Bill_Of_Landing_678_page_0.png
2024-03-14 10:33:25,301 RAM memory 37.5 used for Bill_Of_Landing_678_page_0.png Generating All Pages:
2024-03-14 10:33:25,301 Processing time taken for all pages of Bill_Of_Landing_678_page_0.png1:0:00:00.102964
2024-03-14 10:33:25,433 file name is:Bill_Of_Landing_681_page_0.png
2024-03-14 10:33:25,433 folder path :Images
2024-03-14 10:33:25,433 Calling Image result
2024-03-14 10:33:25,433 is all_page_result is instance of dict? True
2024-03-14 10:33:25,444 STREAM b'IHDR' 16 13
2024-03-14 10:33:25,444 STREAM b'IDAT' 41 65536
2024-03-14 10:33:25,550 *****Generated All Pages****** for Bill_Of_Landing_681_page_0.png
2024-03-14 10:33:25,550 RAM memory 37.5 used for Bill_Of_Landing_681_page_0.png Generating All Pages:
2024-03-14 10:33:25,550 Processing time taken for all pages of Bill_Of_Landing_681_page_0.png1:0:00:00.117285
