2024-04-27 01:59:55,481 checkpoint 1 => setting basis cofiguration for logging purposes
2024-04-27 01:59:55,482 start time: 2024-04-27 01:59:55.482693
2024-04-27 01:59:58,156 Starting new HTTPS connection (1): huggingface.co:443
2024-04-27 01:59:58,951 https://huggingface.co:443 "HEAD /microsoft/layoutlmv2-base-uncased/resolve/main/preprocessor_config.json HTTP/1.1" 200 0
2024-04-27 01:59:59,871 https://huggingface.co:443 "HEAD /microsoft/layoutlmv2-base-uncased/resolve/main/tokenizer_config.json HTTP/1.1" 404 0
2024-04-27 02:00:00,592 https://huggingface.co:443 "HEAD /microsoft/layoutlmv2-base-uncased/resolve/main/vocab.txt HTTP/1.1" 200 0
2024-04-27 02:00:00,630 RAM memory for Model loading used: 64.6
2024-04-27 02:00:00,630 cpu_utilization % for Model Loading:13.2
2024-04-27 02:00:00,630 memory_consumption in bytes for Loading Model:909578240
2024-04-27 02:00:00,630 Loaded Model successfully
2024-04-27 02:00:00,630 file name is:Bill_of_lading_1589_page_0.png
2024-04-27 02:00:00,630 folder path :Images
2024-04-27 02:00:00,630 Calling Image result
2024-04-27 02:00:00,630 is all_page_result is instance of dict? True
2024-04-27 02:00:00,635 STREAM b'IHDR' 16 13
2024-04-27 02:00:00,636 STREAM b'IDAT' 41 65536
2024-04-27 02:00:00,671 is words is instance of list? True
2024-04-27 02:00:00,671 is bboxes is instance of list? True
2024-04-27 02:00:00,671 is bounding_boxes is instance of list? True
2024-04-27 02:00:00,911 is input_id_chunks is instance of list? True
2024-04-27 02:00:00,911 is mask_chunks is instance of list? True
2024-04-27 02:00:00,911 is bbox_chunks is instance of list? True
2024-04-27 02:00:00,911 is image_chunks is instance of list? True
2024-04-27 02:00:00,912 is input_dict is instance of dict? True
2024-04-27 02:00:03,670 Model Called
2024-04-27 02:00:03,670 RAM memory 82.8 used for Bill_of_lading_1589_page_0.png:
2024-04-27 02:00:03,670 is all_predictions is instance of list? True
2024-04-27 02:00:03,670 is all_boxes is instance of list? True
2024-04-27 02:00:03,671 is all_confidences is instance of list? True
2024-04-27 02:00:03,671 is all_text is instance of list? True
2024-04-27 02:00:03,671 is label2id is instance of dict? True
2024-04-27 02:00:03,671 is id2label is instance of dict? True
2024-04-27 02:00:03,671 is label2color is instance of dict? True
2024-04-27 02:00:03,671 label2color : {'stamp': '#194B5B', 'bol_original_or_copy': '#E5830F', 'vessel_name': '#74F25D', 'shipped_onboard_date': '#E92F5B', 'final_destination': '#C6CA4B', 'measurement': '#D7295C', 'country_of_origin': '#96EC34', 'bol_original_number': '#397837', 'net_weight': '#22AA0A', 'signed_by_carrier': '#C54EB1', 'gross_weight': '#6638A2', 'carrier_country': '#F28D4B', 'port_of_discharge': '#008565', 'goods_quantity': '#D0DA76', 'notify_party_name': '#282C44', 'port_of_loading': '#B78387', 'shipper_address': '#470117', 'place_of_issue': '#2783B4', 'agent_country': '#AF6D94', 'freight_collect_at': '#633F65', 'place_of_receipt': '#7E509C', 'voyage_number': '#909AF8', 'signature': '#1DA39C', 'consignee_name': '#13D618', 'consignee_address': '#35433B', 'bill_of_lading_issue_date': '#0FFF2C', 'mode_of_transport': '#68CAC2', 'shipper_name': '#9F9299', 'signed_By_agent': '#C73336', 'container_number': '#8F48DF', 'transaction_date': '#FBA0D6', 'notify_party_address': '#8D25A4', 'goods_marks_and_nos': '#C472B3', 'goods_description': '#F3D855', 'lc_date': '#F191F6', 'dimension': '#031844', 'agent_name': '#50B409', 'carrier_name': '#F6F0A4', 'O': '#394F9F', 'lc_ref_number': '#BCBEBF', 'pre_carriage_by': '#C3B824', 'page_no': '#4183A5', 'total_original_no': '#0D8952', 'freight_collect_or_prepaid': '#E68D3A', 'signed_by_master': '#B08A7C', 'bill_of_lading_number': '#1A2F2A'}
2024-04-27 02:00:03,910 is result_set is instance of dict? True
2024-04-27 02:00:03,911 is final_result_set is instance of dict? True
2024-04-27 02:00:04,026 Time taken for page 1 of Bill_of_lading_1589_page_0.png:0:00:03.390559
2024-04-27 02:00:04,164 *****Generated All Pages****** for Bill_of_lading_1589_page_0.png
2024-04-27 02:00:04,164 RAM memory 83.4 used for Bill_of_lading_1589_page_0.png Generating All Pages:
2024-04-27 02:00:04,164 Processing time taken for all pages of Bill_of_lading_1589_page_0.png1:0:00:03.534251
