2024-02-21 03:27:32,732 checkpoint 1 => setting basis cofiguration for logging purposes
2024-02-21 03:27:32,733 start time: 2024-02-21 03:27:32.733664
2024-02-21 03:27:35,940 Falling back to TensorFlow client; we recommended you install the Cloud TPU client directly with pip install cloud-tpu-client.
2024-02-21 03:27:36,002 Creating converter from 7 to 5
2024-02-21 03:27:36,002 Creating converter from 5 to 7
2024-02-21 03:27:36,002 Creating converter from 7 to 5
2024-02-21 03:27:36,002 Creating converter from 5 to 7
2024-02-21 03:27:36,324 Starting new HTTPS connection (1): huggingface.co:443
2024-02-21 03:27:37,071 https://huggingface.co:443 "HEAD /microsoft/layoutlmv2-base-uncased/resolve/main/preprocessor_config.json HTTP/1.1" 200 0
2024-02-21 03:27:37,583 https://huggingface.co:443 "HEAD /microsoft/layoutlmv2-base-uncased/resolve/main/tokenizer_config.json HTTP/1.1" 404 0
2024-02-21 03:27:38,300 https://huggingface.co:443 "HEAD /microsoft/layoutlmv2-base-uncased/resolve/main/vocab.txt HTTP/1.1" 200 0
2024-02-21 03:27:38,340 RAM memory for Model loading used: 31.4
2024-02-21 03:27:38,340 cpu_utilization % for Model Loading:13.1
2024-02-21 03:27:38,340 memory_consumption in bytes for Loading Model:1147125760
2024-02-21 03:27:38,340 Loaded Model successfully
2024-02-21 03:27:38,341 file name is:Packing_List_52_page_3.png
2024-02-21 03:27:38,341 folder path :Images
2024-02-21 03:27:38,341 Calling Image result
2024-02-21 03:27:38,341 is all_page_result is instance of dict? True
2024-02-21 03:27:38,344 STREAM b'IHDR' 16 13
2024-02-21 03:27:38,345 STREAM b'IDAT' 41 65536
2024-02-21 03:27:38,466 is words is instance of list? True
2024-02-21 03:27:38,466 is bboxes is instance of list? True
2024-02-21 03:27:38,466 is bounding_boxes is instance of list? True
2024-02-21 03:27:39,451 is input_id_chunks is instance of list? True
2024-02-21 03:27:39,451 is mask_chunks is instance of list? True
2024-02-21 03:27:39,451 is bbox_chunks is instance of list? True
2024-02-21 03:27:39,451 is image_chunks is instance of list? True
2024-02-21 03:27:39,452 is input_dict is instance of dict? True
2024-02-21 03:27:41,123 Model Called
2024-02-21 03:27:41,123 RAM memory 45.4 used for Packing_List_52_page_3.png:
2024-02-21 03:27:41,123 is all_predictions is instance of list? True
2024-02-21 03:27:41,123 is all_boxes is instance of list? True
2024-02-21 03:27:41,123 is all_confidences is instance of list? True
2024-02-21 03:27:41,124 is all_text is instance of list? True
2024-02-21 03:27:41,124 is label2id is instance of dict? True
2024-02-21 03:27:41,124 is id2label is instance of dict? True
2024-02-21 03:27:41,125 is label2color is instance of dict? True
2024-02-21 03:27:41,125 label2color : {'track_reference': '#7FBBAE', 'vessel_name': '#022FB6', 'transaction_amount_value': '#29E623', 'lc_ref_no': '#90C04D', 'invoice_currency': '#0A0242', 'bill_of_lading_date': '#CB6B8E', 'net_weight': '#DE4257', 'awb_date': '#A7D391', 'date_of_invoice': '#B07881', 'port_of_discharge': '#88BD1C', 'original_copy': '#9FA95B', 'shipper_address': '#821A6E', 'rate_per_unit': '#E307B2', 'invoice_no': '#4E87B7', 'signature': '#B985F4', 'consignee_address': '#AFCEA1', 'incoterm': '#3D9849', 'country_of_final_destination': '#14A942', 'description_of_goods': '#36CED1', 'total_quantity_of_goods': '#0B0702', 'shipper_name': '#8963EF', 'bill_of_lading_number': '#8EFB30', 'transaction_currency': '#DC9F3B', 'iec_no': '#447AD8', 'gross_weight': '#EB4777', 'vessel_flight_no': '#75CF04', 'transaction_date': '#BCED3D', 'lc_date': '#B30B01', 'consignee_name': '#23C206', 'stamp': '#AC60EA', 'invoice_amount': '#2BACEC', 'dimension': '#5B187D', 'O': '#1FB368', 'consignor_name': '#5EEE63', 'notify_party_name': '#3C8932', 'beneficiary_drawer_exporter_seller_supplier_name': '#38E621', 'pre_carriage_by': '#8DB911', 'consignor_address': '#6F22F2', 'declaration': '#8EB049', 'beneficiary_drawer_exporter_seller_supplier_tin_no': '#DBF915', 'country_of_origin_origin_of_goods': '#E969A8', 'awb_number': '#F15BB9', 'beneficiary_address': '#303A5C', 'remitter_address': '#D72D1C', 'page_no': '#7B0EBA', 'remitter_drawee_applicant_importer_buyer_name': '#74ABE4', 'port_of_loading': '#FF5750', 'notify_party_address': '#BF6B14', 'payment_terms_terms_of_delivery_&_payment': '#F0D243'}
2024-02-21 03:27:41,808 is result_set is instance of dict? True
2024-02-21 03:27:41,809 is final_result_set is instance of dict? True
2024-02-21 03:27:41,935 Time taken for page 1 of Packing_List_52_page_3.png:0:00:03.590702
2024-02-21 03:27:42,280 *****Generated All Pages****** for Packing_List_52_page_3.png
2024-02-21 03:27:42,280 RAM memory 45.4 used for Packing_List_52_page_3.png Generating All Pages:
2024-02-21 03:27:42,280 Processing time taken for all pages of Packing_List_52_page_3.png1:0:00:03.939276
2024-02-21 03:27:42,435 file name is:Packing_List_19_page_0.png
2024-02-21 03:27:42,435 folder path :Images
2024-02-21 03:27:42,436 Calling Image result
2024-02-21 03:27:42,436 is all_page_result is instance of dict? True
2024-02-21 03:27:42,436 STREAM b'IHDR' 16 13
2024-02-21 03:27:42,436 STREAM b'IDAT' 41 28639
2024-02-21 03:27:42,461 is words is instance of list? True
2024-02-21 03:27:42,462 is bboxes is instance of list? True
2024-02-21 03:27:42,462 is bounding_boxes is instance of list? True
2024-02-21 03:27:42,658 is input_id_chunks is instance of list? True
2024-02-21 03:27:42,658 is mask_chunks is instance of list? True
2024-02-21 03:27:42,658 is bbox_chunks is instance of list? True
2024-02-21 03:27:42,658 is image_chunks is instance of list? True
2024-02-21 03:27:42,658 is input_dict is instance of dict? True
2024-02-21 03:27:43,610 Model Called
2024-02-21 03:27:43,610 RAM memory 41.6 used for Packing_List_19_page_0.png:
2024-02-21 03:27:43,610 is all_predictions is instance of list? True
2024-02-21 03:27:43,610 is all_boxes is instance of list? True
2024-02-21 03:27:43,610 is all_confidences is instance of list? True
2024-02-21 03:27:43,610 is all_text is instance of list? True
2024-02-21 03:27:43,610 is label2id is instance of dict? True
2024-02-21 03:27:43,610 is id2label is instance of dict? True
2024-02-21 03:27:43,611 is label2color is instance of dict? True
2024-02-21 03:27:43,611 label2color : {'track_reference': '#CA96E2', 'vessel_name': '#9E51B4', 'transaction_amount_value': '#8555F5', 'lc_ref_no': '#953C1E', 'invoice_currency': '#D2D4F5', 'bill_of_lading_date': '#E82B39', 'net_weight': '#82FDD5', 'awb_date': '#FB0E05', 'date_of_invoice': '#CEE2F9', 'port_of_discharge': '#1255C3', 'original_copy': '#297829', 'shipper_address': '#8A1666', 'rate_per_unit': '#1539B8', 'invoice_no': '#182C36', 'signature': '#8FAFF7', 'consignee_address': '#618540', 'incoterm': '#6FAA0D', 'country_of_final_destination': '#998DE1', 'description_of_goods': '#D843A0', 'total_quantity_of_goods': '#45A20E', 'shipper_name': '#3CC565', 'bill_of_lading_number': '#A86745', 'transaction_currency': '#71F323', 'iec_no': '#BA7791', 'gross_weight': '#AEEC24', 'vessel_flight_no': '#FCD182', 'transaction_date': '#82ED5F', 'lc_date': '#6E4595', 'consignee_name': '#B8D1A6', 'stamp': '#34DD10', 'invoice_amount': '#68BD6A', 'dimension': '#E708C9', 'O': '#3C1743', 'consignor_name': '#D1FAC6', 'notify_party_name': '#50F228', 'beneficiary_drawer_exporter_seller_supplier_name': '#CF7A79', 'pre_carriage_by': '#8C1CC5', 'consignor_address': '#1B8EF0', 'declaration': '#9BCC5C', 'beneficiary_drawer_exporter_seller_supplier_tin_no': '#3E95F1', 'country_of_origin_origin_of_goods': '#B31A9E', 'awb_number': '#E211C7', 'beneficiary_address': '#270B03', 'remitter_address': '#4465BF', 'page_no': '#C77374', 'remitter_drawee_applicant_importer_buyer_name': '#4AF1EB', 'port_of_loading': '#5DCBC5', 'notify_party_address': '#23D9B3', 'payment_terms_terms_of_delivery_&_payment': '#6A9C5B'}
2024-02-21 03:27:43,737 is result_set is instance of dict? True
2024-02-21 03:27:43,738 is final_result_set is instance of dict? True
2024-02-21 03:27:43,839 Time taken for page 1 of Packing_List_19_page_0.png:0:00:01.403309
2024-02-21 03:27:43,941 *****Generated All Pages****** for Packing_List_19_page_0.png
2024-02-21 03:27:43,941 RAM memory 41.8 used for Packing_List_19_page_0.png Generating All Pages:
2024-02-21 03:27:43,941 Processing time taken for all pages of Packing_List_19_page_0.png1:0:00:01.505722
2024-02-21 03:27:44,085 file name is:Packing_List_50_page_2.png
2024-02-21 03:27:44,086 folder path :Images
2024-02-21 03:27:44,086 Calling Image result
2024-02-21 03:27:44,086 is all_page_result is instance of dict? True
2024-02-21 03:27:44,086 STREAM b'IHDR' 16 13
2024-02-21 03:27:44,086 STREAM b'IDAT' 41 35425
2024-02-21 03:27:44,113 is words is instance of list? True
2024-02-21 03:27:44,114 is bboxes is instance of list? True
2024-02-21 03:27:44,114 is bounding_boxes is instance of list? True
2024-02-21 03:27:44,301 is input_id_chunks is instance of list? True
2024-02-21 03:27:44,301 is mask_chunks is instance of list? True
2024-02-21 03:27:44,301 is bbox_chunks is instance of list? True
2024-02-21 03:27:44,301 is image_chunks is instance of list? True
2024-02-21 03:27:44,302 is input_dict is instance of dict? True
2024-02-21 03:27:45,177 Model Called
2024-02-21 03:27:45,178 RAM memory 42.1 used for Packing_List_50_page_2.png:
2024-02-21 03:27:45,178 is all_predictions is instance of list? True
2024-02-21 03:27:45,178 is all_boxes is instance of list? True
2024-02-21 03:27:45,178 is all_confidences is instance of list? True
2024-02-21 03:27:45,178 is all_text is instance of list? True
2024-02-21 03:27:45,178 is label2id is instance of dict? True
2024-02-21 03:27:45,178 is id2label is instance of dict? True
2024-02-21 03:27:45,179 is label2color is instance of dict? True
2024-02-21 03:27:45,179 label2color : {'track_reference': '#4DBF07', 'vessel_name': '#F0A3A5', 'transaction_amount_value': '#860D9A', 'lc_ref_no': '#3A38C8', 'invoice_currency': '#CA7EB5', 'bill_of_lading_date': '#391BE3', 'net_weight': '#80D7FB', 'awb_date': '#F743D7', 'date_of_invoice': '#EE9821', 'port_of_discharge': '#2DA903', 'original_copy': '#08C31C', 'shipper_address': '#6AF9FC', 'rate_per_unit': '#B34205', 'invoice_no': '#DE927D', 'signature': '#8D3F94', 'consignee_address': '#2B8616', 'incoterm': '#7FB54D', 'country_of_final_destination': '#624CB1', 'description_of_goods': '#203CBE', 'total_quantity_of_goods': '#9A2824', 'shipper_name': '#96CD04', 'bill_of_lading_number': '#6FF5F0', 'transaction_currency': '#21FE09', 'iec_no': '#5CDD49', 'gross_weight': '#FF88E5', 'vessel_flight_no': '#3F964D', 'transaction_date': '#7FF50F', 'lc_date': '#6BC918', 'consignee_name': '#4ED3EE', 'stamp': '#44C9BF', 'invoice_amount': '#F78BA8', 'dimension': '#4AC98A', 'O': '#D57477', 'consignor_name': '#F7EAA1', 'notify_party_name': '#D9B9B5', 'beneficiary_drawer_exporter_seller_supplier_name': '#BB6E31', 'pre_carriage_by': '#45C7B2', 'consignor_address': '#F37184', 'declaration': '#42EC1B', 'beneficiary_drawer_exporter_seller_supplier_tin_no': '#6C3662', 'country_of_origin_origin_of_goods': '#CE7041', 'awb_number': '#79E01C', 'beneficiary_address': '#678C99', 'remitter_address': '#EB2C2F', 'page_no': '#447771', 'remitter_drawee_applicant_importer_buyer_name': '#362FB4', 'port_of_loading': '#234D78', 'notify_party_address': '#EC412C', 'payment_terms_terms_of_delivery_&_payment': '#DD3054'}
2024-02-21 03:27:45,294 is result_set is instance of dict? True
2024-02-21 03:27:45,295 is final_result_set is instance of dict? True
2024-02-21 03:27:45,423 Time taken for page 1 of Packing_List_50_page_2.png:0:00:01.336818
2024-02-21 03:27:45,516 *****Generated All Pages****** for Packing_List_50_page_2.png
2024-02-21 03:27:45,516 RAM memory 41.9 used for Packing_List_50_page_2.png Generating All Pages:
2024-02-21 03:27:45,516 Processing time taken for all pages of Packing_List_50_page_2.png1:0:00:01.430638
2024-02-21 03:27:45,657 file name is:Packing_List(2013_04_15_16_20_53_5835)_346_page_26.png
2024-02-21 03:27:45,657 folder path :Images
2024-02-21 03:27:45,657 Calling Image result
2024-02-21 03:27:45,658 is all_page_result is instance of dict? True
2024-02-21 03:27:45,658 STREAM b'IHDR' 16 13
2024-02-21 03:27:45,658 STREAM b'sBIT' 41 3
2024-02-21 03:27:45,658 b'sBIT' 41 3 (unknown)
2024-02-21 03:27:45,658 STREAM b'IDAT' 56 8192
2024-02-21 03:27:45,687 is words is instance of list? True
2024-02-21 03:27:45,687 is bboxes is instance of list? True
2024-02-21 03:27:45,687 is bounding_boxes is instance of list? True
2024-02-21 03:27:45,804 is input_id_chunks is instance of list? True
2024-02-21 03:27:45,804 is mask_chunks is instance of list? True
2024-02-21 03:27:45,804 is bbox_chunks is instance of list? True
2024-02-21 03:27:45,804 is image_chunks is instance of list? True
2024-02-21 03:27:45,804 is input_dict is instance of dict? True
2024-02-21 03:27:47,607 Model Called
2024-02-21 03:27:47,607 RAM memory 43.7 used for Packing_List(2013_04_15_16_20_53_5835)_346_page_26.png:
2024-02-21 03:27:47,607 is all_predictions is instance of list? True
2024-02-21 03:27:47,607 is all_boxes is instance of list? True
2024-02-21 03:27:47,607 is all_confidences is instance of list? True
2024-02-21 03:27:47,607 is all_text is instance of list? True
2024-02-21 03:27:47,608 is label2id is instance of dict? True
2024-02-21 03:27:47,608 is id2label is instance of dict? True
2024-02-21 03:27:47,608 is label2color is instance of dict? True
2024-02-21 03:27:47,608 label2color : {'track_reference': '#3D428D', 'vessel_name': '#544EDC', 'transaction_amount_value': '#71CD6A', 'lc_ref_no': '#364A68', 'invoice_currency': '#2DA400', 'bill_of_lading_date': '#3120DB', 'net_weight': '#656B3E', 'awb_date': '#42C42E', 'date_of_invoice': '#5EADB7', 'port_of_discharge': '#B93E10', 'original_copy': '#E862CB', 'shipper_address': '#A8F897', 'rate_per_unit': '#3A41F8', 'invoice_no': '#43F1B6', 'signature': '#5FA3A2', 'consignee_address': '#3767FA', 'incoterm': '#AAE5C3', 'country_of_final_destination': '#E374B4', 'description_of_goods': '#48EA4F', 'total_quantity_of_goods': '#2AFEAF', 'shipper_name': '#168108', 'bill_of_lading_number': '#F0B666', 'transaction_currency': '#CFA783', 'iec_no': '#D07A50', 'gross_weight': '#6C40AC', 'vessel_flight_no': '#60F2B2', 'transaction_date': '#0F48A6', 'lc_date': '#FD0BC6', 'consignee_name': '#37D062', 'stamp': '#1FF839', 'invoice_amount': '#C022DB', 'dimension': '#70E27E', 'O': '#96D51E', 'consignor_name': '#196F03', 'notify_party_name': '#4CF777', 'beneficiary_drawer_exporter_seller_supplier_name': '#CFC05C', 'pre_carriage_by': '#919550', 'consignor_address': '#ACEE5B', 'declaration': '#D86E0E', 'beneficiary_drawer_exporter_seller_supplier_tin_no': '#C26107', 'country_of_origin_origin_of_goods': '#F4548B', 'awb_number': '#C9007C', 'beneficiary_address': '#EF56F9', 'remitter_address': '#B4484C', 'page_no': '#A9D94F', 'remitter_drawee_applicant_importer_buyer_name': '#34E8CF', 'port_of_loading': '#7799FE', 'notify_party_address': '#88B193', 'payment_terms_terms_of_delivery_&_payment': '#2E07B3'}
2024-02-21 03:27:47,713 is result_set is instance of dict? True
2024-02-21 03:27:47,716 is final_result_set is instance of dict? True
2024-02-21 03:27:47,860 Time taken for page 1 of Packing_List(2013_04_15_16_20_53_5835)_346_page_26.png:0:00:02.201654
2024-02-21 03:27:47,924 *****Generated All Pages****** for Packing_List(2013_04_15_16_20_53_5835)_346_page_26.png
2024-02-21 03:27:47,924 RAM memory 43.9 used for Packing_List(2013_04_15_16_20_53_5835)_346_page_26.png Generating All Pages:
2024-02-21 03:27:47,924 Processing time taken for all pages of Packing_List(2013_04_15_16_20_53_5835)_346_page_26.png1:0:00:02.266745
2024-02-21 03:27:48,073 file name is:Packing_List_45_page_6.png
2024-02-21 03:27:48,073 folder path :Images
2024-02-21 03:27:48,073 Calling Image result
2024-02-21 03:27:48,073 is all_page_result is instance of dict? True
2024-02-21 03:27:48,073 STREAM b'IHDR' 16 13
2024-02-21 03:27:48,073 STREAM b'IDAT' 41 35584
2024-02-21 03:27:48,099 is words is instance of list? True
2024-02-21 03:27:48,099 is bboxes is instance of list? True
2024-02-21 03:27:48,099 is bounding_boxes is instance of list? True
2024-02-21 03:27:48,296 is input_id_chunks is instance of list? True
2024-02-21 03:27:48,296 is mask_chunks is instance of list? True
2024-02-21 03:27:48,296 is bbox_chunks is instance of list? True
2024-02-21 03:27:48,296 is image_chunks is instance of list? True
2024-02-21 03:27:48,297 is input_dict is instance of dict? True
2024-02-21 03:27:49,187 Model Called
2024-02-21 03:27:49,187 RAM memory 43.2 used for Packing_List_45_page_6.png:
2024-02-21 03:27:49,187 is all_predictions is instance of list? True
2024-02-21 03:27:49,187 is all_boxes is instance of list? True
2024-02-21 03:27:49,187 is all_confidences is instance of list? True
2024-02-21 03:27:49,187 is all_text is instance of list? True
2024-02-21 03:27:49,188 is label2id is instance of dict? True
2024-02-21 03:27:49,188 is id2label is instance of dict? True
2024-02-21 03:27:49,189 is label2color is instance of dict? True
2024-02-21 03:27:49,189 label2color : {'track_reference': '#3AA495', 'vessel_name': '#DECD34', 'transaction_amount_value': '#6A33C9', 'lc_ref_no': '#D5707F', 'invoice_currency': '#8F44C5', 'bill_of_lading_date': '#F5A96C', 'net_weight': '#543FD1', 'awb_date': '#3F33A7', 'date_of_invoice': '#5F1F5B', 'port_of_discharge': '#CB2D28', 'original_copy': '#BD0C6F', 'shipper_address': '#735A4A', 'rate_per_unit': '#4E48D7', 'invoice_no': '#F7318C', 'signature': '#325CAD', 'consignee_address': '#20E3BE', 'incoterm': '#530873', 'country_of_final_destination': '#7D68FF', 'description_of_goods': '#2D294A', 'total_quantity_of_goods': '#A92166', 'shipper_name': '#EA68B6', 'bill_of_lading_number': '#13F917', 'transaction_currency': '#B8BDF8', 'iec_no': '#B9158D', 'gross_weight': '#738CA2', 'vessel_flight_no': '#54BA5F', 'transaction_date': '#BE6A8D', 'lc_date': '#BD7574', 'consignee_name': '#2F8BB0', 'stamp': '#64E57F', 'invoice_amount': '#EB8F15', 'dimension': '#09E86A', 'O': '#3B5A0B', 'consignor_name': '#2D35EF', 'notify_party_name': '#93E482', 'beneficiary_drawer_exporter_seller_supplier_name': '#D157A7', 'pre_carriage_by': '#A580D2', 'consignor_address': '#3A258B', 'declaration': '#6388B9', 'beneficiary_drawer_exporter_seller_supplier_tin_no': '#FE3B3D', 'country_of_origin_origin_of_goods': '#111A13', 'awb_number': '#325A68', 'beneficiary_address': '#0A8BF1', 'remitter_address': '#72AA44', 'page_no': '#636505', 'remitter_drawee_applicant_importer_buyer_name': '#AA3875', 'port_of_loading': '#81925B', 'notify_party_address': '#6BE9E9', 'payment_terms_terms_of_delivery_&_payment': '#6AB19F'}
2024-02-21 03:27:49,324 is result_set is instance of dict? True
2024-02-21 03:27:49,325 is final_result_set is instance of dict? True
2024-02-21 03:27:49,475 Time taken for page 1 of Packing_List_45_page_6.png:0:00:01.401463
2024-02-21 03:27:49,572 *****Generated All Pages****** for Packing_List_45_page_6.png
2024-02-21 03:27:49,572 RAM memory 43.3 used for Packing_List_45_page_6.png Generating All Pages:
2024-02-21 03:27:49,572 Processing time taken for all pages of Packing_List_45_page_6.png1:0:00:01.499362
2024-02-21 03:27:49,726 file name is:Packing_List_12_page_0.png
2024-02-21 03:27:49,726 folder path :Images
2024-02-21 03:27:49,726 Calling Image result
2024-02-21 03:27:49,726 is all_page_result is instance of dict? True
2024-02-21 03:27:49,726 STREAM b'IHDR' 16 13
2024-02-21 03:27:49,727 STREAM b'IDAT' 41 37593
2024-02-21 03:27:49,755 is words is instance of list? True
2024-02-21 03:27:49,755 is bboxes is instance of list? True
2024-02-21 03:27:49,755 is bounding_boxes is instance of list? True
2024-02-21 03:27:49,970 is input_id_chunks is instance of list? True
2024-02-21 03:27:49,970 is mask_chunks is instance of list? True
2024-02-21 03:27:49,970 is bbox_chunks is instance of list? True
2024-02-21 03:27:49,970 is image_chunks is instance of list? True
2024-02-21 03:27:49,970 is input_dict is instance of dict? True
2024-02-21 03:27:50,847 Model Called
2024-02-21 03:27:50,847 RAM memory 42.1 used for Packing_List_12_page_0.png:
2024-02-21 03:27:50,847 is all_predictions is instance of list? True
2024-02-21 03:27:50,847 is all_boxes is instance of list? True
2024-02-21 03:27:50,847 is all_confidences is instance of list? True
2024-02-21 03:27:50,847 is all_text is instance of list? True
2024-02-21 03:27:50,847 is label2id is instance of dict? True
2024-02-21 03:27:50,848 is id2label is instance of dict? True
2024-02-21 03:27:50,848 is label2color is instance of dict? True
2024-02-21 03:27:50,848 label2color : {'track_reference': '#0A1F68', 'vessel_name': '#B41CA4', 'transaction_amount_value': '#9EC994', 'lc_ref_no': '#3EEE88', 'invoice_currency': '#049E5A', 'bill_of_lading_date': '#A24EFB', 'net_weight': '#0F539D', 'awb_date': '#B2E366', 'date_of_invoice': '#DE7076', 'port_of_discharge': '#756AD3', 'original_copy': '#17F178', 'shipper_address': '#BFD952', 'rate_per_unit': '#11D27A', 'invoice_no': '#3D1575', 'signature': '#995BD0', 'consignee_address': '#98E862', 'incoterm': '#2069D6', 'country_of_final_destination': '#35689C', 'description_of_goods': '#CF918F', 'total_quantity_of_goods': '#0732BA', 'shipper_name': '#12C03E', 'bill_of_lading_number': '#242C3F', 'transaction_currency': '#267E27', 'iec_no': '#C99A77', 'gross_weight': '#2169C3', 'vessel_flight_no': '#BB67F5', 'transaction_date': '#75EE9C', 'lc_date': '#4CB9D0', 'consignee_name': '#63D05C', 'stamp': '#B4C7E6', 'invoice_amount': '#1118B6', 'dimension': '#43497F', 'O': '#895043', 'consignor_name': '#C315C2', 'notify_party_name': '#36403C', 'beneficiary_drawer_exporter_seller_supplier_name': '#FD3614', 'pre_carriage_by': '#6BCABA', 'consignor_address': '#CAC96B', 'declaration': '#8835F6', 'beneficiary_drawer_exporter_seller_supplier_tin_no': '#DC5CF1', 'country_of_origin_origin_of_goods': '#B047BD', 'awb_number': '#DE524F', 'beneficiary_address': '#8A9597', 'remitter_address': '#85183F', 'page_no': '#93D26A', 'remitter_drawee_applicant_importer_buyer_name': '#00CDFF', 'port_of_loading': '#56D9AE', 'notify_party_address': '#E03D9E', 'payment_terms_terms_of_delivery_&_payment': '#5C6506'}
2024-02-21 03:27:50,966 is result_set is instance of dict? True
2024-02-21 03:27:50,967 is final_result_set is instance of dict? True
2024-02-21 03:27:51,105 Time taken for page 1 of Packing_List_12_page_0.png:0:00:01.378198
2024-02-21 03:27:51,204 *****Generated All Pages****** for Packing_List_12_page_0.png
2024-02-21 03:27:51,204 RAM memory 42.0 used for Packing_List_12_page_0.png Generating All Pages:
2024-02-21 03:27:51,204 Processing time taken for all pages of Packing_List_12_page_0.png1:0:00:01.478133
2024-02-21 03:27:51,352 file name is:Packing_List_34_page_4.png
2024-02-21 03:27:51,352 folder path :Images
2024-02-21 03:27:51,352 Calling Image result
2024-02-21 03:27:51,352 is all_page_result is instance of dict? True
2024-02-21 03:27:51,352 STREAM b'IHDR' 16 13
2024-02-21 03:27:51,353 STREAM b'IDAT' 41 40687
2024-02-21 03:27:51,377 is words is instance of list? True
2024-02-21 03:27:51,377 is bboxes is instance of list? True
2024-02-21 03:27:51,377 is bounding_boxes is instance of list? True
2024-02-21 03:27:51,584 is input_id_chunks is instance of list? True
2024-02-21 03:27:51,584 is mask_chunks is instance of list? True
2024-02-21 03:27:51,584 is bbox_chunks is instance of list? True
2024-02-21 03:27:51,584 is image_chunks is instance of list? True
2024-02-21 03:27:51,585 is input_dict is instance of dict? True
2024-02-21 03:27:52,503 Model Called
2024-02-21 03:27:52,503 RAM memory 42.3 used for Packing_List_34_page_4.png:
2024-02-21 03:27:52,503 is all_predictions is instance of list? True
2024-02-21 03:27:52,503 is all_boxes is instance of list? True
2024-02-21 03:27:52,503 is all_confidences is instance of list? True
2024-02-21 03:27:52,503 is all_text is instance of list? True
2024-02-21 03:27:52,503 is label2id is instance of dict? True
2024-02-21 03:27:52,503 is id2label is instance of dict? True
2024-02-21 03:27:52,504 is label2color is instance of dict? True
2024-02-21 03:27:52,504 label2color : {'track_reference': '#015D0F', 'vessel_name': '#2F0E42', 'transaction_amount_value': '#5C016D', 'lc_ref_no': '#489DEC', 'invoice_currency': '#25160F', 'bill_of_lading_date': '#FDF3B9', 'net_weight': '#E7B3D5', 'awb_date': '#15EDF3', 'date_of_invoice': '#F7E339', 'port_of_discharge': '#DEF4DA', 'original_copy': '#5EB9BA', 'shipper_address': '#4D014C', 'rate_per_unit': '#8DA4ED', 'invoice_no': '#C37BB9', 'signature': '#1F3272', 'consignee_address': '#F1B94F', 'incoterm': '#486433', 'country_of_final_destination': '#6B8A32', 'description_of_goods': '#66B438', 'total_quantity_of_goods': '#803718', 'shipper_name': '#926888', 'bill_of_lading_number': '#8179B2', 'transaction_currency': '#6967FB', 'iec_no': '#D39961', 'gross_weight': '#381983', 'vessel_flight_no': '#F10CB0', 'transaction_date': '#840FBE', 'lc_date': '#48E671', 'consignee_name': '#2A3B61', 'stamp': '#FC8CE2', 'invoice_amount': '#992CFC', 'dimension': '#64E155', 'O': '#585F50', 'consignor_name': '#CF5288', 'notify_party_name': '#ABBC8E', 'beneficiary_drawer_exporter_seller_supplier_name': '#ACB79E', 'pre_carriage_by': '#33DF82', 'consignor_address': '#5707B5', 'declaration': '#E708BB', 'beneficiary_drawer_exporter_seller_supplier_tin_no': '#12E1E3', 'country_of_origin_origin_of_goods': '#A941E7', 'awb_number': '#24C420', 'beneficiary_address': '#C1E42F', 'remitter_address': '#F5E345', 'page_no': '#915427', 'remitter_drawee_applicant_importer_buyer_name': '#CA3500', 'port_of_loading': '#99070D', 'notify_party_address': '#08D4C7', 'payment_terms_terms_of_delivery_&_payment': '#18EFD3'}
2024-02-21 03:27:52,620 is result_set is instance of dict? True
2024-02-21 03:27:52,621 is final_result_set is instance of dict? True
2024-02-21 03:27:52,730 Time taken for page 1 of Packing_List_34_page_4.png:0:00:01.377740
2024-02-21 03:27:52,834 *****Generated All Pages****** for Packing_List_34_page_4.png
2024-02-21 03:27:52,834 RAM memory 42.2 used for Packing_List_34_page_4.png Generating All Pages:
2024-02-21 03:27:52,834 Processing time taken for all pages of Packing_List_34_page_4.png1:0:00:01.481446
2024-02-21 03:27:52,974 file name is:Packing_List_14_page_0.png
2024-02-21 03:27:52,974 folder path :Images
2024-02-21 03:27:52,974 Calling Image result
2024-02-21 03:27:52,974 is all_page_result is instance of dict? True
2024-02-21 03:27:52,974 STREAM b'IHDR' 16 13
2024-02-21 03:27:52,974 STREAM b'IDAT' 41 41386
2024-02-21 03:27:53,002 is words is instance of list? True
2024-02-21 03:27:53,002 is bboxes is instance of list? True
2024-02-21 03:27:53,002 is bounding_boxes is instance of list? True
2024-02-21 03:27:53,211 is input_id_chunks is instance of list? True
2024-02-21 03:27:53,211 is mask_chunks is instance of list? True
2024-02-21 03:27:53,211 is bbox_chunks is instance of list? True
2024-02-21 03:27:53,211 is image_chunks is instance of list? True
2024-02-21 03:27:53,211 is input_dict is instance of dict? True
2024-02-21 03:27:54,190 Model Called
2024-02-21 03:27:54,191 RAM memory 42.2 used for Packing_List_14_page_0.png:
2024-02-21 03:27:54,191 is all_predictions is instance of list? True
2024-02-21 03:27:54,191 is all_boxes is instance of list? True
2024-02-21 03:27:54,191 is all_confidences is instance of list? True
2024-02-21 03:27:54,191 is all_text is instance of list? True
2024-02-21 03:27:54,191 is label2id is instance of dict? True
2024-02-21 03:27:54,191 is id2label is instance of dict? True
2024-02-21 03:27:54,191 is label2color is instance of dict? True
2024-02-21 03:27:54,192 label2color : {'track_reference': '#2AD22A', 'vessel_name': '#E68411', 'transaction_amount_value': '#9E2C1E', 'lc_ref_no': '#9F5263', 'invoice_currency': '#9421D5', 'bill_of_lading_date': '#3C8736', 'net_weight': '#B8B3B2', 'awb_date': '#4783FD', 'date_of_invoice': '#02A8F6', 'port_of_discharge': '#A73FDC', 'original_copy': '#4E306E', 'shipper_address': '#182A5E', 'rate_per_unit': '#D8D07E', 'invoice_no': '#886DD7', 'signature': '#CB86A5', 'consignee_address': '#498D71', 'incoterm': '#8FF415', 'country_of_final_destination': '#4714CE', 'description_of_goods': '#D0E537', 'total_quantity_of_goods': '#3C0887', 'shipper_name': '#B5ECB2', 'bill_of_lading_number': '#12B5DA', 'transaction_currency': '#63C278', 'iec_no': '#7AF5E8', 'gross_weight': '#F83D37', 'vessel_flight_no': '#192CE8', 'transaction_date': '#745C1F', 'lc_date': '#F3FF05', 'consignee_name': '#D829D8', 'stamp': '#1CD1D3', 'invoice_amount': '#1181AB', 'dimension': '#FD5932', 'O': '#A7E7F1', 'consignor_name': '#5023CD', 'notify_party_name': '#79B431', 'beneficiary_drawer_exporter_seller_supplier_name': '#CF0005', 'pre_carriage_by': '#798D58', 'consignor_address': '#800CD5', 'declaration': '#69D47B', 'beneficiary_drawer_exporter_seller_supplier_tin_no': '#13696A', 'country_of_origin_origin_of_goods': '#1BEC7B', 'awb_number': '#0E0540', 'beneficiary_address': '#BC1E6F', 'remitter_address': '#003053', 'page_no': '#150552', 'remitter_drawee_applicant_importer_buyer_name': '#EC11C1', 'port_of_loading': '#2F69EB', 'notify_party_address': '#FF8C12', 'payment_terms_terms_of_delivery_&_payment': '#E52D24'}
2024-02-21 03:27:54,306 is result_set is instance of dict? True
2024-02-21 03:27:54,307 is final_result_set is instance of dict? True
2024-02-21 03:27:54,450 Time taken for page 1 of Packing_List_14_page_0.png:0:00:01.475772
2024-02-21 03:27:54,550 *****Generated All Pages****** for Packing_List_14_page_0.png
2024-02-21 03:27:54,551 RAM memory 42.2 used for Packing_List_14_page_0.png Generating All Pages:
2024-02-21 03:27:54,551 Processing time taken for all pages of Packing_List_14_page_0.png1:0:00:01.576684
2024-02-21 03:27:54,694 file name is:Packing_List_11_page_0.png
2024-02-21 03:27:54,695 folder path :Images
2024-02-21 03:27:54,695 Calling Image result
2024-02-21 03:27:54,695 is all_page_result is instance of dict? True
2024-02-21 03:27:54,695 STREAM b'IHDR' 16 13
2024-02-21 03:27:54,695 STREAM b'IDAT' 41 46728
2024-02-21 03:27:54,721 is words is instance of list? True
2024-02-21 03:27:54,721 is bboxes is instance of list? True
2024-02-21 03:27:54,721 is bounding_boxes is instance of list? True
2024-02-21 03:27:54,929 is input_id_chunks is instance of list? True
2024-02-21 03:27:54,929 is mask_chunks is instance of list? True
2024-02-21 03:27:54,929 is bbox_chunks is instance of list? True
2024-02-21 03:27:54,929 is image_chunks is instance of list? True
2024-02-21 03:27:54,929 is input_dict is instance of dict? True
2024-02-21 03:27:56,778 Model Called
2024-02-21 03:27:56,778 RAM memory 44.0 used for Packing_List_11_page_0.png:
2024-02-21 03:27:56,778 is all_predictions is instance of list? True
2024-02-21 03:27:56,778 is all_boxes is instance of list? True
2024-02-21 03:27:56,778 is all_confidences is instance of list? True
2024-02-21 03:27:56,778 is all_text is instance of list? True
2024-02-21 03:27:56,778 is label2id is instance of dict? True
2024-02-21 03:27:56,778 is id2label is instance of dict? True
2024-02-21 03:27:56,779 is label2color is instance of dict? True
2024-02-21 03:27:56,779 label2color : {'track_reference': '#1C1BF7', 'vessel_name': '#D200CB', 'transaction_amount_value': '#9A1606', 'lc_ref_no': '#7ADE48', 'invoice_currency': '#EAEA83', 'bill_of_lading_date': '#374434', 'net_weight': '#E1C709', 'awb_date': '#AB3D9A', 'date_of_invoice': '#B84277', 'port_of_discharge': '#07B634', 'original_copy': '#81C63F', 'shipper_address': '#549905', 'rate_per_unit': '#CA558A', 'invoice_no': '#9EE5B3', 'signature': '#2BE3D9', 'consignee_address': '#3850B7', 'incoterm': '#A63C02', 'country_of_final_destination': '#FDA767', 'description_of_goods': '#4CBC06', 'total_quantity_of_goods': '#DC6847', 'shipper_name': '#FDD90B', 'bill_of_lading_number': '#BF9F45', 'transaction_currency': '#1647FB', 'iec_no': '#224793', 'gross_weight': '#E686C8', 'vessel_flight_no': '#A9E89D', 'transaction_date': '#EC9A93', 'lc_date': '#C40054', 'consignee_name': '#035F1D', 'stamp': '#6455A3', 'invoice_amount': '#1E2DB2', 'dimension': '#B3705E', 'O': '#6AADE9', 'consignor_name': '#C654D1', 'notify_party_name': '#9D9399', 'beneficiary_drawer_exporter_seller_supplier_name': '#2BF243', 'pre_carriage_by': '#880FF3', 'consignor_address': '#AE3B43', 'declaration': '#5FB4E1', 'beneficiary_drawer_exporter_seller_supplier_tin_no': '#263A7E', 'country_of_origin_origin_of_goods': '#3334BE', 'awb_number': '#88D77E', 'beneficiary_address': '#F7DCD9', 'remitter_address': '#AA36C8', 'page_no': '#CF3090', 'remitter_drawee_applicant_importer_buyer_name': '#F86705', 'port_of_loading': '#F150F2', 'notify_party_address': '#AD22F8', 'payment_terms_terms_of_delivery_&_payment': '#894A9C'}
2024-02-21 03:27:56,954 is result_set is instance of dict? True
2024-02-21 03:27:56,955 is final_result_set is instance of dict? True
2024-02-21 03:27:57,053 Time taken for page 1 of Packing_List_11_page_0.png:0:00:02.357935
2024-02-21 03:27:57,164 *****Generated All Pages****** for Packing_List_11_page_0.png
2024-02-21 03:27:57,164 RAM memory 44.0 used for Packing_List_11_page_0.png Generating All Pages:
2024-02-21 03:27:57,164 Processing time taken for all pages of Packing_List_11_page_0.png1:0:00:02.469681
2024-02-21 03:27:57,310 file name is:Packing_List(2013_04_15_16_20_53_5835)_346_page_25.png
2024-02-21 03:27:57,311 folder path :Images
2024-02-21 03:27:57,311 Calling Image result
2024-02-21 03:27:57,311 is all_page_result is instance of dict? True
2024-02-21 03:27:57,311 STREAM b'IHDR' 16 13
2024-02-21 03:27:57,311 STREAM b'IDAT' 41 30082
2024-02-21 03:27:57,328 is words is instance of list? True
2024-02-21 03:27:57,328 is bboxes is instance of list? True
2024-02-21 03:27:57,328 is bounding_boxes is instance of list? True
2024-02-21 03:27:57,451 is input_id_chunks is instance of list? True
2024-02-21 03:27:57,451 is mask_chunks is instance of list? True
2024-02-21 03:27:57,451 is bbox_chunks is instance of list? True
2024-02-21 03:27:57,451 is image_chunks is instance of list? True
2024-02-21 03:27:57,452 is input_dict is instance of dict? True
2024-02-21 03:27:59,186 Model Called
2024-02-21 03:27:59,186 RAM memory 44.4 used for Packing_List(2013_04_15_16_20_53_5835)_346_page_25.png:
2024-02-21 03:27:59,187 is all_predictions is instance of list? True
2024-02-21 03:27:59,187 is all_boxes is instance of list? True
2024-02-21 03:27:59,187 is all_confidences is instance of list? True
2024-02-21 03:27:59,187 is all_text is instance of list? True
2024-02-21 03:27:59,187 is label2id is instance of dict? True
2024-02-21 03:27:59,187 is id2label is instance of dict? True
2024-02-21 03:27:59,188 is label2color is instance of dict? True
2024-02-21 03:27:59,188 label2color : {'track_reference': '#A16CCF', 'vessel_name': '#6431FE', 'transaction_amount_value': '#91D14D', 'lc_ref_no': '#CFD9F6', 'invoice_currency': '#74BBD7', 'bill_of_lading_date': '#6873D3', 'net_weight': '#59CE94', 'awb_date': '#001937', 'date_of_invoice': '#A42ED9', 'port_of_discharge': '#8D2033', 'original_copy': '#0C8B4C', 'shipper_address': '#2CFD25', 'rate_per_unit': '#EBA09B', 'invoice_no': '#06C295', 'signature': '#4E9994', 'consignee_address': '#784343', 'incoterm': '#4BF035', 'country_of_final_destination': '#A6D9E3', 'description_of_goods': '#1202FB', 'total_quantity_of_goods': '#EE2C93', 'shipper_name': '#B1BE5B', 'bill_of_lading_number': '#C42613', 'transaction_currency': '#CFBB2D', 'iec_no': '#3D2C97', 'gross_weight': '#E055D6', 'vessel_flight_no': '#7E5BA9', 'transaction_date': '#458A85', 'lc_date': '#5D5F9E', 'consignee_name': '#34C1CB', 'stamp': '#3EA837', 'invoice_amount': '#797B93', 'dimension': '#63E041', 'O': '#7D8E5B', 'consignor_name': '#B5E1CE', 'notify_party_name': '#0C8589', 'beneficiary_drawer_exporter_seller_supplier_name': '#94C427', 'pre_carriage_by': '#3B68B7', 'consignor_address': '#387470', 'declaration': '#CA1A10', 'beneficiary_drawer_exporter_seller_supplier_tin_no': '#6D958B', 'country_of_origin_origin_of_goods': '#712BA2', 'awb_number': '#7AF8EE', 'beneficiary_address': '#56B9AD', 'remitter_address': '#226C06', 'page_no': '#88A963', 'remitter_drawee_applicant_importer_buyer_name': '#8FE1D9', 'port_of_loading': '#F83E8E', 'notify_party_address': '#342226', 'payment_terms_terms_of_delivery_&_payment': '#D3D208'}
2024-02-21 03:27:59,292 is result_set is instance of dict? True
2024-02-21 03:27:59,294 is final_result_set is instance of dict? True
2024-02-21 03:27:59,438 Time taken for page 1 of Packing_List(2013_04_15_16_20_53_5835)_346_page_25.png:0:00:02.127182
2024-02-21 03:27:59,501 *****Generated All Pages****** for Packing_List(2013_04_15_16_20_53_5835)_346_page_25.png
2024-02-21 03:27:59,502 RAM memory 44.3 used for Packing_List(2013_04_15_16_20_53_5835)_346_page_25.png Generating All Pages:
2024-02-21 03:27:59,502 Processing time taken for all pages of Packing_List(2013_04_15_16_20_53_5835)_346_page_25.png1:0:00:02.191072
2024-02-21 03:27:59,645 file name is:Packing_List_40_page_0.png
2024-02-21 03:27:59,645 folder path :Images
2024-02-21 03:27:59,645 Calling Image result
2024-02-21 03:27:59,645 is all_page_result is instance of dict? True
2024-02-21 03:27:59,645 STREAM b'IHDR' 16 13
2024-02-21 03:27:59,645 STREAM b'IDAT' 41 31342
2024-02-21 03:27:59,673 is words is instance of list? True
2024-02-21 03:27:59,674 is bboxes is instance of list? True
2024-02-21 03:27:59,674 is bounding_boxes is instance of list? True
2024-02-21 03:27:59,882 is input_id_chunks is instance of list? True
2024-02-21 03:27:59,882 is mask_chunks is instance of list? True
2024-02-21 03:27:59,882 is bbox_chunks is instance of list? True
2024-02-21 03:27:59,882 is image_chunks is instance of list? True
2024-02-21 03:27:59,883 is input_dict is instance of dict? True
2024-02-21 03:28:00,808 Model Called
2024-02-21 03:28:00,808 RAM memory 44.0 used for Packing_List_40_page_0.png:
2024-02-21 03:28:00,808 is all_predictions is instance of list? True
2024-02-21 03:28:00,808 is all_boxes is instance of list? True
2024-02-21 03:28:00,808 is all_confidences is instance of list? True
2024-02-21 03:28:00,808 is all_text is instance of list? True
2024-02-21 03:28:00,809 is label2id is instance of dict? True
2024-02-21 03:28:00,809 is id2label is instance of dict? True
2024-02-21 03:28:00,810 is label2color is instance of dict? True
2024-02-21 03:28:00,810 label2color : {'track_reference': '#645FD2', 'vessel_name': '#A0F68E', 'transaction_amount_value': '#F82BB6', 'lc_ref_no': '#454A63', 'invoice_currency': '#4DC671', 'bill_of_lading_date': '#F7C9FF', 'net_weight': '#354F26', 'awb_date': '#70CE84', 'date_of_invoice': '#6E315A', 'port_of_discharge': '#BDFC43', 'original_copy': '#ACC886', 'shipper_address': '#F8679A', 'rate_per_unit': '#21B404', 'invoice_no': '#53AA40', 'signature': '#CDA8B5', 'consignee_address': '#2E6FED', 'incoterm': '#B662F3', 'country_of_final_destination': '#2D0954', 'description_of_goods': '#E4C7B4', 'total_quantity_of_goods': '#943500', 'shipper_name': '#A67DEA', 'bill_of_lading_number': '#B61BC0', 'transaction_currency': '#A88EF4', 'iec_no': '#372D27', 'gross_weight': '#E1365C', 'vessel_flight_no': '#976FB2', 'transaction_date': '#ACE0F7', 'lc_date': '#4AF8AD', 'consignee_name': '#3CA255', 'stamp': '#1E7717', 'invoice_amount': '#50C88A', 'dimension': '#0AD262', 'O': '#6C2A8D', 'consignor_name': '#50DC36', 'notify_party_name': '#077071', 'beneficiary_drawer_exporter_seller_supplier_name': '#173C1B', 'pre_carriage_by': '#4DA526', 'consignor_address': '#3E8BBE', 'declaration': '#33985E', 'beneficiary_drawer_exporter_seller_supplier_tin_no': '#E2A2FF', 'country_of_origin_origin_of_goods': '#E54176', 'awb_number': '#5AB311', 'beneficiary_address': '#F19653', 'remitter_address': '#C0A5D8', 'page_no': '#CE0F4A', 'remitter_drawee_applicant_importer_buyer_name': '#C6D1F4', 'port_of_loading': '#471E9C', 'notify_party_address': '#614E70', 'payment_terms_terms_of_delivery_&_payment': '#9A1F7F'}
2024-02-21 03:28:00,930 is result_set is instance of dict? True
2024-02-21 03:28:00,930 is final_result_set is instance of dict? True
2024-02-21 03:28:01,060 Time taken for page 1 of Packing_List_40_page_0.png:0:00:01.414559
2024-02-21 03:28:01,158 *****Generated All Pages****** for Packing_List_40_page_0.png
2024-02-21 03:28:01,158 RAM memory 43.8 used for Packing_List_40_page_0.png Generating All Pages:
2024-02-21 03:28:01,158 Processing time taken for all pages of Packing_List_40_page_0.png1:0:00:01.513232
2024-02-21 03:28:01,315 file name is:Packing_List_22_page_2.png
2024-02-21 03:28:01,315 folder path :Images
2024-02-21 03:28:01,315 Calling Image result
2024-02-21 03:28:01,315 is all_page_result is instance of dict? True
2024-02-21 03:28:01,315 STREAM b'IHDR' 16 13
2024-02-21 03:28:01,315 STREAM b'IDAT' 41 20899
2024-02-21 03:28:01,322 is words is instance of list? True
2024-02-21 03:28:01,322 is bboxes is instance of list? True
2024-02-21 03:28:01,323 is bounding_boxes is instance of list? True
2024-02-21 03:28:01,380 is input_id_chunks is instance of list? True
2024-02-21 03:28:01,380 is mask_chunks is instance of list? True
2024-02-21 03:28:01,380 is bbox_chunks is instance of list? True
2024-02-21 03:28:01,380 is image_chunks is instance of list? True
2024-02-21 03:28:01,381 is input_dict is instance of dict? True
2024-02-21 03:28:03,129 Model Called
2024-02-21 03:28:03,129 RAM memory 45.0 used for Packing_List_22_page_2.png:
2024-02-21 03:28:03,129 is all_predictions is instance of list? True
2024-02-21 03:28:03,129 is all_boxes is instance of list? True
2024-02-21 03:28:03,129 is all_confidences is instance of list? True
2024-02-21 03:28:03,129 is all_text is instance of list? True
2024-02-21 03:28:03,129 is label2id is instance of dict? True
2024-02-21 03:28:03,129 is id2label is instance of dict? True
2024-02-21 03:28:03,130 is label2color is instance of dict? True
2024-02-21 03:28:03,130 label2color : {'track_reference': '#EFAC06', 'vessel_name': '#A5DC8F', 'transaction_amount_value': '#28AC35', 'lc_ref_no': '#4A337F', 'invoice_currency': '#2F279A', 'bill_of_lading_date': '#B053EE', 'net_weight': '#A32601', 'awb_date': '#30F97D', 'date_of_invoice': '#AB60D1', 'port_of_discharge': '#698B0B', 'original_copy': '#6CCB98', 'shipper_address': '#4B87D2', 'rate_per_unit': '#E9D1DC', 'invoice_no': '#2B2A81', 'signature': '#689992', 'consignee_address': '#DCCD57', 'incoterm': '#206A82', 'country_of_final_destination': '#ED704C', 'description_of_goods': '#EA69D3', 'total_quantity_of_goods': '#A91A9F', 'shipper_name': '#26A60C', 'bill_of_lading_number': '#DA1778', 'transaction_currency': '#C40BBF', 'iec_no': '#4BEA82', 'gross_weight': '#A1A7FB', 'vessel_flight_no': '#D0C37E', 'transaction_date': '#75FA73', 'lc_date': '#335900', 'consignee_name': '#B0E73B', 'stamp': '#6B525B', 'invoice_amount': '#D7045C', 'dimension': '#99B9B4', 'O': '#D678DE', 'consignor_name': '#9226B4', 'notify_party_name': '#B47397', 'beneficiary_drawer_exporter_seller_supplier_name': '#BA7DF5', 'pre_carriage_by': '#765B8D', 'consignor_address': '#DC9AB4', 'declaration': '#D2CB80', 'beneficiary_drawer_exporter_seller_supplier_tin_no': '#72F0F5', 'country_of_origin_origin_of_goods': '#DA64D2', 'awb_number': '#6CD149', 'beneficiary_address': '#AA21CC', 'remitter_address': '#479AA7', 'page_no': '#7D2815', 'remitter_drawee_applicant_importer_buyer_name': '#A01DD9', 'port_of_loading': '#8C92B9', 'notify_party_address': '#ED4314', 'payment_terms_terms_of_delivery_&_payment': '#9DA291'}
2024-02-21 03:28:03,187 is result_set is instance of dict? True
2024-02-21 03:28:03,188 is final_result_set is instance of dict? True
2024-02-21 03:28:03,356 Time taken for page 1 of Packing_List_22_page_2.png:0:00:02.040791
2024-02-21 03:28:03,395 *****Generated All Pages****** for Packing_List_22_page_2.png
2024-02-21 03:28:03,396 RAM memory 43.5 used for Packing_List_22_page_2.png Generating All Pages:
2024-02-21 03:28:03,396 Processing time taken for all pages of Packing_List_22_page_2.png1:0:00:02.080518
2024-02-21 03:28:03,542 file name is:Packing_List(2013_04_15_16_20_53_5835)_346_page_1.png
2024-02-21 03:28:03,543 folder path :Images
2024-02-21 03:28:03,543 Calling Image result
2024-02-21 03:28:03,543 is all_page_result is instance of dict? True
2024-02-21 03:28:03,543 STREAM b'IHDR' 16 13
2024-02-21 03:28:03,543 STREAM b'IDAT' 41 34787
2024-02-21 03:28:03,557 is words is instance of list? True
2024-02-21 03:28:03,557 is bboxes is instance of list? True
2024-02-21 03:28:03,557 is bounding_boxes is instance of list? True
2024-02-21 03:28:03,671 is input_id_chunks is instance of list? True
2024-02-21 03:28:03,671 is mask_chunks is instance of list? True
2024-02-21 03:28:03,671 is bbox_chunks is instance of list? True
2024-02-21 03:28:03,671 is image_chunks is instance of list? True
2024-02-21 03:28:03,672 is input_dict is instance of dict? True
2024-02-21 03:28:05,421 Model Called
2024-02-21 03:28:05,421 RAM memory 44.1 used for Packing_List(2013_04_15_16_20_53_5835)_346_page_1.png:
2024-02-21 03:28:05,421 is all_predictions is instance of list? True
2024-02-21 03:28:05,421 is all_boxes is instance of list? True
2024-02-21 03:28:05,421 is all_confidences is instance of list? True
2024-02-21 03:28:05,421 is all_text is instance of list? True
2024-02-21 03:28:05,422 is label2id is instance of dict? True
2024-02-21 03:28:05,422 is id2label is instance of dict? True
2024-02-21 03:28:05,423 is label2color is instance of dict? True
2024-02-21 03:28:05,423 label2color : {'track_reference': '#78753D', 'vessel_name': '#C615BD', 'transaction_amount_value': '#C1D0F7', 'lc_ref_no': '#87D60A', 'invoice_currency': '#B25654', 'bill_of_lading_date': '#B902AE', 'net_weight': '#0FAC63', 'awb_date': '#0A8A4C', 'date_of_invoice': '#A9E695', 'port_of_discharge': '#F7F836', 'original_copy': '#EDE1EB', 'shipper_address': '#1050F4', 'rate_per_unit': '#09F48B', 'invoice_no': '#A93DD2', 'signature': '#57F8DE', 'consignee_address': '#F08F51', 'incoterm': '#54ACEB', 'country_of_final_destination': '#889871', 'description_of_goods': '#3FA56D', 'total_quantity_of_goods': '#BF9BD6', 'shipper_name': '#AB538E', 'bill_of_lading_number': '#452351', 'transaction_currency': '#72B086', 'iec_no': '#B41E4C', 'gross_weight': '#30D5ED', 'vessel_flight_no': '#4B8677', 'transaction_date': '#1B4647', 'lc_date': '#FE5B1C', 'consignee_name': '#8104CF', 'stamp': '#C97B5C', 'invoice_amount': '#71D52D', 'dimension': '#93F77A', 'O': '#B12871', 'consignor_name': '#34C3D2', 'notify_party_name': '#F7F5F5', 'beneficiary_drawer_exporter_seller_supplier_name': '#A20640', 'pre_carriage_by': '#1C926C', 'consignor_address': '#7D0CDE', 'declaration': '#762B32', 'beneficiary_drawer_exporter_seller_supplier_tin_no': '#97E8A8', 'country_of_origin_origin_of_goods': '#1B26B5', 'awb_number': '#BD131E', 'beneficiary_address': '#EC01D9', 'remitter_address': '#8C5670', 'page_no': '#822F33', 'remitter_drawee_applicant_importer_buyer_name': '#9BC18C', 'port_of_loading': '#5BB98B', 'notify_party_address': '#8F0A6D', 'payment_terms_terms_of_delivery_&_payment': '#59CF2F'}
2024-02-21 03:28:05,526 is result_set is instance of dict? True
2024-02-21 03:28:05,528 is final_result_set is instance of dict? True
2024-02-21 03:28:05,647 Time taken for page 1 of Packing_List(2013_04_15_16_20_53_5835)_346_page_1.png:0:00:02.103996
2024-02-21 03:28:05,714 *****Generated All Pages****** for Packing_List(2013_04_15_16_20_53_5835)_346_page_1.png
2024-02-21 03:28:05,714 RAM memory 44.3 used for Packing_List(2013_04_15_16_20_53_5835)_346_page_1.png Generating All Pages:
2024-02-21 03:28:05,714 Processing time taken for all pages of Packing_List(2013_04_15_16_20_53_5835)_346_page_1.png1:0:00:02.171563
2024-02-21 03:28:05,866 file name is:Packing_List(2013_04_15_16_20_53_5835)_346_page_23.png
2024-02-21 03:28:05,866 folder path :Images
2024-02-21 03:28:05,866 Calling Image result
2024-02-21 03:28:05,866 is all_page_result is instance of dict? True
2024-02-21 03:28:05,867 STREAM b'IHDR' 16 13
2024-02-21 03:28:05,867 STREAM b'IDAT' 41 31931
2024-02-21 03:28:05,894 is words is instance of list? True
2024-02-21 03:28:05,894 is bboxes is instance of list? True
2024-02-21 03:28:05,894 is bounding_boxes is instance of list? True
2024-02-21 03:28:06,004 is input_id_chunks is instance of list? True
2024-02-21 03:28:06,004 is mask_chunks is instance of list? True
2024-02-21 03:28:06,004 is bbox_chunks is instance of list? True
2024-02-21 03:28:06,004 is image_chunks is instance of list? True
2024-02-21 03:28:06,005 is input_dict is instance of dict? True
2024-02-21 03:28:07,860 Model Called
2024-02-21 03:28:07,861 RAM memory 43.7 used for Packing_List(2013_04_15_16_20_53_5835)_346_page_23.png:
2024-02-21 03:28:07,861 is all_predictions is instance of list? True
2024-02-21 03:28:07,861 is all_boxes is instance of list? True
2024-02-21 03:28:07,861 is all_confidences is instance of list? True
2024-02-21 03:28:07,861 is all_text is instance of list? True
2024-02-21 03:28:07,861 is label2id is instance of dict? True
2024-02-21 03:28:07,861 is id2label is instance of dict? True
2024-02-21 03:28:07,862 is label2color is instance of dict? True
2024-02-21 03:28:07,862 label2color : {'track_reference': '#5C2828', 'vessel_name': '#7299C9', 'transaction_amount_value': '#1B5555', 'lc_ref_no': '#84B486', 'invoice_currency': '#E7F843', 'bill_of_lading_date': '#33F5E4', 'net_weight': '#C97ECB', 'awb_date': '#E07EF6', 'date_of_invoice': '#EFA7A0', 'port_of_discharge': '#27EE13', 'original_copy': '#098015', 'shipper_address': '#C9338A', 'rate_per_unit': '#0EC8E2', 'invoice_no': '#A50650', 'signature': '#CFED92', 'consignee_address': '#EDCE22', 'incoterm': '#1EA2C7', 'country_of_final_destination': '#5A5050', 'description_of_goods': '#F383A6', 'total_quantity_of_goods': '#DE4D5C', 'shipper_name': '#09B054', 'bill_of_lading_number': '#82E0DF', 'transaction_currency': '#ADE51E', 'iec_no': '#B51465', 'gross_weight': '#EC46B0', 'vessel_flight_no': '#C620A3', 'transaction_date': '#D5FF1A', 'lc_date': '#E09816', 'consignee_name': '#E1B325', 'stamp': '#B2953B', 'invoice_amount': '#94FD0F', 'dimension': '#AA567B', 'O': '#11E129', 'consignor_name': '#CEE032', 'notify_party_name': '#B8BE32', 'beneficiary_drawer_exporter_seller_supplier_name': '#A67210', 'pre_carriage_by': '#DF63F3', 'consignor_address': '#B2911E', 'declaration': '#2F730D', 'beneficiary_drawer_exporter_seller_supplier_tin_no': '#6983E3', 'country_of_origin_origin_of_goods': '#3A38BB', 'awb_number': '#82821B', 'beneficiary_address': '#DF234A', 'remitter_address': '#EEE591', 'page_no': '#B8CFF8', 'remitter_drawee_applicant_importer_buyer_name': '#41B89F', 'port_of_loading': '#2A7B29', 'notify_party_address': '#B72F95', 'payment_terms_terms_of_delivery_&_payment': '#1A6851'}
2024-02-21 03:28:07,981 is result_set is instance of dict? True
2024-02-21 03:28:07,983 is final_result_set is instance of dict? True
2024-02-21 03:28:08,162 Time taken for page 1 of Packing_List(2013_04_15_16_20_53_5835)_346_page_23.png:0:00:02.295342
2024-02-21 03:28:08,231 *****Generated All Pages****** for Packing_List(2013_04_15_16_20_53_5835)_346_page_23.png
2024-02-21 03:28:08,231 RAM memory 43.8 used for Packing_List(2013_04_15_16_20_53_5835)_346_page_23.png Generating All Pages:
2024-02-21 03:28:08,231 Processing time taken for all pages of Packing_List(2013_04_15_16_20_53_5835)_346_page_23.png1:0:00:02.364808
2024-02-21 03:28:08,383 file name is:Packing_List(2012_08_30_15_10_44_6479)_886_page_0.png
2024-02-21 03:28:08,383 folder path :Images
2024-02-21 03:28:08,383 Calling Image result
2024-02-21 03:28:08,383 is all_page_result is instance of dict? True
2024-02-21 03:28:08,383 STREAM b'IHDR' 16 13
2024-02-21 03:28:08,384 STREAM b'IDAT' 41 49242
2024-02-21 03:28:08,410 is words is instance of list? True
2024-02-21 03:28:08,410 is bboxes is instance of list? True
2024-02-21 03:28:08,410 is bounding_boxes is instance of list? True
2024-02-21 03:28:08,600 is input_id_chunks is instance of list? True
2024-02-21 03:28:08,600 is mask_chunks is instance of list? True
2024-02-21 03:28:08,600 is bbox_chunks is instance of list? True
2024-02-21 03:28:08,601 is image_chunks is instance of list? True
2024-02-21 03:28:08,601 is input_dict is instance of dict? True
2024-02-21 03:28:10,341 Model Called
2024-02-21 03:28:10,341 RAM memory 43.7 used for Packing_List(2012_08_30_15_10_44_6479)_886_page_0.png:
2024-02-21 03:28:10,341 is all_predictions is instance of list? True
2024-02-21 03:28:10,341 is all_boxes is instance of list? True
2024-02-21 03:28:10,341 is all_confidences is instance of list? True
2024-02-21 03:28:10,341 is all_text is instance of list? True
2024-02-21 03:28:10,341 is label2id is instance of dict? True
2024-02-21 03:28:10,341 is id2label is instance of dict? True
2024-02-21 03:28:10,342 is label2color is instance of dict? True
2024-02-21 03:28:10,342 label2color : {'track_reference': '#5DFA30', 'vessel_name': '#2E3399', 'transaction_amount_value': '#188A5C', 'lc_ref_no': '#F05473', 'invoice_currency': '#C7E37F', 'bill_of_lading_date': '#CB485A', 'net_weight': '#D58580', 'awb_date': '#3F68D6', 'date_of_invoice': '#641E52', 'port_of_discharge': '#2D4BBB', 'original_copy': '#07C0A7', 'shipper_address': '#8383FD', 'rate_per_unit': '#CD3EFB', 'invoice_no': '#7700D9', 'signature': '#B3BC92', 'consignee_address': '#06741C', 'incoterm': '#E155CE', 'country_of_final_destination': '#E85041', 'description_of_goods': '#055E47', 'total_quantity_of_goods': '#158784', 'shipper_name': '#AF6290', 'bill_of_lading_number': '#C23CF6', 'transaction_currency': '#E366B7', 'iec_no': '#5308B9', 'gross_weight': '#2E2C02', 'vessel_flight_no': '#2E1758', 'transaction_date': '#184A09', 'lc_date': '#EB94C9', 'consignee_name': '#E644A2', 'stamp': '#CDBC54', 'invoice_amount': '#275401', 'dimension': '#135D82', 'O': '#DD815C', 'consignor_name': '#D9C1E0', 'notify_party_name': '#B007F7', 'beneficiary_drawer_exporter_seller_supplier_name': '#01D7DC', 'pre_carriage_by': '#7C8062', 'consignor_address': '#1EBC1D', 'declaration': '#1A2273', 'beneficiary_drawer_exporter_seller_supplier_tin_no': '#A752A4', 'country_of_origin_origin_of_goods': '#09A8DA', 'awb_number': '#4A7AAD', 'beneficiary_address': '#9BC580', 'remitter_address': '#D580F5', 'page_no': '#9FDA99', 'remitter_drawee_applicant_importer_buyer_name': '#A45444', 'port_of_loading': '#DC327A', 'notify_party_address': '#5F5BC9', 'payment_terms_terms_of_delivery_&_payment': '#13A0C0'}
2024-02-21 03:28:10,512 is result_set is instance of dict? True
2024-02-21 03:28:10,513 is final_result_set is instance of dict? True
2024-02-21 03:28:10,562 Time taken for page 1 of Packing_List(2012_08_30_15_10_44_6479)_886_page_0.png:0:00:02.177938
2024-02-21 03:28:10,663 *****Generated All Pages****** for Packing_List(2012_08_30_15_10_44_6479)_886_page_0.png
2024-02-21 03:28:10,663 RAM memory 43.7 used for Packing_List(2012_08_30_15_10_44_6479)_886_page_0.png Generating All Pages:
2024-02-21 03:28:10,663 Processing time taken for all pages of Packing_List(2012_08_30_15_10_44_6479)_886_page_0.png1:0:00:02.279481
2024-02-21 03:28:10,802 file name is:Packing_List_3_page_0.png
2024-02-21 03:28:10,803 folder path :Images
2024-02-21 03:28:10,803 Calling Image result
2024-02-21 03:28:10,803 is all_page_result is instance of dict? True
2024-02-21 03:28:10,803 STREAM b'IHDR' 16 13
2024-02-21 03:28:10,803 STREAM b'IDAT' 41 29216
2024-02-21 03:28:10,828 is words is instance of list? True
2024-02-21 03:28:10,829 is bboxes is instance of list? True
2024-02-21 03:28:10,829 is bounding_boxes is instance of list? True
2024-02-21 03:28:11,020 is input_id_chunks is instance of list? True
2024-02-21 03:28:11,020 is mask_chunks is instance of list? True
2024-02-21 03:28:11,020 is bbox_chunks is instance of list? True
2024-02-21 03:28:11,021 is image_chunks is instance of list? True
2024-02-21 03:28:11,021 is input_dict is instance of dict? True
2024-02-21 03:28:11,905 Model Called
2024-02-21 03:28:11,905 RAM memory 43.9 used for Packing_List_3_page_0.png:
2024-02-21 03:28:11,905 is all_predictions is instance of list? True
2024-02-21 03:28:11,905 is all_boxes is instance of list? True
2024-02-21 03:28:11,905 is all_confidences is instance of list? True
2024-02-21 03:28:11,905 is all_text is instance of list? True
2024-02-21 03:28:11,906 is label2id is instance of dict? True
2024-02-21 03:28:11,906 is id2label is instance of dict? True
2024-02-21 03:28:11,906 is label2color is instance of dict? True
2024-02-21 03:28:11,906 label2color : {'track_reference': '#6BD36E', 'vessel_name': '#665843', 'transaction_amount_value': '#C84D8A', 'lc_ref_no': '#E9380B', 'invoice_currency': '#065BB4', 'bill_of_lading_date': '#3CA88A', 'net_weight': '#02ACB6', 'awb_date': '#70130C', 'date_of_invoice': '#4F5DC8', 'port_of_discharge': '#5EE247', 'original_copy': '#93E4ED', 'shipper_address': '#AD4D91', 'rate_per_unit': '#08548E', 'invoice_no': '#AF3E5F', 'signature': '#DEAB0F', 'consignee_address': '#F32868', 'incoterm': '#F3E326', 'country_of_final_destination': '#EFD6B7', 'description_of_goods': '#BFDF7F', 'total_quantity_of_goods': '#362CA9', 'shipper_name': '#D83E77', 'bill_of_lading_number': '#451A43', 'transaction_currency': '#D09A4B', 'iec_no': '#9AC5CE', 'gross_weight': '#822957', 'vessel_flight_no': '#AA9510', 'transaction_date': '#02AB0C', 'lc_date': '#DFE240', 'consignee_name': '#59FFC1', 'stamp': '#C66225', 'invoice_amount': '#984740', 'dimension': '#E14C7F', 'O': '#594A11', 'consignor_name': '#774E86', 'notify_party_name': '#AE7666', 'beneficiary_drawer_exporter_seller_supplier_name': '#DE03C8', 'pre_carriage_by': '#11C3A9', 'consignor_address': '#2F8488', 'declaration': '#45444B', 'beneficiary_drawer_exporter_seller_supplier_tin_no': '#225EB0', 'country_of_origin_origin_of_goods': '#97AA30', 'awb_number': '#4C279F', 'beneficiary_address': '#C0602F', 'remitter_address': '#35BA2D', 'page_no': '#446FEC', 'remitter_drawee_applicant_importer_buyer_name': '#0A5044', 'port_of_loading': '#8B0AEF', 'notify_party_address': '#F2A4D0', 'payment_terms_terms_of_delivery_&_payment': '#69A205'}
2024-02-21 03:28:12,018 is result_set is instance of dict? True
2024-02-21 03:28:12,019 is final_result_set is instance of dict? True
2024-02-21 03:28:12,138 Time taken for page 1 of Packing_List_3_page_0.png:0:00:01.335013
2024-02-21 03:28:12,227 *****Generated All Pages****** for Packing_List_3_page_0.png
2024-02-21 03:28:12,227 RAM memory 43.9 used for Packing_List_3_page_0.png Generating All Pages:
2024-02-21 03:28:12,227 Processing time taken for all pages of Packing_List_3_page_0.png1:0:00:01.424418
2024-02-21 03:28:12,388 file name is:Packing_List_36_page_0.png
2024-02-21 03:28:12,388 folder path :Images
2024-02-21 03:28:12,388 Calling Image result
2024-02-21 03:28:12,388 is all_page_result is instance of dict? True
2024-02-21 03:28:12,388 STREAM b'IHDR' 16 13
2024-02-21 03:28:12,388 STREAM b'IDAT' 41 43953
2024-02-21 03:28:12,413 is words is instance of list? True
2024-02-21 03:28:12,413 is bboxes is instance of list? True
2024-02-21 03:28:12,413 is bounding_boxes is instance of list? True
2024-02-21 03:28:12,615 is input_id_chunks is instance of list? True
2024-02-21 03:28:12,616 is mask_chunks is instance of list? True
2024-02-21 03:28:12,616 is bbox_chunks is instance of list? True
2024-02-21 03:28:12,616 is image_chunks is instance of list? True
2024-02-21 03:28:12,616 is input_dict is instance of dict? True
2024-02-21 03:28:14,409 Model Called
2024-02-21 03:28:14,410 RAM memory 43.8 used for Packing_List_36_page_0.png:
2024-02-21 03:28:14,410 is all_predictions is instance of list? True
2024-02-21 03:28:14,410 is all_boxes is instance of list? True
2024-02-21 03:28:14,410 is all_confidences is instance of list? True
2024-02-21 03:28:14,410 is all_text is instance of list? True
2024-02-21 03:28:14,410 is label2id is instance of dict? True
2024-02-21 03:28:14,410 is id2label is instance of dict? True
2024-02-21 03:28:14,411 is label2color is instance of dict? True
2024-02-21 03:28:14,411 label2color : {'track_reference': '#1BFA54', 'vessel_name': '#C18A93', 'transaction_amount_value': '#25EC42', 'lc_ref_no': '#0D8D34', 'invoice_currency': '#F435D8', 'bill_of_lading_date': '#2E308C', 'net_weight': '#52FB1A', 'awb_date': '#217108', 'date_of_invoice': '#7561C2', 'port_of_discharge': '#672E7B', 'original_copy': '#E083B6', 'shipper_address': '#A3337E', 'rate_per_unit': '#5C730C', 'invoice_no': '#B97F54', 'signature': '#7CFB4C', 'consignee_address': '#236DCA', 'incoterm': '#E9700F', 'country_of_final_destination': '#8D74C5', 'description_of_goods': '#07446B', 'total_quantity_of_goods': '#A0A299', 'shipper_name': '#BBB126', 'bill_of_lading_number': '#E5D9DB', 'transaction_currency': '#347E3B', 'iec_no': '#E24F4B', 'gross_weight': '#6CCAC9', 'vessel_flight_no': '#F88DCF', 'transaction_date': '#351EB6', 'lc_date': '#C172BF', 'consignee_name': '#C67914', 'stamp': '#19A33C', 'invoice_amount': '#02DB2F', 'dimension': '#7B1B8B', 'O': '#271575', 'consignor_name': '#605D1E', 'notify_party_name': '#3C11A5', 'beneficiary_drawer_exporter_seller_supplier_name': '#D6DC90', 'pre_carriage_by': '#C1F200', 'consignor_address': '#597710', 'declaration': '#2F6D13', 'beneficiary_drawer_exporter_seller_supplier_tin_no': '#A20B64', 'country_of_origin_origin_of_goods': '#0A0097', 'awb_number': '#60454E', 'beneficiary_address': '#0F17C8', 'remitter_address': '#DF6A3D', 'page_no': '#9C1727', 'remitter_drawee_applicant_importer_buyer_name': '#086EE1', 'port_of_loading': '#022F74', 'notify_party_address': '#C7297E', 'payment_terms_terms_of_delivery_&_payment': '#239C50'}
2024-02-21 03:28:14,604 is result_set is instance of dict? True
2024-02-21 03:28:14,605 is final_result_set is instance of dict? True
2024-02-21 03:28:14,784 Time taken for page 1 of Packing_List_36_page_0.png:0:00:02.395395
2024-02-21 03:28:14,892 *****Generated All Pages****** for Packing_List_36_page_0.png
2024-02-21 03:28:14,893 RAM memory 43.8 used for Packing_List_36_page_0.png Generating All Pages:
2024-02-21 03:28:14,893 Processing time taken for all pages of Packing_List_36_page_0.png1:0:00:02.504685
2024-02-21 03:28:15,072 file name is:Packing_List(2013_04_15_16_20_53_5835)_346_page_7.png
2024-02-21 03:28:15,072 folder path :Images
2024-02-21 03:28:15,072 Calling Image result
2024-02-21 03:28:15,072 is all_page_result is instance of dict? True
2024-02-21 03:28:15,072 STREAM b'IHDR' 16 13
2024-02-21 03:28:15,073 STREAM b'IDAT' 41 32015
2024-02-21 03:28:15,092 is words is instance of list? True
2024-02-21 03:28:15,092 is bboxes is instance of list? True
2024-02-21 03:28:15,092 is bounding_boxes is instance of list? True
2024-02-21 03:28:15,221 is input_id_chunks is instance of list? True
2024-02-21 03:28:15,221 is mask_chunks is instance of list? True
2024-02-21 03:28:15,221 is bbox_chunks is instance of list? True
2024-02-21 03:28:15,221 is image_chunks is instance of list? True
2024-02-21 03:28:15,222 is input_dict is instance of dict? True
