2024-04-30 12:58:10,767 checkpoint 1 => setting basis cofiguration for logging purposes
2024-04-30 12:58:10,769 start time: 2024-04-30 12:58:10.769146
2024-04-30 12:58:13,829 Starting new HTTPS connection (1): huggingface.co:443
2024-04-30 12:58:19,691 https://huggingface.co:443 "HEAD /microsoft/layoutlmv2-base-uncased/resolve/main/preprocessor_config.json HTTP/1.1" 200 0
2024-04-30 12:58:20,196 https://huggingface.co:443 "HEAD /microsoft/layoutlmv2-base-uncased/resolve/main/tokenizer_config.json HTTP/1.1" 404 0
2024-04-30 12:58:20,535 https://huggingface.co:443 "HEAD /microsoft/layoutlmv2-base-uncased/resolve/main/vocab.txt HTTP/1.1" 200 0
2024-04-30 12:58:20,562 RAM memory for Model loading used: 66.0
2024-04-30 12:58:20,563 cpu_utilization % for Model Loading:20.8
2024-04-30 12:58:20,563 memory_consumption in bytes for Loading Model:910667776
2024-04-30 12:58:20,563 Loaded Model successfully
2024-04-30 12:58:20,563 file name is:Bill_of_lading_1589_page_0.png
2024-04-30 12:58:20,563 folder path :Images
2024-04-30 12:58:20,563 Calling Image result
2024-04-30 12:58:20,563 is all_page_result is instance of dict? True
2024-04-30 12:58:20,567 STREAM b'IHDR' 16 13
2024-04-30 12:58:20,567 STREAM b'IDAT' 41 65536
2024-04-30 12:58:20,598 is words is instance of list? True
2024-04-30 12:58:20,598 is bboxes is instance of list? True
2024-04-30 12:58:20,598 is bounding_boxes is instance of list? True
2024-04-30 12:58:20,852 is input_id_chunks is instance of list? True
2024-04-30 12:58:20,852 is mask_chunks is instance of list? True
2024-04-30 12:58:20,852 is bbox_chunks is instance of list? True
2024-04-30 12:58:20,852 is image_chunks is instance of list? True
2024-04-30 12:58:20,853 is input_dict is instance of dict? True
2024-04-30 12:58:24,711 Model Called
2024-04-30 12:58:24,711 RAM memory 84.4 used for Bill_of_lading_1589_page_0.png:
2024-04-30 12:58:24,711 is all_predictions is instance of list? True
2024-04-30 12:58:24,711 is all_boxes is instance of list? True
2024-04-30 12:58:24,711 is all_confidences is instance of list? True
2024-04-30 12:58:24,711 is all_text is instance of list? True
2024-04-30 12:58:24,712 is label2id is instance of dict? True
2024-04-30 12:58:24,712 is id2label is instance of dict? True
2024-04-30 12:58:24,712 is label2color is instance of dict? True
2024-04-30 12:58:24,712 label2color : {'stamp': '#D43E6C', 'bol_original_or_copy': '#5B1A5C', 'vessel_name': '#162A34', 'shipped_onboard_date': '#4F013B', 'final_destination': '#93B8E4', 'measurement': '#D222C4', 'country_of_origin': '#8F0D57', 'bol_original_number': '#76A7E4', 'net_weight': '#89893D', 'signed_by_carrier': '#5954A3', 'gross_weight': '#9FFE97', 'carrier_country': '#E0EE50', 'port_of_discharge': '#60A471', 'goods_quantity': '#2099AB', 'notify_party_name': '#B63901', 'port_of_loading': '#4A3EA2', 'shipper_address': '#964339', 'place_of_issue': '#6482B2', 'agent_country': '#264865', 'freight_collect_at': '#69FFFE', 'place_of_receipt': '#EB9FA6', 'voyage_number': '#56709C', 'signature': '#8D3836', 'consignee_name': '#F5EACB', 'consignee_address': '#7DF5FE', 'bill_of_lading_issue_date': '#21A03B', 'mode_of_transport': '#06E88E', 'shipper_name': '#8171CD', 'signed_By_agent': '#9921AB', 'container_number': '#C08245', 'transaction_date': '#D49F80', 'notify_party_address': '#A4D1F6', 'goods_marks_and_nos': '#02FB32', 'goods_description': '#7355C5', 'lc_date': '#C5CC2C', 'dimension': '#C72697', 'agent_name': '#954D67', 'carrier_name': '#11C261', 'O': '#ED4207', 'lc_ref_number': '#D3C870', 'pre_carriage_by': '#897214', 'page_no': '#AD8B52', 'total_original_no': '#2EA374', 'freight_collect_or_prepaid': '#793E85', 'signed_by_master': '#226831', 'bill_of_lading_number': '#04C24A'}
2024-04-30 12:58:25,001 is result_set is instance of dict? True
2024-04-30 12:58:25,003 is final_result_set is instance of dict? True
2024-04-30 12:58:25,109 Time taken for page 1 of Bill_of_lading_1589_page_0.png:0:00:04.542013
2024-04-30 12:58:25,278 *****Generated All Pages****** for Bill_of_lading_1589_page_0.png
2024-04-30 12:58:25,278 RAM memory 84.9 used for Bill_of_lading_1589_page_0.png Generating All Pages:
2024-04-30 12:58:25,278 Processing time taken for all pages of Bill_of_lading_1589_page_0.png1:0:00:04.714942
2024-04-30 12:58:25,497 file name is:Bill_of_lading_526_page_0.png
2024-04-30 12:58:25,497 folder path :Images
2024-04-30 12:58:25,497 Calling Image result
2024-04-30 12:58:25,497 is all_page_result is instance of dict? True
2024-04-30 12:58:25,497 STREAM b'IHDR' 16 13
2024-04-30 12:58:25,497 STREAM b'IDAT' 41 65536
2024-04-30 12:58:25,529 is words is instance of list? True
2024-04-30 12:58:25,529 is bboxes is instance of list? True
2024-04-30 12:58:25,529 is bounding_boxes is instance of list? True
2024-04-30 12:58:25,789 is input_id_chunks is instance of list? True
2024-04-30 12:58:25,789 is mask_chunks is instance of list? True
2024-04-30 12:58:25,789 is bbox_chunks is instance of list? True
2024-04-30 12:58:25,789 is image_chunks is instance of list? True
2024-04-30 12:58:25,790 is input_dict is instance of dict? True
2024-04-30 12:58:28,587 Model Called
2024-04-30 12:58:28,587 RAM memory 77.7 used for Bill_of_lading_526_page_0.png:
2024-04-30 12:58:28,587 is all_predictions is instance of list? True
2024-04-30 12:58:28,587 is all_boxes is instance of list? True
2024-04-30 12:58:28,587 is all_confidences is instance of list? True
2024-04-30 12:58:28,587 is all_text is instance of list? True
2024-04-30 12:58:28,587 is label2id is instance of dict? True
2024-04-30 12:58:28,588 is id2label is instance of dict? True
2024-04-30 12:58:28,588 is label2color is instance of dict? True
2024-04-30 12:58:28,589 label2color : {'stamp': '#BCF2E9', 'bol_original_or_copy': '#65A67F', 'vessel_name': '#ED753D', 'shipped_onboard_date': '#913299', 'final_destination': '#71476A', 'measurement': '#8767CF', 'country_of_origin': '#6093C6', 'bol_original_number': '#1FE81D', 'net_weight': '#A3FDEC', 'signed_by_carrier': '#7177DE', 'gross_weight': '#3F042C', 'carrier_country': '#4A092C', 'port_of_discharge': '#C41948', 'goods_quantity': '#60BB4E', 'notify_party_name': '#BE3730', 'port_of_loading': '#41405E', 'shipper_address': '#37CC42', 'place_of_issue': '#5378A1', 'agent_country': '#6A713E', 'freight_collect_at': '#F0E352', 'place_of_receipt': '#FE2928', 'voyage_number': '#D5F518', 'signature': '#581E67', 'consignee_name': '#57CE6F', 'consignee_address': '#5D16FD', 'bill_of_lading_issue_date': '#851D18', 'mode_of_transport': '#9C1CC2', 'shipper_name': '#17D9E4', 'signed_By_agent': '#21701F', 'container_number': '#FF1902', 'transaction_date': '#0069AF', 'notify_party_address': '#6251E4', 'goods_marks_and_nos': '#8C2561', 'goods_description': '#810A76', 'lc_date': '#9575A8', 'dimension': '#06FFFB', 'agent_name': '#ABCFD6', 'carrier_name': '#C9EE90', 'O': '#0264DE', 'lc_ref_number': '#13497D', 'pre_carriage_by': '#2FDC3E', 'page_no': '#C4F676', 'total_original_no': '#33F151', 'freight_collect_or_prepaid': '#6B866E', 'signed_by_master': '#4DC524', 'bill_of_lading_number': '#828095'}
2024-04-30 12:58:28,818 is result_set is instance of dict? True
2024-04-30 12:58:28,820 is final_result_set is instance of dict? True
2024-04-30 12:58:28,913 Time taken for page 1 of Bill_of_lading_526_page_0.png:0:00:03.415377
2024-04-30 12:58:29,060 *****Generated All Pages****** for Bill_of_lading_526_page_0.png
2024-04-30 12:58:29,061 RAM memory 77.5 used for Bill_of_lading_526_page_0.png Generating All Pages:
2024-04-30 12:58:29,061 Processing time taken for all pages of Bill_of_lading_526_page_0.png1:0:00:03.564054
2024-04-30 12:58:29,203 file name is:Bill_of_lading_1997_page_0.png
2024-04-30 12:58:29,203 folder path :Images
2024-04-30 12:58:29,203 Calling Image result
2024-04-30 12:58:29,203 is all_page_result is instance of dict? True
2024-04-30 12:58:29,203 STREAM b'IHDR' 16 13
2024-04-30 12:58:29,203 STREAM b'IDAT' 41 65536
2024-04-30 12:58:29,271 is words is instance of list? True
2024-04-30 12:58:29,271 is bboxes is instance of list? True
2024-04-30 12:58:29,271 is bounding_boxes is instance of list? True
2024-04-30 12:58:29,801 is input_id_chunks is instance of list? True
2024-04-30 12:58:29,801 is mask_chunks is instance of list? True
2024-04-30 12:58:29,801 is bbox_chunks is instance of list? True
2024-04-30 12:58:29,801 is image_chunks is instance of list? True
2024-04-30 12:58:29,802 is input_dict is instance of dict? True
2024-04-30 12:58:33,939 Model Called
2024-04-30 12:58:33,940 RAM memory 84.9 used for Bill_of_lading_1997_page_0.png:
2024-04-30 12:58:33,940 is all_predictions is instance of list? True
2024-04-30 12:58:33,940 is all_boxes is instance of list? True
2024-04-30 12:58:33,940 is all_confidences is instance of list? True
2024-04-30 12:58:33,940 is all_text is instance of list? True
2024-04-30 12:58:33,940 is label2id is instance of dict? True
2024-04-30 12:58:33,940 is id2label is instance of dict? True
2024-04-30 12:58:33,941 is label2color is instance of dict? True
2024-04-30 12:58:33,941 label2color : {'stamp': '#A0175C', 'bol_original_or_copy': '#93580E', 'vessel_name': '#AD054C', 'shipped_onboard_date': '#396E79', 'final_destination': '#9068C3', 'measurement': '#33E669', 'country_of_origin': '#67653B', 'bol_original_number': '#99A789', 'net_weight': '#6077C8', 'signed_by_carrier': '#50F1CE', 'gross_weight': '#97CB74', 'carrier_country': '#049E3E', 'port_of_discharge': '#752268', 'goods_quantity': '#45B67C', 'notify_party_name': '#F8F03B', 'port_of_loading': '#02C772', 'shipper_address': '#8BE8E3', 'place_of_issue': '#3F1E7A', 'agent_country': '#2675B0', 'freight_collect_at': '#BDBD27', 'place_of_receipt': '#CB486B', 'voyage_number': '#E324B7', 'signature': '#D80514', 'consignee_name': '#6E3383', 'consignee_address': '#2FFA33', 'bill_of_lading_issue_date': '#525FF4', 'mode_of_transport': '#2D6940', 'shipper_name': '#5B04EA', 'signed_By_agent': '#716369', 'container_number': '#DE566C', 'transaction_date': '#3D5F49', 'notify_party_address': '#AF6309', 'goods_marks_and_nos': '#28D755', 'goods_description': '#16C446', 'lc_date': '#F105E3', 'dimension': '#692C3A', 'agent_name': '#95CBCE', 'carrier_name': '#C6E6CD', 'O': '#8EB951', 'lc_ref_number': '#EC8A9E', 'pre_carriage_by': '#52B10B', 'page_no': '#FAB8E5', 'total_original_no': '#13068D', 'freight_collect_or_prepaid': '#41EED8', 'signed_by_master': '#9F2F9B', 'bill_of_lading_number': '#BDCC8E'}
2024-04-30 12:58:34,579 is result_set is instance of dict? True
2024-04-30 12:58:34,580 is final_result_set is instance of dict? True
2024-04-30 12:58:34,665 Time taken for page 1 of Bill_of_lading_1997_page_0.png:0:00:05.461600
2024-04-30 12:58:34,939 *****Generated All Pages****** for Bill_of_lading_1997_page_0.png
2024-04-30 12:58:34,939 RAM memory 84.9 used for Bill_of_lading_1997_page_0.png Generating All Pages:
2024-04-30 12:58:34,939 Processing time taken for all pages of Bill_of_lading_1997_page_0.png1:0:00:05.736142
2024-04-30 12:58:35,122 file name is:Bill_of_lading_535_page_0.png
2024-04-30 12:58:35,122 folder path :Images
2024-04-30 12:58:35,122 Calling Image result
2024-04-30 12:58:35,122 is all_page_result is instance of dict? True
2024-04-30 12:58:35,123 STREAM b'IHDR' 16 13
2024-04-30 12:58:35,123 STREAM b'IDAT' 41 64046
2024-04-30 12:58:35,159 is words is instance of list? True
2024-04-30 12:58:35,159 is bboxes is instance of list? True
2024-04-30 12:58:35,159 is bounding_boxes is instance of list? True
2024-04-30 12:58:35,392 is input_id_chunks is instance of list? True
2024-04-30 12:58:35,392 is mask_chunks is instance of list? True
2024-04-30 12:58:35,392 is bbox_chunks is instance of list? True
2024-04-30 12:58:35,392 is image_chunks is instance of list? True
2024-04-30 12:58:35,393 is input_dict is instance of dict? True
2024-04-30 12:58:38,128 Model Called
2024-04-30 12:58:38,128 RAM memory 79.2 used for Bill_of_lading_535_page_0.png:
2024-04-30 12:58:38,128 is all_predictions is instance of list? True
2024-04-30 12:58:38,128 is all_boxes is instance of list? True
2024-04-30 12:58:38,128 is all_confidences is instance of list? True
2024-04-30 12:58:38,128 is all_text is instance of list? True
2024-04-30 12:58:38,129 is label2id is instance of dict? True
2024-04-30 12:58:38,129 is id2label is instance of dict? True
2024-04-30 12:58:38,129 is label2color is instance of dict? True
2024-04-30 12:58:38,129 label2color : {'stamp': '#D5CFE0', 'bol_original_or_copy': '#0090B4', 'vessel_name': '#4982F7', 'shipped_onboard_date': '#097343', 'final_destination': '#216BB3', 'measurement': '#29A5A3', 'country_of_origin': '#B43BBD', 'bol_original_number': '#35949B', 'net_weight': '#4B00DB', 'signed_by_carrier': '#5E801D', 'gross_weight': '#14594B', 'carrier_country': '#AFDC87', 'port_of_discharge': '#7EB338', 'goods_quantity': '#595728', 'notify_party_name': '#AE858A', 'port_of_loading': '#84FE7D', 'shipper_address': '#1C8203', 'place_of_issue': '#43FF8E', 'agent_country': '#5ECA80', 'freight_collect_at': '#5CE787', 'place_of_receipt': '#268DEF', 'voyage_number': '#38A438', 'signature': '#0A5906', 'consignee_name': '#1B7856', 'consignee_address': '#FF894C', 'bill_of_lading_issue_date': '#CDB78F', 'mode_of_transport': '#FE6E08', 'shipper_name': '#08AD8B', 'signed_By_agent': '#6274D7', 'container_number': '#0F5FC5', 'transaction_date': '#C4C54C', 'notify_party_address': '#6488E6', 'goods_marks_and_nos': '#8EB6BF', 'goods_description': '#2227A5', 'lc_date': '#0BCCCD', 'dimension': '#692C26', 'agent_name': '#F0A086', 'carrier_name': '#1F39EF', 'O': '#D4084B', 'lc_ref_number': '#E79305', 'pre_carriage_by': '#05DC53', 'page_no': '#1D9E55', 'total_original_no': '#EF7F7A', 'freight_collect_or_prepaid': '#1F1D5B', 'signed_by_master': '#420B31', 'bill_of_lading_number': '#86820B'}
2024-04-30 12:58:38,329 is result_set is instance of dict? True
2024-04-30 12:58:38,330 is final_result_set is instance of dict? True
2024-04-30 12:58:38,424 Time taken for page 1 of Bill_of_lading_535_page_0.png:0:00:03.301480
2024-04-30 12:58:38,584 *****Generated All Pages****** for Bill_of_lading_535_page_0.png
2024-04-30 12:58:38,584 RAM memory 79.4 used for Bill_of_lading_535_page_0.png Generating All Pages:
2024-04-30 12:58:38,584 Processing time taken for all pages of Bill_of_lading_535_page_0.png1:0:00:03.461986
2024-04-30 12:58:38,718 file name is:Bill_of_lading_1029_page_6.png
2024-04-30 12:58:38,718 folder path :Images
2024-04-30 12:58:38,718 Calling Image result
2024-04-30 12:58:38,718 is all_page_result is instance of dict? True
2024-04-30 12:58:38,718 STREAM b'IHDR' 16 13
2024-04-30 12:58:38,719 STREAM b'PLTE' 41 768
2024-04-30 12:58:38,719 STREAM b'IDAT' 821 65536
2024-04-30 12:58:38,732 is words is instance of list? True
2024-04-30 12:58:38,732 is bboxes is instance of list? True
2024-04-30 12:58:38,732 is bounding_boxes is instance of list? True
2024-04-30 12:58:38,774 is input_id_chunks is instance of list? True
2024-04-30 12:58:38,774 is mask_chunks is instance of list? True
2024-04-30 12:58:38,774 is bbox_chunks is instance of list? True
2024-04-30 12:58:38,774 is image_chunks is instance of list? True
2024-04-30 12:58:38,775 is input_dict is instance of dict? True
2024-04-30 12:58:40,131 Model Called
2024-04-30 12:58:40,131 RAM memory 77.8 used for Bill_of_lading_1029_page_6.png:
2024-04-30 12:58:40,131 is all_predictions is instance of list? True
2024-04-30 12:58:40,131 is all_boxes is instance of list? True
2024-04-30 12:58:40,131 is all_confidences is instance of list? True
2024-04-30 12:58:40,131 is all_text is instance of list? True
2024-04-30 12:58:40,132 is label2id is instance of dict? True
2024-04-30 12:58:40,132 is id2label is instance of dict? True
2024-04-30 12:58:40,132 is label2color is instance of dict? True
2024-04-30 12:58:40,132 label2color : {'stamp': '#332559', 'bol_original_or_copy': '#281A03', 'vessel_name': '#893F1B', 'shipped_onboard_date': '#CB91C4', 'final_destination': '#59F30E', 'measurement': '#B83531', 'country_of_origin': '#AC29AF', 'bol_original_number': '#E5E320', 'net_weight': '#6E5CB9', 'signed_by_carrier': '#9685A3', 'gross_weight': '#E8EB5D', 'carrier_country': '#D23DA4', 'port_of_discharge': '#5953A9', 'goods_quantity': '#2D2EE8', 'notify_party_name': '#6A99D5', 'port_of_loading': '#AA950C', 'shipper_address': '#75E1BC', 'place_of_issue': '#55F259', 'agent_country': '#B6CE9F', 'freight_collect_at': '#D5E92C', 'place_of_receipt': '#A36385', 'voyage_number': '#8E61DC', 'signature': '#0F9D66', 'consignee_name': '#9EFCA0', 'consignee_address': '#E967BC', 'bill_of_lading_issue_date': '#3D6324', 'mode_of_transport': '#29AB9D', 'shipper_name': '#253E99', 'signed_By_agent': '#0A85BC', 'container_number': '#372228', 'transaction_date': '#495D90', 'notify_party_address': '#975048', 'goods_marks_and_nos': '#48BDB0', 'goods_description': '#6F8526', 'lc_date': '#81357E', 'dimension': '#5D2194', 'agent_name': '#45143A', 'carrier_name': '#594D25', 'O': '#F0A948', 'lc_ref_number': '#52DA3E', 'pre_carriage_by': '#6AF50D', 'page_no': '#1D9BA5', 'total_original_no': '#F22C8D', 'freight_collect_or_prepaid': '#8383A9', 'signed_by_master': '#F280B4', 'bill_of_lading_number': '#070069'}
2024-04-30 12:58:40,169 is result_set is instance of dict? True
2024-04-30 12:58:40,170 is final_result_set is instance of dict? True
2024-04-30 12:58:40,231 Time taken for page 1 of Bill_of_lading_1029_page_6.png:0:00:01.512221
2024-04-30 12:58:40,339 *****Generated All Pages****** for Bill_of_lading_1029_page_6.png
2024-04-30 12:58:40,340 RAM memory 77.8 used for Bill_of_lading_1029_page_6.png Generating All Pages:
2024-04-30 12:58:40,340 Processing time taken for all pages of Bill_of_lading_1029_page_6.png1:0:00:01.621601
2024-04-30 12:58:40,468 file name is:Bill_of_lading_58_page_0.png
2024-04-30 12:58:40,468 folder path :Images
2024-04-30 12:58:40,468 Calling Image result
2024-04-30 12:58:40,468 is all_page_result is instance of dict? True
2024-04-30 12:58:40,468 STREAM b'IHDR' 16 13
2024-04-30 12:58:40,468 STREAM b'IDAT' 41 65536
2024-04-30 12:58:40,498 is words is instance of list? True
2024-04-30 12:58:40,498 is bboxes is instance of list? True
2024-04-30 12:58:40,498 is bounding_boxes is instance of list? True
2024-04-30 12:58:40,706 is input_id_chunks is instance of list? True
2024-04-30 12:58:40,706 is mask_chunks is instance of list? True
2024-04-30 12:58:40,706 is bbox_chunks is instance of list? True
2024-04-30 12:58:40,706 is image_chunks is instance of list? True
2024-04-30 12:58:40,707 is input_dict is instance of dict? True
2024-04-30 12:58:42,695 Model Called
2024-04-30 12:58:42,696 RAM memory 77.6 used for Bill_of_lading_58_page_0.png:
2024-04-30 12:58:42,696 is all_predictions is instance of list? True
2024-04-30 12:58:42,696 is all_boxes is instance of list? True
2024-04-30 12:58:42,696 is all_confidences is instance of list? True
2024-04-30 12:58:42,696 is all_text is instance of list? True
2024-04-30 12:58:42,697 is label2id is instance of dict? True
2024-04-30 12:58:42,697 is id2label is instance of dict? True
2024-04-30 12:58:42,698 is label2color is instance of dict? True
2024-04-30 12:58:42,698 label2color : {'stamp': '#20F899', 'bol_original_or_copy': '#0D7FC6', 'vessel_name': '#58D699', 'shipped_onboard_date': '#8BFDE8', 'final_destination': '#B342BE', 'measurement': '#F27730', 'country_of_origin': '#1D1AF2', 'bol_original_number': '#055AEC', 'net_weight': '#D631CF', 'signed_by_carrier': '#614E39', 'gross_weight': '#CCD745', 'carrier_country': '#522705', 'port_of_discharge': '#FA78D3', 'goods_quantity': '#09A7D8', 'notify_party_name': '#FAF612', 'port_of_loading': '#BF25E2', 'shipper_address': '#909550', 'place_of_issue': '#0453F2', 'agent_country': '#DAD02E', 'freight_collect_at': '#8DA6E3', 'place_of_receipt': '#929CFC', 'voyage_number': '#993DEC', 'signature': '#31E2BF', 'consignee_name': '#201E05', 'consignee_address': '#672C7A', 'bill_of_lading_issue_date': '#750D6D', 'mode_of_transport': '#6C3858', 'shipper_name': '#A956CC', 'signed_By_agent': '#FE5B6F', 'container_number': '#27F8DD', 'transaction_date': '#6A2B6D', 'notify_party_address': '#901842', 'goods_marks_and_nos': '#79B433', 'goods_description': '#9449DA', 'lc_date': '#58B6C3', 'dimension': '#1EEDAA', 'agent_name': '#FE1946', 'carrier_name': '#68109F', 'O': '#9966A2', 'lc_ref_number': '#6227EC', 'pre_carriage_by': '#6F3FCB', 'page_no': '#938CD2', 'total_original_no': '#74C82C', 'freight_collect_or_prepaid': '#39F440', 'signed_by_master': '#FC320B', 'bill_of_lading_number': '#7720FD'}
2024-04-30 12:58:42,915 is result_set is instance of dict? True
2024-04-30 12:58:42,916 is final_result_set is instance of dict? True
2024-04-30 12:58:43,037 Time taken for page 1 of Bill_of_lading_58_page_0.png:0:00:02.568978
2024-04-30 12:58:43,211 *****Generated All Pages****** for Bill_of_lading_58_page_0.png
2024-04-30 12:58:43,211 RAM memory 77.7 used for Bill_of_lading_58_page_0.png Generating All Pages:
2024-04-30 12:58:43,211 Processing time taken for all pages of Bill_of_lading_58_page_0.png1:0:00:02.743272
2024-04-30 12:58:43,315 file name is:Bill_of_lading_1055_page_1.png
2024-04-30 12:58:43,315 folder path :Images
2024-04-30 12:58:43,315 Calling Image result
2024-04-30 12:58:43,315 is all_page_result is instance of dict? True
2024-04-30 12:58:43,315 STREAM b'IHDR' 16 13
2024-04-30 12:58:43,315 STREAM b'IDAT' 41 65536
2024-04-30 12:58:43,347 is words is instance of list? True
2024-04-30 12:58:43,347 is bboxes is instance of list? True
2024-04-30 12:58:43,347 is bounding_boxes is instance of list? True
2024-04-30 12:58:43,552 is input_id_chunks is instance of list? True
2024-04-30 12:58:43,552 is mask_chunks is instance of list? True
2024-04-30 12:58:43,552 is bbox_chunks is instance of list? True
2024-04-30 12:58:43,552 is image_chunks is instance of list? True
2024-04-30 12:58:43,553 is input_dict is instance of dict? True
2024-04-30 12:58:47,226 Model Called
2024-04-30 12:58:47,227 RAM memory 84.5 used for Bill_of_lading_1055_page_1.png:
2024-04-30 12:58:47,227 is all_predictions is instance of list? True
2024-04-30 12:58:47,227 is all_boxes is instance of list? True
2024-04-30 12:58:47,227 is all_confidences is instance of list? True
2024-04-30 12:58:47,227 is all_text is instance of list? True
2024-04-30 12:58:47,227 is label2id is instance of dict? True
2024-04-30 12:58:47,227 is id2label is instance of dict? True
2024-04-30 12:58:47,228 is label2color is instance of dict? True
2024-04-30 12:58:47,228 label2color : {'stamp': '#7E705E', 'bol_original_or_copy': '#FC938D', 'vessel_name': '#64CF7B', 'shipped_onboard_date': '#B4ABB1', 'final_destination': '#A87ED0', 'measurement': '#B1DFEB', 'country_of_origin': '#4C4E9A', 'bol_original_number': '#0125A9', 'net_weight': '#2F5857', 'signed_by_carrier': '#FF9387', 'gross_weight': '#3277C6', 'carrier_country': '#53FAB5', 'port_of_discharge': '#0FC8A1', 'goods_quantity': '#8104C1', 'notify_party_name': '#D80A9F', 'port_of_loading': '#D58818', 'shipper_address': '#AC1D03', 'place_of_issue': '#1AFABA', 'agent_country': '#FCBDD4', 'freight_collect_at': '#E37FC8', 'place_of_receipt': '#BB7D13', 'voyage_number': '#D1B65C', 'signature': '#F46308', 'consignee_name': '#858C2F', 'consignee_address': '#7FE95D', 'bill_of_lading_issue_date': '#26EC87', 'mode_of_transport': '#266CFA', 'shipper_name': '#F30A69', 'signed_By_agent': '#EB91F0', 'container_number': '#78946A', 'transaction_date': '#EC9428', 'notify_party_address': '#150F7C', 'goods_marks_and_nos': '#EB8F0F', 'goods_description': '#241FEE', 'lc_date': '#5D2628', 'dimension': '#EA64C8', 'agent_name': '#ACE092', 'carrier_name': '#9E84EF', 'O': '#6DC4ED', 'lc_ref_number': '#766672', 'pre_carriage_by': '#59D9F3', 'page_no': '#892958', 'total_original_no': '#C0F153', 'freight_collect_or_prepaid': '#829381', 'signed_by_master': '#ACB4C4', 'bill_of_lading_number': '#069CD4'}
2024-04-30 12:58:47,494 is result_set is instance of dict? True
2024-04-30 12:58:47,496 is final_result_set is instance of dict? True
2024-04-30 12:58:47,596 Time taken for page 1 of Bill_of_lading_1055_page_1.png:0:00:04.280765
2024-04-30 12:58:47,807 *****Generated All Pages****** for Bill_of_lading_1055_page_1.png
2024-04-30 12:58:47,807 RAM memory 84.6 used for Bill_of_lading_1055_page_1.png Generating All Pages:
2024-04-30 12:58:47,807 Processing time taken for all pages of Bill_of_lading_1055_page_1.png1:0:00:04.491817
2024-04-30 12:58:47,922 file name is:Bill_of_lading_1565_page_0.png
2024-04-30 12:58:47,922 folder path :Images
2024-04-30 12:58:47,922 Calling Image result
2024-04-30 12:58:47,922 is all_page_result is instance of dict? True
2024-04-30 12:58:47,922 STREAM b'IHDR' 16 13
2024-04-30 12:58:47,922 STREAM b'IDAT' 41 65536
2024-04-30 12:58:47,994 is words is instance of list? True
2024-04-30 12:58:47,994 is bboxes is instance of list? True
2024-04-30 12:58:47,994 is bounding_boxes is instance of list? True
2024-04-30 12:58:48,432 is input_id_chunks is instance of list? True
2024-04-30 12:58:48,432 is mask_chunks is instance of list? True
2024-04-30 12:58:48,432 is bbox_chunks is instance of list? True
2024-04-30 12:58:48,432 is image_chunks is instance of list? True
2024-04-30 12:58:48,433 is input_dict is instance of dict? True
2024-04-30 12:58:51,704 Model Called
2024-04-30 12:58:51,705 RAM memory 84.0 used for Bill_of_lading_1565_page_0.png:
2024-04-30 12:58:51,705 is all_predictions is instance of list? True
2024-04-30 12:58:51,705 is all_boxes is instance of list? True
2024-04-30 12:58:51,706 is all_confidences is instance of list? True
2024-04-30 12:58:51,706 is all_text is instance of list? True
2024-04-30 12:58:51,707 is label2id is instance of dict? True
2024-04-30 12:58:51,707 is id2label is instance of dict? True
2024-04-30 12:58:51,708 is label2color is instance of dict? True
2024-04-30 12:58:51,708 label2color : {'stamp': '#1CAD6F', 'bol_original_or_copy': '#164CA9', 'vessel_name': '#92A8A9', 'shipped_onboard_date': '#5EB0F8', 'final_destination': '#9B4FFB', 'measurement': '#F755E5', 'country_of_origin': '#4CF77F', 'bol_original_number': '#B0BB81', 'net_weight': '#2F2EB3', 'signed_by_carrier': '#A44BF6', 'gross_weight': '#926EC8', 'carrier_country': '#B5A2D9', 'port_of_discharge': '#7D2B82', 'goods_quantity': '#9376F4', 'notify_party_name': '#F88FD0', 'port_of_loading': '#950FCA', 'shipper_address': '#487F48', 'place_of_issue': '#7FA727', 'agent_country': '#D1BDD3', 'freight_collect_at': '#C71D0C', 'place_of_receipt': '#8374AB', 'voyage_number': '#3AF348', 'signature': '#9B8DDC', 'consignee_name': '#F6BB10', 'consignee_address': '#42D1F9', 'bill_of_lading_issue_date': '#519F33', 'mode_of_transport': '#88804E', 'shipper_name': '#0CD75B', 'signed_By_agent': '#46CDE6', 'container_number': '#784E0F', 'transaction_date': '#C79B91', 'notify_party_address': '#825CD0', 'goods_marks_and_nos': '#AE0513', 'goods_description': '#A7BD58', 'lc_date': '#D40B18', 'dimension': '#D5FB91', 'agent_name': '#D3DCDA', 'carrier_name': '#5C23A6', 'O': '#286A38', 'lc_ref_number': '#8D4B56', 'pre_carriage_by': '#1FDB04', 'page_no': '#462FB0', 'total_original_no': '#933041', 'freight_collect_or_prepaid': '#DE87E5', 'signed_by_master': '#99DA78', 'bill_of_lading_number': '#791639'}
2024-04-30 12:58:52,321 is result_set is instance of dict? True
2024-04-30 12:58:52,323 is final_result_set is instance of dict? True
2024-04-30 12:58:52,437 Time taken for page 1 of Bill_of_lading_1565_page_0.png:0:00:04.514833
2024-04-30 12:58:52,718 *****Generated All Pages****** for Bill_of_lading_1565_page_0.png
2024-04-30 12:58:52,718 RAM memory 84.5 used for Bill_of_lading_1565_page_0.png Generating All Pages:
2024-04-30 12:58:52,718 Processing time taken for all pages of Bill_of_lading_1565_page_0.png1:0:00:04.795843
2024-04-30 12:58:52,840 file name is:Bill_of_lading_2034_page_0.png
2024-04-30 12:58:52,840 folder path :Images
2024-04-30 12:58:52,840 Calling Image result
2024-04-30 12:58:52,841 is all_page_result is instance of dict? True
2024-04-30 12:58:52,841 STREAM b'IHDR' 16 13
2024-04-30 12:58:52,841 STREAM b'IDAT' 41 65536
2024-04-30 12:58:52,880 is words is instance of list? True
2024-04-30 12:58:52,880 is bboxes is instance of list? True
2024-04-30 12:58:52,880 is bounding_boxes is instance of list? True
2024-04-30 12:58:53,169 is input_id_chunks is instance of list? True
2024-04-30 12:58:53,169 is mask_chunks is instance of list? True
2024-04-30 12:58:53,169 is bbox_chunks is instance of list? True
2024-04-30 12:58:53,169 is image_chunks is instance of list? True
2024-04-30 12:58:53,170 is input_dict is instance of dict? True
2024-04-30 12:58:55,016 Model Called
2024-04-30 12:58:55,016 RAM memory 82.3 used for Bill_of_lading_2034_page_0.png:
2024-04-30 12:58:55,016 is all_predictions is instance of list? True
2024-04-30 12:58:55,016 is all_boxes is instance of list? True
2024-04-30 12:58:55,016 is all_confidences is instance of list? True
2024-04-30 12:58:55,016 is all_text is instance of list? True
2024-04-30 12:58:55,017 is label2id is instance of dict? True
2024-04-30 12:58:55,017 is id2label is instance of dict? True
2024-04-30 12:58:55,018 is label2color is instance of dict? True
2024-04-30 12:58:55,018 label2color : {'stamp': '#F44A21', 'bol_original_or_copy': '#FCCA79', 'vessel_name': '#7F534F', 'shipped_onboard_date': '#D8AD44', 'final_destination': '#1DAE21', 'measurement': '#02E55E', 'country_of_origin': '#BB4483', 'bol_original_number': '#43D3FC', 'net_weight': '#BCA7D0', 'signed_by_carrier': '#1CC5D2', 'gross_weight': '#5F4905', 'carrier_country': '#D8EA58', 'port_of_discharge': '#24417B', 'goods_quantity': '#C4E98C', 'notify_party_name': '#70187E', 'port_of_loading': '#CD5EF3', 'shipper_address': '#56709C', 'place_of_issue': '#5CBF05', 'agent_country': '#BE99E4', 'freight_collect_at': '#D9E2A7', 'place_of_receipt': '#75AECB', 'voyage_number': '#C480E1', 'signature': '#594CE1', 'consignee_name': '#0D49FB', 'consignee_address': '#BA5ACC', 'bill_of_lading_issue_date': '#A99EFF', 'mode_of_transport': '#6C0721', 'shipper_name': '#72EA1A', 'signed_By_agent': '#21720C', 'container_number': '#07C3C9', 'transaction_date': '#5DDFBC', 'notify_party_address': '#21ABAF', 'goods_marks_and_nos': '#8E63FF', 'goods_description': '#0786C2', 'lc_date': '#040686', 'dimension': '#EC5F89', 'agent_name': '#3D46E7', 'carrier_name': '#BB4708', 'O': '#5D14A9', 'lc_ref_number': '#9B45B5', 'pre_carriage_by': '#C49526', 'page_no': '#0E99DD', 'total_original_no': '#11FDB0', 'freight_collect_or_prepaid': '#09BF02', 'signed_by_master': '#B9CC4B', 'bill_of_lading_number': '#B8999F'}
2024-04-30 12:58:55,315 is result_set is instance of dict? True
2024-04-30 12:58:55,316 is final_result_set is instance of dict? True
2024-04-30 12:58:55,407 Time taken for page 1 of Bill_of_lading_2034_page_0.png:0:00:02.566043
2024-04-30 12:58:55,610 *****Generated All Pages****** for Bill_of_lading_2034_page_0.png
2024-04-30 12:58:55,610 RAM memory 82.1 used for Bill_of_lading_2034_page_0.png Generating All Pages:
2024-04-30 12:58:55,610 Processing time taken for all pages of Bill_of_lading_2034_page_0.png1:0:00:02.769669
