2024-02-21 03:45:13,459 checkpoint 1 => setting basis cofiguration for logging purposes
2024-02-21 03:45:13,460 start time: 2024-02-21 03:45:13.460641
2024-02-21 03:45:16,542 Falling back to TensorFlow client; we recommended you install the Cloud TPU client directly with pip install cloud-tpu-client.
2024-02-21 03:45:16,605 Creating converter from 7 to 5
2024-02-21 03:45:16,606 Creating converter from 5 to 7
2024-02-21 03:45:16,606 Creating converter from 7 to 5
2024-02-21 03:45:16,606 Creating converter from 5 to 7
2024-02-21 03:45:16,910 Starting new HTTPS connection (1): huggingface.co:443
2024-02-21 03:45:17,674 https://huggingface.co:443 "HEAD /microsoft/layoutlmv2-base-uncased/resolve/main/preprocessor_config.json HTTP/1.1" 200 0
2024-02-21 03:45:18,186 https://huggingface.co:443 "HEAD /microsoft/layoutlmv2-base-uncased/resolve/main/tokenizer_config.json HTTP/1.1" 404 0
2024-02-21 03:45:18,903 https://huggingface.co:443 "HEAD /microsoft/layoutlmv2-base-uncased/resolve/main/vocab.txt HTTP/1.1" 200 0
2024-02-21 03:45:18,933 RAM memory for Model loading used: 52.9
2024-02-21 03:45:18,933 cpu_utilization % for Model Loading:10.4
2024-02-21 03:45:18,933 memory_consumption in bytes for Loading Model:1145888768
2024-02-21 03:45:18,933 Loaded Model successfully
2024-02-21 03:45:18,933 file name is:Packing_List(2013_04_15_16_20_53_5835)_346_page_1.png
2024-02-21 03:45:18,933 folder path :Images
2024-02-21 03:45:18,933 Calling Image result
2024-02-21 03:45:18,933 is all_page_result is instance of dict? True
2024-02-21 03:45:18,936 STREAM b'IHDR' 16 13
2024-02-21 03:45:18,936 STREAM b'IDAT' 41 34787
2024-02-21 03:45:18,953 *****Generated All Pages****** for Packing_List(2013_04_15_16_20_53_5835)_346_page_1.png
2024-02-21 03:45:18,953 RAM memory 52.9 used for Packing_List(2013_04_15_16_20_53_5835)_346_page_1.png Generating All Pages:
2024-02-21 03:45:18,953 Processing time taken for all pages of Packing_List(2013_04_15_16_20_53_5835)_346_page_1.png1:0:00:00.020106
