2024-04-29 02:05:36,809 checkpoint 1 => setting basis cofiguration for logging purposes
2024-04-29 02:05:36,810 start time: 2024-04-29 02:05:36.810393
2024-04-29 02:05:39,600 Starting new HTTPS connection (1): huggingface.co:443
2024-04-29 02:05:40,332 https://huggingface.co:443 "HEAD /microsoft/layoutlmv2-base-uncased/resolve/main/preprocessor_config.json HTTP/1.1" 200 0
2024-04-29 02:05:40,737 https://huggingface.co:443 "HEAD /microsoft/layoutlmv2-base-uncased/resolve/main/tokenizer_config.json HTTP/1.1" 404 0
2024-04-29 02:05:41,377 https://huggingface.co:443 "HEAD /microsoft/layoutlmv2-base-uncased/resolve/main/vocab.txt HTTP/1.1" 200 0
2024-04-29 02:05:41,403 RAM memory for Model loading used: 61.2
2024-04-29 02:05:41,404 cpu_utilization % for Model Loading:27.2
2024-04-29 02:05:41,404 memory_consumption in bytes for Loading Model:912416768
2024-04-29 02:05:41,404 Loaded Model successfully
2024-04-29 02:05:41,404 file name is:Bill_of_Exchange_44_0.png
2024-04-29 02:05:41,404 folder path :Images
2024-04-29 02:05:41,404 Calling Image result
2024-04-29 02:05:41,404 is all_page_result is instance of dict? True
2024-04-29 02:05:41,407 STREAM b'IHDR' 16 13
2024-04-29 02:05:41,407 STREAM b'pHYs' 41 9
2024-04-29 02:05:41,407 STREAM b'IDAT' 62 98834
2024-04-29 02:05:41,415 is words is instance of list? True
2024-04-29 02:05:41,416 is bboxes is instance of list? True
2024-04-29 02:05:41,416 is bounding_boxes is instance of list? True
2024-04-29 02:05:41,465 is input_id_chunks is instance of list? True
2024-04-29 02:05:41,466 is mask_chunks is instance of list? True
2024-04-29 02:05:41,466 is bbox_chunks is instance of list? True
2024-04-29 02:05:41,466 is image_chunks is instance of list? True
2024-04-29 02:05:41,466 is input_dict is instance of dict? True
2024-04-29 02:05:42,805 Model Called
2024-04-29 02:05:42,805 RAM memory 67.0 used for Bill_of_Exchange_44_0.png:
2024-04-29 02:05:42,806 is all_predictions is instance of list? True
2024-04-29 02:05:42,806 is all_boxes is instance of list? True
2024-04-29 02:05:42,806 is all_confidences is instance of list? True
2024-04-29 02:05:42,806 is all_text is instance of list? True
2024-04-29 02:05:42,806 is label2id is instance of dict? True
2024-04-29 02:05:42,806 is id2label is instance of dict? True
2024-04-29 02:05:42,807 is label2color is instance of dict? True
2024-04-29 02:05:42,807 label2color : {'tenor_type': '#3012F7', 'invoice_due_date': '#A0EF22', 'diclaration_by': '#FE96B4', 'invoice_amount': '#44E374', 'original_or_copy': '#943748', 'boe_currency': '#36413C', 'lc_ref_no': '#FA882F', 'boe_amount': '#47CFD5', 'indicator_date': '#5A4DF0', 'tenore_details': '#9CF124', 'lc_date': '#9683BF', 'issuing_bank': '#7C606E', 'drawer_name': '#08E922', 'stamp': '#C6BE30', 'drawer_bank_address': '#8C8DC8', 'drawer_address': '#80FF8E', 'drawee_name': '#06AD9D', 'country_of_origin': '#72BB95', 'tenor_indicator': '#A16746', 'bill_exchange_no': '#E1A7CE', 'drawee_bank_address': '#EDE886', 'issuing_bank_address': '#CA5451', 'bill_exchange_date': '#70D347', 'goods_discription': '#2DCB0F', 'drawer_bank_name': '#E0B4C5', 'indicator_type': '#5AFF83', 'drawee_bank_name': '#52367F', 'usance_tenor': '#57F0E3', 'signature': '#C88F5A', 'invoice_no': '#6B7CA1', 'original_number': '#705964', 'drawee_address': '#C6339B', 'invoice_date': '#7BCADE', 'issue_place': '#FBA41A', 'invoice_currency': '#0AD7BD', 'O': '#95B060', 'amount_in_words': '#883BD1'}
2024-04-29 02:05:42,837 is result_set is instance of dict? True
2024-04-29 02:05:42,838 is final_result_set is instance of dict? True
2024-04-29 02:05:42,919 Time taken for page 1 of Bill_of_Exchange_44_0.png:0:00:01.512017
2024-04-29 02:05:42,948 *****Generated All Pages****** for Bill_of_Exchange_44_0.png
2024-04-29 02:05:42,948 RAM memory 67.0 used for Bill_of_Exchange_44_0.png Generating All Pages:
2024-04-29 02:05:42,948 Processing time taken for all pages of Bill_of_Exchange_44_0.png1:0:00:01.544449
