2024-02-21 03:46:58,255 checkpoint 1 => setting basis cofiguration for logging purposes
2024-02-21 03:46:58,256 start time: 2024-02-21 03:46:58.256786
2024-02-21 03:47:01,360 Falling back to TensorFlow client; we recommended you install the Cloud TPU client directly with pip install cloud-tpu-client.
2024-02-21 03:47:01,420 Creating converter from 7 to 5
2024-02-21 03:47:01,420 Creating converter from 5 to 7
2024-02-21 03:47:01,420 Creating converter from 7 to 5
2024-02-21 03:47:01,420 Creating converter from 5 to 7
2024-02-21 03:47:01,728 Starting new HTTPS connection (1): huggingface.co:443
2024-02-21 03:47:02,022 https://huggingface.co:443 "HEAD /microsoft/layoutlmv2-base-uncased/resolve/main/preprocessor_config.json HTTP/1.1" 200 0
2024-02-21 03:47:02,534 https://huggingface.co:443 "HEAD /microsoft/layoutlmv2-base-uncased/resolve/main/tokenizer_config.json HTTP/1.1" 404 0
2024-02-21 03:47:02,783 https://huggingface.co:443 "HEAD /microsoft/layoutlmv2-base-uncased/resolve/main/vocab.txt HTTP/1.1" 200 0
2024-02-21 03:47:02,812 RAM memory for Model loading used: 53.6
2024-02-21 03:47:02,813 cpu_utilization % for Model Loading:12.4
2024-02-21 03:47:02,813 memory_consumption in bytes for Loading Model:1146068992
2024-02-21 03:47:02,813 Loaded Model successfully
2024-02-21 03:47:02,813 file name is:Packing_List(2013_04_15_16_20_53_5835)_346_page_1.png
2024-02-21 03:47:02,813 folder path :Images
2024-02-21 03:47:02,813 Calling Image result
2024-02-21 03:47:02,813 is all_page_result is instance of dict? True
2024-02-21 03:47:02,816 STREAM b'IHDR' 16 13
2024-02-21 03:47:02,816 STREAM b'IDAT' 41 34787
2024-02-21 03:47:02,834 is words is instance of list? True
2024-02-21 03:47:02,834 is bboxes is instance of list? True
2024-02-21 03:47:02,834 is bounding_boxes is instance of list? True
2024-02-21 03:47:02,974 is input_id_chunks is instance of list? True
2024-02-21 03:47:02,975 is mask_chunks is instance of list? True
2024-02-21 03:47:02,975 is bbox_chunks is instance of list? True
2024-02-21 03:47:02,975 is image_chunks is instance of list? True
2024-02-21 03:47:02,975 is input_dict is instance of dict? True
2024-02-21 03:47:04,652 Model Called
2024-02-21 03:47:04,652 RAM memory 66.2 used for Packing_List(2013_04_15_16_20_53_5835)_346_page_1.png:
2024-02-21 03:47:04,652 is all_predictions is instance of list? True
2024-02-21 03:47:04,652 is all_boxes is instance of list? True
2024-02-21 03:47:04,652 is all_confidences is instance of list? True
2024-02-21 03:47:04,652 is all_text is instance of list? True
2024-02-21 03:47:04,652 is label2id is instance of dict? True
2024-02-21 03:47:04,652 is id2label is instance of dict? True
2024-02-21 03:47:04,653 is label2color is instance of dict? True
2024-02-21 03:47:04,653 label2color : {'track_reference': '#258085', 'vessel_name': '#529E6E', 'transaction_amount_value': '#D6C0A6', 'lc_ref_no': '#13CC9C', 'invoice_currency': '#6C81F2', 'bill_of_lading_date': '#8A4C56', 'net_weight': '#F8865A', 'awb_date': '#9402A1', 'date_of_invoice': '#05DB7E', 'port_of_discharge': '#B53845', 'original_copy': '#3BD818', 'shipper_address': '#6A7650', 'rate_per_unit': '#DB08B5', 'invoice_no': '#F6D468', 'signature': '#D075EB', 'consignee_address': '#6952D4', 'incoterm': '#B754B9', 'country_of_final_destination': '#29C5F2', 'description_of_goods': '#9B8C43', 'total_quantity_of_goods': '#D76CAD', 'shipper_name': '#F4965A', 'bill_of_lading_number': '#A8192F', 'transaction_currency': '#9C5B9B', 'iec_no': '#CAD9DC', 'gross_weight': '#61B41F', 'vessel_flight_no': '#55FE15', 'transaction_date': '#490456', 'lc_date': '#FB20F4', 'consignee_name': '#CD3476', 'stamp': '#BCC869', 'invoice_amount': '#AD89D7', 'dimension': '#69E95B', 'O': '#D19B27', 'consignor_name': '#203442', 'notify_party_name': '#343C3A', 'beneficiary_drawer_exporter_seller_supplier_name': '#1358D1', 'pre_carriage_by': '#BF3F6E', 'consignor_address': '#9EB289', 'declaration': '#52BBCA', 'beneficiary_drawer_exporter_seller_supplier_tin_no': '#607DBF', 'country_of_origin_origin_of_goods': '#3ABC6B', 'awb_number': '#EB1B5B', 'beneficiary_address': '#7A2B8D', 'remitter_address': '#FA9B2C', 'page_no': '#B3D3BD', 'remitter_drawee_applicant_importer_buyer_name': '#96AFA1', 'port_of_loading': '#331247', 'notify_party_address': '#507117', 'payment_terms_terms_of_delivery_&_payment': '#B60FD5'}
2024-02-21 03:47:04,755 is result_set is instance of dict? True
2024-02-21 03:47:04,757 is final_result_set is instance of dict? True
2024-02-21 03:47:04,859 Time taken for page 1 of Packing_List(2013_04_15_16_20_53_5835)_346_page_1.png:0:00:02.042817
2024-02-21 03:47:04,923 *****Generated All Pages****** for Packing_List(2013_04_15_16_20_53_5835)_346_page_1.png
2024-02-21 03:47:04,923 RAM memory 66.4 used for Packing_List(2013_04_15_16_20_53_5835)_346_page_1.png Generating All Pages:
2024-02-21 03:47:04,923 Processing time taken for all pages of Packing_List(2013_04_15_16_20_53_5835)_346_page_1.png1:0:00:02.110480
