2024-05-10 13:09:17,014 checkpoint 1 => setting basis cofiguration for logging purposes
2024-05-10 13:09:17,016 start time: 2024-05-10 13:09:17.016334
2024-05-10 13:09:21,283 Starting new HTTPS connection (1): huggingface.co:443
2024-05-10 13:09:21,705 https://huggingface.co:443 "HEAD /microsoft/layoutlmv2-base-uncased/resolve/main/preprocessor_config.json HTTP/1.1" 200 0
2024-05-10 13:09:22,251 https://huggingface.co:443 "HEAD /microsoft/layoutlmv2-base-uncased/resolve/main/tokenizer_config.json HTTP/1.1" 404 0
2024-05-10 13:09:22,531 https://huggingface.co:443 "HEAD /microsoft/layoutlmv2-base-uncased/resolve/main/vocab.txt HTTP/1.1" 200 0
2024-05-10 13:09:22,575 RAM memory for Model loading used: 88.0
2024-05-10 13:09:22,575 cpu_utilization % for Model Loading:34.4
2024-05-10 13:09:22,575 memory_consumption in bytes for Loading Model:819482624
2024-05-10 13:09:22,575 Loaded Model successfully
2024-05-10 13:09:22,576 file name is:Bill_of_Exchange_44_0.png
2024-05-10 13:09:22,576 folder path :Images
2024-05-10 13:09:22,576 Calling Image result
2024-05-10 13:09:22,576 is all_page_result is instance of dict? True
2024-05-10 13:09:22,584 STREAM b'IHDR' 16 13
2024-05-10 13:09:22,584 STREAM b'pHYs' 41 9
2024-05-10 13:09:22,584 STREAM b'IDAT' 62 98834
2024-05-10 13:09:22,605 is words is instance of list? True
2024-05-10 13:09:22,605 is bboxes is instance of list? True
2024-05-10 13:09:22,605 is bounding_boxes is instance of list? True
2024-05-10 13:09:22,668 is input_id_chunks is instance of list? True
2024-05-10 13:09:22,668 is mask_chunks is instance of list? True
2024-05-10 13:09:22,668 is bbox_chunks is instance of list? True
2024-05-10 13:09:22,668 is image_chunks is instance of list? True
2024-05-10 13:09:22,671 is input_dict is instance of dict? True
2024-05-10 13:09:24,419 Model Called
2024-05-10 13:09:24,419 RAM memory 93.0 used for Bill_of_Exchange_44_0.png:
2024-05-10 13:09:24,419 is all_predictions is instance of list? True
2024-05-10 13:09:24,419 is all_boxes is instance of list? True
2024-05-10 13:09:24,419 is all_confidences is instance of list? True
2024-05-10 13:09:24,420 is all_text is instance of list? True
2024-05-10 13:09:24,420 is label2id is instance of dict? True
2024-05-10 13:09:24,420 is id2label is instance of dict? True
2024-05-10 13:09:24,421 is label2color is instance of dict? True
2024-05-10 13:09:24,421 label2color : {'tenor_type': '#0E9451', 'invoice_due_date': '#2EA79E', 'diclaration_by': '#012607', 'invoice_amount': '#30B1A3', 'original_or_copy': '#34A9EA', 'boe_currency': '#7CA4D2', 'lc_ref_no': '#7CAB58', 'boe_amount': '#7D3558', 'indicator_date': '#A78016', 'tenore_details': '#255D66', 'lc_date': '#48D1F6', 'issuing_bank': '#881ACF', 'drawer_name': '#A2949E', 'stamp': '#2ED56C', 'drawer_bank_address': '#8D8A7A', 'drawer_address': '#12888E', 'drawee_name': '#966016', 'country_of_origin': '#A468DF', 'tenor_indicator': '#CA3186', 'bill_exchange_no': '#1A135D', 'drawee_bank_address': '#1EC93C', 'issuing_bank_address': '#A75477', 'bill_exchange_date': '#E1314C', 'goods_discription': '#D7D93B', 'drawer_bank_name': '#08BFD3', 'indicator_type': '#AE2D9F', 'drawee_bank_name': '#8C5DC8', 'usance_tenor': '#6BF376', 'signature': '#18F005', 'invoice_no': '#5F171F', 'original_number': '#7EB4D1', 'drawee_address': '#9EE09F', 'invoice_date': '#8473B3', 'issue_place': '#92E4EF', 'invoice_currency': '#16C5A3', 'O': '#E4682B', 'amount_in_words': '#05C2D4'}
2024-05-10 13:09:24,461 is result_set is instance of dict? True
2024-05-10 13:09:24,463 is final_result_set is instance of dict? True
2024-05-10 13:09:24,653 Time taken for page 1 of Bill_of_Exchange_44_0.png:0:00:02.067886
2024-05-10 13:09:24,697 *****Generated All Pages****** for Bill_of_Exchange_44_0.png
2024-05-10 13:09:24,697 RAM memory 92.9 used for Bill_of_Exchange_44_0.png Generating All Pages:
2024-05-10 13:09:24,698 Processing time taken for all pages of Bill_of_Exchange_44_0.png1:0:00:02.121715
2024-05-10 13:09:24,845 file name is:Bill_of_Exchange_200_2.png
2024-05-10 13:09:24,845 folder path :Images
2024-05-10 13:09:24,845 Calling Image result
2024-05-10 13:09:24,845 is all_page_result is instance of dict? True
2024-05-10 13:09:24,846 STREAM b'IHDR' 16 13
2024-05-10 13:09:24,846 STREAM b'pHYs' 41 9
2024-05-10 13:09:24,847 STREAM b'IDAT' 62 81268
2024-05-10 13:09:24,852 is words is instance of list? True
2024-05-10 13:09:24,852 is bboxes is instance of list? True
2024-05-10 13:09:24,852 is bounding_boxes is instance of list? True
2024-05-10 13:09:24,908 is input_id_chunks is instance of list? True
2024-05-10 13:09:24,908 is mask_chunks is instance of list? True
2024-05-10 13:09:24,908 is bbox_chunks is instance of list? True
2024-05-10 13:09:24,908 is image_chunks is instance of list? True
2024-05-10 13:09:24,909 is input_dict is instance of dict? True
2024-05-10 13:09:27,079 Model Called
2024-05-10 13:09:27,079 RAM memory 92.8 used for Bill_of_Exchange_200_2.png:
2024-05-10 13:09:27,080 is all_predictions is instance of list? True
2024-05-10 13:09:27,080 is all_boxes is instance of list? True
2024-05-10 13:09:27,080 is all_confidences is instance of list? True
2024-05-10 13:09:27,080 is all_text is instance of list? True
2024-05-10 13:09:27,080 is label2id is instance of dict? True
2024-05-10 13:09:27,080 is id2label is instance of dict? True
2024-05-10 13:09:27,082 is label2color is instance of dict? True
2024-05-10 13:09:27,082 label2color : {'tenor_type': '#6CE5F5', 'invoice_due_date': '#B38C71', 'diclaration_by': '#024269', 'invoice_amount': '#1D0EF3', 'original_or_copy': '#076EBD', 'boe_currency': '#BFAB46', 'lc_ref_no': '#FB0112', 'boe_amount': '#91BCB0', 'indicator_date': '#1BF68F', 'tenore_details': '#AC45B6', 'lc_date': '#E59A2D', 'issuing_bank': '#1B1BCC', 'drawer_name': '#64F3ED', 'stamp': '#AF1038', 'drawer_bank_address': '#E44D59', 'drawer_address': '#937BC0', 'drawee_name': '#D243BC', 'country_of_origin': '#FDC29F', 'tenor_indicator': '#02720D', 'bill_exchange_no': '#EBDD95', 'drawee_bank_address': '#F5796A', 'issuing_bank_address': '#9F7C82', 'bill_exchange_date': '#DA573A', 'goods_discription': '#8AE568', 'drawer_bank_name': '#9976D0', 'indicator_type': '#957D22', 'drawee_bank_name': '#BFCF5F', 'usance_tenor': '#D10020', 'signature': '#218576', 'invoice_no': '#16AAD9', 'original_number': '#AC19D0', 'drawee_address': '#8AC560', 'invoice_date': '#6362F2', 'issue_place': '#DA04F5', 'invoice_currency': '#1D6211', 'O': '#D996C6', 'amount_in_words': '#2F43FD'}
2024-05-10 13:09:27,114 is result_set is instance of dict? True
2024-05-10 13:09:27,116 is final_result_set is instance of dict? True
2024-05-10 13:09:27,228 Time taken for page 1 of Bill_of_Exchange_200_2.png:0:00:02.381509
2024-05-10 13:09:27,260 *****Generated All Pages****** for Bill_of_Exchange_200_2.png
2024-05-10 13:09:27,260 RAM memory 92.8 used for Bill_of_Exchange_200_2.png Generating All Pages:
2024-05-10 13:09:27,260 Processing time taken for all pages of Bill_of_Exchange_200_2.png1:0:00:02.415083
2024-05-10 13:09:27,458 file name is:Bill_of_Exchange_266_0.png
2024-05-10 13:09:27,459 folder path :Images
2024-05-10 13:09:27,459 Calling Image result
2024-05-10 13:09:27,459 is all_page_result is instance of dict? True
2024-05-10 13:09:27,462 STREAM b'IHDR' 16 13
2024-05-10 13:09:27,462 STREAM b'pHYs' 41 9
2024-05-10 13:09:27,462 STREAM b'IDAT' 62 183397
2024-05-10 13:09:27,478 is words is instance of list? True
2024-05-10 13:09:27,479 is bboxes is instance of list? True
2024-05-10 13:09:27,479 is bounding_boxes is instance of list? True
2024-05-10 13:09:27,540 is input_id_chunks is instance of list? True
2024-05-10 13:09:27,541 is mask_chunks is instance of list? True
2024-05-10 13:09:27,541 is bbox_chunks is instance of list? True
2024-05-10 13:09:27,541 is image_chunks is instance of list? True
2024-05-10 13:09:27,542 is input_dict is instance of dict? True
2024-05-10 13:09:31,556 Model Called
2024-05-10 13:09:31,556 RAM memory 93.9 used for Bill_of_Exchange_266_0.png:
2024-05-10 13:09:31,556 is all_predictions is instance of list? True
2024-05-10 13:09:31,556 is all_boxes is instance of list? True
2024-05-10 13:09:31,557 is all_confidences is instance of list? True
2024-05-10 13:09:31,557 is all_text is instance of list? True
2024-05-10 13:09:31,557 is label2id is instance of dict? True
2024-05-10 13:09:31,557 is id2label is instance of dict? True
2024-05-10 13:09:31,558 is label2color is instance of dict? True
2024-05-10 13:09:31,559 label2color : {'tenor_type': '#495499', 'invoice_due_date': '#5BDCF6', 'diclaration_by': '#E26537', 'invoice_amount': '#3F061C', 'original_or_copy': '#4F430B', 'boe_currency': '#8C3607', 'lc_ref_no': '#3D3AF0', 'boe_amount': '#3BCCF7', 'indicator_date': '#EBD38A', 'tenore_details': '#AAF231', 'lc_date': '#90260B', 'issuing_bank': '#2D56DA', 'drawer_name': '#D7A30B', 'stamp': '#316F4C', 'drawer_bank_address': '#5D2A5E', 'drawer_address': '#11E3AE', 'drawee_name': '#966B20', 'country_of_origin': '#F2E1B5', 'tenor_indicator': '#A2CA71', 'bill_exchange_no': '#A86CD3', 'drawee_bank_address': '#E1E987', 'issuing_bank_address': '#002BFB', 'bill_exchange_date': '#6FEA72', 'goods_discription': '#C33780', 'drawer_bank_name': '#C74DC7', 'indicator_type': '#A376C9', 'drawee_bank_name': '#74FC29', 'usance_tenor': '#25458F', 'signature': '#BD4C89', 'invoice_no': '#6AF56A', 'original_number': '#EF3C95', 'drawee_address': '#CF6066', 'invoice_date': '#E9302B', 'issue_place': '#09A55B', 'invoice_currency': '#7B5F61', 'O': '#C57F4F', 'amount_in_words': '#8855BF'}
2024-05-10 13:09:31,644 is result_set is instance of dict? True
2024-05-10 13:09:31,646 is final_result_set is instance of dict? True
2024-05-10 13:09:31,868 Time taken for page 1 of Bill_of_Exchange_266_0.png:0:00:04.405125
2024-05-10 13:09:31,938 *****Generated All Pages****** for Bill_of_Exchange_266_0.png
2024-05-10 13:09:31,938 RAM memory 94.1 used for Bill_of_Exchange_266_0.png Generating All Pages:
2024-05-10 13:09:31,938 Processing time taken for all pages of Bill_of_Exchange_266_0.png1:0:00:04.479475
2024-05-10 13:09:32,125 file name is:Bill_of_Exchange_42_0.png
2024-05-10 13:09:32,126 folder path :Images
2024-05-10 13:09:32,126 Calling Image result
2024-05-10 13:09:32,126 is all_page_result is instance of dict? True
2024-05-10 13:09:32,126 STREAM b'IHDR' 16 13
2024-05-10 13:09:32,126 STREAM b'pHYs' 41 9
2024-05-10 13:09:32,126 STREAM b'IDAT' 62 77897
2024-05-10 13:09:32,140 is words is instance of list? True
2024-05-10 13:09:32,141 is bboxes is instance of list? True
2024-05-10 13:09:32,141 is bounding_boxes is instance of list? True
2024-05-10 13:09:32,171 is input_id_chunks is instance of list? True
2024-05-10 13:09:32,171 is mask_chunks is instance of list? True
2024-05-10 13:09:32,171 is bbox_chunks is instance of list? True
2024-05-10 13:09:32,171 is image_chunks is instance of list? True
2024-05-10 13:09:32,172 is input_dict is instance of dict? True
2024-05-10 13:09:33,764 Model Called
2024-05-10 13:09:33,766 RAM memory 91.6 used for Bill_of_Exchange_42_0.png:
2024-05-10 13:09:33,766 is all_predictions is instance of list? True
2024-05-10 13:09:33,767 is all_boxes is instance of list? True
2024-05-10 13:09:33,768 is all_confidences is instance of list? True
2024-05-10 13:09:33,768 is all_text is instance of list? True
2024-05-10 13:09:33,769 is label2id is instance of dict? True
2024-05-10 13:09:33,770 is id2label is instance of dict? True
2024-05-10 13:09:33,771 is label2color is instance of dict? True
2024-05-10 13:09:33,772 label2color : {'tenor_type': '#D1DEC3', 'invoice_due_date': '#E1167E', 'diclaration_by': '#83FB75', 'invoice_amount': '#FEE822', 'original_or_copy': '#0F0CCA', 'boe_currency': '#52B4F5', 'lc_ref_no': '#42AD80', 'boe_amount': '#89D405', 'indicator_date': '#164487', 'tenore_details': '#33913E', 'lc_date': '#97A514', 'issuing_bank': '#AB6245', 'drawer_name': '#80F798', 'stamp': '#B8FA56', 'drawer_bank_address': '#7BC78B', 'drawer_address': '#B55C53', 'drawee_name': '#33B762', 'country_of_origin': '#BEBA3A', 'tenor_indicator': '#92A0A2', 'bill_exchange_no': '#E3404E', 'drawee_bank_address': '#EE411D', 'issuing_bank_address': '#4A52D4', 'bill_exchange_date': '#29E40F', 'goods_discription': '#4447E0', 'drawer_bank_name': '#701168', 'indicator_type': '#D9BFB0', 'drawee_bank_name': '#D00DDD', 'usance_tenor': '#84FBDA', 'signature': '#3A5056', 'invoice_no': '#D01F46', 'original_number': '#9D11AD', 'drawee_address': '#FDFF9C', 'invoice_date': '#674FD4', 'issue_place': '#065672', 'invoice_currency': '#8BA3FB', 'O': '#A52D1B', 'amount_in_words': '#8C4D5C'}
2024-05-10 13:09:33,805 is result_set is instance of dict? True
2024-05-10 13:09:33,810 is final_result_set is instance of dict? True
2024-05-10 13:09:33,895 Time taken for page 1 of Bill_of_Exchange_42_0.png:0:00:01.768743
2024-05-10 13:09:33,931 *****Generated All Pages****** for Bill_of_Exchange_42_0.png
2024-05-10 13:09:33,932 RAM memory 91.7 used for Bill_of_Exchange_42_0.png Generating All Pages:
2024-05-10 13:09:33,932 Processing time taken for all pages of Bill_of_Exchange_42_0.png1:0:00:01.806031
2024-05-10 13:09:34,133 file name is:Bill_of_Exchange_88_0.png
2024-05-10 13:09:34,133 folder path :Images
2024-05-10 13:09:34,133 Calling Image result
2024-05-10 13:09:34,133 is all_page_result is instance of dict? True
2024-05-10 13:09:34,134 STREAM b'IHDR' 16 13
2024-05-10 13:09:34,134 STREAM b'pHYs' 41 9
2024-05-10 13:09:34,134 STREAM b'IDAT' 62 111443
2024-05-10 13:09:34,152 is words is instance of list? True
2024-05-10 13:09:34,153 is bboxes is instance of list? True
2024-05-10 13:09:34,153 is bounding_boxes is instance of list? True
2024-05-10 13:09:34,223 is input_id_chunks is instance of list? True
2024-05-10 13:09:34,223 is mask_chunks is instance of list? True
2024-05-10 13:09:34,224 is bbox_chunks is instance of list? True
2024-05-10 13:09:34,224 is image_chunks is instance of list? True
2024-05-10 13:09:34,224 is input_dict is instance of dict? True
2024-05-10 13:09:35,701 Model Called
2024-05-10 13:09:35,701 RAM memory 89.4 used for Bill_of_Exchange_88_0.png:
2024-05-10 13:09:35,701 is all_predictions is instance of list? True
2024-05-10 13:09:35,701 is all_boxes is instance of list? True
2024-05-10 13:09:35,701 is all_confidences is instance of list? True
2024-05-10 13:09:35,701 is all_text is instance of list? True
2024-05-10 13:09:35,702 is label2id is instance of dict? True
2024-05-10 13:09:35,702 is id2label is instance of dict? True
2024-05-10 13:09:35,703 is label2color is instance of dict? True
2024-05-10 13:09:35,703 label2color : {'tenor_type': '#829A62', 'invoice_due_date': '#30ED26', 'diclaration_by': '#E22159', 'invoice_amount': '#AEBFFA', 'original_or_copy': '#A20442', 'boe_currency': '#09512B', 'lc_ref_no': '#857432', 'boe_amount': '#58B9DF', 'indicator_date': '#8EEEE3', 'tenore_details': '#D74DE4', 'lc_date': '#0884B0', 'issuing_bank': '#8739CD', 'drawer_name': '#628104', 'stamp': '#85A2BA', 'drawer_bank_address': '#6017C3', 'drawer_address': '#DA69BA', 'drawee_name': '#9ED45E', 'country_of_origin': '#8DBD84', 'tenor_indicator': '#0A442F', 'bill_exchange_no': '#340034', 'drawee_bank_address': '#DB832F', 'issuing_bank_address': '#778110', 'bill_exchange_date': '#CDEB41', 'goods_discription': '#F4109C', 'drawer_bank_name': '#B89F5C', 'indicator_type': '#081548', 'drawee_bank_name': '#EC5579', 'usance_tenor': '#C5893A', 'signature': '#5B48C2', 'invoice_no': '#17BC05', 'original_number': '#2AAEC5', 'drawee_address': '#F6BA43', 'invoice_date': '#BDC5C4', 'issue_place': '#40653A', 'invoice_currency': '#D60D05', 'O': '#9E32D9', 'amount_in_words': '#402627'}
2024-05-10 13:09:35,732 is result_set is instance of dict? True
2024-05-10 13:09:35,734 is final_result_set is instance of dict? True
2024-05-10 13:09:35,897 Time taken for page 1 of Bill_of_Exchange_88_0.png:0:00:01.762425
2024-05-10 13:09:35,941 *****Generated All Pages****** for Bill_of_Exchange_88_0.png
2024-05-10 13:09:35,942 RAM memory 89.4 used for Bill_of_Exchange_88_0.png Generating All Pages:
2024-05-10 13:09:35,942 Processing time taken for all pages of Bill_of_Exchange_88_0.png1:0:00:01.809120
2024-05-10 13:09:36,082 file name is:Covering_Schedule(2013_04_15_15_44_07_2043)_150_page_1.png
2024-05-10 13:09:36,082 folder path :Images
2024-05-10 13:09:36,082 Calling Image result
2024-05-10 13:09:36,082 is all_page_result is instance of dict? True
2024-05-10 13:09:36,083 STREAM b'IHDR' 16 13
2024-05-10 13:09:36,083 STREAM b'sRGB' 41 1
2024-05-10 13:09:36,083 STREAM b'gAMA' 54 4
2024-05-10 13:09:36,083 STREAM b'pHYs' 70 9
2024-05-10 13:09:36,083 STREAM b'IDAT' 91 38697
2024-05-10 13:09:36,118 is words is instance of list? True
2024-05-10 13:09:36,118 is bboxes is instance of list? True
2024-05-10 13:09:36,119 is bounding_boxes is instance of list? True
2024-05-10 13:09:36,379 is input_id_chunks is instance of list? True
2024-05-10 13:09:36,379 is mask_chunks is instance of list? True
2024-05-10 13:09:36,379 is bbox_chunks is instance of list? True
2024-05-10 13:09:36,379 is image_chunks is instance of list? True
2024-05-10 13:09:36,380 is input_dict is instance of dict? True
2024-05-10 13:09:38,403 Model Called
2024-05-10 13:09:38,404 RAM memory 89.6 used for Covering_Schedule(2013_04_15_15_44_07_2043)_150_page_1.png:
2024-05-10 13:09:38,404 is all_predictions is instance of list? True
2024-05-10 13:09:38,404 is all_boxes is instance of list? True
2024-05-10 13:09:38,404 is all_confidences is instance of list? True
2024-05-10 13:09:38,404 is all_text is instance of list? True
2024-05-10 13:09:38,404 is label2id is instance of dict? True
2024-05-10 13:09:38,404 is id2label is instance of dict? True
2024-05-10 13:09:38,405 is label2color is instance of dict? True
2024-05-10 13:09:38,405 label2color : {'tenor_type': '#CD57A6', 'invoice_due_date': '#62E4C1', 'diclaration_by': '#9E60C2', 'invoice_amount': '#571238', 'original_or_copy': '#4D187D', 'boe_currency': '#75982C', 'lc_ref_no': '#A818A9', 'boe_amount': '#5D8B03', 'indicator_date': '#A72A3D', 'tenore_details': '#BDAFC3', 'lc_date': '#EAB252', 'issuing_bank': '#15F7E0', 'drawer_name': '#28DF06', 'stamp': '#397FB4', 'drawer_bank_address': '#4CBD3B', 'drawer_address': '#3CD45C', 'drawee_name': '#786DAB', 'country_of_origin': '#7ADA19', 'tenor_indicator': '#9F6D0A', 'bill_exchange_no': '#113F0E', 'drawee_bank_address': '#75390E', 'issuing_bank_address': '#3F1C31', 'bill_exchange_date': '#54E0A6', 'goods_discription': '#45F471', 'drawer_bank_name': '#4C1283', 'indicator_type': '#9D4D1C', 'drawee_bank_name': '#35EA12', 'usance_tenor': '#BB5A1C', 'signature': '#884951', 'invoice_no': '#8DCBB3', 'original_number': '#D07081', 'drawee_address': '#9D1B68', 'invoice_date': '#F4CC4C', 'issue_place': '#477A38', 'invoice_currency': '#AE13E1', 'O': '#64F514', 'amount_in_words': '#D527C5'}
2024-05-10 13:09:38,583 is result_set is instance of dict? True
2024-05-10 13:09:38,584 is final_result_set is instance of dict? True
2024-05-10 13:09:38,669 Time taken for page 1 of Covering_Schedule(2013_04_15_15_44_07_2043)_150_page_1.png:0:00:02.585814
2024-05-10 13:09:38,843 *****Generated All Pages****** for Covering_Schedule(2013_04_15_15_44_07_2043)_150_page_1.png
2024-05-10 13:09:38,844 RAM memory 89.6 used for Covering_Schedule(2013_04_15_15_44_07_2043)_150_page_1.png Generating All Pages:
2024-05-10 13:09:38,844 Processing time taken for all pages of Covering_Schedule(2013_04_15_15_44_07_2043)_150_page_1.png1:0:00:02.761549
2024-05-10 13:09:38,990 file name is:Bill_of_Exchange_322_0.png
2024-05-10 13:09:38,990 folder path :Images
2024-05-10 13:09:38,990 Calling Image result
2024-05-10 13:09:38,990 is all_page_result is instance of dict? True
2024-05-10 13:09:38,991 STREAM b'IHDR' 16 13
2024-05-10 13:09:38,991 STREAM b'pHYs' 41 9
2024-05-10 13:09:38,991 STREAM b'IDAT' 62 121231
2024-05-10 13:09:39,010 is words is instance of list? True
2024-05-10 13:09:39,010 is bboxes is instance of list? True
2024-05-10 13:09:39,010 is bounding_boxes is instance of list? True
2024-05-10 13:09:39,075 is input_id_chunks is instance of list? True
2024-05-10 13:09:39,075 is mask_chunks is instance of list? True
2024-05-10 13:09:39,075 is bbox_chunks is instance of list? True
2024-05-10 13:09:39,075 is image_chunks is instance of list? True
2024-05-10 13:09:39,076 is input_dict is instance of dict? True
2024-05-10 13:09:40,540 Model Called
2024-05-10 13:09:40,541 RAM memory 89.4 used for Bill_of_Exchange_322_0.png:
2024-05-10 13:09:40,541 is all_predictions is instance of list? True
2024-05-10 13:09:40,541 is all_boxes is instance of list? True
2024-05-10 13:09:40,541 is all_confidences is instance of list? True
2024-05-10 13:09:40,541 is all_text is instance of list? True
2024-05-10 13:09:40,541 is label2id is instance of dict? True
2024-05-10 13:09:40,541 is id2label is instance of dict? True
2024-05-10 13:09:40,542 is label2color is instance of dict? True
2024-05-10 13:09:40,542 label2color : {'tenor_type': '#9C532F', 'invoice_due_date': '#6F5C19', 'diclaration_by': '#EDD592', 'invoice_amount': '#EF914C', 'original_or_copy': '#C054E4', 'boe_currency': '#DD2DDF', 'lc_ref_no': '#821ED0', 'boe_amount': '#A73589', 'indicator_date': '#4D4E8D', 'tenore_details': '#FB63C7', 'lc_date': '#9ABA82', 'issuing_bank': '#866669', 'drawer_name': '#AEB6D6', 'stamp': '#37CC2C', 'drawer_bank_address': '#9B9720', 'drawer_address': '#4BB305', 'drawee_name': '#16182E', 'country_of_origin': '#038D61', 'tenor_indicator': '#F0E664', 'bill_exchange_no': '#4D55D4', 'drawee_bank_address': '#3CA17F', 'issuing_bank_address': '#434844', 'bill_exchange_date': '#717708', 'goods_discription': '#CFA13F', 'drawer_bank_name': '#C807B7', 'indicator_type': '#4B0035', 'drawee_bank_name': '#6DC752', 'usance_tenor': '#19A235', 'signature': '#9F34D8', 'invoice_no': '#A769C0', 'original_number': '#15EAEF', 'drawee_address': '#B5EB98', 'invoice_date': '#A9498C', 'issue_place': '#887B21', 'invoice_currency': '#78BC30', 'O': '#483E29', 'amount_in_words': '#1DB575'}
2024-05-10 13:09:40,568 is result_set is instance of dict? True
2024-05-10 13:09:40,569 is final_result_set is instance of dict? True
2024-05-10 13:09:40,681 Time taken for page 1 of Bill_of_Exchange_322_0.png:0:00:01.690332
2024-05-10 13:09:40,730 *****Generated All Pages****** for Bill_of_Exchange_322_0.png
2024-05-10 13:09:40,731 RAM memory 89.4 used for Bill_of_Exchange_322_0.png Generating All Pages:
2024-05-10 13:09:40,731 Processing time taken for all pages of Bill_of_Exchange_322_0.png1:0:00:01.740651
2024-05-10 13:09:40,879 file name is:Bill_of_Exchange_260_0.png
2024-05-10 13:09:40,880 folder path :Images
2024-05-10 13:09:40,880 Calling Image result
2024-05-10 13:09:40,880 is all_page_result is instance of dict? True
2024-05-10 13:09:40,880 STREAM b'IHDR' 16 13
2024-05-10 13:09:40,880 STREAM b'pHYs' 41 9
2024-05-10 13:09:40,880 STREAM b'IDAT' 62 134373
2024-05-10 13:09:40,890 is words is instance of list? True
2024-05-10 13:09:40,890 is bboxes is instance of list? True
2024-05-10 13:09:40,890 is bounding_boxes is instance of list? True
2024-05-10 13:09:40,938 is input_id_chunks is instance of list? True
2024-05-10 13:09:40,938 is mask_chunks is instance of list? True
2024-05-10 13:09:40,939 is bbox_chunks is instance of list? True
2024-05-10 13:09:40,939 is image_chunks is instance of list? True
2024-05-10 13:09:40,939 is input_dict is instance of dict? True
2024-05-10 13:09:42,266 Model Called
2024-05-10 13:09:42,266 RAM memory 89.3 used for Bill_of_Exchange_260_0.png:
2024-05-10 13:09:42,266 is all_predictions is instance of list? True
2024-05-10 13:09:42,266 is all_boxes is instance of list? True
2024-05-10 13:09:42,266 is all_confidences is instance of list? True
2024-05-10 13:09:42,266 is all_text is instance of list? True
2024-05-10 13:09:42,267 is label2id is instance of dict? True
2024-05-10 13:09:42,267 is id2label is instance of dict? True
2024-05-10 13:09:42,267 is label2color is instance of dict? True
2024-05-10 13:09:42,267 label2color : {'tenor_type': '#CC6036', 'invoice_due_date': '#54235B', 'diclaration_by': '#89934B', 'invoice_amount': '#D60D12', 'original_or_copy': '#618096', 'boe_currency': '#DB9D16', 'lc_ref_no': '#500C6E', 'boe_amount': '#4541E4', 'indicator_date': '#88345C', 'tenore_details': '#096C7C', 'lc_date': '#61D0D2', 'issuing_bank': '#3DD727', 'drawer_name': '#308553', 'stamp': '#2ABBE7', 'drawer_bank_address': '#DF8E83', 'drawer_address': '#049F9B', 'drawee_name': '#A99CE2', 'country_of_origin': '#FB56A4', 'tenor_indicator': '#7B819B', 'bill_exchange_no': '#FD39F4', 'drawee_bank_address': '#2F69A8', 'issuing_bank_address': '#F22EC2', 'bill_exchange_date': '#54C08B', 'goods_discription': '#5ADE3E', 'drawer_bank_name': '#367CB0', 'indicator_type': '#FB6DEF', 'drawee_bank_name': '#EBE43D', 'usance_tenor': '#CDBB63', 'signature': '#37934B', 'invoice_no': '#AD44DB', 'original_number': '#7E9D2D', 'drawee_address': '#E57CB6', 'invoice_date': '#26A18F', 'issue_place': '#78E108', 'invoice_currency': '#71E326', 'O': '#B5C253', 'amount_in_words': '#A417CF'}
2024-05-10 13:09:42,293 is result_set is instance of dict? True
2024-05-10 13:09:42,295 is final_result_set is instance of dict? True
2024-05-10 13:09:42,411 Time taken for page 1 of Bill_of_Exchange_260_0.png:0:00:01.530309
2024-05-10 13:09:42,458 *****Generated All Pages****** for Bill_of_Exchange_260_0.png
2024-05-10 13:09:42,458 RAM memory 89.4 used for Bill_of_Exchange_260_0.png Generating All Pages:
2024-05-10 13:09:42,459 Processing time taken for all pages of Bill_of_Exchange_260_0.png1:0:00:01.578704
2024-05-10 13:09:42,598 file name is:Bill_of_Exchange_157_0.png
2024-05-10 13:09:42,598 folder path :Images
2024-05-10 13:09:42,598 Calling Image result
2024-05-10 13:09:42,598 is all_page_result is instance of dict? True
2024-05-10 13:09:42,599 STREAM b'IHDR' 16 13
2024-05-10 13:09:42,599 STREAM b'pHYs' 41 9
2024-05-10 13:09:42,599 STREAM b'IDAT' 62 126930
2024-05-10 13:09:42,609 is words is instance of list? True
2024-05-10 13:09:42,609 is bboxes is instance of list? True
2024-05-10 13:09:42,609 is bounding_boxes is instance of list? True
2024-05-10 13:09:42,664 is input_id_chunks is instance of list? True
2024-05-10 13:09:42,664 is mask_chunks is instance of list? True
2024-05-10 13:09:42,664 is bbox_chunks is instance of list? True
2024-05-10 13:09:42,664 is image_chunks is instance of list? True
2024-05-10 13:09:42,665 is input_dict is instance of dict? True
2024-05-10 13:09:44,118 Model Called
2024-05-10 13:09:44,118 RAM memory 89.5 used for Bill_of_Exchange_157_0.png:
2024-05-10 13:09:44,118 is all_predictions is instance of list? True
2024-05-10 13:09:44,118 is all_boxes is instance of list? True
2024-05-10 13:09:44,119 is all_confidences is instance of list? True
2024-05-10 13:09:44,119 is all_text is instance of list? True
2024-05-10 13:09:44,119 is label2id is instance of dict? True
2024-05-10 13:09:44,119 is id2label is instance of dict? True
2024-05-10 13:09:44,119 is label2color is instance of dict? True
2024-05-10 13:09:44,119 label2color : {'tenor_type': '#22CC04', 'invoice_due_date': '#3058D7', 'diclaration_by': '#ED26A9', 'invoice_amount': '#582734', 'original_or_copy': '#7C8788', 'boe_currency': '#C3CCE7', 'lc_ref_no': '#5FD282', 'boe_amount': '#3D4A10', 'indicator_date': '#DED964', 'tenore_details': '#3C1787', 'lc_date': '#889117', 'issuing_bank': '#35E3C6', 'drawer_name': '#0AD491', 'stamp': '#3B4A5C', 'drawer_bank_address': '#9B8666', 'drawer_address': '#1BA1EB', 'drawee_name': '#818184', 'country_of_origin': '#495FB1', 'tenor_indicator': '#ABD3BC', 'bill_exchange_no': '#83891C', 'drawee_bank_address': '#448F88', 'issuing_bank_address': '#8942D2', 'bill_exchange_date': '#74A5F7', 'goods_discription': '#FB4175', 'drawer_bank_name': '#0C35A6', 'indicator_type': '#CEA5B6', 'drawee_bank_name': '#9A6113', 'usance_tenor': '#E4DD35', 'signature': '#550D35', 'invoice_no': '#292B2D', 'original_number': '#024BBA', 'drawee_address': '#ADBBBB', 'invoice_date': '#769154', 'issue_place': '#52A88A', 'invoice_currency': '#5E8BCD', 'O': '#942C9F', 'amount_in_words': '#C388BB'}
2024-05-10 13:09:44,146 is result_set is instance of dict? True
2024-05-10 13:09:44,148 is final_result_set is instance of dict? True
2024-05-10 13:09:44,331 Time taken for page 1 of Bill_of_Exchange_157_0.png:0:00:01.731942
2024-05-10 13:09:44,380 *****Generated All Pages****** for Bill_of_Exchange_157_0.png
2024-05-10 13:09:44,380 RAM memory 89.5 used for Bill_of_Exchange_157_0.png Generating All Pages:
2024-05-10 13:09:44,380 Processing time taken for all pages of Bill_of_Exchange_157_0.png1:0:00:01.781822
2024-05-10 13:09:44,518 file name is:Covering_Schedule_1_page_1.png
2024-05-10 13:09:44,518 folder path :Images
2024-05-10 13:09:44,518 Calling Image result
2024-05-10 13:09:44,518 is all_page_result is instance of dict? True
2024-05-10 13:09:44,519 STREAM b'IHDR' 16 13
2024-05-10 13:09:44,520 STREAM b'IDAT' 41 54456
2024-05-10 13:09:44,562 is words is instance of list? True
2024-05-10 13:09:44,562 is bboxes is instance of list? True
2024-05-10 13:09:44,562 is bounding_boxes is instance of list? True
2024-05-10 13:09:44,798 is input_id_chunks is instance of list? True
2024-05-10 13:09:44,798 is mask_chunks is instance of list? True
2024-05-10 13:09:44,798 is bbox_chunks is instance of list? True
2024-05-10 13:09:44,798 is image_chunks is instance of list? True
2024-05-10 13:09:44,799 is input_dict is instance of dict? True
2024-05-10 13:09:46,630 Model Called
2024-05-10 13:09:46,631 RAM memory 89.4 used for Covering_Schedule_1_page_1.png:
2024-05-10 13:09:46,631 is all_predictions is instance of list? True
2024-05-10 13:09:46,631 is all_boxes is instance of list? True
2024-05-10 13:09:46,631 is all_confidences is instance of list? True
2024-05-10 13:09:46,631 is all_text is instance of list? True
2024-05-10 13:09:46,631 is label2id is instance of dict? True
2024-05-10 13:09:46,631 is id2label is instance of dict? True
2024-05-10 13:09:46,632 is label2color is instance of dict? True
2024-05-10 13:09:46,632 label2color : {'tenor_type': '#B955BE', 'invoice_due_date': '#8DD783', 'diclaration_by': '#F3E64C', 'invoice_amount': '#237F49', 'original_or_copy': '#2C46D6', 'boe_currency': '#D5C20F', 'lc_ref_no': '#1E3080', 'boe_amount': '#384376', 'indicator_date': '#1CF1AD', 'tenore_details': '#5A34D5', 'lc_date': '#6275C7', 'issuing_bank': '#218FFD', 'drawer_name': '#E9990A', 'stamp': '#50EBDC', 'drawer_bank_address': '#821295', 'drawer_address': '#01DC86', 'drawee_name': '#578C73', 'country_of_origin': '#ED6F68', 'tenor_indicator': '#1CA692', 'bill_exchange_no': '#3A2AAD', 'drawee_bank_address': '#B2818E', 'issuing_bank_address': '#1B1E33', 'bill_exchange_date': '#77858B', 'goods_discription': '#2D7955', 'drawer_bank_name': '#8AECAE', 'indicator_type': '#56EA68', 'drawee_bank_name': '#D9510E', 'usance_tenor': '#E3DF57', 'signature': '#6E3921', 'invoice_no': '#96F554', 'original_number': '#FDF2E9', 'drawee_address': '#A5CFEA', 'invoice_date': '#4CA56E', 'issue_place': '#505746', 'invoice_currency': '#25E54B', 'O': '#7300AF', 'amount_in_words': '#7F0B83'}
2024-05-10 13:09:46,786 is result_set is instance of dict? True
2024-05-10 13:09:46,788 is final_result_set is instance of dict? True
2024-05-10 13:09:46,957 Time taken for page 1 of Covering_Schedule_1_page_1.png:0:00:02.437519
2024-05-10 13:09:47,120 *****Generated All Pages****** for Covering_Schedule_1_page_1.png
2024-05-10 13:09:47,120 RAM memory 89.5 used for Covering_Schedule_1_page_1.png Generating All Pages:
2024-05-10 13:09:47,121 Processing time taken for all pages of Covering_Schedule_1_page_1.png1:0:00:02.602155
