2024-04-29 11:48:58,284 checkpoint 1 => setting basis cofiguration for logging purposes
2024-04-29 11:48:58,286 start time: 2024-04-29 11:48:58.285999
2024-04-29 11:49:01,645 Starting new HTTPS connection (1): huggingface.co:443
2024-04-29 11:49:02,044 https://huggingface.co:443 "HEAD /microsoft/layoutlmv2-base-uncased/resolve/main/preprocessor_config.json HTTP/1.1" 200 0
2024-04-29 11:49:02,871 https://huggingface.co:443 "HEAD /microsoft/layoutlmv2-base-uncased/resolve/main/tokenizer_config.json HTTP/1.1" 404 0
2024-04-29 11:49:03,183 https://huggingface.co:443 "HEAD /microsoft/layoutlmv2-base-uncased/resolve/main/vocab.txt HTTP/1.1" 200 0
2024-04-29 11:49:03,240 RAM memory for Model loading used: 65.4
2024-04-29 11:49:03,241 cpu_utilization % for Model Loading:-15.700000000000003
2024-04-29 11:49:03,241 memory_consumption in bytes for Loading Model:910733312
2024-04-29 11:49:03,241 Loaded Model successfully
2024-04-29 11:49:03,241 file name is:Bill_of_Exchange_200_2.png
2024-04-29 11:49:03,241 folder path :Images
2024-04-29 11:49:03,241 Calling Image result
2024-04-29 11:49:03,241 is all_page_result is instance of dict? True
2024-04-29 11:49:03,249 STREAM b'IHDR' 16 13
2024-04-29 11:49:03,249 STREAM b'pHYs' 41 9
2024-04-29 11:49:03,249 STREAM b'IDAT' 62 81268
2024-04-29 11:49:03,260 is words is instance of list? True
2024-04-29 11:49:03,260 is bboxes is instance of list? True
2024-04-29 11:49:03,260 is bounding_boxes is instance of list? True
2024-04-29 11:49:03,288 is input_id_chunks is instance of list? True
2024-04-29 11:49:03,288 is mask_chunks is instance of list? True
2024-04-29 11:49:03,288 is bbox_chunks is instance of list? True
2024-04-29 11:49:03,288 is image_chunks is instance of list? True
2024-04-29 11:49:03,292 is input_dict is instance of dict? True
2024-04-29 11:49:04,686 Model Called
2024-04-29 11:49:04,686 RAM memory 70.8 used for Bill_of_Exchange_200_2.png:
2024-04-29 11:49:04,686 is all_predictions is instance of list? True
2024-04-29 11:49:04,686 is all_boxes is instance of list? True
2024-04-29 11:49:04,686 is all_confidences is instance of list? True
2024-04-29 11:49:04,686 is all_text is instance of list? True
2024-04-29 11:49:04,687 is label2id is instance of dict? True
2024-04-29 11:49:04,687 is id2label is instance of dict? True
2024-04-29 11:49:04,687 is label2color is instance of dict? True
2024-04-29 11:49:04,687 label2color : {'tenor_type': '#6BA010', 'invoice_due_date': '#18C683', 'diclaration_by': '#7AA352', 'invoice_amount': '#4C15CF', 'original_or_copy': '#9CD99E', 'boe_currency': '#F6CA2B', 'lc_ref_no': '#938BCF', 'boe_amount': '#4303C9', 'indicator_date': '#ADE3A7', 'tenore_details': '#238FB2', 'lc_date': '#ADD01D', 'issuing_bank': '#6CA6EE', 'drawer_name': '#66C148', 'stamp': '#B43B17', 'drawer_bank_address': '#FB6869', 'drawer_address': '#5777B5', 'drawee_name': '#95DAC7', 'country_of_origin': '#277267', 'tenor_indicator': '#F84FA6', 'bill_exchange_no': '#73BDF5', 'drawee_bank_address': '#CB9414', 'issuing_bank_address': '#48DD9E', 'bill_exchange_date': '#03983A', 'goods_discription': '#55971E', 'drawer_bank_name': '#EB910A', 'indicator_type': '#E4385B', 'drawee_bank_name': '#D56771', 'usance_tenor': '#B49455', 'signature': '#AE1D9F', 'invoice_no': '#6B1FE8', 'original_number': '#8C4B82', 'drawee_address': '#9C2E72', 'invoice_date': '#EC72DE', 'issue_place': '#FFDBF2', 'invoice_currency': '#862ABF', 'O': '#5AB2EC', 'amount_in_words': '#A0FCE1'}
2024-04-29 11:49:04,704 is result_set is instance of dict? True
2024-04-29 11:49:04,706 is final_result_set is instance of dict? True
2024-04-29 11:49:04,770 Time taken for page 1 of Bill_of_Exchange_200_2.png:0:00:01.521057
2024-04-29 11:49:04,789 *****Generated All Pages****** for Bill_of_Exchange_200_2.png
2024-04-29 11:49:04,789 RAM memory 71.0 used for Bill_of_Exchange_200_2.png Generating All Pages:
2024-04-29 11:49:04,789 Processing time taken for all pages of Bill_of_Exchange_200_2.png1:0:00:01.548278
