2024-02-20 10:48:45,205 checkpoint 1 => setting basis cofiguration for logging purposes
2024-02-20 10:48:45,207 start time: 2024-02-20 10:48:45.207080
2024-02-20 10:48:48,799 Falling back to TensorFlow client; we recommended you install the Cloud TPU client directly with pip install cloud-tpu-client.
2024-02-20 10:48:48,874 Creating converter from 7 to 5
2024-02-20 10:48:48,874 Creating converter from 5 to 7
2024-02-20 10:48:48,874 Creating converter from 7 to 5
2024-02-20 10:48:48,874 Creating converter from 5 to 7
2024-02-20 10:48:49,251 Starting new HTTPS connection (1): huggingface.co:443
2024-02-20 10:48:49,741 https://huggingface.co:443 "HEAD /microsoft/layoutlmv2-base-uncased/resolve/main/preprocessor_config.json HTTP/1.1" 200 0
2024-02-20 10:48:50,262 https://huggingface.co:443 "HEAD /microsoft/layoutlmv2-base-uncased/resolve/main/tokenizer_config.json HTTP/1.1" 404 0
2024-02-20 10:48:50,576 https://huggingface.co:443 "HEAD /microsoft/layoutlmv2-base-uncased/resolve/main/vocab.txt HTTP/1.1" 200 0
2024-02-20 10:48:50,609 RAM memory for Model loading used: 47.6
2024-02-20 10:48:50,610 cpu_utilization % for Model Loading:13.5
2024-02-20 10:48:50,610 memory_consumption in bytes for Loading Model:1151434752
2024-02-20 10:48:50,610 Loaded Model successfully
2024-02-20 10:48:50,610 file name is:Packing_List_52_page_3.png
2024-02-20 10:48:50,610 folder path :Images
2024-02-20 10:48:50,610 Calling Image result
2024-02-20 10:48:50,610 is all_page_result is instance of dict? True
2024-02-20 10:48:50,614 STREAM b'IHDR' 16 13
2024-02-20 10:48:50,614 STREAM b'IDAT' 41 65536
2024-02-20 10:48:50,765 is words is instance of list? True
2024-02-20 10:48:50,765 is bboxes is instance of list? True
2024-02-20 10:48:50,765 is bounding_boxes is instance of list? True
2024-02-20 10:48:51,797 is input_id_chunks is instance of list? True
2024-02-20 10:48:51,797 is mask_chunks is instance of list? True
2024-02-20 10:48:51,797 is bbox_chunks is instance of list? True
2024-02-20 10:48:51,797 is image_chunks is instance of list? True
2024-02-20 10:48:51,798 is input_dict is instance of dict? True
2024-02-20 10:48:54,263 Model Called
2024-02-20 10:48:54,263 RAM memory 61.3 used for Packing_List_52_page_3.png:
2024-02-20 10:48:54,263 is all_predictions is instance of list? True
2024-02-20 10:48:54,263 is all_boxes is instance of list? True
2024-02-20 10:48:54,263 is all_confidences is instance of list? True
2024-02-20 10:48:54,263 is all_text is instance of list? True
2024-02-20 10:48:54,264 is label2id is instance of dict? True
2024-02-20 10:48:54,264 is id2label is instance of dict? True
2024-02-20 10:48:54,264 is label2color is instance of dict? True
2024-02-20 10:48:54,264 label2color : {'track_reference': '#745515', 'vessel_name': '#501BE3', 'transaction_amount_value': '#BCABDF', 'lc_ref_no': '#3ACD69', 'invoice_currency': '#E6D928', 'bill_of_lading_date': '#D7E7E8', 'net_weight': '#20E034', 'awb_date': '#34DC43', 'date_of_invoice': '#3555A9', 'port_of_discharge': '#4F7754', 'original_copy': '#D132DA', 'shipper_address': '#C3F972', 'rate_per_unit': '#6B9F5D', 'invoice_no': '#DCC5D3', 'signature': '#5F9AA3', 'consignee_address': '#690974', 'incoterm': '#5CFCC8', 'country_of_final_destination': '#278058', 'description_of_goods': '#25D0D3', 'total_quantity_of_goods': '#4823A3', 'shipper_name': '#AFAAF9', 'bill_of_lading_number': '#043FA9', 'transaction_currency': '#4F3812', 'iec_no': '#427695', 'gross_weight': '#42508E', 'vessel_flight_no': '#1DB16D', 'transaction_date': '#A7BCC6', 'lc_date': '#B3DE2C', 'consignee_name': '#6BD72F', 'stamp': '#79E061', 'invoice_amount': '#2B333E', 'dimension': '#CC5D33', 'O': '#C75817', 'consignor_name': '#EB55D2', 'notify_party_name': '#997BE6', 'beneficiary_drawer_exporter_seller_supplier_name': '#0341A9', 'pre_carriage_by': '#091E29', 'consignor_address': '#3BBEB7', 'declaration': '#CA39DB', 'beneficiary_drawer_exporter_seller_supplier_tin_no': '#01C248', 'country_of_origin_origin_of_goods': '#35FF5E', 'awb_number': '#6FEC83', 'beneficiary_address': '#DBFB9D', 'remitter_address': '#3F91A1', 'page_no': '#FECE8C', 'remitter_drawee_applicant_importer_buyer_name': '#A04924', 'port_of_loading': '#0FAC5E', 'notify_party_address': '#6894A0', 'payment_terms_terms_of_delivery_&_payment': '#BE1E27'}
2024-02-20 10:48:55,015 is result_set is instance of dict? True
2024-02-20 10:48:55,017 is final_result_set is instance of dict? True
2024-02-20 10:48:55,216 Time taken for page 1 of Packing_List_52_page_3.png:0:00:04.601170
2024-02-20 10:48:55,635 *****Generated All Pages****** for Packing_List_52_page_3.png
2024-02-20 10:48:55,636 RAM memory 61.3 used for Packing_List_52_page_3.png Generating All Pages:
2024-02-20 10:48:55,636 Processing time taken for all pages of Packing_List_52_page_3.png1:0:00:05.025625
2024-02-20 10:48:55,794 file name is:Packing_List_19_page_0.png
2024-02-20 10:48:55,794 folder path :Images
2024-02-20 10:48:55,794 Calling Image result
2024-02-20 10:48:55,794 is all_page_result is instance of dict? True
2024-02-20 10:48:55,794 STREAM b'IHDR' 16 13
2024-02-20 10:48:55,794 STREAM b'IDAT' 41 28639
2024-02-20 10:48:55,824 is words is instance of list? True
2024-02-20 10:48:55,824 is bboxes is instance of list? True
2024-02-20 10:48:55,824 is bounding_boxes is instance of list? True
2024-02-20 10:48:56,027 is input_id_chunks is instance of list? True
2024-02-20 10:48:56,027 is mask_chunks is instance of list? True
2024-02-20 10:48:56,027 is bbox_chunks is instance of list? True
2024-02-20 10:48:56,027 is image_chunks is instance of list? True
2024-02-20 10:48:56,028 is input_dict is instance of dict? True
2024-02-20 10:48:57,312 Model Called
2024-02-20 10:48:57,312 RAM memory 57.5 used for Packing_List_19_page_0.png:
2024-02-20 10:48:57,312 is all_predictions is instance of list? True
2024-02-20 10:48:57,312 is all_boxes is instance of list? True
2024-02-20 10:48:57,312 is all_confidences is instance of list? True
2024-02-20 10:48:57,312 is all_text is instance of list? True
2024-02-20 10:48:57,312 is label2id is instance of dict? True
2024-02-20 10:48:57,312 is id2label is instance of dict? True
2024-02-20 10:48:57,313 is label2color is instance of dict? True
2024-02-20 10:48:57,313 label2color : {'track_reference': '#2C857D', 'vessel_name': '#087A42', 'transaction_amount_value': '#5C53AE', 'lc_ref_no': '#2094A1', 'invoice_currency': '#004238', 'bill_of_lading_date': '#BB1D3B', 'net_weight': '#3B83A7', 'awb_date': '#785CCA', 'date_of_invoice': '#D3B348', 'port_of_discharge': '#BCF354', 'original_copy': '#B5C543', 'shipper_address': '#D2D41D', 'rate_per_unit': '#490AC1', 'invoice_no': '#73ADA8', 'signature': '#546200', 'consignee_address': '#DAAEFF', 'incoterm': '#0242E8', 'country_of_final_destination': '#F9D6E6', 'description_of_goods': '#8BD65F', 'total_quantity_of_goods': '#6E4CD0', 'shipper_name': '#2D936B', 'bill_of_lading_number': '#E82058', 'transaction_currency': '#CB912F', 'iec_no': '#246129', 'gross_weight': '#5780AC', 'vessel_flight_no': '#333555', 'transaction_date': '#37D1E2', 'lc_date': '#730CCB', 'consignee_name': '#2E6B7A', 'stamp': '#2685CA', 'invoice_amount': '#328758', 'dimension': '#36FFB0', 'O': '#98736F', 'consignor_name': '#1AD63D', 'notify_party_name': '#AF8C90', 'beneficiary_drawer_exporter_seller_supplier_name': '#9683AD', 'pre_carriage_by': '#0DCBD8', 'consignor_address': '#8D0EE7', 'declaration': '#C8A84E', 'beneficiary_drawer_exporter_seller_supplier_tin_no': '#32CD64', 'country_of_origin_origin_of_goods': '#B76066', 'awb_number': '#AC37BD', 'beneficiary_address': '#05E02A', 'remitter_address': '#CC8F19', 'page_no': '#A994DA', 'remitter_drawee_applicant_importer_buyer_name': '#C89B3F', 'port_of_loading': '#300338', 'notify_party_address': '#F79597', 'payment_terms_terms_of_delivery_&_payment': '#351487'}
2024-02-20 10:48:57,434 is result_set is instance of dict? True
2024-02-20 10:48:57,434 is final_result_set is instance of dict? True
2024-02-20 10:48:57,602 Time taken for page 1 of Packing_List_19_page_0.png:0:00:01.807394
2024-02-20 10:48:57,722 *****Generated All Pages****** for Packing_List_19_page_0.png
2024-02-20 10:48:57,722 RAM memory 57.5 used for Packing_List_19_page_0.png Generating All Pages:
2024-02-20 10:48:57,722 Processing time taken for all pages of Packing_List_19_page_0.png1:0:00:01.928136
2024-02-20 10:48:57,862 file name is:Packing_List_50_page_2.png
2024-02-20 10:48:57,862 folder path :Images
2024-02-20 10:48:57,862 Calling Image result
2024-02-20 10:48:57,862 is all_page_result is instance of dict? True
2024-02-20 10:48:57,863 STREAM b'IHDR' 16 13
2024-02-20 10:48:57,863 STREAM b'IDAT' 41 35425
2024-02-20 10:48:57,891 is words is instance of list? True
2024-02-20 10:48:57,891 is bboxes is instance of list? True
2024-02-20 10:48:57,891 is bounding_boxes is instance of list? True
2024-02-20 10:48:58,094 is input_id_chunks is instance of list? True
2024-02-20 10:48:58,094 is mask_chunks is instance of list? True
2024-02-20 10:48:58,094 is bbox_chunks is instance of list? True
2024-02-20 10:48:58,094 is image_chunks is instance of list? True
2024-02-20 10:48:58,094 is input_dict is instance of dict? True
2024-02-20 10:48:59,293 Model Called
2024-02-20 10:48:59,293 RAM memory 57.5 used for Packing_List_50_page_2.png:
2024-02-20 10:48:59,293 is all_predictions is instance of list? True
2024-02-20 10:48:59,293 is all_boxes is instance of list? True
2024-02-20 10:48:59,293 is all_confidences is instance of list? True
2024-02-20 10:48:59,293 is all_text is instance of list? True
2024-02-20 10:48:59,294 is label2id is instance of dict? True
2024-02-20 10:48:59,294 is id2label is instance of dict? True
2024-02-20 10:48:59,295 is label2color is instance of dict? True
2024-02-20 10:48:59,295 label2color : {'track_reference': '#96A2B7', 'vessel_name': '#948BC3', 'transaction_amount_value': '#9908A0', 'lc_ref_no': '#A61BA1', 'invoice_currency': '#504506', 'bill_of_lading_date': '#D5DEDC', 'net_weight': '#813A37', 'awb_date': '#B1FD01', 'date_of_invoice': '#CADE5D', 'port_of_discharge': '#6F6EE7', 'original_copy': '#5E1767', 'shipper_address': '#CD6944', 'rate_per_unit': '#48A434', 'invoice_no': '#0B02F9', 'signature': '#804518', 'consignee_address': '#BCCE11', 'incoterm': '#BE667A', 'country_of_final_destination': '#354989', 'description_of_goods': '#025191', 'total_quantity_of_goods': '#5AC188', 'shipper_name': '#734EDE', 'bill_of_lading_number': '#94B0DD', 'transaction_currency': '#B2A946', 'iec_no': '#D864F8', 'gross_weight': '#917AD0', 'vessel_flight_no': '#B70896', 'transaction_date': '#CE422A', 'lc_date': '#656623', 'consignee_name': '#409B70', 'stamp': '#356378', 'invoice_amount': '#C1512A', 'dimension': '#54C308', 'O': '#A48DFC', 'consignor_name': '#8B086A', 'notify_party_name': '#C0A40B', 'beneficiary_drawer_exporter_seller_supplier_name': '#8F8E38', 'pre_carriage_by': '#773015', 'consignor_address': '#144C09', 'declaration': '#4EF4E6', 'beneficiary_drawer_exporter_seller_supplier_tin_no': '#D28CE2', 'country_of_origin_origin_of_goods': '#9F6BFA', 'awb_number': '#CA220B', 'beneficiary_address': '#B9D91C', 'remitter_address': '#76CA55', 'page_no': '#8AD3D1', 'remitter_drawee_applicant_importer_buyer_name': '#A6E8AC', 'port_of_loading': '#4410B7', 'notify_party_address': '#AA93DE', 'payment_terms_terms_of_delivery_&_payment': '#1603B4'}
2024-02-20 10:48:59,421 is result_set is instance of dict? True
2024-02-20 10:48:59,423 is final_result_set is instance of dict? True
2024-02-20 10:48:59,655 Time taken for page 1 of Packing_List_50_page_2.png:0:00:01.792234
2024-02-20 10:48:59,774 *****Generated All Pages****** for Packing_List_50_page_2.png
2024-02-20 10:48:59,774 RAM memory 57.5 used for Packing_List_50_page_2.png Generating All Pages:
2024-02-20 10:48:59,774 Processing time taken for all pages of Packing_List_50_page_2.png1:0:00:01.911456
2024-02-20 10:48:59,916 file name is:Packing_List(2013_04_15_16_20_53_5835)_346_page_26.png
2024-02-20 10:48:59,916 folder path :Images
2024-02-20 10:48:59,916 Calling Image result
2024-02-20 10:48:59,916 is all_page_result is instance of dict? True
2024-02-20 10:48:59,916 STREAM b'IHDR' 16 13
2024-02-20 10:48:59,916 STREAM b'sBIT' 41 3
2024-02-20 10:48:59,916 b'sBIT' 41 3 (unknown)
2024-02-20 10:48:59,916 STREAM b'IDAT' 56 8192
2024-02-20 10:48:59,967 is words is instance of list? True
2024-02-20 10:48:59,967 is bboxes is instance of list? True
2024-02-20 10:48:59,967 is bounding_boxes is instance of list? True
2024-02-20 10:49:00,089 is input_id_chunks is instance of list? True
2024-02-20 10:49:00,089 is mask_chunks is instance of list? True
2024-02-20 10:49:00,089 is bbox_chunks is instance of list? True
2024-02-20 10:49:00,089 is image_chunks is instance of list? True
2024-02-20 10:49:00,090 is input_dict is instance of dict? True
2024-02-20 10:49:02,401 Model Called
2024-02-20 10:49:02,402 RAM memory 59.6 used for Packing_List(2013_04_15_16_20_53_5835)_346_page_26.png:
2024-02-20 10:49:02,402 is all_predictions is instance of list? True
2024-02-20 10:49:02,402 is all_boxes is instance of list? True
2024-02-20 10:49:02,402 is all_confidences is instance of list? True
2024-02-20 10:49:02,402 is all_text is instance of list? True
2024-02-20 10:49:02,402 is label2id is instance of dict? True
2024-02-20 10:49:02,402 is id2label is instance of dict? True
2024-02-20 10:49:02,403 is label2color is instance of dict? True
2024-02-20 10:49:02,403 label2color : {'track_reference': '#0D0C0A', 'vessel_name': '#F9D234', 'transaction_amount_value': '#E190FE', 'lc_ref_no': '#FBC997', 'invoice_currency': '#AE73EE', 'bill_of_lading_date': '#C76C7F', 'net_weight': '#2590A9', 'awb_date': '#D15EF9', 'date_of_invoice': '#71A8BB', 'port_of_discharge': '#239006', 'original_copy': '#253F92', 'shipper_address': '#237AE3', 'rate_per_unit': '#E0D6F2', 'invoice_no': '#2A2697', 'signature': '#57D920', 'consignee_address': '#E45CAA', 'incoterm': '#84C440', 'country_of_final_destination': '#6E9B33', 'description_of_goods': '#305804', 'total_quantity_of_goods': '#3372E1', 'shipper_name': '#866377', 'bill_of_lading_number': '#B5D4D2', 'transaction_currency': '#D77520', 'iec_no': '#BB7A50', 'gross_weight': '#49AB91', 'vessel_flight_no': '#5FE7C3', 'transaction_date': '#03AF24', 'lc_date': '#E90A5C', 'consignee_name': '#332C7B', 'stamp': '#F68B42', 'invoice_amount': '#237006', 'dimension': '#577EEC', 'O': '#2D5513', 'consignor_name': '#0D367C', 'notify_party_name': '#533A08', 'beneficiary_drawer_exporter_seller_supplier_name': '#B5EB21', 'pre_carriage_by': '#46A2F8', 'consignor_address': '#7E4D1F', 'declaration': '#5CFD77', 'beneficiary_drawer_exporter_seller_supplier_tin_no': '#E6EBEC', 'country_of_origin_origin_of_goods': '#FE1A7E', 'awb_number': '#1101A5', 'beneficiary_address': '#C3C74D', 'remitter_address': '#F292F2', 'page_no': '#01D83D', 'remitter_drawee_applicant_importer_buyer_name': '#4B1B70', 'port_of_loading': '#D06EB8', 'notify_party_address': '#88A126', 'payment_terms_terms_of_delivery_&_payment': '#F07232'}
2024-02-20 10:49:02,516 is result_set is instance of dict? True
2024-02-20 10:49:02,520 is final_result_set is instance of dict? True
2024-02-20 10:49:03,223 Time taken for page 1 of Packing_List(2013_04_15_16_20_53_5835)_346_page_26.png:0:00:03.306606
2024-02-20 10:49:03,320 *****Generated All Pages****** for Packing_List(2013_04_15_16_20_53_5835)_346_page_26.png
2024-02-20 10:49:03,320 RAM memory 60.1 used for Packing_List(2013_04_15_16_20_53_5835)_346_page_26.png Generating All Pages:
2024-02-20 10:49:03,320 Processing time taken for all pages of Packing_List(2013_04_15_16_20_53_5835)_346_page_26.png1:0:00:03.404543
2024-02-20 10:49:03,459 file name is:Packing_List_45_page_6.png
2024-02-20 10:49:03,460 folder path :Images
2024-02-20 10:49:03,460 Calling Image result
2024-02-20 10:49:03,460 is all_page_result is instance of dict? True
2024-02-20 10:49:03,460 STREAM b'IHDR' 16 13
2024-02-20 10:49:03,460 STREAM b'IDAT' 41 35584
2024-02-20 10:49:03,493 is words is instance of list? True
2024-02-20 10:49:03,493 is bboxes is instance of list? True
2024-02-20 10:49:03,493 is bounding_boxes is instance of list? True
2024-02-20 10:49:03,729 is input_id_chunks is instance of list? True
2024-02-20 10:49:03,729 is mask_chunks is instance of list? True
2024-02-20 10:49:03,729 is bbox_chunks is instance of list? True
2024-02-20 10:49:03,729 is image_chunks is instance of list? True
2024-02-20 10:49:03,730 is input_dict is instance of dict? True
2024-02-20 10:49:04,957 Model Called
2024-02-20 10:49:04,957 RAM memory 57.5 used for Packing_List_45_page_6.png:
2024-02-20 10:49:04,957 is all_predictions is instance of list? True
2024-02-20 10:49:04,957 is all_boxes is instance of list? True
2024-02-20 10:49:04,957 is all_confidences is instance of list? True
2024-02-20 10:49:04,958 is all_text is instance of list? True
2024-02-20 10:49:04,958 is label2id is instance of dict? True
2024-02-20 10:49:04,958 is id2label is instance of dict? True
2024-02-20 10:49:04,959 is label2color is instance of dict? True
2024-02-20 10:49:04,959 label2color : {'track_reference': '#3E50DF', 'vessel_name': '#B99B50', 'transaction_amount_value': '#37128E', 'lc_ref_no': '#4D3BAF', 'invoice_currency': '#B3B578', 'bill_of_lading_date': '#1F343F', 'net_weight': '#1E455B', 'awb_date': '#B19FC0', 'date_of_invoice': '#890BE7', 'port_of_discharge': '#9ACD5A', 'original_copy': '#F6A2E1', 'shipper_address': '#0D5431', 'rate_per_unit': '#8AD944', 'invoice_no': '#D2AF6E', 'signature': '#7F5B97', 'consignee_address': '#7F43FE', 'incoterm': '#AA2897', 'country_of_final_destination': '#B36320', 'description_of_goods': '#EB343B', 'total_quantity_of_goods': '#A61141', 'shipper_name': '#22F7F9', 'bill_of_lading_number': '#606DD2', 'transaction_currency': '#A25CC2', 'iec_no': '#48D6F7', 'gross_weight': '#31A6AA', 'vessel_flight_no': '#A2DEDD', 'transaction_date': '#50CCFD', 'lc_date': '#A8A12C', 'consignee_name': '#C8A134', 'stamp': '#B573E1', 'invoice_amount': '#7FC7FA', 'dimension': '#DEA93F', 'O': '#29CEC1', 'consignor_name': '#235A69', 'notify_party_name': '#BB2D24', 'beneficiary_drawer_exporter_seller_supplier_name': '#2EADC9', 'pre_carriage_by': '#82CD71', 'consignor_address': '#010B37', 'declaration': '#860278', 'beneficiary_drawer_exporter_seller_supplier_tin_no': '#5233D6', 'country_of_origin_origin_of_goods': '#5FF3FC', 'awb_number': '#0A907C', 'beneficiary_address': '#85D15D', 'remitter_address': '#1A2711', 'page_no': '#7C9A0C', 'remitter_drawee_applicant_importer_buyer_name': '#186033', 'port_of_loading': '#7074F0', 'notify_party_address': '#7B8B94', 'payment_terms_terms_of_delivery_&_payment': '#1EC665'}
2024-02-20 10:49:05,084 is result_set is instance of dict? True
2024-02-20 10:49:05,086 is final_result_set is instance of dict? True
2024-02-20 10:49:05,367 Time taken for page 1 of Packing_List_45_page_6.png:0:00:01.907224
2024-02-20 10:49:05,487 *****Generated All Pages****** for Packing_List_45_page_6.png
2024-02-20 10:49:05,487 RAM memory 57.4 used for Packing_List_45_page_6.png Generating All Pages:
2024-02-20 10:49:05,487 Processing time taken for all pages of Packing_List_45_page_6.png1:0:00:02.027381
2024-02-20 10:49:05,627 file name is:Packing_List_12_page_0.png
2024-02-20 10:49:05,627 folder path :Images
2024-02-20 10:49:05,627 Calling Image result
2024-02-20 10:49:05,627 is all_page_result is instance of dict? True
2024-02-20 10:49:05,627 STREAM b'IHDR' 16 13
2024-02-20 10:49:05,627 STREAM b'IDAT' 41 37593
2024-02-20 10:49:05,654 is words is instance of list? True
2024-02-20 10:49:05,654 is bboxes is instance of list? True
2024-02-20 10:49:05,655 is bounding_boxes is instance of list? True
2024-02-20 10:49:05,854 is input_id_chunks is instance of list? True
2024-02-20 10:49:05,855 is mask_chunks is instance of list? True
2024-02-20 10:49:05,855 is bbox_chunks is instance of list? True
2024-02-20 10:49:05,855 is image_chunks is instance of list? True
2024-02-20 10:49:05,855 is input_dict is instance of dict? True
2024-02-20 10:49:07,037 Model Called
2024-02-20 10:49:07,037 RAM memory 57.4 used for Packing_List_12_page_0.png:
2024-02-20 10:49:07,037 is all_predictions is instance of list? True
2024-02-20 10:49:07,037 is all_boxes is instance of list? True
2024-02-20 10:49:07,037 is all_confidences is instance of list? True
2024-02-20 10:49:07,037 is all_text is instance of list? True
2024-02-20 10:49:07,037 is label2id is instance of dict? True
2024-02-20 10:49:07,038 is id2label is instance of dict? True
2024-02-20 10:49:07,038 is label2color is instance of dict? True
2024-02-20 10:49:07,038 label2color : {'track_reference': '#E1C99C', 'vessel_name': '#024E2B', 'transaction_amount_value': '#BF2845', 'lc_ref_no': '#208A8F', 'invoice_currency': '#6683BC', 'bill_of_lading_date': '#37CEF3', 'net_weight': '#C0B64A', 'awb_date': '#000E43', 'date_of_invoice': '#BEB064', 'port_of_discharge': '#DA611C', 'original_copy': '#DA2D05', 'shipper_address': '#FFDE4F', 'rate_per_unit': '#5F6DFE', 'invoice_no': '#64700C', 'signature': '#B7C253', 'consignee_address': '#1988EF', 'incoterm': '#40EEA1', 'country_of_final_destination': '#B2E837', 'description_of_goods': '#874A5B', 'total_quantity_of_goods': '#F201A5', 'shipper_name': '#05E369', 'bill_of_lading_number': '#59FA68', 'transaction_currency': '#D81CB7', 'iec_no': '#8EAF88', 'gross_weight': '#DB036A', 'vessel_flight_no': '#51B3A5', 'transaction_date': '#636B08', 'lc_date': '#DCCF8D', 'consignee_name': '#46AD0B', 'stamp': '#B28683', 'invoice_amount': '#6D6CBE', 'dimension': '#2A7874', 'O': '#E06ABE', 'consignor_name': '#C9230E', 'notify_party_name': '#5E1589', 'beneficiary_drawer_exporter_seller_supplier_name': '#885CC9', 'pre_carriage_by': '#57F75C', 'consignor_address': '#4554ED', 'declaration': '#8E94FA', 'beneficiary_drawer_exporter_seller_supplier_tin_no': '#BBD195', 'country_of_origin_origin_of_goods': '#A1869A', 'awb_number': '#9A7A83', 'beneficiary_address': '#0359F2', 'remitter_address': '#96E3C5', 'page_no': '#7957AD', 'remitter_drawee_applicant_importer_buyer_name': '#2597AA', 'port_of_loading': '#B691AB', 'notify_party_address': '#4EF4A9', 'payment_terms_terms_of_delivery_&_payment': '#33D58D'}
2024-02-20 10:49:07,160 is result_set is instance of dict? True
2024-02-20 10:49:07,161 is final_result_set is instance of dict? True
2024-02-20 10:49:07,374 Time taken for page 1 of Packing_List_12_page_0.png:0:00:01.746979
2024-02-20 10:49:07,507 *****Generated All Pages****** for Packing_List_12_page_0.png
2024-02-20 10:49:07,507 RAM memory 57.4 used for Packing_List_12_page_0.png Generating All Pages:
2024-02-20 10:49:07,507 Processing time taken for all pages of Packing_List_12_page_0.png1:0:00:01.880110
2024-02-20 10:49:07,650 file name is:Packing_List_34_page_4.png
2024-02-20 10:49:07,650 folder path :Images
2024-02-20 10:49:07,650 Calling Image result
2024-02-20 10:49:07,650 is all_page_result is instance of dict? True
2024-02-20 10:49:07,650 STREAM b'IHDR' 16 13
2024-02-20 10:49:07,650 STREAM b'IDAT' 41 40687
2024-02-20 10:49:07,680 is words is instance of list? True
2024-02-20 10:49:07,681 is bboxes is instance of list? True
2024-02-20 10:49:07,681 is bounding_boxes is instance of list? True
2024-02-20 10:49:07,890 is input_id_chunks is instance of list? True
2024-02-20 10:49:07,890 is mask_chunks is instance of list? True
2024-02-20 10:49:07,890 is bbox_chunks is instance of list? True
2024-02-20 10:49:07,890 is image_chunks is instance of list? True
2024-02-20 10:49:07,890 is input_dict is instance of dict? True
2024-02-20 10:49:09,077 Model Called
2024-02-20 10:49:09,077 RAM memory 57.4 used for Packing_List_34_page_4.png:
2024-02-20 10:49:09,078 is all_predictions is instance of list? True
2024-02-20 10:49:09,078 is all_boxes is instance of list? True
2024-02-20 10:49:09,078 is all_confidences is instance of list? True
2024-02-20 10:49:09,078 is all_text is instance of list? True
2024-02-20 10:49:09,078 is label2id is instance of dict? True
2024-02-20 10:49:09,078 is id2label is instance of dict? True
2024-02-20 10:49:09,079 is label2color is instance of dict? True
2024-02-20 10:49:09,079 label2color : {'track_reference': '#C58A2C', 'vessel_name': '#989E69', 'transaction_amount_value': '#BC09D2', 'lc_ref_no': '#724DD4', 'invoice_currency': '#2C1720', 'bill_of_lading_date': '#06939C', 'net_weight': '#65DEC5', 'awb_date': '#7DF777', 'date_of_invoice': '#58D8C4', 'port_of_discharge': '#98E105', 'original_copy': '#8AB078', 'shipper_address': '#6AD3C4', 'rate_per_unit': '#3526D7', 'invoice_no': '#DD3FD3', 'signature': '#7A83E6', 'consignee_address': '#DD466E', 'incoterm': '#440FAA', 'country_of_final_destination': '#91FC09', 'description_of_goods': '#C9C4A5', 'total_quantity_of_goods': '#569876', 'shipper_name': '#542FC0', 'bill_of_lading_number': '#BD346D', 'transaction_currency': '#DFD591', 'iec_no': '#CB4B72', 'gross_weight': '#446FF9', 'vessel_flight_no': '#3F4D29', 'transaction_date': '#2BFA5F', 'lc_date': '#A998DA', 'consignee_name': '#70D21F', 'stamp': '#729E6C', 'invoice_amount': '#145D69', 'dimension': '#1401FE', 'O': '#31F6B3', 'consignor_name': '#84EDBF', 'notify_party_name': '#99D810', 'beneficiary_drawer_exporter_seller_supplier_name': '#0B1810', 'pre_carriage_by': '#56F0BB', 'consignor_address': '#86D375', 'declaration': '#400EE7', 'beneficiary_drawer_exporter_seller_supplier_tin_no': '#CEFE80', 'country_of_origin_origin_of_goods': '#F87B82', 'awb_number': '#D9C351', 'beneficiary_address': '#7F5895', 'remitter_address': '#4879CD', 'page_no': '#D11BAC', 'remitter_drawee_applicant_importer_buyer_name': '#5996D0', 'port_of_loading': '#F8B874', 'notify_party_address': '#27F4F8', 'payment_terms_terms_of_delivery_&_payment': '#16D138'}
2024-02-20 10:49:09,203 is result_set is instance of dict? True
2024-02-20 10:49:09,204 is final_result_set is instance of dict? True
2024-02-20 10:49:09,390 Time taken for page 1 of Packing_List_34_page_4.png:0:00:01.739697
2024-02-20 10:49:09,514 *****Generated All Pages****** for Packing_List_34_page_4.png
2024-02-20 10:49:09,514 RAM memory 57.4 used for Packing_List_34_page_4.png Generating All Pages:
2024-02-20 10:49:09,514 Processing time taken for all pages of Packing_List_34_page_4.png1:0:00:01.863696
2024-02-20 10:49:09,655 file name is:Packing_List_14_page_0.png
2024-02-20 10:49:09,655 folder path :Images
2024-02-20 10:49:09,655 Calling Image result
2024-02-20 10:49:09,655 is all_page_result is instance of dict? True
2024-02-20 10:49:09,655 STREAM b'IHDR' 16 13
2024-02-20 10:49:09,655 STREAM b'IDAT' 41 41386
2024-02-20 10:49:09,688 is words is instance of list? True
2024-02-20 10:49:09,688 is bboxes is instance of list? True
2024-02-20 10:49:09,688 is bounding_boxes is instance of list? True
2024-02-20 10:49:09,886 is input_id_chunks is instance of list? True
2024-02-20 10:49:09,886 is mask_chunks is instance of list? True
2024-02-20 10:49:09,887 is bbox_chunks is instance of list? True
2024-02-20 10:49:09,887 is image_chunks is instance of list? True
2024-02-20 10:49:09,887 is input_dict is instance of dict? True
2024-02-20 10:49:11,116 Model Called
2024-02-20 10:49:11,116 RAM memory 57.4 used for Packing_List_14_page_0.png:
2024-02-20 10:49:11,126 is all_predictions is instance of list? True
2024-02-20 10:49:11,126 is all_boxes is instance of list? True
2024-02-20 10:49:11,126 is all_confidences is instance of list? True
2024-02-20 10:49:11,126 is all_text is instance of list? True
2024-02-20 10:49:11,126 is label2id is instance of dict? True
2024-02-20 10:49:11,126 is id2label is instance of dict? True
2024-02-20 10:49:11,127 is label2color is instance of dict? True
2024-02-20 10:49:11,127 label2color : {'track_reference': '#B0C295', 'vessel_name': '#52FE8A', 'transaction_amount_value': '#5DA3EF', 'lc_ref_no': '#018651', 'invoice_currency': '#CA14D0', 'bill_of_lading_date': '#DBB341', 'net_weight': '#C88AED', 'awb_date': '#7B6577', 'date_of_invoice': '#809430', 'port_of_discharge': '#779E94', 'original_copy': '#B976B1', 'shipper_address': '#A7D7B5', 'rate_per_unit': '#EEFA5D', 'invoice_no': '#B27F3A', 'signature': '#957E5F', 'consignee_address': '#224E6F', 'incoterm': '#4474CD', 'country_of_final_destination': '#09DD7F', 'description_of_goods': '#30852C', 'total_quantity_of_goods': '#22A94C', 'shipper_name': '#C2DFF0', 'bill_of_lading_number': '#8BBD2D', 'transaction_currency': '#2B23E1', 'iec_no': '#2B4571', 'gross_weight': '#88D9C0', 'vessel_flight_no': '#4D0270', 'transaction_date': '#423C2D', 'lc_date': '#9088F1', 'consignee_name': '#BC029A', 'stamp': '#C9A558', 'invoice_amount': '#ACB216', 'dimension': '#4B3C40', 'O': '#2E4166', 'consignor_name': '#88B870', 'notify_party_name': '#5585F3', 'beneficiary_drawer_exporter_seller_supplier_name': '#6DE1B1', 'pre_carriage_by': '#2300CB', 'consignor_address': '#1C2351', 'declaration': '#9407EE', 'beneficiary_drawer_exporter_seller_supplier_tin_no': '#E31F5B', 'country_of_origin_origin_of_goods': '#09CCAA', 'awb_number': '#69BC48', 'beneficiary_address': '#A44522', 'remitter_address': '#BA7873', 'page_no': '#C5B568', 'remitter_drawee_applicant_importer_buyer_name': '#0782AF', 'port_of_loading': '#050E10', 'notify_party_address': '#AC7414', 'payment_terms_terms_of_delivery_&_payment': '#BBC3C2'}
2024-02-20 10:49:11,248 is result_set is instance of dict? True
2024-02-20 10:49:11,249 is final_result_set is instance of dict? True
2024-02-20 10:49:11,482 Time taken for page 1 of Packing_List_14_page_0.png:0:00:01.826332
2024-02-20 10:49:11,613 *****Generated All Pages****** for Packing_List_14_page_0.png
2024-02-20 10:49:11,613 RAM memory 57.4 used for Packing_List_14_page_0.png Generating All Pages:
2024-02-20 10:49:11,613 Processing time taken for all pages of Packing_List_14_page_0.png1:0:00:01.957736
2024-02-20 10:49:11,755 file name is:Packing_List_11_page_0.png
2024-02-20 10:49:11,755 folder path :Images
2024-02-20 10:49:11,755 Calling Image result
2024-02-20 10:49:11,755 is all_page_result is instance of dict? True
2024-02-20 10:49:11,755 STREAM b'IHDR' 16 13
2024-02-20 10:49:11,755 STREAM b'IDAT' 41 46728
2024-02-20 10:49:11,790 is words is instance of list? True
2024-02-20 10:49:11,790 is bboxes is instance of list? True
2024-02-20 10:49:11,790 is bounding_boxes is instance of list? True
2024-02-20 10:49:11,997 is input_id_chunks is instance of list? True
2024-02-20 10:49:11,997 is mask_chunks is instance of list? True
2024-02-20 10:49:11,997 is bbox_chunks is instance of list? True
2024-02-20 10:49:11,997 is image_chunks is instance of list? True
2024-02-20 10:49:11,998 is input_dict is instance of dict? True
2024-02-20 10:49:14,357 Model Called
2024-02-20 10:49:14,358 RAM memory 59.5 used for Packing_List_11_page_0.png:
2024-02-20 10:49:14,358 is all_predictions is instance of list? True
2024-02-20 10:49:14,358 is all_boxes is instance of list? True
2024-02-20 10:49:14,358 is all_confidences is instance of list? True
2024-02-20 10:49:14,358 is all_text is instance of list? True
2024-02-20 10:49:14,358 is label2id is instance of dict? True
2024-02-20 10:49:14,358 is id2label is instance of dict? True
2024-02-20 10:49:14,359 is label2color is instance of dict? True
2024-02-20 10:49:14,359 label2color : {'track_reference': '#B3E207', 'vessel_name': '#98CC76', 'transaction_amount_value': '#CE1C91', 'lc_ref_no': '#4868D9', 'invoice_currency': '#A6B5D2', 'bill_of_lading_date': '#860CF8', 'net_weight': '#2785C8', 'awb_date': '#BD2AA3', 'date_of_invoice': '#651E19', 'port_of_discharge': '#EC79C3', 'original_copy': '#F607A8', 'shipper_address': '#D30C5C', 'rate_per_unit': '#BED6EB', 'invoice_no': '#CDE767', 'signature': '#FDA0AC', 'consignee_address': '#CF7CCC', 'incoterm': '#56923A', 'country_of_final_destination': '#5F8AC4', 'description_of_goods': '#8F4CF7', 'total_quantity_of_goods': '#697BF2', 'shipper_name': '#C60E58', 'bill_of_lading_number': '#1BF7FE', 'transaction_currency': '#CF38BE', 'iec_no': '#DCD895', 'gross_weight': '#39E2CC', 'vessel_flight_no': '#28E768', 'transaction_date': '#17F932', 'lc_date': '#A49F9D', 'consignee_name': '#826E7F', 'stamp': '#62E3BF', 'invoice_amount': '#A8CB9E', 'dimension': '#3079FC', 'O': '#445EE0', 'consignor_name': '#01AE89', 'notify_party_name': '#84E51A', 'beneficiary_drawer_exporter_seller_supplier_name': '#D4F69E', 'pre_carriage_by': '#1707DD', 'consignor_address': '#824D89', 'declaration': '#B3D1BE', 'beneficiary_drawer_exporter_seller_supplier_tin_no': '#80509D', 'country_of_origin_origin_of_goods': '#D195F9', 'awb_number': '#4895A7', 'beneficiary_address': '#2E2378', 'remitter_address': '#D3FC93', 'page_no': '#A770DA', 'remitter_drawee_applicant_importer_buyer_name': '#FAD1F7', 'port_of_loading': '#978301', 'notify_party_address': '#4E4582', 'payment_terms_terms_of_delivery_&_payment': '#363BC8'}
2024-02-20 10:49:14,544 is result_set is instance of dict? True
2024-02-20 10:49:14,545 is final_result_set is instance of dict? True
2024-02-20 10:49:14,715 Time taken for page 1 of Packing_List_11_page_0.png:0:00:02.960045
2024-02-20 10:49:14,839 *****Generated All Pages****** for Packing_List_11_page_0.png
2024-02-20 10:49:14,839 RAM memory 59.5 used for Packing_List_11_page_0.png Generating All Pages:
2024-02-20 10:49:14,839 Processing time taken for all pages of Packing_List_11_page_0.png1:0:00:03.084016
2024-02-20 10:49:14,985 file name is:Packing_List(2013_04_15_16_20_53_5835)_346_page_25.png
2024-02-20 10:49:14,986 folder path :Images
2024-02-20 10:49:14,986 Calling Image result
2024-02-20 10:49:14,986 is all_page_result is instance of dict? True
2024-02-20 10:49:14,986 STREAM b'IHDR' 16 13
2024-02-20 10:49:14,986 STREAM b'IDAT' 41 30082
2024-02-20 10:49:15,003 is words is instance of list? True
2024-02-20 10:49:15,003 is bboxes is instance of list? True
2024-02-20 10:49:15,003 is bounding_boxes is instance of list? True
2024-02-20 10:49:15,131 is input_id_chunks is instance of list? True
2024-02-20 10:49:15,132 is mask_chunks is instance of list? True
2024-02-20 10:49:15,132 is bbox_chunks is instance of list? True
2024-02-20 10:49:15,132 is image_chunks is instance of list? True
2024-02-20 10:49:15,133 is input_dict is instance of dict? True
2024-02-20 10:49:17,637 Model Called
2024-02-20 10:49:17,638 RAM memory 60.1 used for Packing_List(2013_04_15_16_20_53_5835)_346_page_25.png:
2024-02-20 10:49:17,638 is all_predictions is instance of list? True
2024-02-20 10:49:17,638 is all_boxes is instance of list? True
2024-02-20 10:49:17,638 is all_confidences is instance of list? True
2024-02-20 10:49:17,638 is all_text is instance of list? True
2024-02-20 10:49:17,638 is label2id is instance of dict? True
2024-02-20 10:49:17,638 is id2label is instance of dict? True
2024-02-20 10:49:17,639 is label2color is instance of dict? True
2024-02-20 10:49:17,639 label2color : {'track_reference': '#D57953', 'vessel_name': '#FB497E', 'transaction_amount_value': '#B3066D', 'lc_ref_no': '#5A71A2', 'invoice_currency': '#4D32E7', 'bill_of_lading_date': '#371D7F', 'net_weight': '#CDE7F4', 'awb_date': '#B8C017', 'date_of_invoice': '#0E8D60', 'port_of_discharge': '#5363E7', 'original_copy': '#08A026', 'shipper_address': '#4028D6', 'rate_per_unit': '#BF121F', 'invoice_no': '#2DB868', 'signature': '#83A7C3', 'consignee_address': '#489E2D', 'incoterm': '#46784C', 'country_of_final_destination': '#1B00DB', 'description_of_goods': '#6B05F0', 'total_quantity_of_goods': '#6E76BE', 'shipper_name': '#697264', 'bill_of_lading_number': '#694EEF', 'transaction_currency': '#9B3CBE', 'iec_no': '#F2EE94', 'gross_weight': '#5D49AA', 'vessel_flight_no': '#9F620C', 'transaction_date': '#478A5B', 'lc_date': '#38A0AE', 'consignee_name': '#555B67', 'stamp': '#0311F4', 'invoice_amount': '#735FBB', 'dimension': '#945896', 'O': '#BBC280', 'consignor_name': '#59D5D0', 'notify_party_name': '#0C5010', 'beneficiary_drawer_exporter_seller_supplier_name': '#ECB85E', 'pre_carriage_by': '#AF5F2F', 'consignor_address': '#A2D214', 'declaration': '#1454F2', 'beneficiary_drawer_exporter_seller_supplier_tin_no': '#222266', 'country_of_origin_origin_of_goods': '#7B8667', 'awb_number': '#6807B3', 'beneficiary_address': '#E532E9', 'remitter_address': '#C44C2D', 'page_no': '#7EAB05', 'remitter_drawee_applicant_importer_buyer_name': '#276142', 'port_of_loading': '#A80C3D', 'notify_party_address': '#E16ED1', 'payment_terms_terms_of_delivery_&_payment': '#00FD95'}
2024-02-20 10:49:17,760 is result_set is instance of dict? True
2024-02-20 10:49:17,763 is final_result_set is instance of dict? True
2024-02-20 10:49:17,978 Time taken for page 1 of Packing_List(2013_04_15_16_20_53_5835)_346_page_25.png:0:00:02.991887
2024-02-20 10:49:18,061 *****Generated All Pages****** for Packing_List(2013_04_15_16_20_53_5835)_346_page_25.png
2024-02-20 10:49:18,061 RAM memory 60.4 used for Packing_List(2013_04_15_16_20_53_5835)_346_page_25.png Generating All Pages:
2024-02-20 10:49:18,061 Processing time taken for all pages of Packing_List(2013_04_15_16_20_53_5835)_346_page_25.png1:0:00:03.075389
2024-02-20 10:49:18,223 file name is:Packing_List_40_page_0.png
2024-02-20 10:49:18,224 folder path :Images
2024-02-20 10:49:18,224 Calling Image result
2024-02-20 10:49:18,224 is all_page_result is instance of dict? True
2024-02-20 10:49:18,224 STREAM b'IHDR' 16 13
2024-02-20 10:49:18,224 STREAM b'IDAT' 41 31342
2024-02-20 10:49:18,254 is words is instance of list? True
2024-02-20 10:49:18,254 is bboxes is instance of list? True
2024-02-20 10:49:18,254 is bounding_boxes is instance of list? True
2024-02-20 10:49:18,454 is input_id_chunks is instance of list? True
2024-02-20 10:49:18,455 is mask_chunks is instance of list? True
2024-02-20 10:49:18,455 is bbox_chunks is instance of list? True
2024-02-20 10:49:18,455 is image_chunks is instance of list? True
2024-02-20 10:49:18,455 is input_dict is instance of dict? True
2024-02-20 10:49:19,737 Model Called
2024-02-20 10:49:19,738 RAM memory 58.1 used for Packing_List_40_page_0.png:
2024-02-20 10:49:19,738 is all_predictions is instance of list? True
2024-02-20 10:49:19,738 is all_boxes is instance of list? True
2024-02-20 10:49:19,738 is all_confidences is instance of list? True
2024-02-20 10:49:19,738 is all_text is instance of list? True
2024-02-20 10:49:19,739 is label2id is instance of dict? True
2024-02-20 10:49:19,739 is id2label is instance of dict? True
2024-02-20 10:49:19,740 is label2color is instance of dict? True
2024-02-20 10:49:19,740 label2color : {'track_reference': '#6F83C4', 'vessel_name': '#BF057F', 'transaction_amount_value': '#D38C35', 'lc_ref_no': '#5CB18B', 'invoice_currency': '#9F3897', 'bill_of_lading_date': '#8C0072', 'net_weight': '#22E1B1', 'awb_date': '#185BD5', 'date_of_invoice': '#361C2D', 'port_of_discharge': '#6A9B54', 'original_copy': '#E17D24', 'shipper_address': '#2E3341', 'rate_per_unit': '#F20DB3', 'invoice_no': '#8C4A1A', 'signature': '#41FE7F', 'consignee_address': '#50B198', 'incoterm': '#587D11', 'country_of_final_destination': '#C4C7F8', 'description_of_goods': '#D2CF95', 'total_quantity_of_goods': '#4AF81A', 'shipper_name': '#5DE62F', 'bill_of_lading_number': '#27B48B', 'transaction_currency': '#A1D8AC', 'iec_no': '#56B0F5', 'gross_weight': '#C74237', 'vessel_flight_no': '#5F5A5C', 'transaction_date': '#E4FB7C', 'lc_date': '#2E18CC', 'consignee_name': '#5B8103', 'stamp': '#C68692', 'invoice_amount': '#BDA682', 'dimension': '#9DEFB8', 'O': '#8F5B46', 'consignor_name': '#4D6AE5', 'notify_party_name': '#CABB3D', 'beneficiary_drawer_exporter_seller_supplier_name': '#F21520', 'pre_carriage_by': '#505368', 'consignor_address': '#EE0F37', 'declaration': '#24972C', 'beneficiary_drawer_exporter_seller_supplier_tin_no': '#7950F8', 'country_of_origin_origin_of_goods': '#387836', 'awb_number': '#B58542', 'beneficiary_address': '#DAA84E', 'remitter_address': '#9A25F7', 'page_no': '#55EBE8', 'remitter_drawee_applicant_importer_buyer_name': '#8C3936', 'port_of_loading': '#280DB5', 'notify_party_address': '#2565EA', 'payment_terms_terms_of_delivery_&_payment': '#198227'}
2024-02-20 10:49:19,906 is result_set is instance of dict? True
2024-02-20 10:49:19,908 is final_result_set is instance of dict? True
2024-02-20 10:49:20,152 Time taken for page 1 of Packing_List_40_page_0.png:0:00:01.927728
2024-02-20 10:49:20,338 *****Generated All Pages****** for Packing_List_40_page_0.png
2024-02-20 10:49:20,339 RAM memory 58.4 used for Packing_List_40_page_0.png Generating All Pages:
2024-02-20 10:49:20,339 Processing time taken for all pages of Packing_List_40_page_0.png1:0:00:02.115052
2024-02-20 10:49:20,539 file name is:Packing_List_22_page_2.png
2024-02-20 10:49:20,539 folder path :Images
2024-02-20 10:49:20,539 Calling Image result
2024-02-20 10:49:20,540 is all_page_result is instance of dict? True
2024-02-20 10:49:20,540 STREAM b'IHDR' 16 13
2024-02-20 10:49:20,540 STREAM b'IDAT' 41 20899
2024-02-20 10:49:20,550 is words is instance of list? True
2024-02-20 10:49:20,551 is bboxes is instance of list? True
2024-02-20 10:49:20,551 is bounding_boxes is instance of list? True
2024-02-20 10:49:20,661 is input_id_chunks is instance of list? True
2024-02-20 10:49:20,661 is mask_chunks is instance of list? True
2024-02-20 10:49:20,661 is bbox_chunks is instance of list? True
2024-02-20 10:49:20,662 is image_chunks is instance of list? True
2024-02-20 10:49:20,663 is input_dict is instance of dict? True
2024-02-20 10:49:23,187 Model Called
2024-02-20 10:49:23,188 RAM memory 60.5 used for Packing_List_22_page_2.png:
2024-02-20 10:49:23,188 is all_predictions is instance of list? True
2024-02-20 10:49:23,188 is all_boxes is instance of list? True
2024-02-20 10:49:23,188 is all_confidences is instance of list? True
2024-02-20 10:49:23,188 is all_text is instance of list? True
2024-02-20 10:49:23,188 is label2id is instance of dict? True
2024-02-20 10:49:23,188 is id2label is instance of dict? True
2024-02-20 10:49:23,189 is label2color is instance of dict? True
2024-02-20 10:49:23,189 label2color : {'track_reference': '#D494A3', 'vessel_name': '#77B8BA', 'transaction_amount_value': '#41A6B3', 'lc_ref_no': '#708B99', 'invoice_currency': '#4DC923', 'bill_of_lading_date': '#151088', 'net_weight': '#03AFF8', 'awb_date': '#34EE3E', 'date_of_invoice': '#1CDCDC', 'port_of_discharge': '#FD6052', 'original_copy': '#9A5DE1', 'shipper_address': '#CE8840', 'rate_per_unit': '#8D9DE0', 'invoice_no': '#87F177', 'signature': '#C0361F', 'consignee_address': '#1B7F6E', 'incoterm': '#E8655A', 'country_of_final_destination': '#91833D', 'description_of_goods': '#D51FAD', 'total_quantity_of_goods': '#B40AA4', 'shipper_name': '#D7A917', 'bill_of_lading_number': '#396360', 'transaction_currency': '#D23099', 'iec_no': '#8E8E02', 'gross_weight': '#119275', 'vessel_flight_no': '#332D6F', 'transaction_date': '#685D5D', 'lc_date': '#C4543A', 'consignee_name': '#3CBC68', 'stamp': '#F4EAC4', 'invoice_amount': '#FE5601', 'dimension': '#7F4B2C', 'O': '#8E628E', 'consignor_name': '#FFE0E9', 'notify_party_name': '#FC29AD', 'beneficiary_drawer_exporter_seller_supplier_name': '#16BE06', 'pre_carriage_by': '#23BBD6', 'consignor_address': '#A3A404', 'declaration': '#6DAE08', 'beneficiary_drawer_exporter_seller_supplier_tin_no': '#0FF98C', 'country_of_origin_origin_of_goods': '#26FA92', 'awb_number': '#2E6726', 'beneficiary_address': '#14B6D5', 'remitter_address': '#9D07A1', 'page_no': '#691A5B', 'remitter_drawee_applicant_importer_buyer_name': '#A7D45E', 'port_of_loading': '#5D06DE', 'notify_party_address': '#F63928', 'payment_terms_terms_of_delivery_&_payment': '#F0017C'}
2024-02-20 10:49:23,251 is result_set is instance of dict? True
2024-02-20 10:49:23,253 is final_result_set is instance of dict? True
2024-02-20 10:49:23,495 Time taken for page 1 of Packing_List_22_page_2.png:0:00:02.954579
2024-02-20 10:49:23,556 *****Generated All Pages****** for Packing_List_22_page_2.png
2024-02-20 10:49:23,556 RAM memory 60.5 used for Packing_List_22_page_2.png Generating All Pages:
2024-02-20 10:49:23,556 Processing time taken for all pages of Packing_List_22_page_2.png1:0:00:03.016857
2024-02-20 10:49:23,737 file name is:Packing_List(2013_04_15_16_20_53_5835)_346_page_1.png
2024-02-20 10:49:23,737 folder path :Images
2024-02-20 10:49:23,737 Calling Image result
2024-02-20 10:49:23,737 is all_page_result is instance of dict? True
2024-02-20 10:49:23,737 STREAM b'IHDR' 16 13
2024-02-20 10:49:23,737 STREAM b'IDAT' 41 34787
2024-02-20 10:49:23,756 is words is instance of list? True
2024-02-20 10:49:23,756 is bboxes is instance of list? True
2024-02-20 10:49:23,756 is bounding_boxes is instance of list? True
2024-02-20 10:49:23,895 is input_id_chunks is instance of list? True
2024-02-20 10:49:23,895 is mask_chunks is instance of list? True
2024-02-20 10:49:23,895 is bbox_chunks is instance of list? True
2024-02-20 10:49:23,895 is image_chunks is instance of list? True
2024-02-20 10:49:23,896 is input_dict is instance of dict? True
2024-02-20 10:49:26,241 Model Called
2024-02-20 10:49:26,241 RAM memory 60.3 used for Packing_List(2013_04_15_16_20_53_5835)_346_page_1.png:
2024-02-20 10:49:26,242 is all_predictions is instance of list? True
2024-02-20 10:49:26,242 is all_boxes is instance of list? True
2024-02-20 10:49:26,242 is all_confidences is instance of list? True
2024-02-20 10:49:26,242 is all_text is instance of list? True
2024-02-20 10:49:26,242 is label2id is instance of dict? True
2024-02-20 10:49:26,242 is id2label is instance of dict? True
2024-02-20 10:49:26,243 is label2color is instance of dict? True
2024-02-20 10:49:26,243 label2color : {'track_reference': '#2E6017', 'vessel_name': '#C942F4', 'transaction_amount_value': '#31CB00', 'lc_ref_no': '#15ABFC', 'invoice_currency': '#9AA4B7', 'bill_of_lading_date': '#266512', 'net_weight': '#C1BDE2', 'awb_date': '#60FED9', 'date_of_invoice': '#1C1673', 'port_of_discharge': '#224235', 'original_copy': '#6995B5', 'shipper_address': '#7DF302', 'rate_per_unit': '#71D635', 'invoice_no': '#1368B5', 'signature': '#35F3E1', 'consignee_address': '#7F58C8', 'incoterm': '#C3E9C9', 'country_of_final_destination': '#C88637', 'description_of_goods': '#1D90ED', 'total_quantity_of_goods': '#41C9CE', 'shipper_name': '#1A11BB', 'bill_of_lading_number': '#EC27F9', 'transaction_currency': '#68B54F', 'iec_no': '#A05FC8', 'gross_weight': '#5A6484', 'vessel_flight_no': '#4D459D', 'transaction_date': '#3EB71E', 'lc_date': '#C21771', 'consignee_name': '#DA189A', 'stamp': '#9CAD71', 'invoice_amount': '#36774B', 'dimension': '#E59519', 'O': '#C750DD', 'consignor_name': '#F7761B', 'notify_party_name': '#216A50', 'beneficiary_drawer_exporter_seller_supplier_name': '#5C3D77', 'pre_carriage_by': '#3B8003', 'consignor_address': '#A3889B', 'declaration': '#16892B', 'beneficiary_drawer_exporter_seller_supplier_tin_no': '#CD6D74', 'country_of_origin_origin_of_goods': '#FE5B21', 'awb_number': '#C73FCC', 'beneficiary_address': '#245185', 'remitter_address': '#B460E7', 'page_no': '#61AA92', 'remitter_drawee_applicant_importer_buyer_name': '#E13E9D', 'port_of_loading': '#90E35B', 'notify_party_address': '#D35DC0', 'payment_terms_terms_of_delivery_&_payment': '#A104B7'}
2024-02-20 10:49:26,355 is result_set is instance of dict? True
2024-02-20 10:49:26,358 is final_result_set is instance of dict? True
2024-02-20 10:49:26,578 Time taken for page 1 of Packing_List(2013_04_15_16_20_53_5835)_346_page_1.png:0:00:02.840142
2024-02-20 10:49:26,672 *****Generated All Pages****** for Packing_List(2013_04_15_16_20_53_5835)_346_page_1.png
2024-02-20 10:49:26,673 RAM memory 60.5 used for Packing_List(2013_04_15_16_20_53_5835)_346_page_1.png Generating All Pages:
2024-02-20 10:49:26,673 Processing time taken for all pages of Packing_List(2013_04_15_16_20_53_5835)_346_page_1.png1:0:00:02.935749
2024-02-20 10:49:26,826 file name is:Packing_List(2013_04_15_16_20_53_5835)_346_page_23.png
2024-02-20 10:49:26,826 folder path :Images
2024-02-20 10:49:26,826 Calling Image result
2024-02-20 10:49:26,826 is all_page_result is instance of dict? True
2024-02-20 10:49:26,826 STREAM b'IHDR' 16 13
2024-02-20 10:49:26,826 STREAM b'IDAT' 41 31931
2024-02-20 10:49:26,845 is words is instance of list? True
2024-02-20 10:49:26,845 is bboxes is instance of list? True
2024-02-20 10:49:26,845 is bounding_boxes is instance of list? True
2024-02-20 10:49:26,981 is input_id_chunks is instance of list? True
2024-02-20 10:49:26,981 is mask_chunks is instance of list? True
2024-02-20 10:49:26,981 is bbox_chunks is instance of list? True
2024-02-20 10:49:26,981 is image_chunks is instance of list? True
2024-02-20 10:49:26,982 is input_dict is instance of dict? True
2024-02-20 10:49:29,321 Model Called
2024-02-20 10:49:29,322 RAM memory 59.9 used for Packing_List(2013_04_15_16_20_53_5835)_346_page_23.png:
2024-02-20 10:49:29,322 is all_predictions is instance of list? True
2024-02-20 10:49:29,322 is all_boxes is instance of list? True
2024-02-20 10:49:29,322 is all_confidences is instance of list? True
2024-02-20 10:49:29,322 is all_text is instance of list? True
2024-02-20 10:49:29,322 is label2id is instance of dict? True
2024-02-20 10:49:29,322 is id2label is instance of dict? True
2024-02-20 10:49:29,323 is label2color is instance of dict? True
2024-02-20 10:49:29,323 label2color : {'track_reference': '#795FC1', 'vessel_name': '#624196', 'transaction_amount_value': '#8A4013', 'lc_ref_no': '#766D2D', 'invoice_currency': '#7BC795', 'bill_of_lading_date': '#47B519', 'net_weight': '#3B10AC', 'awb_date': '#1FB4D2', 'date_of_invoice': '#9C2F8A', 'port_of_discharge': '#5342BD', 'original_copy': '#6D5E9F', 'shipper_address': '#A198DF', 'rate_per_unit': '#5EB528', 'invoice_no': '#733BB7', 'signature': '#8821BA', 'consignee_address': '#821D3F', 'incoterm': '#F91BF3', 'country_of_final_destination': '#09E094', 'description_of_goods': '#321B91', 'total_quantity_of_goods': '#63AFDD', 'shipper_name': '#699B0E', 'bill_of_lading_number': '#2443BA', 'transaction_currency': '#3E705C', 'iec_no': '#8ED367', 'gross_weight': '#4B9CD9', 'vessel_flight_no': '#EA8A09', 'transaction_date': '#CAC678', 'lc_date': '#CD9A6B', 'consignee_name': '#C91707', 'stamp': '#F5FC9F', 'invoice_amount': '#133E27', 'dimension': '#7135E0', 'O': '#DDD853', 'consignor_name': '#DF887E', 'notify_party_name': '#819A4A', 'beneficiary_drawer_exporter_seller_supplier_name': '#AB8A7B', 'pre_carriage_by': '#49090F', 'consignor_address': '#812AA1', 'declaration': '#A9BF2D', 'beneficiary_drawer_exporter_seller_supplier_tin_no': '#65C362', 'country_of_origin_origin_of_goods': '#606BB1', 'awb_number': '#CCBD33', 'beneficiary_address': '#D035E8', 'remitter_address': '#6B6730', 'page_no': '#81986D', 'remitter_drawee_applicant_importer_buyer_name': '#AEA71E', 'port_of_loading': '#5E3A1B', 'notify_party_address': '#F32711', 'payment_terms_terms_of_delivery_&_payment': '#9F7467'}
2024-02-20 10:49:29,436 is result_set is instance of dict? True
2024-02-20 10:49:29,438 is final_result_set is instance of dict? True
2024-02-20 10:49:29,908 Time taken for page 1 of Packing_List(2013_04_15_16_20_53_5835)_346_page_23.png:0:00:03.081163
2024-02-20 10:49:29,993 *****Generated All Pages****** for Packing_List(2013_04_15_16_20_53_5835)_346_page_23.png
2024-02-20 10:49:29,994 RAM memory 60.3 used for Packing_List(2013_04_15_16_20_53_5835)_346_page_23.png Generating All Pages:
2024-02-20 10:49:29,994 Processing time taken for all pages of Packing_List(2013_04_15_16_20_53_5835)_346_page_23.png1:0:00:03.167677
2024-02-20 10:49:30,152 file name is:Packing_List(2012_08_30_15_10_44_6479)_886_page_0.png
2024-02-20 10:49:30,152 folder path :Images
2024-02-20 10:49:30,153 Calling Image result
2024-02-20 10:49:30,153 is all_page_result is instance of dict? True
2024-02-20 10:49:30,153 STREAM b'IHDR' 16 13
2024-02-20 10:49:30,153 STREAM b'IDAT' 41 49242
2024-02-20 10:49:30,184 is words is instance of list? True
2024-02-20 10:49:30,184 is bboxes is instance of list? True
2024-02-20 10:49:30,184 is bounding_boxes is instance of list? True
2024-02-20 10:49:30,393 is input_id_chunks is instance of list? True
2024-02-20 10:49:30,393 is mask_chunks is instance of list? True
2024-02-20 10:49:30,393 is bbox_chunks is instance of list? True
2024-02-20 10:49:30,393 is image_chunks is instance of list? True
2024-02-20 10:49:30,394 is input_dict is instance of dict? True
2024-02-20 10:49:32,831 Model Called
2024-02-20 10:49:32,832 RAM memory 60.5 used for Packing_List(2012_08_30_15_10_44_6479)_886_page_0.png:
2024-02-20 10:49:32,832 is all_predictions is instance of list? True
2024-02-20 10:49:32,832 is all_boxes is instance of list? True
2024-02-20 10:49:32,832 is all_confidences is instance of list? True
2024-02-20 10:49:32,832 is all_text is instance of list? True
2024-02-20 10:49:32,832 is label2id is instance of dict? True
2024-02-20 10:49:32,832 is id2label is instance of dict? True
2024-02-20 10:49:32,833 is label2color is instance of dict? True
2024-02-20 10:49:32,833 label2color : {'track_reference': '#D62F6C', 'vessel_name': '#E896B7', 'transaction_amount_value': '#5CAF55', 'lc_ref_no': '#2B37B7', 'invoice_currency': '#868553', 'bill_of_lading_date': '#994C15', 'net_weight': '#E349FF', 'awb_date': '#45F845', 'date_of_invoice': '#27B940', 'port_of_discharge': '#01650F', 'original_copy': '#5C54B3', 'shipper_address': '#741523', 'rate_per_unit': '#EB2F1A', 'invoice_no': '#45B1FF', 'signature': '#C245BF', 'consignee_address': '#A7E754', 'incoterm': '#E248DB', 'country_of_final_destination': '#1C5898', 'description_of_goods': '#66692E', 'total_quantity_of_goods': '#15F0D5', 'shipper_name': '#68DA4E', 'bill_of_lading_number': '#8BB296', 'transaction_currency': '#E0F621', 'iec_no': '#1416FE', 'gross_weight': '#B3A79F', 'vessel_flight_no': '#04B557', 'transaction_date': '#307008', 'lc_date': '#3BBCC0', 'consignee_name': '#3CF8F6', 'stamp': '#AB9143', 'invoice_amount': '#376E9D', 'dimension': '#AF8929', 'O': '#D6529F', 'consignor_name': '#7C8F5B', 'notify_party_name': '#C5164A', 'beneficiary_drawer_exporter_seller_supplier_name': '#747843', 'pre_carriage_by': '#C49CB5', 'consignor_address': '#CED047', 'declaration': '#625BCC', 'beneficiary_drawer_exporter_seller_supplier_tin_no': '#8161BC', 'country_of_origin_origin_of_goods': '#076329', 'awb_number': '#77FD82', 'beneficiary_address': '#AA33F1', 'remitter_address': '#314B98', 'page_no': '#9F58A2', 'remitter_drawee_applicant_importer_buyer_name': '#F67942', 'port_of_loading': '#88383A', 'notify_party_address': '#A15C36', 'payment_terms_terms_of_delivery_&_payment': '#4CF6EA'}
2024-02-20 10:49:33,017 is result_set is instance of dict? True
2024-02-20 10:49:33,018 is final_result_set is instance of dict? True
2024-02-20 10:49:33,091 Time taken for page 1 of Packing_List(2012_08_30_15_10_44_6479)_886_page_0.png:0:00:02.937765
2024-02-20 10:49:33,223 *****Generated All Pages****** for Packing_List(2012_08_30_15_10_44_6479)_886_page_0.png
2024-02-20 10:49:33,223 RAM memory 60.6 used for Packing_List(2012_08_30_15_10_44_6479)_886_page_0.png Generating All Pages:
2024-02-20 10:49:33,223 Processing time taken for all pages of Packing_List(2012_08_30_15_10_44_6479)_886_page_0.png1:0:00:03.070783
2024-02-20 10:49:33,371 file name is:Packing_List_3_page_0.png
2024-02-20 10:49:33,371 folder path :Images
2024-02-20 10:49:33,371 Calling Image result
2024-02-20 10:49:33,371 is all_page_result is instance of dict? True
2024-02-20 10:49:33,371 STREAM b'IHDR' 16 13
2024-02-20 10:49:33,371 STREAM b'IDAT' 41 29216
2024-02-20 10:49:33,404 is words is instance of list? True
2024-02-20 10:49:33,404 is bboxes is instance of list? True
2024-02-20 10:49:33,404 is bounding_boxes is instance of list? True
2024-02-20 10:49:33,655 is input_id_chunks is instance of list? True
2024-02-20 10:49:33,656 is mask_chunks is instance of list? True
2024-02-20 10:49:33,656 is bbox_chunks is instance of list? True
2024-02-20 10:49:33,656 is image_chunks is instance of list? True
2024-02-20 10:49:33,656 is input_dict is instance of dict? True
2024-02-20 10:49:34,898 Model Called
2024-02-20 10:49:34,899 RAM memory 58.2 used for Packing_List_3_page_0.png:
2024-02-20 10:49:34,899 is all_predictions is instance of list? True
2024-02-20 10:49:34,899 is all_boxes is instance of list? True
2024-02-20 10:49:34,899 is all_confidences is instance of list? True
2024-02-20 10:49:34,899 is all_text is instance of list? True
2024-02-20 10:49:34,899 is label2id is instance of dict? True
2024-02-20 10:49:34,899 is id2label is instance of dict? True
2024-02-20 10:49:34,900 is label2color is instance of dict? True
2024-02-20 10:49:34,900 label2color : {'track_reference': '#55E57F', 'vessel_name': '#DDF136', 'transaction_amount_value': '#3AD5B7', 'lc_ref_no': '#0ABF9D', 'invoice_currency': '#B3D824', 'bill_of_lading_date': '#F2F42B', 'net_weight': '#D44310', 'awb_date': '#12B5CE', 'date_of_invoice': '#AA1836', 'port_of_discharge': '#CF553A', 'original_copy': '#60F0BB', 'shipper_address': '#F0F04C', 'rate_per_unit': '#2156C5', 'invoice_no': '#09347C', 'signature': '#1DA0B9', 'consignee_address': '#841C7D', 'incoterm': '#BD2C6D', 'country_of_final_destination': '#43952D', 'description_of_goods': '#70E726', 'total_quantity_of_goods': '#C9E6F2', 'shipper_name': '#6CC4BA', 'bill_of_lading_number': '#850B85', 'transaction_currency': '#1BFDEF', 'iec_no': '#62A6B3', 'gross_weight': '#34482D', 'vessel_flight_no': '#F22B04', 'transaction_date': '#C4F4E2', 'lc_date': '#6212B9', 'consignee_name': '#470D5C', 'stamp': '#BD880A', 'invoice_amount': '#60DB5A', 'dimension': '#169DAC', 'O': '#7DC38C', 'consignor_name': '#C8994B', 'notify_party_name': '#E6AFC5', 'beneficiary_drawer_exporter_seller_supplier_name': '#021675', 'pre_carriage_by': '#C65ED4', 'consignor_address': '#728F1F', 'declaration': '#C341F7', 'beneficiary_drawer_exporter_seller_supplier_tin_no': '#402E1B', 'country_of_origin_origin_of_goods': '#93EFC2', 'awb_number': '#195CCB', 'beneficiary_address': '#2EC254', 'remitter_address': '#E0D1C1', 'page_no': '#B557D8', 'remitter_drawee_applicant_importer_buyer_name': '#8C08C7', 'port_of_loading': '#4309FF', 'notify_party_address': '#D29930', 'payment_terms_terms_of_delivery_&_payment': '#CF297D'}
2024-02-20 10:49:35,040 is result_set is instance of dict? True
2024-02-20 10:49:35,041 is final_result_set is instance of dict? True
2024-02-20 10:49:35,243 Time taken for page 1 of Packing_List_3_page_0.png:0:00:01.871874
2024-02-20 10:49:35,394 *****Generated All Pages****** for Packing_List_3_page_0.png
2024-02-20 10:49:35,394 RAM memory 58.4 used for Packing_List_3_page_0.png Generating All Pages:
2024-02-20 10:49:35,394 Processing time taken for all pages of Packing_List_3_page_0.png1:0:00:02.022777
2024-02-20 10:49:35,560 file name is:Packing_List_36_page_0.png
2024-02-20 10:49:35,561 folder path :Images
2024-02-20 10:49:35,561 Calling Image result
2024-02-20 10:49:35,561 is all_page_result is instance of dict? True
2024-02-20 10:49:35,561 STREAM b'IHDR' 16 13
2024-02-20 10:49:35,561 STREAM b'IDAT' 41 43953
2024-02-20 10:49:35,591 is words is instance of list? True
2024-02-20 10:49:35,591 is bboxes is instance of list? True
2024-02-20 10:49:35,591 is bounding_boxes is instance of list? True
2024-02-20 10:49:35,802 is input_id_chunks is instance of list? True
2024-02-20 10:49:35,802 is mask_chunks is instance of list? True
2024-02-20 10:49:35,802 is bbox_chunks is instance of list? True
2024-02-20 10:49:35,802 is image_chunks is instance of list? True
2024-02-20 10:49:35,802 is input_dict is instance of dict? True
2024-02-20 10:49:38,155 Model Called
2024-02-20 10:49:38,155 RAM memory 60.6 used for Packing_List_36_page_0.png:
2024-02-20 10:49:38,155 is all_predictions is instance of list? True
2024-02-20 10:49:38,155 is all_boxes is instance of list? True
2024-02-20 10:49:38,155 is all_confidences is instance of list? True
2024-02-20 10:49:38,155 is all_text is instance of list? True
2024-02-20 10:49:38,155 is label2id is instance of dict? True
2024-02-20 10:49:38,155 is id2label is instance of dict? True
2024-02-20 10:49:38,156 is label2color is instance of dict? True
2024-02-20 10:49:38,156 label2color : {'track_reference': '#C7D328', 'vessel_name': '#CF6972', 'transaction_amount_value': '#10C124', 'lc_ref_no': '#5AC632', 'invoice_currency': '#27801A', 'bill_of_lading_date': '#EB1C83', 'net_weight': '#129282', 'awb_date': '#C93508', 'date_of_invoice': '#A58EB9', 'port_of_discharge': '#6621DE', 'original_copy': '#EA68F1', 'shipper_address': '#D2B4AB', 'rate_per_unit': '#CBBD7B', 'invoice_no': '#17D16E', 'signature': '#BD0A7E', 'consignee_address': '#9D1046', 'incoterm': '#A0BD69', 'country_of_final_destination': '#96036E', 'description_of_goods': '#04B5B9', 'total_quantity_of_goods': '#2A88EF', 'shipper_name': '#F30E6E', 'bill_of_lading_number': '#1E8D97', 'transaction_currency': '#272B3C', 'iec_no': '#F6C302', 'gross_weight': '#BCBB0E', 'vessel_flight_no': '#D7F0C9', 'transaction_date': '#F42016', 'lc_date': '#CDACAB', 'consignee_name': '#9727B7', 'stamp': '#30F42E', 'invoice_amount': '#78E51B', 'dimension': '#0C5BFB', 'O': '#1FF288', 'consignor_name': '#5E952F', 'notify_party_name': '#1F73DC', 'beneficiary_drawer_exporter_seller_supplier_name': '#43686E', 'pre_carriage_by': '#318374', 'consignor_address': '#05018A', 'declaration': '#F7B5DF', 'beneficiary_drawer_exporter_seller_supplier_tin_no': '#4AE2CB', 'country_of_origin_origin_of_goods': '#CF82AD', 'awb_number': '#5EC636', 'beneficiary_address': '#7A3EA9', 'remitter_address': '#916DDC', 'page_no': '#C713CC', 'remitter_drawee_applicant_importer_buyer_name': '#C73ED9', 'port_of_loading': '#7BA18D', 'notify_party_address': '#3EB5DB', 'payment_terms_terms_of_delivery_&_payment': '#4A2A16'}
2024-02-20 10:49:38,386 is result_set is instance of dict? True
2024-02-20 10:49:38,387 is final_result_set is instance of dict? True
2024-02-20 10:49:38,705 Time taken for page 1 of Packing_List_36_page_0.png:0:00:03.143741
2024-02-20 10:49:38,871 *****Generated All Pages****** for Packing_List_36_page_0.png
2024-02-20 10:49:38,872 RAM memory 60.7 used for Packing_List_36_page_0.png Generating All Pages:
2024-02-20 10:49:38,872 Processing time taken for all pages of Packing_List_36_page_0.png1:0:00:03.311275
2024-02-20 10:49:39,053 file name is:Packing_List(2013_04_15_16_20_53_5835)_346_page_7.png
2024-02-20 10:49:39,054 folder path :Images
2024-02-20 10:49:39,054 Calling Image result
2024-02-20 10:49:39,054 is all_page_result is instance of dict? True
2024-02-20 10:49:39,054 STREAM b'IHDR' 16 13
2024-02-20 10:49:39,054 STREAM b'IDAT' 41 32015
2024-02-20 10:49:39,075 is words is instance of list? True
2024-02-20 10:49:39,075 is bboxes is instance of list? True
2024-02-20 10:49:39,075 is bounding_boxes is instance of list? True
2024-02-20 10:49:39,220 is input_id_chunks is instance of list? True
2024-02-20 10:49:39,221 is mask_chunks is instance of list? True
2024-02-20 10:49:39,221 is bbox_chunks is instance of list? True
2024-02-20 10:49:39,221 is image_chunks is instance of list? True
2024-02-20 10:49:39,222 is input_dict is instance of dict? True
