2024-04-27 05:28:50,969 checkpoint 1 => setting basis cofiguration for logging purposes
2024-04-27 05:28:50,970 start time: 2024-04-27 05:28:50.969983
2024-04-27 05:28:53,388 Starting new HTTPS connection (1): huggingface.co:443
2024-04-27 05:28:54,527 https://huggingface.co:443 "HEAD /microsoft/layoutlmv2-base-uncased/resolve/main/preprocessor_config.json HTTP/1.1" 200 0
2024-04-27 05:28:55,342 https://huggingface.co:443 "HEAD /microsoft/layoutlmv2-base-uncased/resolve/main/tokenizer_config.json HTTP/1.1" 404 0
2024-04-27 05:28:55,649 https://huggingface.co:443 "HEAD /microsoft/layoutlmv2-base-uncased/resolve/main/vocab.txt HTTP/1.1" 200 0
2024-04-27 05:28:55,677 RAM memory for Model loading used: 71.5
2024-04-27 05:28:55,677 cpu_utilization % for Model Loading:12.0
2024-04-27 05:28:55,677 memory_consumption in bytes for Loading Model:910852096
2024-04-27 05:28:55,677 Loaded Model successfully
2024-04-27 05:28:55,678 file name is:Bill_of_Exchange_157_0.png
2024-04-27 05:28:55,678 folder path :Images
2024-04-27 05:28:55,678 Calling Image result
2024-04-27 05:28:55,678 is all_page_result is instance of dict? True
2024-04-27 05:28:55,681 STREAM b'IHDR' 16 13
2024-04-27 05:28:55,681 STREAM b'pHYs' 41 9
2024-04-27 05:28:55,681 STREAM b'IDAT' 62 126930
2024-04-27 05:28:55,693 is words is instance of list? True
2024-04-27 05:28:55,693 is bboxes is instance of list? True
2024-04-27 05:28:55,693 is bounding_boxes is instance of list? True
2024-04-27 05:28:55,736 is input_id_chunks is instance of list? True
2024-04-27 05:28:55,736 is mask_chunks is instance of list? True
2024-04-27 05:28:55,736 is bbox_chunks is instance of list? True
2024-04-27 05:28:55,736 is image_chunks is instance of list? True
2024-04-27 05:28:55,737 is input_dict is instance of dict? True
2024-04-27 05:28:56,655 Model Called
2024-04-27 05:28:56,656 RAM memory 77.2 used for Bill_of_Exchange_157_0.png:
2024-04-27 05:28:56,656 is all_predictions is instance of list? True
2024-04-27 05:28:56,656 is all_boxes is instance of list? True
2024-04-27 05:28:56,656 is all_confidences is instance of list? True
2024-04-27 05:28:56,656 is all_text is instance of list? True
2024-04-27 05:28:56,656 is label2id is instance of dict? True
2024-04-27 05:28:56,656 is id2label is instance of dict? True
2024-04-27 05:28:56,657 is label2color is instance of dict? True
2024-04-27 05:28:56,657 label2color : {'tenor_type': '#93C280', 'invoice_due_date': '#8930C8', 'diclaration_by': '#0B0814', 'invoice_amount': '#5F4E9C', 'original_or_copy': '#333C31', 'boe_currency': '#E3CA68', 'lc_ref_no': '#80F570', 'boe_amount': '#465128', 'indicator_date': '#BCA76B', 'tenore_details': '#DA8271', 'lc_date': '#C0F151', 'issuing_bank': '#79AB92', 'drawer_name': '#925CE6', 'stamp': '#CEA92B', 'drawer_bank_address': '#C2C854', 'drawer_address': '#A6CEA8', 'drawee_name': '#D6B2EF', 'country_of_origin': '#E69745', 'tenor_indicator': '#F179AC', 'bill_exchange_no': '#30BAE5', 'drawee_bank_address': '#2CD75A', 'issuing_bank_address': '#5DD1E2', 'bill_exchange_date': '#40FE33', 'goods_discription': '#14DBF2', 'drawer_bank_name': '#A1BBDB', 'indicator_type': '#04E5B8', 'drawee_bank_name': '#D7FF3D', 'usance_tenor': '#5D666E', 'signature': '#DE44EA', 'invoice_no': '#3D2F40', 'original_number': '#76C52F', 'drawee_address': '#4D9124', 'invoice_date': '#12CDE0', 'issue_place': '#C8C901', 'invoice_currency': '#533921', 'O': '#A940C6', 'amount_in_words': '#E6BA95'}
2024-04-27 05:28:56,678 is result_set is instance of dict? True
2024-04-27 05:28:56,679 is final_result_set is instance of dict? True
