2024-03-05 21:11:24,057 checkpoint 1 => setting basis cofiguration for logging purposes
2024-03-05 21:11:24,058 start time: 2024-03-05 21:11:24.058944
2024-03-05 21:11:28,442 Falling back to TensorFlow client; we recommended you install the Cloud TPU client directly with pip install cloud-tpu-client.
2024-03-05 21:11:28,657 Creating converter from 7 to 5
2024-03-05 21:11:28,657 Creating converter from 5 to 7
2024-03-05 21:11:28,657 Creating converter from 7 to 5
2024-03-05 21:11:28,657 Creating converter from 5 to 7
2024-03-05 21:11:29,406 Starting new HTTPS connection (1): huggingface.co:443
2024-03-05 21:11:29,799 https://huggingface.co:443 "HEAD /microsoft/layoutlmv2-base-uncased/resolve/main/preprocessor_config.json HTTP/1.1" 200 0
2024-03-05 21:11:30,834 https://huggingface.co:443 "HEAD /microsoft/layoutlmv2-base-uncased/resolve/main/tokenizer_config.json HTTP/1.1" 404 0
2024-03-05 21:11:31,148 https://huggingface.co:443 "HEAD /microsoft/layoutlmv2-base-uncased/resolve/main/vocab.txt HTTP/1.1" 200 0
2024-03-05 21:11:31,213 RAM memory for Model loading used: 82.4
2024-03-05 21:11:31,213 cpu_utilization % for Model Loading:18.6
2024-03-05 21:11:31,213 memory_consumption in bytes for Loading Model:1154285568
2024-03-05 21:11:31,213 Loaded Model successfully
2024-03-05 21:11:31,213 file name is:Proforma_Invoice(2013_04_17_14_00_41_9003)_303_0.png
2024-03-05 21:11:31,213 folder path :Images
2024-03-05 21:11:31,213 Calling Image result
2024-03-05 21:11:31,213 is all_page_result is instance of dict? True
2024-03-05 21:11:31,222 STREAM b'IHDR' 16 13
2024-03-05 21:11:31,222 STREAM b'pHYs' 41 9
2024-03-05 21:11:31,222 STREAM b'IDAT' 62 139842
2024-03-05 21:11:31,238 *****Generated All Pages****** for Proforma_Invoice(2013_04_17_14_00_41_9003)_303_0.png
2024-03-05 21:11:31,238 RAM memory 82.4 used for Proforma_Invoice(2013_04_17_14_00_41_9003)_303_0.png Generating All Pages:
2024-03-05 21:11:31,238 Processing time taken for all pages of Proforma_Invoice(2013_04_17_14_00_41_9003)_303_0.png1:0:00:00.024669
