2024-04-27 05:47:10,976 checkpoint 1 => setting basis cofiguration for logging purposes
2024-04-27 05:47:10,977 start time: 2024-04-27 05:47:10.977321
2024-04-27 05:47:13,501 Starting new HTTPS connection (1): huggingface.co:443
2024-04-27 05:47:14,390 https://huggingface.co:443 "HEAD /microsoft/layoutlmv2-base-uncased/resolve/main/preprocessor_config.json HTTP/1.1" 200 0
2024-04-27 05:47:14,799 https://huggingface.co:443 "HEAD /microsoft/layoutlmv2-base-uncased/resolve/main/tokenizer_config.json HTTP/1.1" 404 0
2024-04-27 05:47:15,619 https://huggingface.co:443 "HEAD /microsoft/layoutlmv2-base-uncased/resolve/main/vocab.txt HTTP/1.1" 200 0
2024-04-27 05:47:15,648 RAM memory for Model loading used: 71.2
2024-04-27 05:47:15,648 cpu_utilization % for Model Loading:10.8
2024-04-27 05:47:15,648 memory_consumption in bytes for Loading Model:910880768
2024-04-27 05:47:15,648 Loaded Model successfully
2024-04-27 05:47:15,648 file name is:Bill_of_Exchange_42_0.png
2024-04-27 05:47:15,648 folder path :Images
2024-04-27 05:47:15,648 Calling Image result
2024-04-27 05:47:15,648 is all_page_result is instance of dict? True
2024-04-27 05:47:15,652 STREAM b'IHDR' 16 13
2024-04-27 05:47:15,652 STREAM b'pHYs' 41 9
2024-04-27 05:47:15,652 STREAM b'IDAT' 62 77897
2024-04-27 05:47:15,656 is words is instance of list? True
2024-04-27 05:47:15,656 is bboxes is instance of list? True
2024-04-27 05:47:15,656 is bounding_boxes is instance of list? True
2024-04-27 05:47:15,677 is input_id_chunks is instance of list? True
2024-04-27 05:47:15,678 is mask_chunks is instance of list? True
2024-04-27 05:47:15,678 is bbox_chunks is instance of list? True
2024-04-27 05:47:15,678 is image_chunks is instance of list? True
2024-04-27 05:47:15,679 is input_dict is instance of dict? True
2024-04-27 05:47:16,630 Model Called
2024-04-27 05:47:16,631 RAM memory 76.5 used for Bill_of_Exchange_42_0.png:
2024-04-27 05:47:16,631 is all_predictions is instance of list? True
2024-04-27 05:47:16,631 is all_boxes is instance of list? True
2024-04-27 05:47:16,631 is all_confidences is instance of list? True
2024-04-27 05:47:16,631 is all_text is instance of list? True
2024-04-27 05:47:16,632 is label2id is instance of dict? True
2024-04-27 05:47:16,632 is id2label is instance of dict? True
2024-04-27 05:47:16,632 is label2color is instance of dict? True
2024-04-27 05:47:16,633 label2color : {'tenor_type': '#388060', 'invoice_due_date': '#B8071B', 'diclaration_by': '#58699C', 'invoice_amount': '#006FFB', 'original_or_copy': '#7E474B', 'boe_currency': '#6C4084', 'lc_ref_no': '#371872', 'boe_amount': '#77BE87', 'indicator_date': '#60B1BB', 'tenore_details': '#C3439D', 'lc_date': '#8F3439', 'issuing_bank': '#0F488C', 'drawer_name': '#50AB29', 'stamp': '#149E65', 'drawer_bank_address': '#F19C98', 'drawer_address': '#52EEB7', 'drawee_name': '#6B087B', 'country_of_origin': '#EC7E5D', 'tenor_indicator': '#0C5B3F', 'bill_exchange_no': '#BE88CC', 'drawee_bank_address': '#609D4C', 'issuing_bank_address': '#86DE2E', 'bill_exchange_date': '#658134', 'goods_discription': '#2CE91F', 'drawer_bank_name': '#A44EEB', 'indicator_type': '#10BE73', 'drawee_bank_name': '#E885FF', 'usance_tenor': '#46495C', 'signature': '#ED67ED', 'invoice_no': '#2F865F', 'original_number': '#5BA96D', 'drawee_address': '#6B064E', 'invoice_date': '#F90219', 'issue_place': '#A4C70D', 'invoice_currency': '#71EB95', 'O': '#D50BD8', 'amount_in_words': '#781C33'}
2024-04-27 05:47:16,651 is result_set is instance of dict? True
2024-04-27 05:47:16,652 is final_result_set is instance of dict? True
