2024-04-27 05:18:20,325 checkpoint 1 => setting basis cofiguration for logging purposes
2024-04-27 05:18:20,326 start time: 2024-04-27 05:18:20.326181
2024-04-27 05:18:22,874 Starting new HTTPS connection (1): huggingface.co:443
2024-04-27 05:18:23,630 https://huggingface.co:443 "HEAD /microsoft/layoutlmv2-base-uncased/resolve/main/preprocessor_config.json HTTP/1.1" 200 0
2024-04-27 05:18:24,450 https://huggingface.co:443 "HEAD /microsoft/layoutlmv2-base-uncased/resolve/main/tokenizer_config.json HTTP/1.1" 404 0
2024-04-27 05:18:25,168 https://huggingface.co:443 "HEAD /microsoft/layoutlmv2-base-uncased/resolve/main/vocab.txt HTTP/1.1" 200 0
2024-04-27 05:18:25,206 RAM memory for Model loading used: 73.6
2024-04-27 05:18:25,206 cpu_utilization % for Model Loading:-55.800000000000004
2024-04-27 05:18:25,206 memory_consumption in bytes for Loading Model:911151104
2024-04-27 05:18:25,206 Loaded Model successfully
2024-04-27 05:18:25,206 file name is:Bill_of_Exchange_157_0.png
2024-04-27 05:18:25,206 folder path :Images
2024-04-27 05:18:25,206 Calling Image result
2024-04-27 05:18:25,206 is all_page_result is instance of dict? True
2024-04-27 05:18:25,210 STREAM b'IHDR' 16 13
2024-04-27 05:18:25,210 STREAM b'pHYs' 41 9
2024-04-27 05:18:25,210 STREAM b'IDAT' 62 126930
2024-04-27 05:18:25,218 is words is instance of list? True
2024-04-27 05:18:25,218 is bboxes is instance of list? True
2024-04-27 05:18:25,218 is bounding_boxes is instance of list? True
2024-04-27 05:18:25,259 is input_id_chunks is instance of list? True
2024-04-27 05:18:25,259 is mask_chunks is instance of list? True
2024-04-27 05:18:25,259 is bbox_chunks is instance of list? True
2024-04-27 05:18:25,259 is image_chunks is instance of list? True
2024-04-27 05:18:25,260 is input_dict is instance of dict? True
2024-04-27 05:18:26,194 Model Called
2024-04-27 05:18:26,194 RAM memory 79.0 used for Bill_of_Exchange_157_0.png:
2024-04-27 05:18:26,194 is all_predictions is instance of list? True
2024-04-27 05:18:26,194 is all_boxes is instance of list? True
2024-04-27 05:18:26,194 is all_confidences is instance of list? True
2024-04-27 05:18:26,194 is all_text is instance of list? True
2024-04-27 05:18:26,194 is label2id is instance of dict? True
2024-04-27 05:18:26,195 is id2label is instance of dict? True
2024-04-27 05:18:26,195 is label2color is instance of dict? True
2024-04-27 05:18:26,195 label2color : {'tenor_type': '#9A0EE4', 'invoice_due_date': '#03DADF', 'diclaration_by': '#E53118', 'invoice_amount': '#B412E3', 'original_or_copy': '#C6A807', 'boe_currency': '#5F65FA', 'lc_ref_no': '#DE9524', 'boe_amount': '#B09651', 'indicator_date': '#7EA607', 'tenore_details': '#0BF255', 'lc_date': '#F3289E', 'issuing_bank': '#CAA5A1', 'drawer_name': '#EFB229', 'stamp': '#2C7563', 'drawer_bank_address': '#E6B85A', 'drawer_address': '#DFA7CA', 'drawee_name': '#C1A49C', 'country_of_origin': '#A4DADF', 'tenor_indicator': '#A37D82', 'bill_exchange_no': '#416383', 'drawee_bank_address': '#05C9DD', 'issuing_bank_address': '#E376F9', 'bill_exchange_date': '#F4EE68', 'goods_discription': '#8B316A', 'drawer_bank_name': '#E9E02E', 'indicator_type': '#E8F1AC', 'drawee_bank_name': '#5095AF', 'usance_tenor': '#CA003D', 'signature': '#558496', 'invoice_no': '#9AEBC1', 'original_number': '#998C8F', 'drawee_address': '#36282F', 'invoice_date': '#003346', 'issue_place': '#CBF6DB', 'invoice_currency': '#008371', 'O': '#10A86B', 'amount_in_words': '#6DEE9D'}
2024-04-27 05:18:26,223 is result_set is instance of dict? True
2024-04-27 05:18:26,224 is final_result_set is instance of dict? True
