2024-04-29 13:39:40,318 checkpoint 1 => setting basis cofiguration for logging purposes
2024-04-29 13:39:40,320 start time: 2024-04-29 13:39:40.320273
2024-04-29 13:39:44,298 Starting new HTTPS connection (1): huggingface.co:443
2024-04-29 13:39:45,813 https://huggingface.co:443 "HEAD /microsoft/layoutlmv2-base-uncased/resolve/main/preprocessor_config.json HTTP/1.1" 200 0
2024-04-29 13:39:46,496 https://huggingface.co:443 "HEAD /microsoft/layoutlmv2-base-uncased/resolve/main/tokenizer_config.json HTTP/1.1" 404 0
2024-04-29 13:39:46,810 https://huggingface.co:443 "HEAD /microsoft/layoutlmv2-base-uncased/resolve/main/vocab.txt HTTP/1.1" 200 0
2024-04-29 13:39:46,864 RAM memory for Model loading used: 57.7
2024-04-29 13:39:46,864 cpu_utilization % for Model Loading:41.6
2024-04-29 13:39:46,864 memory_consumption in bytes for Loading Model:911978496
2024-04-29 13:39:46,864 Loaded Model successfully
2024-04-29 13:39:46,875 file name is:Bill_of_lading_512_page_0.png
2024-04-29 13:39:46,875 folder path :Images
2024-04-29 13:39:46,875 Calling Image result
2024-04-29 13:39:46,875 is all_page_result is instance of dict? True
2024-04-29 13:39:46,883 STREAM b'IHDR' 16 13
2024-04-29 13:39:46,884 STREAM b'IDAT' 41 57112
2024-04-29 13:39:46,935 is words is instance of list? True
2024-04-29 13:39:46,936 is bboxes is instance of list? True
2024-04-29 13:39:46,936 is bounding_boxes is instance of list? True
2024-04-29 13:39:47,664 is input_id_chunks is instance of list? True
2024-04-29 13:39:47,664 is mask_chunks is instance of list? True
2024-04-29 13:39:47,664 is bbox_chunks is instance of list? True
2024-04-29 13:39:47,665 is image_chunks is instance of list? True
2024-04-29 13:39:47,666 is input_dict is instance of dict? True
2024-04-29 13:39:51,416 Model Called
2024-04-29 13:39:51,417 RAM memory 69.9 used for Bill_of_lading_512_page_0.png:
2024-04-29 13:39:51,417 is all_predictions is instance of list? True
2024-04-29 13:39:51,418 is all_boxes is instance of list? True
2024-04-29 13:39:51,418 is all_confidences is instance of list? True
2024-04-29 13:39:51,418 is all_text is instance of list? True
2024-04-29 13:39:51,419 is label2id is instance of dict? True
2024-04-29 13:39:51,419 is id2label is instance of dict? True
2024-04-29 13:39:51,421 is label2color is instance of dict? True
2024-04-29 13:39:51,421 label2color : {'stamp': '#CACF39', 'bol_original_or_copy': '#42CFA3', 'vessel_name': '#2F7241', 'shipped_onboard_date': '#3D10EC', 'final_destination': '#FFBA93', 'measurement': '#38525D', 'country_of_origin': '#7A9380', 'bol_original_number': '#1CB693', 'net_weight': '#82FFAD', 'signed_by_carrier': '#C990AB', 'gross_weight': '#490375', 'carrier_country': '#90D2DF', 'port_of_discharge': '#02662D', 'goods_quantity': '#E2FDAB', 'notify_party_name': '#AEEA3B', 'port_of_loading': '#0D504D', 'shipper_address': '#5BD8A9', 'place_of_issue': '#FE384F', 'agent_country': '#A745F6', 'freight_collect_at': '#A30241', 'place_of_receipt': '#E2ED94', 'voyage_number': '#B0B6EA', 'signature': '#71178D', 'consignee_name': '#6FF151', 'consignee_address': '#9AD19B', 'bill_of_lading_issue_date': '#A3E6CD', 'mode_of_transport': '#4CE2E0', 'shipper_name': '#E78BA7', 'signed_By_agent': '#1F4887', 'container_number': '#09F719', 'transaction_date': '#0FEC53', 'notify_party_address': '#A29D1F', 'goods_marks_and_nos': '#47A232', 'goods_description': '#11065D', 'lc_date': '#C46520', 'dimension': '#442CFE', 'agent_name': '#944232', 'carrier_name': '#BAA239', 'O': '#F5996B', 'lc_ref_number': '#C0DA4A', 'pre_carriage_by': '#DF67BB', 'page_no': '#74EF53', 'total_original_no': '#51C17F', 'freight_collect_or_prepaid': '#6AB96E', 'signed_by_master': '#8C21E0', 'bill_of_lading_number': '#B69005'}
2024-04-29 13:39:51,743 is result_set is instance of dict? True
2024-04-29 13:39:51,745 is final_result_set is instance of dict? True
