2024-04-29 23:16:38,115 checkpoint 1 => setting basis cofiguration for logging purposes
2024-04-29 23:16:38,116 start time: 2024-04-29 23:16:38.116528
2024-04-29 23:16:41,945 Starting new HTTPS connection (1): huggingface.co:443
2024-04-29 23:16:42,645 https://huggingface.co:443 "HEAD /microsoft/layoutlmv2-base-uncased/resolve/main/preprocessor_config.json HTTP/1.1" 200 0
2024-04-29 23:16:43,574 https://huggingface.co:443 "HEAD /microsoft/layoutlmv2-base-uncased/resolve/main/tokenizer_config.json HTTP/1.1" 404 0
2024-04-29 23:16:43,842 https://huggingface.co:443 "HEAD /microsoft/layoutlmv2-base-uncased/resolve/main/vocab.txt HTTP/1.1" 200 0
2024-04-29 23:16:43,890 RAM memory for Model loading used: 48.8
2024-04-29 23:16:43,890 cpu_utilization % for Model Loading:-61.3
2024-04-29 23:16:43,890 memory_consumption in bytes for Loading Model:912121856
2024-04-29 23:16:43,890 Loaded Model successfully
2024-04-29 23:16:43,891 file name is:Bill_of_lading_1029_page_6.png
2024-04-29 23:16:43,891 folder path :Images
2024-04-29 23:16:43,891 Calling Image result
2024-04-29 23:16:43,891 is all_page_result is instance of dict? True
2024-04-29 23:16:43,896 STREAM b'IHDR' 16 13
2024-04-29 23:16:43,896 STREAM b'PLTE' 41 768
2024-04-29 23:16:43,896 STREAM b'IDAT' 821 65536
2024-04-29 23:16:43,914 is words is instance of list? True
2024-04-29 23:16:43,915 is bboxes is instance of list? True
2024-04-29 23:16:43,915 is bounding_boxes is instance of list? True
2024-04-29 23:16:44,000 is input_id_chunks is instance of list? True
2024-04-29 23:16:44,000 is mask_chunks is instance of list? True
2024-04-29 23:16:44,000 is bbox_chunks is instance of list? True
2024-04-29 23:16:44,000 is image_chunks is instance of list? True
2024-04-29 23:16:44,001 is input_dict is instance of dict? True
2024-04-29 23:16:45,384 Model Called
2024-04-29 23:16:45,385 RAM memory 56.2 used for Bill_of_lading_1029_page_6.png:
2024-04-29 23:16:45,385 is all_predictions is instance of list? True
2024-04-29 23:16:45,385 is all_boxes is instance of list? True
2024-04-29 23:16:45,385 is all_confidences is instance of list? True
2024-04-29 23:16:45,386 is all_text is instance of list? True
2024-04-29 23:16:45,386 is label2id is instance of dict? True
2024-04-29 23:16:45,386 is id2label is instance of dict? True
2024-04-29 23:16:45,388 is label2color is instance of dict? True
2024-04-29 23:16:45,388 label2color : {'stamp': '#ED029F', 'bol_original_or_copy': '#AE8E0C', 'vessel_name': '#E75C9A', 'shipped_onboard_date': '#CB038E', 'final_destination': '#0A3059', 'measurement': '#17C4D4', 'country_of_origin': '#6FDA55', 'bol_original_number': '#C7A1B2', 'net_weight': '#F673F9', 'signed_by_carrier': '#A17FC7', 'gross_weight': '#00C93B', 'carrier_country': '#2207DC', 'port_of_discharge': '#970DB2', 'goods_quantity': '#0E6767', 'notify_party_name': '#5BE59C', 'port_of_loading': '#E5BD8B', 'shipper_address': '#C6D814', 'place_of_issue': '#A6E4A6', 'agent_country': '#1363DD', 'freight_collect_at': '#998F18', 'place_of_receipt': '#1D0FA0', 'voyage_number': '#9CA7AA', 'signature': '#707E04', 'consignee_name': '#C2E503', 'consignee_address': '#C413AF', 'bill_of_lading_issue_date': '#899A5E', 'mode_of_transport': '#E74861', 'shipper_name': '#EBD94D', 'signed_By_agent': '#5F3B98', 'container_number': '#E9932D', 'transaction_date': '#91714B', 'notify_party_address': '#53A0A4', 'goods_marks_and_nos': '#CB3FCB', 'goods_description': '#ED6824', 'lc_date': '#ED0761', 'dimension': '#4EAC0B', 'agent_name': '#D85FF9', 'carrier_name': '#9EDB90', 'O': '#314ACD', 'lc_ref_number': '#EBF039', 'pre_carriage_by': '#A68B00', 'page_no': '#A7C32A', 'total_original_no': '#B8E26C', 'freight_collect_or_prepaid': '#F052FA', 'signed_by_master': '#4EDA4E', 'bill_of_lading_number': '#A23E33'}
2024-04-29 23:16:45,420 is result_set is instance of dict? True
2024-04-29 23:16:45,421 is final_result_set is instance of dict? True
