2024-04-25 18:27:26,610 checkpoint 1 => setting basis cofiguration for logging purposes
2024-04-25 18:27:26,611 start time: 2024-04-25 18:27:26.611861
2024-04-25 18:27:29,849 Starting new HTTPS connection (1): huggingface.co:443
2024-04-25 18:27:30,210 https://huggingface.co:443 "HEAD /microsoft/layoutlmv2-base-uncased/resolve/main/preprocessor_config.json HTTP/1.1" 200 0
2024-04-25 18:27:30,601 https://huggingface.co:443 "HEAD /microsoft/layoutlmv2-base-uncased/resolve/main/tokenizer_config.json HTTP/1.1" 404 0
2024-04-25 18:27:31,359 https://huggingface.co:443 "HEAD /microsoft/layoutlmv2-base-uncased/resolve/main/vocab.txt HTTP/1.1" 200 0
2024-04-25 18:27:31,409 RAM memory for Model loading used: 59.4
2024-04-25 18:27:31,409 cpu_utilization % for Model Loading:-49.5
2024-04-25 18:27:31,409 memory_consumption in bytes for Loading Model:875978752
2024-04-25 18:27:31,409 Loaded Model successfully
2024-04-25 18:27:31,410 file name is:Bill_Of_Landing_411_page_1.png
2024-04-25 18:27:31,410 folder path :Images
2024-04-25 18:27:31,410 Calling Image result
2024-04-25 18:27:31,410 is all_page_result is instance of dict? True
2024-04-25 18:27:31,418 STREAM b'IHDR' 16 13
2024-04-25 18:27:31,418 STREAM b'IDAT' 41 64281
2024-04-25 18:27:31,466 *****Generated All Pages****** for Bill_Of_Landing_411_page_1.png
2024-04-25 18:27:31,466 RAM memory 59.7 used for Bill_Of_Landing_411_page_1.png Generating All Pages:
2024-04-25 18:27:31,466 Processing time taken for all pages of Bill_Of_Landing_411_page_1.png1:0:00:00.056718
2024-04-25 18:27:31,617 file name is:Bill_Of_Landing_774_page_4.png
2024-04-25 18:27:31,617 folder path :Images
2024-04-25 18:27:31,617 Calling Image result
2024-04-25 18:27:31,617 is all_page_result is instance of dict? True
2024-04-25 18:27:31,628 STREAM b'IHDR' 16 13
2024-04-25 18:27:31,628 STREAM b'IDAT' 41 65536
2024-04-25 18:27:31,723 *****Generated All Pages****** for Bill_Of_Landing_774_page_4.png
2024-04-25 18:27:31,724 RAM memory 60.1 used for Bill_Of_Landing_774_page_4.png Generating All Pages:
2024-04-25 18:27:31,724 Processing time taken for all pages of Bill_Of_Landing_774_page_4.png1:0:00:00.106351
2024-04-25 18:27:31,864 file name is:Bill_Of_Landing_530_page_1.png
2024-04-25 18:27:31,864 folder path :Images
2024-04-25 18:27:31,864 Calling Image result
2024-04-25 18:27:31,864 is all_page_result is instance of dict? True
2024-04-25 18:27:31,875 STREAM b'IHDR' 16 13
2024-04-25 18:27:31,875 STREAM b'IDAT' 41 23120
2024-04-25 18:27:31,889 *****Generated All Pages****** for Bill_Of_Landing_530_page_1.png
2024-04-25 18:27:31,889 RAM memory 59.4 used for Bill_Of_Landing_530_page_1.png Generating All Pages:
2024-04-25 18:27:31,889 Processing time taken for all pages of Bill_Of_Landing_530_page_1.png1:0:00:00.024795
2024-04-25 18:27:32,016 file name is:Bill_Of_Landing_562_page_1.png
2024-04-25 18:27:32,016 folder path :Images
2024-04-25 18:27:32,016 Calling Image result
2024-04-25 18:27:32,016 is all_page_result is instance of dict? True
2024-04-25 18:27:32,017 STREAM b'IHDR' 16 13
2024-04-25 18:27:32,017 STREAM b'IDAT' 41 59485
2024-04-25 18:27:32,054 *****Generated All Pages****** for Bill_Of_Landing_562_page_1.png
2024-04-25 18:27:32,054 RAM memory 59.7 used for Bill_Of_Landing_562_page_1.png Generating All Pages:
2024-04-25 18:27:32,054 Processing time taken for all pages of Bill_Of_Landing_562_page_1.png1:0:00:00.038292
2024-04-25 18:27:32,186 file name is:Bill_Of_Landing_679_page_0.png
2024-04-25 18:27:32,186 folder path :Images
2024-04-25 18:27:32,186 Calling Image result
2024-04-25 18:27:32,186 is all_page_result is instance of dict? True
2024-04-25 18:27:32,187 STREAM b'IHDR' 16 13
2024-04-25 18:27:32,187 STREAM b'IDAT' 41 65536
2024-04-25 18:27:32,287 *****Generated All Pages****** for Bill_Of_Landing_679_page_0.png
2024-04-25 18:27:32,287 RAM memory 60.3 used for Bill_Of_Landing_679_page_0.png Generating All Pages:
2024-04-25 18:27:32,287 Processing time taken for all pages of Bill_Of_Landing_679_page_0.png1:0:00:00.101192
2024-04-25 18:27:32,421 file name is:Bill_Of_Landing_784_page_0.png
2024-04-25 18:27:32,421 folder path :Images
2024-04-25 18:27:32,421 Calling Image result
2024-04-25 18:27:32,421 is all_page_result is instance of dict? True
2024-04-25 18:27:32,422 STREAM b'IHDR' 16 13
2024-04-25 18:27:32,422 STREAM b'IDAT' 41 65536
2024-04-25 18:27:32,455 *****Generated All Pages****** for Bill_Of_Landing_784_page_0.png
2024-04-25 18:27:32,455 RAM memory 59.7 used for Bill_Of_Landing_784_page_0.png Generating All Pages:
2024-04-25 18:27:32,455 Processing time taken for all pages of Bill_Of_Landing_784_page_0.png1:0:00:00.034134
2024-04-25 18:27:32,576 file name is:Bill_Of_Landing_562_page_13.png
2024-04-25 18:27:32,576 folder path :Images
2024-04-25 18:27:32,576 Calling Image result
2024-04-25 18:27:32,576 is all_page_result is instance of dict? True
2024-04-25 18:27:32,586 STREAM b'IHDR' 16 13
2024-04-25 18:27:32,587 STREAM b'IDAT' 41 65536
2024-04-25 18:27:32,625 *****Generated All Pages****** for Bill_Of_Landing_562_page_13.png
2024-04-25 18:27:32,625 RAM memory 59.7 used for Bill_Of_Landing_562_page_13.png Generating All Pages:
2024-04-25 18:27:32,625 Processing time taken for all pages of Bill_Of_Landing_562_page_13.png1:0:00:00.049448
2024-04-25 18:27:32,745 file name is:Bill_Of_Landing_555_page_0.png
2024-04-25 18:27:32,745 folder path :Images
2024-04-25 18:27:32,745 Calling Image result
2024-04-25 18:27:32,745 is all_page_result is instance of dict? True
2024-04-25 18:27:32,755 STREAM b'IHDR' 16 13
2024-04-25 18:27:32,755 STREAM b'IDAT' 41 65536
2024-04-25 18:27:32,794 *****Generated All Pages****** for Bill_Of_Landing_555_page_0.png
2024-04-25 18:27:32,794 RAM memory 59.7 used for Bill_Of_Landing_555_page_0.png Generating All Pages:
2024-04-25 18:27:32,794 Processing time taken for all pages of Bill_Of_Landing_555_page_0.png1:0:00:00.049314
2024-04-25 18:27:32,914 file name is:Bill_Of_Landing_899_page_20.png
2024-04-25 18:27:32,914 folder path :Images
2024-04-25 18:27:32,914 Calling Image result
2024-04-25 18:27:32,914 is all_page_result is instance of dict? True
2024-04-25 18:27:32,915 STREAM b'IHDR' 16 13
2024-04-25 18:27:32,915 STREAM b'IDAT' 41 65536
2024-04-25 18:27:32,953 *****Generated All Pages****** for Bill_Of_Landing_899_page_20.png
2024-04-25 18:27:32,953 RAM memory 59.7 used for Bill_Of_Landing_899_page_20.png Generating All Pages:
2024-04-25 18:27:32,953 Processing time taken for all pages of Bill_Of_Landing_899_page_20.png1:0:00:00.039118
2024-04-25 18:27:33,084 file name is:Bill_Of_Landing_511_page_0.png
2024-04-25 18:27:33,084 folder path :Images
2024-04-25 18:27:33,084 Calling Image result
2024-04-25 18:27:33,084 is all_page_result is instance of dict? True
2024-04-25 18:27:33,095 STREAM b'IHDR' 16 13
2024-04-25 18:27:33,095 STREAM b'IDAT' 41 65536
2024-04-25 18:27:33,131 *****Generated All Pages****** for Bill_Of_Landing_511_page_0.png
2024-04-25 18:27:33,131 RAM memory 59.7 used for Bill_Of_Landing_511_page_0.png Generating All Pages:
2024-04-25 18:27:33,131 Processing time taken for all pages of Bill_Of_Landing_511_page_0.png1:0:00:00.046690
2024-04-25 18:27:33,267 file name is:Bill_Of_Landing_562_page_26.png
2024-04-25 18:27:33,267 folder path :Images
2024-04-25 18:27:33,267 Calling Image result
2024-04-25 18:27:33,267 is all_page_result is instance of dict? True
2024-04-25 18:27:33,278 STREAM b'IHDR' 16 13
2024-04-25 18:27:33,278 STREAM b'IDAT' 41 65536
2024-04-25 18:27:33,314 *****Generated All Pages****** for Bill_Of_Landing_562_page_26.png
2024-04-25 18:27:33,314 RAM memory 59.8 used for Bill_Of_Landing_562_page_26.png Generating All Pages:
2024-04-25 18:27:33,314 Processing time taken for all pages of Bill_Of_Landing_562_page_26.png1:0:00:00.047133
2024-04-25 18:27:33,446 file name is:Bill_Of_Landing_418_page_7.png
2024-04-25 18:27:33,447 folder path :Images
2024-04-25 18:27:33,447 Calling Image result
2024-04-25 18:27:33,447 is all_page_result is instance of dict? True
2024-04-25 18:27:33,457 STREAM b'IHDR' 16 13
2024-04-25 18:27:33,457 STREAM b'IDAT' 41 65536
2024-04-25 18:27:33,494 *****Generated All Pages****** for Bill_Of_Landing_418_page_7.png
2024-04-25 18:27:33,494 RAM memory 59.8 used for Bill_Of_Landing_418_page_7.png Generating All Pages:
2024-04-25 18:27:33,494 Processing time taken for all pages of Bill_Of_Landing_418_page_7.png1:0:00:00.047783
