2024-04-26 01:42:39,273 checkpoint 1 => setting basis cofiguration for logging purposes
2024-04-26 01:42:39,274 start time: 2024-04-26 01:42:39.274608
2024-04-26 01:42:41,835 Starting new HTTPS connection (1): huggingface.co:443
2024-04-26 01:42:42,211 https://huggingface.co:443 "HEAD /microsoft/layoutlmv2-base-uncased/resolve/main/preprocessor_config.json HTTP/1.1" 200 0
2024-04-26 01:42:42,977 https://huggingface.co:443 "HEAD /microsoft/layoutlmv2-base-uncased/resolve/main/tokenizer_config.json HTTP/1.1" 404 0
2024-04-26 01:42:43,202 https://huggingface.co:443 "HEAD /microsoft/layoutlmv2-base-uncased/resolve/main/vocab.txt HTTP/1.1" 200 0
2024-04-26 01:42:43,239 RAM memory for Model loading used: 49.0
2024-04-26 01:42:43,240 cpu_utilization % for Model Loading:24.3
2024-04-26 01:42:43,240 memory_consumption in bytes for Loading Model:909783040
2024-04-26 01:42:43,240 Loaded Model successfully
2024-04-26 01:42:43,240 file name is:Bill_of_lading_512_page_0.png
2024-04-26 01:42:43,240 folder path :Images
2024-04-26 01:42:43,240 Calling Image result
2024-04-26 01:42:43,240 is all_page_result is instance of dict? True
2024-04-26 01:42:43,244 STREAM b'IHDR' 16 13
2024-04-26 01:42:43,244 STREAM b'IDAT' 41 57112
2024-04-26 01:42:43,277 is words is instance of list? True
2024-04-26 01:42:43,277 is bboxes is instance of list? True
2024-04-26 01:42:43,277 is bounding_boxes is instance of list? True
2024-04-26 01:42:43,593 is input_id_chunks is instance of list? True
2024-04-26 01:42:43,593 is mask_chunks is instance of list? True
2024-04-26 01:42:43,593 is bbox_chunks is instance of list? True
2024-04-26 01:42:43,593 is image_chunks is instance of list? True
2024-04-26 01:42:43,594 is input_dict is instance of dict? True
2024-04-26 01:42:46,086 Model Called
2024-04-26 01:42:46,086 RAM memory 60.2 used for Bill_of_lading_512_page_0.png:
2024-04-26 01:42:46,086 is all_predictions is instance of list? True
2024-04-26 01:42:46,086 is all_boxes is instance of list? True
2024-04-26 01:42:46,086 is all_confidences is instance of list? True
2024-04-26 01:42:46,086 is all_text is instance of list? True
2024-04-26 01:42:46,087 is label2id is instance of dict? True
2024-04-26 01:42:46,087 is id2label is instance of dict? True
2024-04-26 01:42:46,087 is label2color is instance of dict? True
2024-04-26 01:42:46,087 label2color : {'stamp': '#3BB6A2', 'bol_original_or_copy': '#5F45DD', 'vessel_name': '#72615D', 'shipped_onboard_date': '#A43302', 'final_destination': '#662270', 'measurement': '#F52EC0', 'country_of_origin': '#D24542', 'bol_original_number': '#593FE2', 'net_weight': '#6BF1BC', 'signed_by_carrier': '#9CCEB0', 'gross_weight': '#90AE2D', 'carrier_country': '#8091C5', 'port_of_discharge': '#3AFAD8', 'goods_quantity': '#9EDEC6', 'notify_party_name': '#1D746E', 'port_of_loading': '#9190B9', 'shipper_address': '#5F7F21', 'place_of_issue': '#E64FEE', 'agent_country': '#FA5A0F', 'freight_collect_at': '#29BF9A', 'place_of_receipt': '#271E94', 'voyage_number': '#9E39F9', 'signature': '#DA2198', 'consignee_name': '#B424A6', 'consignee_address': '#ACB9FA', 'bill_of_lading_issue_date': '#186B2F', 'mode_of_transport': '#F55A08', 'shipper_name': '#F41276', 'signed_By_agent': '#64C3B3', 'container_number': '#628903', 'transaction_date': '#3CECED', 'notify_party_address': '#8551AB', 'goods_marks_and_nos': '#BEDDBA', 'goods_description': '#4C8DC9', 'lc_date': '#61D646', 'dimension': '#11A5E3', 'agent_name': '#55D707', 'carrier_name': '#BAF65A', 'O': '#368E4B', 'lc_ref_number': '#C3A9C3', 'pre_carriage_by': '#7C9F71', 'page_no': '#AC81AD', 'total_original_no': '#3007AA', 'freight_collect_or_prepaid': '#7B8D45', 'signed_by_master': '#C13C0B', 'bill_of_lading_number': '#D4317A'}
2024-04-26 01:42:46,298 is result_set is instance of dict? True
2024-04-26 01:42:46,299 is final_result_set is instance of dict? True
2024-04-26 01:42:46,425 Time taken for page 1 of Bill_of_lading_512_page_0.png:0:00:03.181106
2024-04-26 01:42:46,543 *****Generated All Pages****** for Bill_of_lading_512_page_0.png
2024-04-26 01:42:46,543 RAM memory 60.6 used for Bill_of_lading_512_page_0.png Generating All Pages:
2024-04-26 01:42:46,543 Processing time taken for all pages of Bill_of_lading_512_page_0.png1:0:00:03.302908
