2024-01-30 13:40:56,983 checkpoint 1 => setting basis cofiguration for logging purposes
2024-01-30 13:40:56,984 start time: 2024-01-30 13:40:56.984622
2024-01-30 13:41:04,283 Falling back to TensorFlow client; we recommended you install the Cloud TPU client directly with pip install cloud-tpu-client.
2024-01-30 13:41:04,387 Creating converter from 7 to 5
2024-01-30 13:41:04,387 Creating converter from 5 to 7
2024-01-30 13:41:04,387 Creating converter from 7 to 5
2024-01-30 13:41:04,387 Creating converter from 5 to 7
2024-01-30 13:41:04,890 Starting new HTTPS connection (1): huggingface.co:443
2024-01-30 13:41:05,703 https://huggingface.co:443 "HEAD /microsoft/layoutlmv2-base-uncased/resolve/main/preprocessor_config.json HTTP/1.1" 200 0
2024-01-30 13:41:06,186 https://huggingface.co:443 "HEAD /microsoft/layoutlmv2-base-uncased/resolve/main/tokenizer_config.json HTTP/1.1" 404 0
2024-01-30 13:41:06,825 https://huggingface.co:443 "HEAD /microsoft/layoutlmv2-base-uncased/resolve/main/vocab.txt HTTP/1.1" 200 0
2024-01-30 13:41:06,870 RAM memory for Model loading used: 41.0
2024-01-30 13:41:06,871 cpu_utilization % for Model Loading:14.0
2024-01-30 13:41:06,871 memory_consumption in bytes for Loading Model:1184374784
2024-01-30 13:41:06,871 Loaded Model successfully
2024-01-30 13:41:06,871 file name is:Invoice_817_2.png
2024-01-30 13:41:06,871 folder path :Images
2024-01-30 13:41:06,872 Calling Image result
2024-01-30 13:41:06,872 is all_page_result is instance of dict? True
2024-01-30 13:41:06,876 STREAM b'IHDR' 16 13
2024-01-30 13:41:06,876 STREAM b'IDAT' 41 46767
2024-01-30 13:41:07,031 Checking spheric-time-383904-f1b421d86eef.json for explicit credentials as part of auth process...
2024-01-30 13:41:07,855 is words is instance of list? True
2024-01-30 13:41:07,855 is bboxes is instance of list? True
2024-01-30 13:41:07,855 is bounding_boxes is instance of list? True
2024-01-30 13:41:08,303 is input_id_chunks is instance of list? True
2024-01-30 13:41:08,304 is mask_chunks is instance of list? True
2024-01-30 13:41:08,304 is bbox_chunks is instance of list? True
2024-01-30 13:41:08,304 is image_chunks is instance of list? True
2024-01-30 13:41:08,304 is input_dict is instance of dict? True
2024-01-30 13:41:09,260 Model Called
2024-01-30 13:41:09,260 RAM memory 50.2 used for Invoice_817_2.png:
2024-01-30 13:41:09,260 is all_predictions is instance of list? True
2024-01-30 13:41:09,260 is all_boxes is instance of list? True
2024-01-30 13:41:09,260 is all_confidences is instance of list? True
2024-01-30 13:41:09,260 is all_text is instance of list? True
2024-01-30 13:41:09,261 is label2id is instance of dict? True
2024-01-30 13:41:09,261 is id2label is instance of dict? True
2024-01-30 13:41:09,262 is label2color is instance of dict? True
2024-01-30 13:41:09,262 label2color : {'signature': '#F913FB', 'remitter_address': '#570116', 'O': '#21C718', 'notify_party_country': '#B742BB', 'port_of_loading': '#5FB4D6', 'beneficiary_account_number': '#8AD8F4', 'consignee_address': '#D7E3E8', 'beneficiary_iban_number': '#9661B6', 'bill_of_lading_no': '#106A0D', 'pre-carriage-by': '#9748F8', 'invoice_discount_amount': '#A7DDF3', 'beneficiary_address': '#A310F1', 'rate_per_unit': '#0A947F', 'original_or_copy': '#7557BE', 'hs_code_no': '#8D1DCD', 'bill_of_lading_date': '#CF8550', 'declaration_by_issuer': '#6E05FC', 'beneficiary_bank_identifier': '#F62469', 'vessel_flight_no': '#10A820', 'goods_description': '#143FDF', 'incoterm': '#4AAAA7', 'invoice_due_date': '#C05E3F', 'tenor_type': '#D69820', 'country_of_origin_of_goods': '#558FE3', 'invoice_no': '#9B5BAF', 'cosignee_name': '#055E21', 'total_quantity_of_goods': '#B95DB8', 'consignor_address': '#7340C5', 'invoice_tax_ccy': '#9E902B', 'gross_weight': '#CF5296', 'notify_party_name': '#99988D', 'dimension': '#B69612', 'consignor_name': '#F7B712', 'indicator_type': '#35AAF4', 'invoice_tax_amount': '#170ED2', 'country_of_final_destination': '#F0B5EF', 'usance_tenor': '#11CDBA', 'date_of_invoice': '#188A2C', 'invoice_currency': '#3D30D7', 'invoice_amount_in_words': '#C0325B', 'awb_number': '#D95939', 'awb_date': '#5BDB1F', 'lc_ref_no': '#29A5AA', 'vessel_name': '#0DFC71', 'net_weight': '#05D494', 'beneficiary_country': '#B97537', 'beneficiary_drawer_exporter_seller_supplier_tin': '#DE2F0A', 'remitter_drawee_applicant_importer_buyer_name': '#557367', 'transaction_date': '#C6BE42', 'shipper_name': '#1766AF', 'indicator_date': '#627C1E', 'beneficiary_bank_country': '#90C181', 'shipper_address': '#F2CBF1', 'signature_of_the_issuer': '#8E4477', 'tenor_indicator': '#54DA3C', 'delivery_terms': '#B57C10', 'transaction_currency': '#EAF15D', 'beneficiary_drawer_exporter_seller_supplier_name': '#9CBAA7', 'page_no': '#3FB64D', 'consignor_country': '#8C11CE', 'beneficiary_bank_name': '#4E3FCB', 'lc_date': '#95CD53', 'invoice_discount_ccy': '#64F5B8', 'transaction_amonunt_value': '#E97F83', 'stamp': '#E488E5', 'notify_party_address': '#0E71EE', 'invoice_amount': '#CF08D8', 'port_of_discharge': '#CB78A7'}
2024-01-30 13:41:09,502 is result_set is instance of dict? True
2024-01-30 13:41:09,503 is final_result_set is instance of dict? True
2024-01-30 13:41:09,524 Time taken for page 1 of Invoice_817_2.png:0:00:02.646893
2024-01-30 13:41:09,654 *****Generated All Pages****** for Invoice_817_2.png
2024-01-30 13:41:09,654 RAM memory 47.7 used for Invoice_817_2.png Generating All Pages:
2024-01-30 13:41:09,654 Processing time taken for all pages of Invoice_817_2.png1:0:00:02.782597
2024-01-30 13:41:09,823 file name is:Proforma_Invoice_272_5.png
2024-01-30 13:41:09,823 folder path :Images
2024-01-30 13:41:09,823 Calling Image result
2024-01-30 13:41:09,823 is all_page_result is instance of dict? True
2024-01-30 13:41:09,900 STREAM b'IHDR' 16 13
2024-01-30 13:41:09,900 STREAM b'IDAT' 41 30921
2024-01-30 13:41:09,919 Checking spheric-time-383904-f1b421d86eef.json for explicit credentials as part of auth process...
2024-01-30 13:41:10,586 is words is instance of list? True
2024-01-30 13:41:10,587 is bboxes is instance of list? True
2024-01-30 13:41:10,587 is bounding_boxes is instance of list? True
2024-01-30 13:41:10,769 is input_id_chunks is instance of list? True
2024-01-30 13:41:10,769 is mask_chunks is instance of list? True
2024-01-30 13:41:10,769 is bbox_chunks is instance of list? True
2024-01-30 13:41:10,769 is image_chunks is instance of list? True
2024-01-30 13:41:10,769 is input_dict is instance of dict? True
2024-01-30 13:41:11,588 Model Called
2024-01-30 13:41:11,589 RAM memory 48.6 used for Proforma_Invoice_272_5.png:
2024-01-30 13:41:11,589 is all_predictions is instance of list? True
2024-01-30 13:41:11,589 is all_boxes is instance of list? True
2024-01-30 13:41:11,589 is all_confidences is instance of list? True
2024-01-30 13:41:11,589 is all_text is instance of list? True
2024-01-30 13:41:11,589 is label2id is instance of dict? True
2024-01-30 13:41:11,589 is id2label is instance of dict? True
2024-01-30 13:41:11,590 is label2color is instance of dict? True
2024-01-30 13:41:11,590 label2color : {'signature': '#951F3B', 'remitter_address': '#A9CF74', 'O': '#FD666E', 'notify_party_country': '#AECCC7', 'port_of_loading': '#EC1A28', 'beneficiary_account_number': '#A592EB', 'consignee_address': '#F9012A', 'beneficiary_iban_number': '#FC1070', 'bill_of_lading_no': '#D19321', 'pre-carriage-by': '#D3F9C8', 'invoice_discount_amount': '#6ECE90', 'beneficiary_address': '#5757CC', 'rate_per_unit': '#B3B9BC', 'original_or_copy': '#521C48', 'hs_code_no': '#4E0B9F', 'bill_of_lading_date': '#47773F', 'declaration_by_issuer': '#053893', 'beneficiary_bank_identifier': '#D88D78', 'vessel_flight_no': '#F9C1E9', 'goods_description': '#3716E5', 'incoterm': '#3888F3', 'invoice_due_date': '#E6FFE0', 'tenor_type': '#6BF763', 'country_of_origin_of_goods': '#B73572', 'invoice_no': '#011908', 'cosignee_name': '#9B0C52', 'total_quantity_of_goods': '#2C57E3', 'consignor_address': '#7369CA', 'invoice_tax_ccy': '#8B57D9', 'gross_weight': '#223F1D', 'notify_party_name': '#906D97', 'dimension': '#B403AA', 'consignor_name': '#1A0579', 'indicator_type': '#68EB41', 'invoice_tax_amount': '#D744AE', 'country_of_final_destination': '#C84B54', 'usance_tenor': '#E1726B', 'date_of_invoice': '#82D21F', 'invoice_currency': '#E382B5', 'invoice_amount_in_words': '#7E9340', 'awb_number': '#A82B44', 'awb_date': '#E3090B', 'lc_ref_no': '#680399', 'vessel_name': '#A54185', 'net_weight': '#FA6844', 'beneficiary_country': '#FC809F', 'beneficiary_drawer_exporter_seller_supplier_tin': '#1B04D2', 'remitter_drawee_applicant_importer_buyer_name': '#71C72D', 'transaction_date': '#AA0A03', 'shipper_name': '#D24C49', 'indicator_date': '#6C2755', 'beneficiary_bank_country': '#EE4153', 'shipper_address': '#E2C67C', 'signature_of_the_issuer': '#EFE143', 'tenor_indicator': '#D2D5CA', 'delivery_terms': '#725AA5', 'transaction_currency': '#B355EC', 'beneficiary_drawer_exporter_seller_supplier_name': '#214EC1', 'page_no': '#FC0854', 'consignor_country': '#6B2AA0', 'beneficiary_bank_name': '#2D8DBD', 'lc_date': '#6EDE12', 'invoice_discount_ccy': '#15AC1A', 'transaction_amonunt_value': '#2F9B84', 'stamp': '#A84807', 'notify_party_address': '#775BA6', 'invoice_amount': '#6A4205', 'port_of_discharge': '#BD64AF'}
2024-01-30 13:41:11,771 is result_set is instance of dict? True
2024-01-30 13:41:11,771 is final_result_set is instance of dict? True
2024-01-30 13:41:11,779 Time taken for page 1 of Proforma_Invoice_272_5.png:0:00:01.878744
2024-01-30 13:41:11,904 *****Generated All Pages****** for Proforma_Invoice_272_5.png
2024-01-30 13:41:11,904 RAM memory 49.1 used for Proforma_Invoice_272_5.png Generating All Pages:
2024-01-30 13:41:11,904 Processing time taken for all pages of Proforma_Invoice_272_5.png1:0:00:02.080726
2024-01-30 13:41:12,103 file name is:Invoice_586_0.png
2024-01-30 13:41:12,103 folder path :Images
2024-01-30 13:41:12,103 Calling Image result
2024-01-30 13:41:12,103 is all_page_result is instance of dict? True
2024-01-30 13:41:12,124 STREAM b'IHDR' 16 13
2024-01-30 13:41:12,124 STREAM b'IDAT' 41 65536
2024-01-30 13:41:12,143 Checking spheric-time-383904-f1b421d86eef.json for explicit credentials as part of auth process...
2024-01-30 13:41:13,269 is words is instance of list? True
2024-01-30 13:41:13,269 is bboxes is instance of list? True
2024-01-30 13:41:13,269 is bounding_boxes is instance of list? True
2024-01-30 13:41:13,465 is input_id_chunks is instance of list? True
2024-01-30 13:41:13,465 is mask_chunks is instance of list? True
2024-01-30 13:41:13,465 is bbox_chunks is instance of list? True
2024-01-30 13:41:13,465 is image_chunks is instance of list? True
2024-01-30 13:41:13,466 is input_dict is instance of dict? True
2024-01-30 13:41:15,865 Model Called
2024-01-30 13:41:15,865 RAM memory 61.1 used for Invoice_586_0.png:
2024-01-30 13:41:15,865 is all_predictions is instance of list? True
2024-01-30 13:41:15,865 is all_boxes is instance of list? True
2024-01-30 13:41:15,865 is all_confidences is instance of list? True
2024-01-30 13:41:15,865 is all_text is instance of list? True
2024-01-30 13:41:15,866 is label2id is instance of dict? True
2024-01-30 13:41:15,866 is id2label is instance of dict? True
2024-01-30 13:41:15,866 is label2color is instance of dict? True
2024-01-30 13:41:15,866 label2color : {'signature': '#BBBE94', 'remitter_address': '#576730', 'O': '#85CCF2', 'notify_party_country': '#A7BD91', 'port_of_loading': '#CE69CC', 'beneficiary_account_number': '#9ABF45', 'consignee_address': '#C36DFB', 'beneficiary_iban_number': '#FBCAE1', 'bill_of_lading_no': '#F303E8', 'pre-carriage-by': '#9BB579', 'invoice_discount_amount': '#EA9BE7', 'beneficiary_address': '#7ABDCA', 'rate_per_unit': '#36CDC9', 'original_or_copy': '#F69D05', 'hs_code_no': '#78C080', 'bill_of_lading_date': '#805732', 'declaration_by_issuer': '#2D629D', 'beneficiary_bank_identifier': '#6BF315', 'vessel_flight_no': '#22BB7C', 'goods_description': '#F839E7', 'incoterm': '#7EB1AF', 'invoice_due_date': '#6728AE', 'tenor_type': '#183B6C', 'country_of_origin_of_goods': '#634A98', 'invoice_no': '#B7B277', 'cosignee_name': '#C850E5', 'total_quantity_of_goods': '#4D0DE0', 'consignor_address': '#006366', 'invoice_tax_ccy': '#8B3D07', 'gross_weight': '#119FAF', 'notify_party_name': '#7B6020', 'dimension': '#44FE3D', 'consignor_name': '#E47FC1', 'indicator_type': '#2AE9D5', 'invoice_tax_amount': '#5676FB', 'country_of_final_destination': '#B9B650', 'usance_tenor': '#CD3032', 'date_of_invoice': '#BC49EA', 'invoice_currency': '#16B033', 'invoice_amount_in_words': '#16D64C', 'awb_number': '#45C742', 'awb_date': '#ECD0A8', 'lc_ref_no': '#B01111', 'vessel_name': '#C9C478', 'net_weight': '#56E768', 'beneficiary_country': '#A311E5', 'beneficiary_drawer_exporter_seller_supplier_tin': '#96A0A5', 'remitter_drawee_applicant_importer_buyer_name': '#5BEFB6', 'transaction_date': '#564413', 'shipper_name': '#DAA4D9', 'indicator_date': '#22E9CC', 'beneficiary_bank_country': '#42666B', 'shipper_address': '#791582', 'signature_of_the_issuer': '#02F1D5', 'tenor_indicator': '#46B8BB', 'delivery_terms': '#B6E68B', 'transaction_currency': '#F2E6F9', 'beneficiary_drawer_exporter_seller_supplier_name': '#F09AB7', 'page_no': '#E064BB', 'consignor_country': '#B2DD3D', 'beneficiary_bank_name': '#BC8EA1', 'lc_date': '#3DC71B', 'invoice_discount_ccy': '#6678CD', 'transaction_amonunt_value': '#AED726', 'stamp': '#50B75E', 'notify_party_address': '#1422C8', 'invoice_amount': '#ABD29E', 'port_of_discharge': '#01E4EF'}
2024-01-30 13:41:16,131 is result_set is instance of dict? True
2024-01-30 13:41:16,131 is final_result_set is instance of dict? True
2024-01-30 13:41:16,155 Time taken for page 1 of Invoice_586_0.png:0:00:04.031065
2024-01-30 13:41:16,308 *****Generated All Pages****** for Invoice_586_0.png
2024-01-30 13:41:16,308 RAM memory 60.4 used for Invoice_586_0.png Generating All Pages:
2024-01-30 13:41:16,308 Processing time taken for all pages of Invoice_586_0.png1:0:00:04.205081
2024-01-30 13:41:16,512 file name is:Invoice_939_2.png
2024-01-30 13:41:16,512 folder path :Images
2024-01-30 13:41:16,512 Calling Image result
2024-01-30 13:41:16,512 is all_page_result is instance of dict? True
2024-01-30 13:41:16,590 STREAM b'IHDR' 16 13
2024-01-30 13:41:16,590 STREAM b'IDAT' 41 46658
2024-01-30 13:41:16,608 Checking spheric-time-383904-f1b421d86eef.json for explicit credentials as part of auth process...
2024-01-30 13:41:17,548 is words is instance of list? True
2024-01-30 13:41:17,548 is bboxes is instance of list? True
2024-01-30 13:41:17,548 is bounding_boxes is instance of list? True
2024-01-30 13:41:18,305 is input_id_chunks is instance of list? True
2024-01-30 13:41:18,305 is mask_chunks is instance of list? True
2024-01-30 13:41:18,305 is bbox_chunks is instance of list? True
2024-01-30 13:41:18,305 is image_chunks is instance of list? True
2024-01-30 13:41:18,305 is input_dict is instance of dict? True
2024-01-30 13:41:19,215 Model Called
2024-01-30 13:41:19,215 RAM memory 48.3 used for Invoice_939_2.png:
2024-01-30 13:41:19,215 is all_predictions is instance of list? True
2024-01-30 13:41:19,215 is all_boxes is instance of list? True
2024-01-30 13:41:19,215 is all_confidences is instance of list? True
2024-01-30 13:41:19,215 is all_text is instance of list? True
2024-01-30 13:41:19,216 is label2id is instance of dict? True
2024-01-30 13:41:19,216 is id2label is instance of dict? True
2024-01-30 13:41:19,217 is label2color is instance of dict? True
2024-01-30 13:41:19,217 label2color : {'signature': '#9452B0', 'remitter_address': '#FFF2E8', 'O': '#116954', 'notify_party_country': '#F1DD22', 'port_of_loading': '#B6A5CA', 'beneficiary_account_number': '#D78061', 'consignee_address': '#A9F1FC', 'beneficiary_iban_number': '#6E3354', 'bill_of_lading_no': '#DC1DE1', 'pre-carriage-by': '#3DE488', 'invoice_discount_amount': '#355C40', 'beneficiary_address': '#81297F', 'rate_per_unit': '#0A3A99', 'original_or_copy': '#5443AE', 'hs_code_no': '#E568BB', 'bill_of_lading_date': '#6BF0E0', 'declaration_by_issuer': '#537F67', 'beneficiary_bank_identifier': '#05D874', 'vessel_flight_no': '#72F4D4', 'goods_description': '#95D921', 'incoterm': '#CED15B', 'invoice_due_date': '#39F158', 'tenor_type': '#9E3A54', 'country_of_origin_of_goods': '#F18DD4', 'invoice_no': '#22D45D', 'cosignee_name': '#B7C1A9', 'total_quantity_of_goods': '#62219A', 'consignor_address': '#9A2FB4', 'invoice_tax_ccy': '#2B61E1', 'gross_weight': '#0BB01D', 'notify_party_name': '#261A07', 'dimension': '#9231AD', 'consignor_name': '#7058DF', 'indicator_type': '#163D0F', 'invoice_tax_amount': '#351FB7', 'country_of_final_destination': '#EB389D', 'usance_tenor': '#6418D2', 'date_of_invoice': '#0E40BB', 'invoice_currency': '#78C132', 'invoice_amount_in_words': '#24F695', 'awb_number': '#BACBA8', 'awb_date': '#8F8F5B', 'lc_ref_no': '#72B2CA', 'vessel_name': '#AF135A', 'net_weight': '#B79B3D', 'beneficiary_country': '#4470AB', 'beneficiary_drawer_exporter_seller_supplier_tin': '#ACF52C', 'remitter_drawee_applicant_importer_buyer_name': '#2F1663', 'transaction_date': '#50BADD', 'shipper_name': '#7629FE', 'indicator_date': '#063413', 'beneficiary_bank_country': '#517525', 'shipper_address': '#273EDC', 'signature_of_the_issuer': '#655561', 'tenor_indicator': '#7284CA', 'delivery_terms': '#9DBAA2', 'transaction_currency': '#F1B646', 'beneficiary_drawer_exporter_seller_supplier_name': '#2A628D', 'page_no': '#932FC7', 'consignor_country': '#95C199', 'beneficiary_bank_name': '#D6B3E1', 'lc_date': '#731893', 'invoice_discount_ccy': '#771727', 'transaction_amonunt_value': '#693DA4', 'stamp': '#CC7F2A', 'notify_party_address': '#693034', 'invoice_amount': '#61B68D', 'port_of_discharge': '#7C93FA'}
2024-01-30 13:41:19,399 is result_set is instance of dict? True
2024-01-30 13:41:19,401 is final_result_set is instance of dict? True
2024-01-30 13:41:19,439 Time taken for page 1 of Invoice_939_2.png:0:00:02.849071
2024-01-30 13:41:19,583 *****Generated All Pages****** for Invoice_939_2.png
2024-01-30 13:41:19,583 RAM memory 46.4 used for Invoice_939_2.png Generating All Pages:
2024-01-30 13:41:19,583 Processing time taken for all pages of Invoice_939_2.png1:0:00:03.070871
