2024-04-27 05:05:49,612 checkpoint 1 => setting basis cofiguration for logging purposes
2024-04-27 05:05:49,613 start time: 2024-04-27 05:05:49.612985
2024-04-27 05:05:51,961 Starting new HTTPS connection (1): huggingface.co:443
2024-04-27 05:05:52,726 https://huggingface.co:443 "HEAD /microsoft/layoutlmv2-base-uncased/resolve/main/preprocessor_config.json HTTP/1.1" 200 0
2024-04-27 05:05:53,142 https://huggingface.co:443 "HEAD /microsoft/layoutlmv2-base-uncased/resolve/main/tokenizer_config.json HTTP/1.1" 404 0
2024-04-27 05:05:53,849 https://huggingface.co:443 "HEAD /microsoft/layoutlmv2-base-uncased/resolve/main/vocab.txt HTTP/1.1" 200 0
2024-04-27 05:05:53,877 RAM memory for Model loading used: 71.3
2024-04-27 05:05:53,877 cpu_utilization % for Model Loading:12.4
2024-04-27 05:05:53,877 memory_consumption in bytes for Loading Model:911925248
2024-04-27 05:05:53,877 Loaded Model successfully
2024-04-27 05:05:53,877 file name is:Bill_of_Exchange_157_0.png
2024-04-27 05:05:53,877 folder path :Images
2024-04-27 05:05:53,877 Calling Image result
2024-04-27 05:05:53,877 is all_page_result is instance of dict? True
2024-04-27 05:05:53,881 STREAM b'IHDR' 16 13
2024-04-27 05:05:53,881 STREAM b'pHYs' 41 9
2024-04-27 05:05:53,881 STREAM b'IDAT' 62 126930
2024-04-27 05:05:53,895 is words is instance of list? True
2024-04-27 05:05:53,895 is bboxes is instance of list? True
2024-04-27 05:05:53,895 is bounding_boxes is instance of list? True
2024-04-27 05:05:53,939 is input_id_chunks is instance of list? True
2024-04-27 05:05:53,939 is mask_chunks is instance of list? True
2024-04-27 05:05:53,939 is bbox_chunks is instance of list? True
2024-04-27 05:05:53,939 is image_chunks is instance of list? True
2024-04-27 05:05:53,939 is input_dict is instance of dict? True
2024-04-27 05:05:54,848 Model Called
2024-04-27 05:05:54,848 RAM memory 76.9 used for Bill_of_Exchange_157_0.png:
2024-04-27 05:05:54,848 is all_predictions is instance of list? True
2024-04-27 05:05:54,848 is all_boxes is instance of list? True
2024-04-27 05:05:54,848 is all_confidences is instance of list? True
2024-04-27 05:05:54,848 is all_text is instance of list? True
2024-04-27 05:05:54,848 is label2id is instance of dict? True
2024-04-27 05:05:54,848 is id2label is instance of dict? True
2024-04-27 05:05:54,849 is label2color is instance of dict? True
2024-04-27 05:05:54,849 label2color : {'tenor_type': '#3F91A8', 'invoice_due_date': '#4CF729', 'diclaration_by': '#A75409', 'invoice_amount': '#4812FD', 'original_or_copy': '#D4DFD1', 'boe_currency': '#D6EA63', 'lc_ref_no': '#64FA7D', 'boe_amount': '#1AC384', 'indicator_date': '#C40034', 'tenore_details': '#1583E9', 'lc_date': '#0C694B', 'issuing_bank': '#BAB257', 'drawer_name': '#751CF7', 'stamp': '#B56A83', 'drawer_bank_address': '#2E7DD0', 'drawer_address': '#92DA97', 'drawee_name': '#28FCD7', 'country_of_origin': '#41F640', 'tenor_indicator': '#A49B7A', 'bill_exchange_no': '#8F8792', 'drawee_bank_address': '#6647D6', 'issuing_bank_address': '#0EEC30', 'bill_exchange_date': '#0597BD', 'goods_discription': '#4BDC27', 'drawer_bank_name': '#3F66FC', 'indicator_type': '#3A9E9A', 'drawee_bank_name': '#EC80D1', 'usance_tenor': '#DE0A1D', 'signature': '#C42E22', 'invoice_no': '#3D75C3', 'original_number': '#0BB8B0', 'drawee_address': '#3985BB', 'invoice_date': '#1945E4', 'issue_place': '#F4D3C0', 'invoice_currency': '#03A1B5', 'O': '#90E271', 'amount_in_words': '#53735D'}
2024-04-27 05:05:54,870 is result_set is instance of dict? True
2024-04-27 05:05:54,871 is final_result_set is instance of dict? True
2024-04-27 05:05:54,966 Time taken for page 1 of Bill_of_Exchange_157_0.png:0:00:01.085314
2024-04-27 05:05:55,003 *****Generated All Pages****** for Bill_of_Exchange_157_0.png
2024-04-27 05:05:55,004 RAM memory 77.0 used for Bill_of_Exchange_157_0.png Generating All Pages:
2024-04-27 05:05:55,004 Processing time taken for all pages of Bill_of_Exchange_157_0.png1:0:00:01.126366
