2024-04-26 01:10:32,475 checkpoint 1 => setting basis cofiguration for logging purposes
2024-04-26 01:10:32,477 start time: 2024-04-26 01:10:32.477545
2024-04-26 01:10:35,915 Starting new HTTPS connection (1): huggingface.co:443
2024-04-26 01:10:36,644 https://huggingface.co:443 "HEAD /microsoft/layoutlmv2-base-uncased/resolve/main/preprocessor_config.json HTTP/1.1" 200 0
2024-04-26 01:10:37,488 https://huggingface.co:443 "HEAD /microsoft/layoutlmv2-base-uncased/resolve/main/tokenizer_config.json HTTP/1.1" 404 0
2024-04-26 01:10:37,796 https://huggingface.co:443 "HEAD /microsoft/layoutlmv2-base-uncased/resolve/main/vocab.txt HTTP/1.1" 200 0
2024-04-26 01:10:37,834 RAM memory for Model loading used: 51.6
2024-04-26 01:10:37,834 cpu_utilization % for Model Loading:26.3
2024-04-26 01:10:37,834 memory_consumption in bytes for Loading Model:898289664
2024-04-26 01:10:37,835 Loaded Model successfully
2024-04-26 01:10:37,835 file name is:Bill_of_lading_512_page_0.png
2024-04-26 01:10:37,835 folder path :Images
2024-04-26 01:10:37,835 Calling Image result
2024-04-26 01:10:37,835 is all_page_result is instance of dict? True
2024-04-26 01:10:37,842 STREAM b'IHDR' 16 13
2024-04-26 01:10:37,842 STREAM b'IDAT' 41 57112
2024-04-26 01:10:37,887 is words is instance of list? True
2024-04-26 01:10:37,888 is bboxes is instance of list? True
2024-04-26 01:10:37,888 is bounding_boxes is instance of list? True
2024-04-26 01:10:38,388 is input_id_chunks is instance of list? True
2024-04-26 01:10:38,389 is mask_chunks is instance of list? True
2024-04-26 01:10:38,389 is bbox_chunks is instance of list? True
2024-04-26 01:10:38,389 is image_chunks is instance of list? True
2024-04-26 01:10:38,390 is input_dict is instance of dict? True
2024-04-26 01:10:42,008 Model Called
2024-04-26 01:10:42,008 RAM memory 62.5 used for Bill_of_lading_512_page_0.png:
2024-04-26 01:10:42,008 is all_predictions is instance of list? True
2024-04-26 01:10:42,008 is all_boxes is instance of list? True
2024-04-26 01:10:42,008 is all_confidences is instance of list? True
2024-04-26 01:10:42,008 is all_text is instance of list? True
2024-04-26 01:10:42,009 is label2id is instance of dict? True
2024-04-26 01:10:42,009 is id2label is instance of dict? True
2024-04-26 01:10:42,010 is label2color is instance of dict? True
2024-04-26 01:10:42,010 label2color : {'stamp': '#C13805', 'bol_original_or_copy': '#12732C', 'vessel_name': '#F94D60', 'shipped_onboard_date': '#DF375E', 'final_destination': '#6630E6', 'measurement': '#A5410A', 'country_of_origin': '#AC4BE4', 'bol_original_number': '#2CBF0F', 'net_weight': '#6C6E8A', 'signed_by_carrier': '#A99819', 'gross_weight': '#A97A49', 'carrier_country': '#34D297', 'port_of_discharge': '#2A9442', 'goods_quantity': '#93B014', 'notify_party_name': '#BD2996', 'port_of_loading': '#3C702D', 'shipper_address': '#024B9E', 'place_of_issue': '#BF5B24', 'agent_country': '#5159FE', 'freight_collect_at': '#A76E5B', 'place_of_receipt': '#770C12', 'voyage_number': '#317683', 'signature': '#2A94AA', 'consignee_name': '#8BFDA3', 'consignee_address': '#AF2B42', 'bill_of_lading_issue_date': '#641C94', 'mode_of_transport': '#6FA8AB', 'shipper_name': '#04DBA2', 'signed_By_agent': '#B697A3', 'container_number': '#8B7DB1', 'transaction_date': '#DBF1FF', 'notify_party_address': '#0E50B1', 'goods_marks_and_nos': '#AFD9AD', 'goods_description': '#9EA688', 'lc_date': '#FD35C8', 'dimension': '#91F6CF', 'agent_name': '#FCB574', 'carrier_name': '#5D7629', 'O': '#A08BA3', 'lc_ref_number': '#DC17C0', 'pre_carriage_by': '#592BBE', 'page_no': '#E54FEC', 'total_original_no': '#DDBFE2', 'freight_collect_or_prepaid': '#D5B24E', 'signed_by_master': '#DC12A4', 'bill_of_lading_number': '#51CE82'}
2024-04-26 01:10:42,239 is result_set is instance of dict? True
2024-04-26 01:10:42,241 is final_result_set is instance of dict? True
