2024-04-29 01:45:03,235 checkpoint 1 => setting basis cofiguration for logging purposes
2024-04-29 01:45:03,236 start time: 2024-04-29 01:45:03.236828
2024-04-29 01:45:06,418 Starting new HTTPS connection (1): huggingface.co:443
2024-04-29 01:45:06,701 https://huggingface.co:443 "HEAD /microsoft/layoutlmv2-base-uncased/resolve/main/preprocessor_config.json HTTP/1.1" 200 0
2024-04-29 01:45:07,126 https://huggingface.co:443 "HEAD /microsoft/layoutlmv2-base-uncased/resolve/main/tokenizer_config.json HTTP/1.1" 404 0
2024-04-29 01:45:07,843 https://huggingface.co:443 "HEAD /microsoft/layoutlmv2-base-uncased/resolve/main/vocab.txt HTTP/1.1" 200 0
2024-04-29 01:45:07,876 RAM memory for Model loading used: 52.6
2024-04-29 01:45:07,876 cpu_utilization % for Model Loading:-25.0
2024-04-29 01:45:07,876 memory_consumption in bytes for Loading Model:910495744
2024-04-29 01:45:07,876 Loaded Model successfully
2024-04-29 01:45:07,876 file name is:Bill_of_Exchange_266_0.png
2024-04-29 01:45:07,876 folder path :Images
2024-04-29 01:45:07,876 Calling Image result
2024-04-29 01:45:07,876 is all_page_result is instance of dict? True
2024-04-29 01:45:07,882 STREAM b'IHDR' 16 13
2024-04-29 01:45:07,882 STREAM b'pHYs' 41 9
2024-04-29 01:45:07,882 STREAM b'IDAT' 62 183397
2024-04-29 01:45:07,900 is words is instance of list? True
2024-04-29 01:45:07,900 is bboxes is instance of list? True
2024-04-29 01:45:07,900 is bounding_boxes is instance of list? True
2024-04-29 01:45:07,983 is input_id_chunks is instance of list? True
2024-04-29 01:45:07,983 is mask_chunks is instance of list? True
2024-04-29 01:45:07,983 is bbox_chunks is instance of list? True
2024-04-29 01:45:07,983 is image_chunks is instance of list? True
2024-04-29 01:45:07,984 is input_dict is instance of dict? True
2024-04-29 01:45:10,135 Model Called
2024-04-29 01:45:10,135 RAM memory 64.7 used for Bill_of_Exchange_266_0.png:
2024-04-29 01:45:10,135 is all_predictions is instance of list? True
2024-04-29 01:45:10,135 is all_boxes is instance of list? True
2024-04-29 01:45:10,135 is all_confidences is instance of list? True
2024-04-29 01:45:10,135 is all_text is instance of list? True
2024-04-29 01:45:10,136 is label2id is instance of dict? True
2024-04-29 01:45:10,136 is id2label is instance of dict? True
2024-04-29 01:45:10,136 is label2color is instance of dict? True
2024-04-29 01:45:10,136 label2color : {'tenor_type': '#C39147', 'invoice_due_date': '#BE8006', 'diclaration_by': '#440A45', 'invoice_amount': '#F65AA5', 'original_or_copy': '#154C07', 'boe_currency': '#0E2218', 'lc_ref_no': '#979CBB', 'boe_amount': '#9BE41B', 'indicator_date': '#CE7C25', 'tenore_details': '#407E1F', 'lc_date': '#6B523A', 'issuing_bank': '#074069', 'drawer_name': '#057869', 'stamp': '#F1FF1A', 'drawer_bank_address': '#DE55ED', 'drawer_address': '#F6F2FC', 'drawee_name': '#E7A027', 'country_of_origin': '#70D076', 'tenor_indicator': '#54EEB3', 'bill_exchange_no': '#50A789', 'drawee_bank_address': '#AD7C7B', 'issuing_bank_address': '#EF30E0', 'bill_exchange_date': '#686F9B', 'goods_discription': '#E1DA04', 'drawer_bank_name': '#A06001', 'indicator_type': '#6C2E21', 'drawee_bank_name': '#1CEC7C', 'usance_tenor': '#41FAAB', 'signature': '#43F3A7', 'invoice_no': '#620463', 'original_number': '#A02F6D', 'drawee_address': '#962AE4', 'invoice_date': '#8A56F4', 'issue_place': '#ABA5FA', 'invoice_currency': '#2C44FF', 'O': '#D69F14', 'amount_in_words': '#4A3E72'}
2024-04-29 01:45:10,178 is result_set is instance of dict? True
2024-04-29 01:45:10,180 is final_result_set is instance of dict? True
2024-04-29 01:45:10,292 Time taken for page 1 of Bill_of_Exchange_266_0.png:0:00:02.409640
2024-04-29 01:45:10,329 *****Generated All Pages****** for Bill_of_Exchange_266_0.png
2024-04-29 01:45:10,330 RAM memory 64.8 used for Bill_of_Exchange_266_0.png Generating All Pages:
2024-04-29 01:45:10,330 Processing time taken for all pages of Bill_of_Exchange_266_0.png1:0:00:02.453550
