2024-03-05 21:14:49,165 checkpoint 1 => setting basis cofiguration for logging purposes
2024-03-05 21:14:49,167 start time: 2024-03-05 21:14:49.167150
2024-03-05 21:14:53,085 Falling back to TensorFlow client; we recommended you install the Cloud TPU client directly with pip install cloud-tpu-client.
2024-03-05 21:14:53,275 Creating converter from 7 to 5
2024-03-05 21:14:53,275 Creating converter from 5 to 7
2024-03-05 21:14:53,275 Creating converter from 7 to 5
2024-03-05 21:14:53,275 Creating converter from 5 to 7
2024-03-05 21:14:53,824 Starting new HTTPS connection (1): huggingface.co:443
2024-03-05 21:14:54,165 https://huggingface.co:443 "HEAD /microsoft/layoutlmv2-base-uncased/resolve/main/preprocessor_config.json HTTP/1.1" 200 0
2024-03-05 21:14:54,897 https://huggingface.co:443 "HEAD /microsoft/layoutlmv2-base-uncased/resolve/main/tokenizer_config.json HTTP/1.1" 404 0
2024-03-05 21:14:55,208 https://huggingface.co:443 "HEAD /microsoft/layoutlmv2-base-uncased/resolve/main/vocab.txt HTTP/1.1" 200 0
2024-03-05 21:14:55,273 RAM memory for Model loading used: 79.3
2024-03-05 21:14:55,273 cpu_utilization % for Model Loading:14.2
2024-03-05 21:14:55,273 memory_consumption in bytes for Loading Model:1152602112
2024-03-05 21:14:55,273 Loaded Model successfully
2024-03-05 21:14:55,274 file name is:Proforma_Invoice(2013_04_17_14_00_41_9003)_303_0.png
2024-03-05 21:14:55,274 folder path :Images
2024-03-05 21:14:55,274 Calling Image result
2024-03-05 21:14:55,274 is all_page_result is instance of dict? True
2024-03-05 21:14:55,278 STREAM b'IHDR' 16 13
2024-03-05 21:14:55,278 STREAM b'pHYs' 41 9
2024-03-05 21:14:55,278 STREAM b'IDAT' 62 139842
2024-03-05 21:14:55,289 is words is instance of list? True
2024-03-05 21:14:55,289 is bboxes is instance of list? True
2024-03-05 21:14:55,289 is bounding_boxes is instance of list? True
2024-03-05 21:14:55,343 is input_id_chunks is instance of list? True
2024-03-05 21:14:55,344 is mask_chunks is instance of list? True
2024-03-05 21:14:55,344 is bbox_chunks is instance of list? True
2024-03-05 21:14:55,344 is image_chunks is instance of list? True
2024-03-05 21:14:55,344 is input_dict is instance of dict? True
2024-03-05 21:14:58,024 Model Called
2024-03-05 21:14:58,024 RAM memory 91.0 used for Proforma_Invoice(2013_04_17_14_00_41_9003)_303_0.png:
2024-03-05 21:14:58,024 is all_predictions is instance of list? True
2024-03-05 21:14:58,024 is all_boxes is instance of list? True
2024-03-05 21:14:58,025 is all_confidences is instance of list? True
2024-03-05 21:14:58,025 is all_text is instance of list? True
2024-03-05 21:14:58,025 is label2id is instance of dict? True
2024-03-05 21:14:58,025 is id2label is instance of dict? True
2024-03-05 21:14:58,026 is label2color is instance of dict? True
2024-03-05 21:14:58,026 label2color : {'transaction_date': '#96BE21', 'beneficiary_bank_swift': '#4DEEC2', 'unit': '#79A31E', 'gross_weight': '#0DE5FF', 'payment_terms': '#F6DD08', 'date_of_invoice': '#2C93E0', 'lc_ref_no': '#18A96A', 'order_date': '#3A6BDE', 'invoice_tax_amount': '#473292', 'shipper_name': '#84F2C9', 'freight_charges': '#90B9AB', 'tolerance_of_quantity': '#847FC6', 'O': '#5EE525', 'transport_details': '#09F5B2', 'place_of_receipt': '#47C716', 'country_of_final_destination': '#237527', 'notify_party_name': '#6844F5', 'remitter_country': '#23EBCF', 'beneficiary_country': '#69DACC', 'final_destination': '#15F592', 'pre-carriage-by': '#19C009', 'invoice_no': '#B1956A', 'insurance_charges': '#19CE01', 'cosignee_name': '#9A5BA9', 'tenor_indicator': '#B1B864', 'incoterm': '#7FF375', 'original_or_copy': '#3FD7F0', 'page_no': '#A44117', 'vessel_flight_no': '#4BD016', 'beneficiary_bank_identifier': '#48D709', 'port_of_loading': '#8ABD65', 'awb_number': '#A38B69', 'transaction_amonunt_value': '#440854', 'shipper_address': '#CA4878', 'goods_description': '#3477A9', 'consignor_name': '#07B007', 'stamp': '#2150F4', 'bill_of_lading_no': '#A819D6', 'transhipment': '#F9EB56', 'invoice_due_date': '#042C42', 'indicator_type': '#2666DF', 'importer_your_ref_no': '#D4CB3B', 'rate_per_unit': '#456000', 'beneficiary_bank_country': '#0A9B84', 'notify_party_country': '#F9D667', 'beneficiary_drawer_exporter_seller_supplier_tin': '#5B908E', 'signature': '#223390', 'invoice_amount': '#87FF93', 'lc_date': '#C9DF11', 'advance_amount': '#69E3EC', 'beneficiary_address': '#2E389F', 'signature_of_the_issuer': '#24905F', 'beneficiary_account_number': '#3BA1D5', 'signed_by': '#6F67BF', 'from': '#4B3FF4', 'exporter_our_ref_no': '#BCC1E0', 'remitter_drawee_applicant_importer_buyer_name': '#4FD911', 'packaging_description': '#2685C5', 'notify_party_address': '#9C2C90', 'hs_code_no': '#0FC6DD', 'beneficiary_iban_number': '#A29A03', 'beneficiary_drawer_exporter_seller_supplier_name': '#52FE9F', 'beneficiary_bank_name': '#5A3F85', 'delivery_terms': '#1EF35E', 'total_quantity_of_goods': '#B0BC30', 'dimension': '#B52187', 'invoice_amount_in_words': '#29507B', 'invoice_discount_ccy': '#CF8B92', 'declaration_by_issuer': '#D93709', 'port_of_discharge': '#0438F6', 'total_pages': '#7955C2', 'usance_tenor': '#A3AEE5', 'amount_due': '#FFDD83', 'purchase_order_no_and_agreement_ref_no': '#7EF59F', 'vessel_name': '#B7F33D', 'indicator_date': '#EF0221', 'invoice_tax_ccy': '#CA6DA4', 'mode_of_despatch': '#FD4C7E', 'net_weight': '#C27C4F', 'awb_date': '#7312CB', 'country_of_origin_of_goods': '#DF7719', 'invoice_currency': '#B457AB', 'bill_of_lading_date': '#EA3EAA', 'shipment_date': '#E81130', 'consignee_address': '#B70EA7', 'invoice_discount_amount': '#94F82D', 'transaction_currency': '#1C7D62', 'consignor_country': '#2A370F', 'to': '#4F1468', 'consignor_address': '#63F9ED', 'remitter_address': '#116A4B', 'drawer_ref_no': '#C755C1', 'tenor_type': '#190E99', 'presentation_period': '#E1049D'}
2024-03-05 21:14:58,066 is result_set is instance of dict? True
2024-03-05 21:14:58,067 is final_result_set is instance of dict? True
