2024-04-27 05:06:48,569 checkpoint 1 => setting basis cofiguration for logging purposes
2024-04-27 05:06:48,570 start time: 2024-04-27 05:06:48.570965
2024-04-27 05:06:50,997 Starting new HTTPS connection (1): huggingface.co:443
2024-04-27 05:06:51,811 https://huggingface.co:443 "HEAD /microsoft/layoutlmv2-base-uncased/resolve/main/preprocessor_config.json HTTP/1.1" 200 0
2024-04-27 05:06:52,630 https://huggingface.co:443 "HEAD /microsoft/layoutlmv2-base-uncased/resolve/main/tokenizer_config.json HTTP/1.1" 404 0
2024-04-27 05:06:53,046 https://huggingface.co:443 "HEAD /microsoft/layoutlmv2-base-uncased/resolve/main/vocab.txt HTTP/1.1" 200 0
2024-04-27 05:06:53,074 RAM memory for Model loading used: 71.5
2024-04-27 05:06:53,074 cpu_utilization % for Model Loading:-85.0
2024-04-27 05:06:53,074 memory_consumption in bytes for Loading Model:910880768
2024-04-27 05:06:53,074 Loaded Model successfully
2024-04-27 05:06:53,075 file name is:Bill_of_Exchange_157_0.png
2024-04-27 05:06:53,075 folder path :Images
2024-04-27 05:06:53,075 Calling Image result
2024-04-27 05:06:53,075 is all_page_result is instance of dict? True
2024-04-27 05:06:53,078 STREAM b'IHDR' 16 13
2024-04-27 05:06:53,078 STREAM b'pHYs' 41 9
2024-04-27 05:06:53,078 STREAM b'IDAT' 62 126930
2024-04-27 05:06:53,092 is words is instance of list? True
2024-04-27 05:06:53,092 is bboxes is instance of list? True
2024-04-27 05:06:53,093 is bounding_boxes is instance of list? True
2024-04-27 05:06:53,136 is input_id_chunks is instance of list? True
2024-04-27 05:06:53,136 is mask_chunks is instance of list? True
2024-04-27 05:06:53,136 is bbox_chunks is instance of list? True
2024-04-27 05:06:53,136 is image_chunks is instance of list? True
2024-04-27 05:06:53,136 is input_dict is instance of dict? True
2024-04-27 05:06:54,192 Model Called
2024-04-27 05:06:54,192 RAM memory 77.4 used for Bill_of_Exchange_157_0.png:
2024-04-27 05:06:54,192 is all_predictions is instance of list? True
2024-04-27 05:06:54,192 is all_boxes is instance of list? True
2024-04-27 05:06:54,192 is all_confidences is instance of list? True
2024-04-27 05:06:54,192 is all_text is instance of list? True
2024-04-27 05:06:54,192 is label2id is instance of dict? True
2024-04-27 05:06:54,192 is id2label is instance of dict? True
2024-04-27 05:06:54,193 is label2color is instance of dict? True
2024-04-27 05:06:54,193 label2color : {'tenor_type': '#A0A5FF', 'invoice_due_date': '#6DBEC0', 'diclaration_by': '#C9490E', 'invoice_amount': '#AC81F1', 'original_or_copy': '#305937', 'boe_currency': '#A27F71', 'lc_ref_no': '#06DC84', 'boe_amount': '#73E16A', 'indicator_date': '#1437C7', 'tenore_details': '#3B0AA0', 'lc_date': '#550BCF', 'issuing_bank': '#84A407', 'drawer_name': '#F8CAEC', 'stamp': '#F9394F', 'drawer_bank_address': '#DBD90B', 'drawer_address': '#6BF1FF', 'drawee_name': '#C9643D', 'country_of_origin': '#2A6E2E', 'tenor_indicator': '#20A221', 'bill_exchange_no': '#B1AB6D', 'drawee_bank_address': '#3377BD', 'issuing_bank_address': '#9BAD09', 'bill_exchange_date': '#A61791', 'goods_discription': '#576CCE', 'drawer_bank_name': '#87C0FC', 'indicator_type': '#444BC8', 'drawee_bank_name': '#3757C4', 'usance_tenor': '#2145B3', 'signature': '#AB0B44', 'invoice_no': '#3B808B', 'original_number': '#405519', 'drawee_address': '#671DC7', 'invoice_date': '#535B3D', 'issue_place': '#907C9B', 'invoice_currency': '#369642', 'O': '#9FF32A', 'amount_in_words': '#D5787B'}
2024-04-27 05:06:54,226 is result_set is instance of dict? True
2024-04-27 05:06:54,228 is final_result_set is instance of dict? True
