2024-04-27 05:12:21,556 checkpoint 1 => setting basis cofiguration for logging purposes
2024-04-27 05:12:21,557 start time: 2024-04-27 05:12:21.557162
2024-04-27 05:12:23,903 Starting new HTTPS connection (1): huggingface.co:443
2024-04-27 05:12:24,613 https://huggingface.co:443 "HEAD /microsoft/layoutlmv2-base-uncased/resolve/main/preprocessor_config.json HTTP/1.1" 200 0
2024-04-27 05:12:25,406 https://huggingface.co:443 "HEAD /microsoft/layoutlmv2-base-uncased/resolve/main/tokenizer_config.json HTTP/1.1" 404 0
2024-04-27 05:12:26,251 https://huggingface.co:443 "HEAD /microsoft/layoutlmv2-base-uncased/resolve/main/vocab.txt HTTP/1.1" 200 0
2024-04-27 05:12:26,289 RAM memory for Model loading used: 70.8
2024-04-27 05:12:26,289 cpu_utilization % for Model Loading:12.0
2024-04-27 05:12:26,290 memory_consumption in bytes for Loading Model:910397440
2024-04-27 05:12:26,290 Loaded Model successfully
2024-04-27 05:12:26,290 file name is:Bill_of_Exchange_157_0.png
2024-04-27 05:12:26,290 folder path :Images
2024-04-27 05:12:26,290 Calling Image result
2024-04-27 05:12:26,290 is all_page_result is instance of dict? True
2024-04-27 05:12:26,293 STREAM b'IHDR' 16 13
2024-04-27 05:12:26,293 STREAM b'pHYs' 41 9
2024-04-27 05:12:26,293 STREAM b'IDAT' 62 126930
2024-04-27 05:12:26,300 is words is instance of list? True
2024-04-27 05:12:26,300 is bboxes is instance of list? True
2024-04-27 05:12:26,300 is bounding_boxes is instance of list? True
2024-04-27 05:12:26,340 is input_id_chunks is instance of list? True
2024-04-27 05:12:26,340 is mask_chunks is instance of list? True
2024-04-27 05:12:26,340 is bbox_chunks is instance of list? True
2024-04-27 05:12:26,340 is image_chunks is instance of list? True
2024-04-27 05:12:26,340 is input_dict is instance of dict? True
2024-04-27 05:12:27,220 Model Called
2024-04-27 05:12:27,220 RAM memory 76.6 used for Bill_of_Exchange_157_0.png:
2024-04-27 05:12:27,220 is all_predictions is instance of list? True
2024-04-27 05:12:27,220 is all_boxes is instance of list? True
2024-04-27 05:12:27,220 is all_confidences is instance of list? True
2024-04-27 05:12:27,220 is all_text is instance of list? True
2024-04-27 05:12:27,220 is label2id is instance of dict? True
2024-04-27 05:12:27,220 is id2label is instance of dict? True
2024-04-27 05:12:27,221 is label2color is instance of dict? True
2024-04-27 05:12:27,221 label2color : {'tenor_type': '#94C916', 'invoice_due_date': '#C4A810', 'diclaration_by': '#6CF557', 'invoice_amount': '#E62E4D', 'original_or_copy': '#71CD47', 'boe_currency': '#0E7795', 'lc_ref_no': '#279055', 'boe_amount': '#CFDBB5', 'indicator_date': '#46E432', 'tenore_details': '#0BD86A', 'lc_date': '#396143', 'issuing_bank': '#635516', 'drawer_name': '#52B7CB', 'stamp': '#CB1A10', 'drawer_bank_address': '#A154FF', 'drawer_address': '#F88F4F', 'drawee_name': '#C0BBC3', 'country_of_origin': '#BB82AF', 'tenor_indicator': '#A814C9', 'bill_exchange_no': '#DD6DEF', 'drawee_bank_address': '#B12C3D', 'issuing_bank_address': '#CFEA46', 'bill_exchange_date': '#37A38C', 'goods_discription': '#6D2E46', 'drawer_bank_name': '#3CAEBC', 'indicator_type': '#EE3D5C', 'drawee_bank_name': '#61927C', 'usance_tenor': '#2EF0A6', 'signature': '#DD016D', 'invoice_no': '#6605BD', 'original_number': '#183CA6', 'drawee_address': '#F53359', 'invoice_date': '#7CF5C3', 'issue_place': '#E8D957', 'invoice_currency': '#516CB4', 'O': '#E69241', 'amount_in_words': '#357474'}
2024-04-27 05:12:27,242 is result_set is instance of dict? True
2024-04-27 05:12:27,243 is final_result_set is instance of dict? True
2024-04-27 05:12:27,332 Time taken for page 1 of Bill_of_Exchange_157_0.png:0:00:01.039210
2024-04-27 05:12:27,362 *****Generated All Pages****** for Bill_of_Exchange_157_0.png
2024-04-27 05:12:27,362 RAM memory 76.7 used for Bill_of_Exchange_157_0.png Generating All Pages:
2024-04-27 05:12:27,363 Processing time taken for all pages of Bill_of_Exchange_157_0.png1:0:00:01.072772
