2024-02-21 03:40:00,367 checkpoint 1 => setting basis cofiguration for logging purposes
2024-02-21 03:40:00,368 start time: 2024-02-21 03:40:00.368835
2024-02-21 03:40:03,462 Falling back to TensorFlow client; we recommended you install the Cloud TPU client directly with pip install cloud-tpu-client.
2024-02-21 03:40:03,523 Creating converter from 7 to 5
2024-02-21 03:40:03,523 Creating converter from 5 to 7
2024-02-21 03:40:03,523 Creating converter from 7 to 5
2024-02-21 03:40:03,523 Creating converter from 5 to 7
2024-02-21 03:40:03,830 Starting new HTTPS connection (1): huggingface.co:443
2024-02-21 03:40:04,118 https://huggingface.co:443 "HEAD /microsoft/layoutlmv2-base-uncased/resolve/main/preprocessor_config.json HTTP/1.1" 200 0
2024-02-21 03:40:05,040 https://huggingface.co:443 "HEAD /microsoft/layoutlmv2-base-uncased/resolve/main/tokenizer_config.json HTTP/1.1" 404 0
2024-02-21 03:40:05,347 https://huggingface.co:443 "HEAD /microsoft/layoutlmv2-base-uncased/resolve/main/vocab.txt HTTP/1.1" 200 0
2024-02-21 03:40:05,388 RAM memory for Model loading used: 53.3
2024-02-21 03:40:05,388 cpu_utilization % for Model Loading:11.7
2024-02-21 03:40:05,388 memory_consumption in bytes for Loading Model:1145192448
2024-02-21 03:40:05,388 Loaded Model successfully
2024-02-21 03:40:05,388 file name is:Packing_List(2013_04_15_16_20_53_5835)_346_page_1.png
2024-02-21 03:40:05,388 folder path :Images
2024-02-21 03:40:05,388 Calling Image result
2024-02-21 03:40:05,388 is all_page_result is instance of dict? True
2024-02-21 03:40:05,392 STREAM b'IHDR' 16 13
2024-02-21 03:40:05,392 STREAM b'IDAT' 41 34787
2024-02-21 03:40:05,409 is words is instance of list? True
2024-02-21 03:40:05,409 is bboxes is instance of list? True
2024-02-21 03:40:05,409 is bounding_boxes is instance of list? True
2024-02-21 03:40:05,549 is input_id_chunks is instance of list? True
2024-02-21 03:40:05,549 is mask_chunks is instance of list? True
2024-02-21 03:40:05,549 is bbox_chunks is instance of list? True
2024-02-21 03:40:05,549 is image_chunks is instance of list? True
2024-02-21 03:40:05,550 is input_dict is instance of dict? True
2024-02-21 03:40:07,193 Model Called
2024-02-21 03:40:07,194 RAM memory 65.4 used for Packing_List(2013_04_15_16_20_53_5835)_346_page_1.png:
2024-02-21 03:40:07,194 is all_predictions is instance of list? True
2024-02-21 03:40:07,194 is all_boxes is instance of list? True
2024-02-21 03:40:07,194 is all_confidences is instance of list? True
2024-02-21 03:40:07,194 is all_text is instance of list? True
2024-02-21 03:40:07,194 is label2id is instance of dict? True
2024-02-21 03:40:07,194 is id2label is instance of dict? True
2024-02-21 03:40:07,195 is label2color is instance of dict? True
2024-02-21 03:40:07,195 label2color : {'track_reference': '#2DE241', 'vessel_name': '#56DAA5', 'transaction_amount_value': '#A00214', 'lc_ref_no': '#BCB247', 'invoice_currency': '#FBF496', 'bill_of_lading_date': '#75992D', 'net_weight': '#33CD15', 'awb_date': '#94832D', 'date_of_invoice': '#721BD3', 'port_of_discharge': '#2BA492', 'original_copy': '#A48E1C', 'shipper_address': '#6710A3', 'rate_per_unit': '#F9CCD9', 'invoice_no': '#F43B8D', 'signature': '#012198', 'consignee_address': '#D518D2', 'incoterm': '#E97449', 'country_of_final_destination': '#261E90', 'description_of_goods': '#8AB624', 'total_quantity_of_goods': '#0BB0CD', 'shipper_name': '#8B8FFB', 'bill_of_lading_number': '#B192C9', 'transaction_currency': '#89CB10', 'iec_no': '#217EEA', 'gross_weight': '#6731C1', 'vessel_flight_no': '#EA4143', 'transaction_date': '#35F645', 'lc_date': '#B0EF81', 'consignee_name': '#BB9C00', 'stamp': '#84EDF0', 'invoice_amount': '#002358', 'dimension': '#EDC20B', 'O': '#A97552', 'consignor_name': '#E784C6', 'notify_party_name': '#D85D1A', 'beneficiary_drawer_exporter_seller_supplier_name': '#0247EE', 'pre_carriage_by': '#DAE2B0', 'consignor_address': '#01E956', 'declaration': '#FB7AD2', 'beneficiary_drawer_exporter_seller_supplier_tin_no': '#733113', 'country_of_origin_origin_of_goods': '#E0B53D', 'awb_number': '#F871C0', 'beneficiary_address': '#0D4739', 'remitter_address': '#8198CC', 'page_no': '#42620E', 'remitter_drawee_applicant_importer_buyer_name': '#C393F1', 'port_of_loading': '#480BFD', 'notify_party_address': '#82041F', 'payment_terms_terms_of_delivery_&_payment': '#A6420D'}
2024-02-21 03:40:07,295 is result_set is instance of dict? True
2024-02-21 03:40:07,297 is final_result_set is instance of dict? True
