2024-04-25 19:04:12,730 checkpoint 1 => setting basis cofiguration for logging purposes
2024-04-25 19:04:12,732 start time: 2024-04-25 19:04:12.732659
2024-04-25 19:04:16,507 Starting new HTTPS connection (1): huggingface.co:443
2024-04-25 19:04:16,844 https://huggingface.co:443 "HEAD /microsoft/layoutlmv2-base-uncased/resolve/main/preprocessor_config.json HTTP/1.1" 200 0
2024-04-25 19:04:17,784 https://huggingface.co:443 "HEAD /microsoft/layoutlmv2-base-uncased/resolve/main/tokenizer_config.json HTTP/1.1" 404 0
2024-04-25 19:04:18,097 https://huggingface.co:443 "HEAD /microsoft/layoutlmv2-base-uncased/resolve/main/vocab.txt HTTP/1.1" 200 0
2024-04-25 19:04:18,153 RAM memory for Model loading used: 71.3
2024-04-25 19:04:18,153 cpu_utilization % for Model Loading:-11.399999999999999
2024-04-25 19:04:18,153 memory_consumption in bytes for Loading Model:907493376
2024-04-25 19:04:18,153 Loaded Model successfully
2024-04-25 19:04:18,154 file name is:Bill_of_lading_1077_page_0.png
2024-04-25 19:04:18,154 folder path :Images
2024-04-25 19:04:18,154 Calling Image result
2024-04-25 19:04:18,154 is all_page_result is instance of dict? True
2024-04-25 19:04:18,162 STREAM b'IHDR' 16 13
2024-04-25 19:04:18,162 STREAM b'IDAT' 41 59829
2024-04-25 19:04:18,203 is words is instance of list? True
2024-04-25 19:04:18,203 is bboxes is instance of list? True
2024-04-25 19:04:18,203 is bounding_boxes is instance of list? True
2024-04-25 19:04:18,496 is input_id_chunks is instance of list? True
2024-04-25 19:04:18,496 is mask_chunks is instance of list? True
2024-04-25 19:04:18,496 is bbox_chunks is instance of list? True
2024-04-25 19:04:18,496 is image_chunks is instance of list? True
2024-04-25 19:04:18,497 is input_dict is instance of dict? True
2024-04-25 19:04:23,404 Model Called
2024-04-25 19:04:23,405 RAM memory 88.4 used for Bill_of_lading_1077_page_0.png:
2024-04-25 19:04:23,405 is all_predictions is instance of list? True
2024-04-25 19:04:23,405 is all_boxes is instance of list? True
2024-04-25 19:04:23,405 is all_confidences is instance of list? True
2024-04-25 19:04:23,405 is all_text is instance of list? True
2024-04-25 19:04:23,406 is label2id is instance of dict? True
2024-04-25 19:04:23,406 is id2label is instance of dict? True
2024-04-25 19:04:23,407 is label2color is instance of dict? True
2024-04-25 19:04:23,407 label2color : {'stamp': '#A5DF73', 'bol_original_or_copy': '#67E80B', 'vessel_name': '#A704FD', 'shipped_onboard_date': '#97B977', 'final_destination': '#4A9322', 'measurement': '#456C54', 'country_of_origin': '#D0B719', 'bol_original_number': '#2A77E6', 'net_weight': '#3FF594', 'signed_by_carrier': '#8E4709', 'gross_weight': '#77593C', 'carrier_country': '#F8AB71', 'port_of_discharge': '#C7F82C', 'goods_quantity': '#BDB2BA', 'notify_party_name': '#79E3BA', 'port_of_loading': '#35BE84', 'shipper_address': '#A8D3DD', 'place_of_issue': '#FC594E', 'agent_country': '#6C1F6F', 'freight_collect_at': '#421FDE', 'place_of_receipt': '#72D18C', 'voyage_number': '#F1D8DD', 'signature': '#8F35E6', 'consignee_name': '#80D3C0', 'consignee_address': '#19A225', 'bill_of_lading_issue_date': '#E463AB', 'mode_of_transport': '#74B69C', 'shipper_name': '#056EFD', 'signed_By_agent': '#0823E8', 'container_number': '#25249A', 'transaction_date': '#222DFF', 'notify_party_address': '#3B4B19', 'goods_marks_and_nos': '#83C08B', 'goods_description': '#032B2E', 'lc_date': '#DEF2A6', 'dimension': '#79894C', 'agent_name': '#1F6EFB', 'carrier_name': '#44A71D', 'O': '#C41209', 'lc_ref_number': '#F5F1A9', 'pre_carriage_by': '#D6ADE5', 'page_no': '#8F39B4', 'total_original_no': '#A0C746', 'freight_collect_or_prepaid': '#E7BD30', 'signed_by_master': '#6F0290', 'bill_of_lading_number': '#7BF3AC'}
2024-04-25 19:04:23,786 is result_set is instance of dict? True
2024-04-25 19:04:23,789 is final_result_set is instance of dict? True
