2024-04-27 03:14:07,517 checkpoint 1 => setting basis cofiguration for logging purposes
2024-04-27 03:14:07,518 start time: 2024-04-27 03:14:07.518890
2024-04-27 03:14:10,071 Starting new HTTPS connection (1): huggingface.co:443
2024-04-27 03:14:10,998 https://huggingface.co:443 "HEAD /microsoft/layoutlmv2-base-uncased/resolve/main/preprocessor_config.json HTTP/1.1" 200 0
2024-04-27 03:14:11,812 https://huggingface.co:443 "HEAD /microsoft/layoutlmv2-base-uncased/resolve/main/tokenizer_config.json HTTP/1.1" 404 0
2024-04-27 03:14:12,465 https://huggingface.co:443 "HEAD /microsoft/layoutlmv2-base-uncased/resolve/main/vocab.txt HTTP/1.1" 200 0
2024-04-27 03:14:12,495 RAM memory for Model loading used: 64.6
2024-04-27 03:14:12,495 cpu_utilization % for Model Loading:-30.7
2024-04-27 03:14:12,495 memory_consumption in bytes for Loading Model:909746176
2024-04-27 03:14:12,495 Loaded Model successfully
2024-04-27 03:14:12,496 file name is:Bill_Of_Landing_16_page_4.png
2024-04-27 03:14:12,496 folder path :Images
2024-04-27 03:14:12,496 Calling Image result
2024-04-27 03:14:12,496 is all_page_result is instance of dict? True
2024-04-27 03:14:12,499 STREAM b'IHDR' 16 13
2024-04-27 03:14:12,499 STREAM b'IDAT' 41 58233
2024-04-27 03:14:12,530 is words is instance of list? True
2024-04-27 03:14:12,530 is bboxes is instance of list? True
2024-04-27 03:14:12,530 is bounding_boxes is instance of list? True
2024-04-27 03:14:12,816 is input_id_chunks is instance of list? True
2024-04-27 03:14:12,816 is mask_chunks is instance of list? True
2024-04-27 03:14:12,816 is bbox_chunks is instance of list? True
2024-04-27 03:14:12,816 is image_chunks is instance of list? True
2024-04-27 03:14:12,817 is input_dict is instance of dict? True
2024-04-27 03:14:15,513 Model Called
2024-04-27 03:14:15,513 RAM memory 82.8 used for Bill_Of_Landing_16_page_4.png:
2024-04-27 03:14:15,514 is all_predictions is instance of list? True
2024-04-27 03:14:15,514 is all_boxes is instance of list? True
2024-04-27 03:14:15,514 is all_confidences is instance of list? True
2024-04-27 03:14:15,514 is all_text is instance of list? True
2024-04-27 03:14:15,514 is label2id is instance of dict? True
2024-04-27 03:14:15,514 is id2label is instance of dict? True
2024-04-27 03:14:15,514 is label2color is instance of dict? True
2024-04-27 03:14:15,514 label2color : {'stamp': '#DE9648', 'bol_original_or_copy': '#2A22B5', 'vessel_name': '#2DD63E', 'shipped_onboard_date': '#A6471D', 'final_destination': '#C9E558', 'measurement': '#647E16', 'country_of_origin': '#C0E3EE', 'bol_original_number': '#59DB04', 'net_weight': '#1CB3EE', 'signed_by_carrier': '#19728D', 'gross_weight': '#A4B88A', 'carrier_country': '#C50A39', 'port_of_discharge': '#C97C2A', 'goods_quantity': '#F19465', 'notify_party_name': '#D8D7C9', 'port_of_loading': '#85503A', 'shipper_address': '#39C062', 'place_of_issue': '#6EF81C', 'agent_country': '#DAFDF3', 'freight_collect_at': '#5479C9', 'place_of_receipt': '#EB18FE', 'voyage_number': '#845440', 'signature': '#761C82', 'consignee_name': '#442223', 'consignee_address': '#88AB2A', 'bill_of_lading_issue_date': '#A117F3', 'mode_of_transport': '#83778A', 'shipper_name': '#A6272A', 'signed_By_agent': '#40BDEB', 'container_number': '#41C403', 'transaction_date': '#524D6B', 'notify_party_address': '#C59FBE', 'goods_marks_and_nos': '#522AA1', 'goods_description': '#E4CFD9', 'lc_date': '#4898FB', 'dimension': '#3D314C', 'agent_name': '#0729A7', 'carrier_name': '#E72E4F', 'O': '#2CC03D', 'lc_ref_number': '#28185B', 'pre_carriage_by': '#EDE341', 'page_no': '#449F60', 'total_original_no': '#FD6B72', 'freight_collect_or_prepaid': '#761C0F', 'signed_by_master': '#4337DA', 'bill_of_lading_number': '#854705'}
2024-04-27 03:14:15,769 is result_set is instance of dict? True
2024-04-27 03:14:15,770 is final_result_set is instance of dict? True
