2024-04-26 10:50:04,592 checkpoint 1 => setting basis cofiguration for logging purposes
2024-04-26 10:50:04,593 start time: 2024-04-26 10:50:04.593198
2024-04-26 10:50:07,128 Starting new HTTPS connection (1): huggingface.co:443
2024-04-26 10:50:07,596 https://huggingface.co:443 "HEAD /microsoft/layoutlmv2-base-uncased/resolve/main/preprocessor_config.json HTTP/1.1" 200 0
2024-04-26 10:50:08,538 https://huggingface.co:443 "HEAD /microsoft/layoutlmv2-base-uncased/resolve/main/tokenizer_config.json HTTP/1.1" 404 0
2024-04-26 10:50:09,056 https://huggingface.co:443 "HEAD /microsoft/layoutlmv2-base-uncased/resolve/main/vocab.txt HTTP/1.1" 200 0
2024-04-26 10:50:09,082 RAM memory for Model loading used: 49.4
2024-04-26 10:50:09,082 cpu_utilization % for Model Loading:22.4
2024-04-26 10:50:09,082 memory_consumption in bytes for Loading Model:909320192
2024-04-26 10:50:09,082 Loaded Model successfully
2024-04-26 10:50:09,083 file name is:Bill_of_lading_1505_page_4.png
2024-04-26 10:50:09,083 folder path :Images
2024-04-26 10:50:09,083 Calling Image result
2024-04-26 10:50:09,083 is all_page_result is instance of dict? True
2024-04-26 10:50:09,086 STREAM b'IHDR' 16 13
2024-04-26 10:50:09,086 STREAM b'PLTE' 41 6
2024-04-26 10:50:09,086 STREAM b'IDAT' 59 65536
2024-04-26 10:50:09,129 *****Generated All Pages****** for Bill_of_lading_1505_page_4.png
2024-04-26 10:50:09,129 RAM memory 49.7 used for Bill_of_lading_1505_page_4.png Generating All Pages:
2024-04-26 10:50:09,129 Processing time taken for all pages of Bill_of_lading_1505_page_4.png1:0:00:00.046562
