2024-04-25 19:19:49,547 checkpoint 1 => setting basis cofiguration for logging purposes
2024-04-25 19:19:49,549 start time: 2024-04-25 19:19:49.549912
2024-04-25 19:19:53,244 Starting new HTTPS connection (1): huggingface.co:443
2024-04-25 19:19:53,627 https://huggingface.co:443 "HEAD /microsoft/layoutlmv2-base-uncased/resolve/main/preprocessor_config.json HTTP/1.1" 200 0
2024-04-25 19:19:54,566 https://huggingface.co:443 "HEAD /microsoft/layoutlmv2-base-uncased/resolve/main/tokenizer_config.json HTTP/1.1" 404 0
2024-04-25 19:19:55,301 https://huggingface.co:443 "HEAD /microsoft/layoutlmv2-base-uncased/resolve/main/vocab.txt HTTP/1.1" 200 0
2024-04-25 19:19:55,352 RAM memory for Model loading used: 72.6
2024-04-25 19:19:55,353 cpu_utilization % for Model Loading:-56.0
2024-04-25 19:19:55,353 memory_consumption in bytes for Loading Model:908963840
2024-04-25 19:19:55,353 Loaded Model successfully
2024-04-25 19:19:55,353 file name is:Bill_of_lading_1077_page_0.png
2024-04-25 19:19:55,353 folder path :Images
2024-04-25 19:19:55,353 Calling Image result
2024-04-25 19:19:55,353 is all_page_result is instance of dict? True
2024-04-25 19:19:55,364 STREAM b'IHDR' 16 13
2024-04-25 19:19:55,364 STREAM b'IDAT' 41 59829
2024-04-25 19:19:55,407 is words is instance of list? True
2024-04-25 19:19:55,407 is bboxes is instance of list? True
2024-04-25 19:19:55,407 is bounding_boxes is instance of list? True
2024-04-25 19:19:55,753 is input_id_chunks is instance of list? True
2024-04-25 19:19:55,753 is mask_chunks is instance of list? True
2024-04-25 19:19:55,753 is bbox_chunks is instance of list? True
2024-04-25 19:19:55,753 is image_chunks is instance of list? True
2024-04-25 19:19:55,754 is input_dict is instance of dict? True
2024-04-25 19:20:01,272 Model Called
2024-04-25 19:20:01,282 RAM memory 88.8 used for Bill_of_lading_1077_page_0.png:
2024-04-25 19:20:01,283 is all_predictions is instance of list? True
2024-04-25 19:20:01,283 is all_boxes is instance of list? True
2024-04-25 19:20:01,283 is all_confidences is instance of list? True
2024-04-25 19:20:01,283 is all_text is instance of list? True
2024-04-25 19:20:01,283 is label2id is instance of dict? True
2024-04-25 19:20:01,283 is id2label is instance of dict? True
2024-04-25 19:20:01,284 is label2color is instance of dict? True
2024-04-25 19:20:01,284 label2color : {'stamp': '#FAE794', 'bol_original_or_copy': '#621F23', 'vessel_name': '#52000A', 'shipped_onboard_date': '#6036FF', 'final_destination': '#BCB0BB', 'measurement': '#72E651', 'country_of_origin': '#D5E07C', 'bol_original_number': '#08D830', 'net_weight': '#9775DF', 'signed_by_carrier': '#C46245', 'gross_weight': '#D01CE6', 'carrier_country': '#D92901', 'port_of_discharge': '#A08D2A', 'goods_quantity': '#4D25CD', 'notify_party_name': '#F4C613', 'port_of_loading': '#AE20BA', 'shipper_address': '#1714E9', 'place_of_issue': '#BDEFEC', 'agent_country': '#BDB5F1', 'freight_collect_at': '#18F9F6', 'place_of_receipt': '#7222C2', 'voyage_number': '#6DA556', 'signature': '#B13062', 'consignee_name': '#556600', 'consignee_address': '#443E81', 'bill_of_lading_issue_date': '#6AC5AB', 'mode_of_transport': '#CB7526', 'shipper_name': '#F66866', 'signed_By_agent': '#47BF17', 'container_number': '#CDCAD1', 'transaction_date': '#11F8BC', 'notify_party_address': '#C9D622', 'goods_marks_and_nos': '#2A6C14', 'goods_description': '#35A0E1', 'lc_date': '#F12180', 'dimension': '#413452', 'agent_name': '#64D79D', 'carrier_name': '#8363FD', 'O': '#397490', 'lc_ref_number': '#CDDDB8', 'pre_carriage_by': '#B7913C', 'page_no': '#1807F4', 'total_original_no': '#9C5022', 'freight_collect_or_prepaid': '#C7BB73', 'signed_by_master': '#AA1FC5', 'bill_of_lading_number': '#217422'}
2024-04-25 19:20:01,659 is result_set is instance of dict? True
2024-04-25 19:20:01,661 is final_result_set is instance of dict? True
