2024-01-23 15:00:05,476 checkpoint 1 => setting basis cofiguration for logging purposes
2024-01-23 15:00:05,477 start time: 2024-01-23 15:00:05.477622
2024-01-23 15:00:16,251 Falling back to TensorFlow client; we recommended you install the Cloud TPU client directly with pip install cloud-tpu-client.
2024-01-23 15:00:16,361 Creating converter from 7 to 5
2024-01-23 15:00:16,361 Creating converter from 5 to 7
2024-01-23 15:00:16,361 Creating converter from 7 to 5
2024-01-23 15:00:16,361 Creating converter from 5 to 7
2024-01-23 15:00:16,944 Starting new HTTPS connection (1): huggingface.co:443
2024-01-23 15:00:17,366 https://huggingface.co:443 "HEAD /microsoft/layoutlmv2-base-uncased/resolve/main/preprocessor_config.json HTTP/1.1" 200 0
2024-01-23 15:00:18,234 https://huggingface.co:443 "HEAD /microsoft/layoutlmv2-base-uncased/resolve/main/tokenizer_config.json HTTP/1.1" 404 0
2024-01-23 15:00:18,485 https://huggingface.co:443 "HEAD /microsoft/layoutlmv2-base-uncased/resolve/main/vocab.txt HTTP/1.1" 200 0
2024-01-23 15:00:18,524 RAM memory for Model loading used: 83.8
2024-01-23 15:00:18,524 cpu_utilization % for Model Loading:-47.3
2024-01-23 15:00:18,524 memory_consumption in bytes for Loading Model:1189675008
2024-01-23 15:00:18,524 Loaded Model successfully
2024-01-23 15:00:18,637 file name is:Certificate_Of_Origin_621_page_0.png
2024-01-23 15:00:18,638 folder path :Images
2024-01-23 15:00:18,638 Calling Image result
2024-01-23 15:00:18,638 is all_page_result is instance of dict? True
2024-01-23 15:00:18,705 STREAM b'IHDR' 16 13
2024-01-23 15:00:18,705 STREAM b'IDAT' 41 60696
2024-01-23 15:00:18,845 Checking spheric-time-383904-f1b421d86eef.json for explicit credentials as part of auth process...
2024-01-23 15:00:19,937 is words is instance of list? True
2024-01-23 15:00:19,937 is bboxes is instance of list? True
2024-01-23 15:00:19,937 is bounding_boxes is instance of list? True
2024-01-23 15:00:20,488 is input_id_chunks is instance of list? True
2024-01-23 15:00:20,488 is mask_chunks is instance of list? True
2024-01-23 15:00:20,488 is bbox_chunks is instance of list? True
2024-01-23 15:00:20,488 is image_chunks is instance of list? True
2024-01-23 15:00:20,489 is input_dict is instance of dict? True
2024-01-23 15:00:22,511 Model Called
2024-01-23 15:00:22,511 RAM memory 92.6 used for Certificate_Of_Origin_621_page_0.png:
2024-01-23 15:00:22,512 is all_predictions is instance of list? True
2024-01-23 15:00:22,512 is all_boxes is instance of list? True
2024-01-23 15:00:22,512 is all_confidences is instance of list? True
2024-01-23 15:00:22,512 is all_text is instance of list? True
2024-01-23 15:00:22,558 is label2id is instance of dict? True
2024-01-23 15:00:22,558 is id2label is instance of dict? True
2024-01-23 15:00:22,559 is label2color is instance of dict? True
2024-01-23 15:00:22,559 label2color : {'marks_and_no_of_packages': '#A41388', 'final_destination': '#B1353A', 'lc_ref_no': '#647884', 'net_weight': '#124CBB', 'country_of_origin_of_goods': '#D97E95', 'means_of_transport': '#66B165', 'original_number': '#DA5957', 'invoice_no': '#1FACD0', 'signature': '#91FA5E', 'consignee_address': '#7884CD', 'vessel_details': '#82327E', 'description_of_goods': '#A0AF08', 'invoice_date': '#AD1309', 'certificate_stamped': '#5AF74D', 'gross_weight': '#019FCF', 'ref_no': '#81DD17', 'lc_date': '#9A8AF8', 'consignee_name': '#E73C08', 'declaration_by_exporter': '#8350D0', 'original_or_copy': '#965332', 'O': '#6BB009', 'declaration_by_certification': '#5D34DA', 'consignor_name': '#6375E4', 'consignor_address': '#A027F3', 'issue_date': '#49D83C', 'coo_issuer_address': '#810900', 'certificate_no': '#E2DE67', 'to_place': '#76961E', 'page_no': '#1919B9', 'from_place': '#AA3199', 'coo_issuer_name': '#38ED8D'}
