2024-03-05 21:13:37,829 checkpoint 1 => setting basis cofiguration for logging purposes
2024-03-05 21:13:37,831 start time: 2024-03-05 21:13:37.831202
2024-03-05 21:13:41,464 Falling back to TensorFlow client; we recommended you install the Cloud TPU client directly with pip install cloud-tpu-client.
2024-03-05 21:13:41,635 Creating converter from 7 to 5
2024-03-05 21:13:41,635 Creating converter from 5 to 7
2024-03-05 21:13:41,635 Creating converter from 7 to 5
2024-03-05 21:13:41,635 Creating converter from 5 to 7
2024-03-05 21:13:42,040 Starting new HTTPS connection (1): huggingface.co:443
2024-03-05 21:13:42,336 https://huggingface.co:443 "HEAD /microsoft/layoutlmv2-base-uncased/resolve/main/preprocessor_config.json HTTP/1.1" 200 0
2024-03-05 21:13:42,858 https://huggingface.co:443 "HEAD /microsoft/layoutlmv2-base-uncased/resolve/main/tokenizer_config.json HTTP/1.1" 404 0
2024-03-05 21:13:43,171 https://huggingface.co:443 "HEAD /microsoft/layoutlmv2-base-uncased/resolve/main/vocab.txt HTTP/1.1" 200 0
2024-03-05 21:13:43,210 RAM memory for Model loading used: 79.5
2024-03-05 21:13:43,210 cpu_utilization % for Model Loading:17.5
2024-03-05 21:13:43,211 memory_consumption in bytes for Loading Model:1153368064
2024-03-05 21:13:43,211 Loaded Model successfully
2024-03-05 21:13:43,221 file name is:Proforma_Invoice(2013_04_17_14_00_41_9003)_303_0.png
2024-03-05 21:13:43,222 folder path :Images
2024-03-05 21:13:43,222 Calling Image result
2024-03-05 21:13:43,222 is all_page_result is instance of dict? True
2024-03-05 21:13:43,228 STREAM b'IHDR' 16 13
2024-03-05 21:13:43,228 STREAM b'pHYs' 41 9
2024-03-05 21:13:43,228 STREAM b'IDAT' 62 139842
2024-03-05 21:13:43,241 is words is instance of list? True
2024-03-05 21:13:43,241 is bboxes is instance of list? True
2024-03-05 21:13:43,241 is bounding_boxes is instance of list? True
2024-03-05 21:13:43,297 is input_id_chunks is instance of list? True
2024-03-05 21:13:43,297 is mask_chunks is instance of list? True
2024-03-05 21:13:43,297 is bbox_chunks is instance of list? True
2024-03-05 21:13:43,298 is image_chunks is instance of list? True
2024-03-05 21:13:43,298 is input_dict is instance of dict? True
2024-03-05 21:13:46,227 Model Called
2024-03-05 21:13:46,228 RAM memory 90.6 used for Proforma_Invoice(2013_04_17_14_00_41_9003)_303_0.png:
2024-03-05 21:13:46,228 is all_predictions is instance of list? True
2024-03-05 21:13:46,228 is all_boxes is instance of list? True
2024-03-05 21:13:46,228 is all_confidences is instance of list? True
2024-03-05 21:13:46,228 is all_text is instance of list? True
2024-03-05 21:13:46,229 is label2id is instance of dict? True
2024-03-05 21:13:46,229 is id2label is instance of dict? True
2024-03-05 21:13:46,230 is label2color is instance of dict? True
2024-03-05 21:13:46,230 label2color : {'transaction_date': '#9966A0', 'beneficiary_bank_swift': '#739E61', 'unit': '#0E201C', 'gross_weight': '#AA109B', 'payment_terms': '#F6E3FA', 'date_of_invoice': '#F553B2', 'lc_ref_no': '#847A03', 'order_date': '#893594', 'invoice_tax_amount': '#2C67CD', 'shipper_name': '#904931', 'freight_charges': '#9BA853', 'tolerance_of_quantity': '#3FBBD6', 'O': '#439BC6', 'transport_details': '#36AC7B', 'place_of_receipt': '#4CF80B', 'country_of_final_destination': '#CA5A2A', 'notify_party_name': '#A806CC', 'remitter_country': '#69F0A5', 'beneficiary_country': '#D87D72', 'final_destination': '#6945ED', 'pre-carriage-by': '#B9616F', 'invoice_no': '#8FC2E8', 'insurance_charges': '#C3E772', 'cosignee_name': '#6CB0B2', 'tenor_indicator': '#776DBE', 'incoterm': '#50E409', 'original_or_copy': '#E4985B', 'page_no': '#70C0B2', 'vessel_flight_no': '#33B358', 'beneficiary_bank_identifier': '#8312C1', 'port_of_loading': '#A24AE0', 'awb_number': '#328F33', 'transaction_amonunt_value': '#61FEA3', 'shipper_address': '#D4B402', 'goods_description': '#B8A041', 'consignor_name': '#DE42F7', 'stamp': '#5D132A', 'bill_of_lading_no': '#74A9F3', 'transhipment': '#5A8591', 'invoice_due_date': '#9E40DE', 'indicator_type': '#25A3E0', 'importer_your_ref_no': '#EB05CC', 'rate_per_unit': '#F58CBA', 'beneficiary_bank_country': '#D12429', 'notify_party_country': '#9C0A7C', 'beneficiary_drawer_exporter_seller_supplier_tin': '#50C55D', 'signature': '#19C21C', 'invoice_amount': '#32F8F5', 'lc_date': '#38ACEE', 'advance_amount': '#B03C8A', 'beneficiary_address': '#280768', 'signature_of_the_issuer': '#E43BCF', 'beneficiary_account_number': '#B4F602', 'signed_by': '#B78525', 'from': '#A2D1DD', 'exporter_our_ref_no': '#415894', 'remitter_drawee_applicant_importer_buyer_name': '#AAAF3A', 'packaging_description': '#3FDFC9', 'notify_party_address': '#8DA08A', 'hs_code_no': '#D747FE', 'beneficiary_iban_number': '#DC7D4E', 'beneficiary_drawer_exporter_seller_supplier_name': '#6EE4C1', 'beneficiary_bank_name': '#C5ABBA', 'delivery_terms': '#0ABD26', 'total_quantity_of_goods': '#1EA405', 'dimension': '#7B3E06', 'invoice_amount_in_words': '#9A15FE', 'invoice_discount_ccy': '#0D9629', 'declaration_by_issuer': '#073D06', 'port_of_discharge': '#52F7E7', 'total_pages': '#8964F8', 'usance_tenor': '#E81806', 'amount_due': '#C08A95', 'purchase_order_no_and_agreement_ref_no': '#A3A3F0', 'vessel_name': '#E7433D', 'indicator_date': '#9803B2', 'invoice_tax_ccy': '#52B4A4', 'mode_of_despatch': '#48BC2E', 'net_weight': '#12D504', 'awb_date': '#488058', 'country_of_origin_of_goods': '#48AF50', 'invoice_currency': '#4CF198', 'bill_of_lading_date': '#142E54', 'shipment_date': '#3BA069', 'consignee_address': '#5F777E', 'invoice_discount_amount': '#AD5F98', 'transaction_currency': '#F38B62', 'consignor_country': '#BA50A2', 'to': '#9F161A', 'consignor_address': '#CC7A84', 'remitter_address': '#ED59FD', 'drawer_ref_no': '#1F0CBA', 'tenor_type': '#7EC45F', 'presentation_period': '#3CCAA2'}
2024-03-05 21:13:46,290 is result_set is instance of dict? True
2024-03-05 21:13:46,291 is final_result_set is instance of dict? True
