2024-03-05 21:12:53,382 checkpoint 1 => setting basis cofiguration for logging purposes
2024-03-05 21:12:53,383 start time: 2024-03-05 21:12:53.383924
2024-03-05 21:12:56,950 Falling back to TensorFlow client; we recommended you install the Cloud TPU client directly with pip install cloud-tpu-client.
2024-03-05 21:12:57,166 Creating converter from 7 to 5
2024-03-05 21:12:57,166 Creating converter from 5 to 7
2024-03-05 21:12:57,166 Creating converter from 7 to 5
2024-03-05 21:12:57,166 Creating converter from 5 to 7
2024-03-05 21:12:57,573 Starting new HTTPS connection (1): huggingface.co:443
2024-03-05 21:12:58,049 https://huggingface.co:443 "HEAD /microsoft/layoutlmv2-base-uncased/resolve/main/preprocessor_config.json HTTP/1.1" 200 0
2024-03-05 21:12:58,572 https://huggingface.co:443 "HEAD /microsoft/layoutlmv2-base-uncased/resolve/main/tokenizer_config.json HTTP/1.1" 404 0
2024-03-05 21:12:58,885 https://huggingface.co:443 "HEAD /microsoft/layoutlmv2-base-uncased/resolve/main/vocab.txt HTTP/1.1" 200 0
2024-03-05 21:12:58,930 RAM memory for Model loading used: 81.1
2024-03-05 21:12:58,930 cpu_utilization % for Model Loading:16.3
2024-03-05 21:12:58,930 memory_consumption in bytes for Loading Model:1155391488
2024-03-05 21:12:58,930 Loaded Model successfully
2024-03-05 21:12:58,931 file name is:Proforma_Invoice(2013_04_17_14_00_41_9003)_303_0.png
2024-03-05 21:12:58,931 folder path :Images
2024-03-05 21:12:58,931 Calling Image result
2024-03-05 21:12:58,931 is all_page_result is instance of dict? True
2024-03-05 21:12:58,935 STREAM b'IHDR' 16 13
2024-03-05 21:12:58,935 STREAM b'pHYs' 41 9
2024-03-05 21:12:58,935 STREAM b'IDAT' 62 139842
2024-03-05 21:12:58,953 *****Generated All Pages****** for Proforma_Invoice(2013_04_17_14_00_41_9003)_303_0.png
2024-03-05 21:12:58,953 RAM memory 81.0 used for Proforma_Invoice(2013_04_17_14_00_41_9003)_303_0.png Generating All Pages:
2024-03-05 21:12:58,953 Processing time taken for all pages of Proforma_Invoice(2013_04_17_14_00_41_9003)_303_0.png1:0:00:00.022541
