2024-04-27 03:38:47,813 checkpoint 1 => setting basis cofiguration for logging purposes
2024-04-27 03:38:47,814 start time: 2024-04-27 03:38:47.814763
2024-04-27 03:38:50,699 Starting new HTTPS connection (1): huggingface.co:443
2024-04-27 03:38:51,487 https://huggingface.co:443 "HEAD /microsoft/layoutlmv2-base-uncased/resolve/main/preprocessor_config.json HTTP/1.1" 200 0
2024-04-27 03:38:52,306 https://huggingface.co:443 "HEAD /microsoft/layoutlmv2-base-uncased/resolve/main/tokenizer_config.json HTTP/1.1" 404 0
2024-04-27 03:38:52,615 https://huggingface.co:443 "HEAD /microsoft/layoutlmv2-base-uncased/resolve/main/vocab.txt HTTP/1.1" 200 0
2024-04-27 03:38:52,660 RAM memory for Model loading used: 58.0
2024-04-27 03:38:52,660 cpu_utilization % for Model Loading:13.0
2024-04-27 03:38:52,660 memory_consumption in bytes for Loading Model:910102528
2024-04-27 03:38:52,660 Loaded Model successfully
2024-04-27 03:38:52,660 file name is:Bill_of_Exchange_163_0.png
2024-04-27 03:38:52,660 folder path :Images
2024-04-27 03:38:52,660 Calling Image result
2024-04-27 03:38:52,660 is all_page_result is instance of dict? True
2024-04-27 03:38:52,664 STREAM b'IHDR' 16 13
2024-04-27 03:38:52,664 STREAM b'pHYs' 41 9
2024-04-27 03:38:52,664 STREAM b'IDAT' 62 111958
2024-04-27 03:38:52,674 Checking spheric-time-383904-f1b421d86eef.json for explicit credentials as part of auth process...
2024-04-27 03:38:53,895 is words is instance of list? True
2024-04-27 03:38:53,895 is bboxes is instance of list? True
2024-04-27 03:38:53,895 is bounding_boxes is instance of list? True
2024-04-27 03:38:53,937 is input_id_chunks is instance of list? True
2024-04-27 03:38:53,937 is mask_chunks is instance of list? True
2024-04-27 03:38:53,937 is bbox_chunks is instance of list? True
2024-04-27 03:38:53,937 is image_chunks is instance of list? True
2024-04-27 03:38:53,937 is input_dict is instance of dict? True
2024-04-27 03:38:54,950 Model Called
2024-04-27 03:38:54,950 RAM memory 64.1 used for Bill_of_Exchange_163_0.png:
2024-04-27 03:38:54,950 is all_predictions is instance of list? True
2024-04-27 03:38:54,950 is all_boxes is instance of list? True
2024-04-27 03:38:54,950 is all_confidences is instance of list? True
2024-04-27 03:38:54,950 is all_text is instance of list? True
2024-04-27 03:38:54,951 is label2id is instance of dict? True
2024-04-27 03:38:54,951 is id2label is instance of dict? True
2024-04-27 03:38:54,951 is label2color is instance of dict? True
2024-04-27 03:38:54,951 label2color : {'tenor_type': '#ACC1F2', 'invoice_due_date': '#C981AA', 'diclaration_by': '#4C8C47', 'invoice_amount': '#B1B556', 'original_or_copy': '#DB647A', 'boe_currency': '#E83DB0', 'lc_ref_no': '#B957B7', 'boe_amount': '#B17236', 'indicator_date': '#9EE40F', 'tenore_details': '#8B8166', 'lc_date': '#C5A3E8', 'issuing_bank': '#95E723', 'drawer_name': '#E312EC', 'stamp': '#11EA7D', 'drawer_bank_address': '#E511E9', 'drawer_address': '#17925C', 'drawee_name': '#4DFB89', 'country_of_origin': '#A57CAA', 'tenor_indicator': '#9EB5DA', 'bill_exchange_no': '#5B872A', 'drawee_bank_address': '#5B4EBE', 'issuing_bank_address': '#06FBAF', 'bill_exchange_date': '#1717DD', 'goods_discription': '#CC6BCF', 'drawer_bank_name': '#101F6C', 'indicator_type': '#FE6409', 'drawee_bank_name': '#5D11BC', 'usance_tenor': '#C84E24', 'signature': '#ED17F4', 'invoice_no': '#4C8BCD', 'original_number': '#7C2313', 'drawee_address': '#0405B1', 'invoice_date': '#D4BD4C', 'issue_place': '#2561B3', 'invoice_currency': '#DC21AD', 'O': '#8769D9', 'amount_in_words': '#76CF2B'}
2024-04-27 03:38:54,974 is result_set is instance of dict? True
2024-04-27 03:38:54,975 is final_result_set is instance of dict? True
2024-04-27 03:38:55,052 Time taken for page 1 of Bill_of_Exchange_163_0.png:0:00:02.387639
2024-04-27 03:38:55,081 *****Generated All Pages****** for Bill_of_Exchange_163_0.png
2024-04-27 03:38:55,081 RAM memory 64.0 used for Bill_of_Exchange_163_0.png Generating All Pages:
2024-04-27 03:38:55,082 Processing time taken for all pages of Bill_of_Exchange_163_0.png1:0:00:02.421144
2024-04-27 03:38:55,203 file name is:Bill_of_Exchange_237_0.png
2024-04-27 03:38:55,204 folder path :Images
2024-04-27 03:38:55,204 Calling Image result
2024-04-27 03:38:55,204 is all_page_result is instance of dict? True
2024-04-27 03:38:55,204 STREAM b'IHDR' 16 13
2024-04-27 03:38:55,204 STREAM b'pHYs' 41 9
2024-04-27 03:38:55,204 STREAM b'IDAT' 62 125064
2024-04-27 03:38:55,212 Checking spheric-time-383904-f1b421d86eef.json for explicit credentials as part of auth process...
2024-04-27 03:38:56,283 is words is instance of list? True
2024-04-27 03:38:56,283 is bboxes is instance of list? True
2024-04-27 03:38:56,283 is bounding_boxes is instance of list? True
2024-04-27 03:38:56,313 is input_id_chunks is instance of list? True
2024-04-27 03:38:56,313 is mask_chunks is instance of list? True
2024-04-27 03:38:56,314 is bbox_chunks is instance of list? True
2024-04-27 03:38:56,314 is image_chunks is instance of list? True
2024-04-27 03:38:56,314 is input_dict is instance of dict? True
2024-04-27 03:38:57,216 Model Called
2024-04-27 03:38:57,216 RAM memory 63.7 used for Bill_of_Exchange_237_0.png:
2024-04-27 03:38:57,216 is all_predictions is instance of list? True
2024-04-27 03:38:57,216 is all_boxes is instance of list? True
2024-04-27 03:38:57,216 is all_confidences is instance of list? True
2024-04-27 03:38:57,216 is all_text is instance of list? True
2024-04-27 03:38:57,217 is label2id is instance of dict? True
2024-04-27 03:38:57,217 is id2label is instance of dict? True
2024-04-27 03:38:57,217 is label2color is instance of dict? True
2024-04-27 03:38:57,217 label2color : {'tenor_type': '#6B4410', 'invoice_due_date': '#4DDA21', 'diclaration_by': '#C489B9', 'invoice_amount': '#84EC56', 'original_or_copy': '#5B6784', 'boe_currency': '#1CB99A', 'lc_ref_no': '#9F9A35', 'boe_amount': '#943D5B', 'indicator_date': '#2031A0', 'tenore_details': '#CA1523', 'lc_date': '#CA886C', 'issuing_bank': '#1B7517', 'drawer_name': '#383873', 'stamp': '#DAB468', 'drawer_bank_address': '#5757E0', 'drawer_address': '#D7DF22', 'drawee_name': '#2023BE', 'country_of_origin': '#357C6E', 'tenor_indicator': '#DEB2AE', 'bill_exchange_no': '#0C04D4', 'drawee_bank_address': '#905DEC', 'issuing_bank_address': '#F90D60', 'bill_exchange_date': '#146C51', 'goods_discription': '#A08446', 'drawer_bank_name': '#FF2FBA', 'indicator_type': '#2CB402', 'drawee_bank_name': '#28A7A7', 'usance_tenor': '#7CCC0F', 'signature': '#190B06', 'invoice_no': '#C23C09', 'original_number': '#BA55BD', 'drawee_address': '#F47336', 'invoice_date': '#AB33D5', 'issue_place': '#CA0CA6', 'invoice_currency': '#B02820', 'O': '#38037A', 'amount_in_words': '#0C7963'}
2024-04-27 03:38:57,237 is result_set is instance of dict? True
2024-04-27 03:38:57,238 is final_result_set is instance of dict? True
2024-04-27 03:38:57,304 Time taken for page 1 of Bill_of_Exchange_237_0.png:0:00:02.100293
2024-04-27 03:38:57,333 *****Generated All Pages****** for Bill_of_Exchange_237_0.png
2024-04-27 03:38:57,333 RAM memory 63.7 used for Bill_of_Exchange_237_0.png Generating All Pages:
2024-04-27 03:38:57,333 Processing time taken for all pages of Bill_of_Exchange_237_0.png1:0:00:02.129655
2024-04-27 03:38:57,440 file name is:Accepted_Bill_of_Exchange_313_1.png
2024-04-27 03:38:57,440 folder path :Images
2024-04-27 03:38:57,440 Calling Image result
2024-04-27 03:38:57,440 is all_page_result is instance of dict? True
2024-04-27 03:38:57,441 STREAM b'IHDR' 16 13
2024-04-27 03:38:57,441 STREAM b'pHYs' 41 9
2024-04-27 03:38:57,441 STREAM b'IDAT' 62 117317
2024-04-27 03:38:57,447 Checking spheric-time-383904-f1b421d86eef.json for explicit credentials as part of auth process...
