2024-04-29 18:41:21,468 checkpoint 1 => setting basis cofiguration for logging purposes
2024-04-29 18:41:21,470 start time: 2024-04-29 18:41:21.470142
2024-04-29 18:41:24,666 Starting new HTTPS connection (1): huggingface.co:443
2024-04-29 18:41:25,446 https://huggingface.co:443 "HEAD /microsoft/layoutlmv2-base-uncased/resolve/main/preprocessor_config.json HTTP/1.1" 200 0
2024-04-29 18:41:25,890 https://huggingface.co:443 "HEAD /microsoft/layoutlmv2-base-uncased/resolve/main/tokenizer_config.json HTTP/1.1" 404 0
2024-04-29 18:41:26,203 https://huggingface.co:443 "HEAD /microsoft/layoutlmv2-base-uncased/resolve/main/vocab.txt HTTP/1.1" 200 0
2024-04-29 18:41:26,238 RAM memory for Model loading used: 76.8
2024-04-29 18:41:26,238 cpu_utilization % for Model Loading:-63.2
2024-04-29 18:41:26,238 memory_consumption in bytes for Loading Model:869478400
2024-04-29 18:41:26,238 Loaded Model successfully
2024-04-29 18:41:26,239 file name is:Bill_Of_Landing_17_page_0.png
2024-04-29 18:41:26,239 folder path :Images
2024-04-29 18:41:26,239 Calling Image result
2024-04-29 18:41:26,239 is all_page_result is instance of dict? True
2024-04-29 18:41:26,244 STREAM b'IHDR' 16 13
2024-04-29 18:41:26,245 STREAM b'IDAT' 41 62351
2024-04-29 18:41:26,292 is words is instance of list? True
2024-04-29 18:41:26,292 is bboxes is instance of list? True
2024-04-29 18:41:26,292 is bounding_boxes is instance of list? True
2024-04-29 18:41:26,864 is input_id_chunks is instance of list? True
2024-04-29 18:41:26,864 is mask_chunks is instance of list? True
2024-04-29 18:41:26,864 is bbox_chunks is instance of list? True
2024-04-29 18:41:26,864 is image_chunks is instance of list? True
2024-04-29 18:41:26,866 is input_dict is instance of dict? True
2024-04-29 18:41:29,155 Model Called
2024-04-29 18:41:29,155 RAM memory 89.6 used for Bill_Of_Landing_17_page_0.png:
2024-04-29 18:41:29,155 is all_predictions is instance of list? True
2024-04-29 18:41:29,155 is all_boxes is instance of list? True
2024-04-29 18:41:29,155 is all_confidences is instance of list? True
2024-04-29 18:41:29,155 is all_text is instance of list? True
2024-04-29 18:41:29,156 is label2id is instance of dict? True
2024-04-29 18:41:29,156 is id2label is instance of dict? True
2024-04-29 18:41:29,157 is label2color is instance of dict? True
2024-04-29 18:41:29,157 label2color : {'stamp': '#6D3E16', 'bol_original_or_copy': '#95546D', 'vessel_name': '#D8B265', 'shipped_onboard_date': '#ED4115', 'final_destination': '#AFE12B', 'measurement': '#856DC4', 'country_of_origin': '#5CBD9D', 'bol_original_number': '#147598', 'net_weight': '#00AA0F', 'signed_by_carrier': '#26247C', 'gross_weight': '#6A50DC', 'carrier_country': '#3A4E14', 'port_of_discharge': '#0E1830', 'goods_quantity': '#146FD1', 'notify_party_name': '#ED636B', 'port_of_loading': '#5D9510', 'shipper_address': '#F5B034', 'place_of_issue': '#9DC2A2', 'agent_country': '#709172', 'freight_collect_at': '#966B6D', 'place_of_receipt': '#36652C', 'voyage_number': '#B887DB', 'signature': '#BF4ABA', 'consignee_name': '#1F0A75', 'consignee_address': '#8DE164', 'bill_of_lading_issue_date': '#05257A', 'mode_of_transport': '#5526F3', 'shipper_name': '#97B311', 'signed_By_agent': '#7FACF6', 'container_number': '#BAB458', 'transaction_date': '#D4A99E', 'notify_party_address': '#C27AD9', 'goods_marks_and_nos': '#56433D', 'goods_description': '#DF4E84', 'lc_date': '#F2D9A5', 'dimension': '#C8DDBA', 'agent_name': '#F30EA3', 'carrier_name': '#2A7FD5', 'O': '#052C86', 'lc_ref_number': '#019A1F', 'pre_carriage_by': '#946E13', 'page_no': '#0B4B3B', 'total_original_no': '#A1E17A', 'freight_collect_or_prepaid': '#A1C7A1', 'signed_by_master': '#DC4146', 'bill_of_lading_number': '#1E45E6'}
2024-04-29 18:41:29,369 is result_set is instance of dict? True
2024-04-29 18:41:29,371 is final_result_set is instance of dict? True
