2024-04-30 13:53:58,014 checkpoint 1 => setting basis cofiguration for logging purposes
2024-04-30 13:53:58,015 start time: 2024-04-30 13:53:58.015604
2024-04-30 13:54:01,373 Starting new HTTPS connection (1): huggingface.co:443
2024-04-30 13:54:02,348 https://huggingface.co:443 "HEAD /microsoft/layoutlmv2-base-uncased/resolve/main/preprocessor_config.json HTTP/1.1" 200 0
2024-04-30 13:54:02,768 https://huggingface.co:443 "HEAD /microsoft/layoutlmv2-base-uncased/resolve/main/tokenizer_config.json HTTP/1.1" 404 0
2024-04-30 13:54:03,081 https://huggingface.co:443 "HEAD /microsoft/layoutlmv2-base-uncased/resolve/main/vocab.txt HTTP/1.1" 200 0
2024-04-30 13:54:03,128 RAM memory for Model loading used: 65.8
2024-04-30 13:54:03,128 cpu_utilization % for Model Loading:-58.4
2024-04-30 13:54:03,128 memory_consumption in bytes for Loading Model:899149824
2024-04-30 13:54:03,128 Loaded Model successfully
2024-04-30 13:54:03,129 file name is:Covering_Schedule_991_page_3.png
2024-04-30 13:54:03,129 folder path :Images
2024-04-30 13:54:03,129 Calling Image result
2024-04-30 13:54:03,129 is all_page_result is instance of dict? True
2024-04-30 13:54:03,136 STREAM b'IHDR' 16 13
2024-04-30 13:54:03,136 STREAM b'IDAT' 41 23207
2024-04-30 13:54:03,172 is words is instance of list? True
2024-04-30 13:54:03,173 is bboxes is instance of list? True
2024-04-30 13:54:03,173 is bounding_boxes is instance of list? True
2024-04-30 13:54:03,632 is input_id_chunks is instance of list? True
2024-04-30 13:54:03,632 is mask_chunks is instance of list? True
2024-04-30 13:54:03,632 is bbox_chunks is instance of list? True
2024-04-30 13:54:03,632 is image_chunks is instance of list? True
2024-04-30 13:54:03,633 is input_dict is instance of dict? True
2024-04-30 13:54:05,122 Model Called
2024-04-30 13:54:05,122 RAM memory 71.8 used for Covering_Schedule_991_page_3.png:
2024-04-30 13:54:05,122 is all_predictions is instance of list? True
2024-04-30 13:54:05,122 is all_boxes is instance of list? True
2024-04-30 13:54:05,122 is all_confidences is instance of list? True
2024-04-30 13:54:05,122 is all_text is instance of list? True
2024-04-30 13:54:05,123 is label2id is instance of dict? True
2024-04-30 13:54:05,123 is id2label is instance of dict? True
2024-04-30 13:54:05,123 is label2color is instance of dict? True
2024-04-30 13:54:05,123 label2color : {'tenor_type': '#745DA0', 'invoice_due_date': '#1B9097', 'diclaration_by': '#F1E5C4', 'invoice_amount': '#57248C', 'original_or_copy': '#20E0AB', 'boe_currency': '#3EBF61', 'lc_ref_no': '#2D6341', 'boe_amount': '#35B992', 'indicator_date': '#91E872', 'tenore_details': '#84268E', 'lc_date': '#629383', 'issuing_bank': '#5531DF', 'drawer_name': '#EF3FC2', 'stamp': '#9A173E', 'drawer_bank_address': '#F31329', 'drawer_address': '#00ADD6', 'drawee_name': '#306209', 'country_of_origin': '#20BA63', 'tenor_indicator': '#1D71B0', 'bill_exchange_no': '#35AB96', 'drawee_bank_address': '#C44E8A', 'issuing_bank_address': '#37BEDE', 'bill_exchange_date': '#296C42', 'goods_discription': '#A6E811', 'drawer_bank_name': '#D68FF3', 'indicator_type': '#89C897', 'drawee_bank_name': '#046701', 'usance_tenor': '#DFB8F4', 'signature': '#5C3A19', 'invoice_no': '#5B36AB', 'original_number': '#CEF3B6', 'drawee_address': '#1FEA6E', 'invoice_date': '#6E6539', 'issue_place': '#A98514', 'invoice_currency': '#C46EFF', 'O': '#28BAC8', 'amount_in_words': '#E9FFA7'}
2024-04-30 13:54:05,289 is result_set is instance of dict? True
2024-04-30 13:54:05,289 is final_result_set is instance of dict? True
2024-04-30 13:54:05,347 Time taken for page 1 of Covering_Schedule_991_page_3.png:0:00:02.210546
2024-04-30 13:54:05,444 *****Generated All Pages****** for Covering_Schedule_991_page_3.png
2024-04-30 13:54:05,444 RAM memory 72.2 used for Covering_Schedule_991_page_3.png Generating All Pages:
2024-04-30 13:54:05,444 Processing time taken for all pages of Covering_Schedule_991_page_3.png1:0:00:02.315801
2024-04-30 13:54:05,564 file name is:Covering_Schedule(2011_08_04_15_56_11_3632)_4_page_1.png
2024-04-30 13:54:05,565 folder path :Images
2024-04-30 13:54:05,565 Calling Image result
2024-04-30 13:54:05,565 is all_page_result is instance of dict? True
2024-04-30 13:54:05,565 STREAM b'IHDR' 16 13
2024-04-30 13:54:05,565 STREAM b'IDAT' 41 49155
2024-04-30 13:54:05,594 is words is instance of list? True
2024-04-30 13:54:05,594 is bboxes is instance of list? True
2024-04-30 13:54:05,594 is bounding_boxes is instance of list? True
2024-04-30 13:54:05,827 is input_id_chunks is instance of list? True
2024-04-30 13:54:05,827 is mask_chunks is instance of list? True
2024-04-30 13:54:05,827 is bbox_chunks is instance of list? True
2024-04-30 13:54:05,827 is image_chunks is instance of list? True
2024-04-30 13:54:05,828 is input_dict is instance of dict? True
2024-04-30 13:54:07,235 Model Called
2024-04-30 13:54:07,236 RAM memory 71.8 used for Covering_Schedule(2011_08_04_15_56_11_3632)_4_page_1.png:
2024-04-30 13:54:07,236 is all_predictions is instance of list? True
2024-04-30 13:54:07,236 is all_boxes is instance of list? True
2024-04-30 13:54:07,236 is all_confidences is instance of list? True
2024-04-30 13:54:07,236 is all_text is instance of list? True
2024-04-30 13:54:07,236 is label2id is instance of dict? True
2024-04-30 13:54:07,236 is id2label is instance of dict? True
2024-04-30 13:54:07,237 is label2color is instance of dict? True
2024-04-30 13:54:07,237 label2color : {'tenor_type': '#EA6E6C', 'invoice_due_date': '#84B2BA', 'diclaration_by': '#BC7776', 'invoice_amount': '#275F07', 'original_or_copy': '#C727A5', 'boe_currency': '#43F966', 'lc_ref_no': '#34B607', 'boe_amount': '#0E2700', 'indicator_date': '#6C0F95', 'tenore_details': '#8E518E', 'lc_date': '#605339', 'issuing_bank': '#16648B', 'drawer_name': '#D2E726', 'stamp': '#FD2531', 'drawer_bank_address': '#4EF41F', 'drawer_address': '#068E8C', 'drawee_name': '#D8C6EC', 'country_of_origin': '#DE9D28', 'tenor_indicator': '#38393C', 'bill_exchange_no': '#48DF3F', 'drawee_bank_address': '#2F9B55', 'issuing_bank_address': '#EF50B8', 'bill_exchange_date': '#18A99D', 'goods_discription': '#C51B06', 'drawer_bank_name': '#AE2323', 'indicator_type': '#7BBC51', 'drawee_bank_name': '#686DCF', 'usance_tenor': '#05D61C', 'signature': '#B9CE54', 'invoice_no': '#FFC6F3', 'original_number': '#465F9E', 'drawee_address': '#F28749', 'invoice_date': '#74F269', 'issue_place': '#07887D', 'invoice_currency': '#BD9B62', 'O': '#3E8B7B', 'amount_in_words': '#72E3E1'}
2024-04-30 13:54:07,391 is result_set is instance of dict? True
2024-04-30 13:54:07,392 is final_result_set is instance of dict? True
2024-04-30 13:54:07,494 Time taken for page 1 of Covering_Schedule(2011_08_04_15_56_11_3632)_4_page_1.png:0:00:01.928500
2024-04-30 13:54:07,629 *****Generated All Pages****** for Covering_Schedule(2011_08_04_15_56_11_3632)_4_page_1.png
2024-04-30 13:54:07,629 RAM memory 72.0 used for Covering_Schedule(2011_08_04_15_56_11_3632)_4_page_1.png Generating All Pages:
2024-04-30 13:54:07,629 Processing time taken for all pages of Covering_Schedule(2011_08_04_15_56_11_3632)_4_page_1.png1:0:00:02.064570
2024-04-30 13:54:07,760 file name is:Covering_Schedule_857_page_4.png
2024-04-30 13:54:07,760 folder path :Images
2024-04-30 13:54:07,760 Calling Image result
2024-04-30 13:54:07,760 is all_page_result is instance of dict? True
2024-04-30 13:54:07,761 STREAM b'IHDR' 16 13
2024-04-30 13:54:07,761 STREAM b'IDAT' 41 56608
2024-04-30 13:54:07,790 is words is instance of list? True
2024-04-30 13:54:07,790 is bboxes is instance of list? True
2024-04-30 13:54:07,790 is bounding_boxes is instance of list? True
2024-04-30 13:54:08,014 is input_id_chunks is instance of list? True
2024-04-30 13:54:08,014 is mask_chunks is instance of list? True
2024-04-30 13:54:08,014 is bbox_chunks is instance of list? True
2024-04-30 13:54:08,014 is image_chunks is instance of list? True
2024-04-30 13:54:08,014 is input_dict is instance of dict? True
2024-04-30 13:54:09,423 Model Called
2024-04-30 13:54:09,424 RAM memory 71.8 used for Covering_Schedule_857_page_4.png:
2024-04-30 13:54:09,424 is all_predictions is instance of list? True
2024-04-30 13:54:09,424 is all_boxes is instance of list? True
2024-04-30 13:54:09,424 is all_confidences is instance of list? True
2024-04-30 13:54:09,425 is all_text is instance of list? True
2024-04-30 13:54:09,425 is label2id is instance of dict? True
2024-04-30 13:54:09,425 is id2label is instance of dict? True
2024-04-30 13:54:09,426 is label2color is instance of dict? True
2024-04-30 13:54:09,426 label2color : {'tenor_type': '#6894B0', 'invoice_due_date': '#8981F6', 'diclaration_by': '#84F27E', 'invoice_amount': '#94CFFF', 'original_or_copy': '#343AB8', 'boe_currency': '#6CB4CE', 'lc_ref_no': '#01EE9A', 'boe_amount': '#F8F5E5', 'indicator_date': '#11CE19', 'tenore_details': '#805A8D', 'lc_date': '#7E9FBC', 'issuing_bank': '#7E18D2', 'drawer_name': '#8C6C27', 'stamp': '#77B509', 'drawer_bank_address': '#9667B8', 'drawer_address': '#BD605A', 'drawee_name': '#2AAADF', 'country_of_origin': '#B5CD57', 'tenor_indicator': '#952B1B', 'bill_exchange_no': '#132C4B', 'drawee_bank_address': '#5C0609', 'issuing_bank_address': '#6BEF78', 'bill_exchange_date': '#A3F54E', 'goods_discription': '#1DD55B', 'drawer_bank_name': '#D4D96B', 'indicator_type': '#A993D6', 'drawee_bank_name': '#D3CFED', 'usance_tenor': '#63E982', 'signature': '#5A1DAE', 'invoice_no': '#1DFDC1', 'original_number': '#15DEC2', 'drawee_address': '#D0FC22', 'invoice_date': '#F16E9A', 'issue_place': '#EE0A00', 'invoice_currency': '#B35CCE', 'O': '#B1CF02', 'amount_in_words': '#BEC7F4'}
2024-04-30 13:54:09,647 is result_set is instance of dict? True
2024-04-30 13:54:09,649 is final_result_set is instance of dict? True
2024-04-30 13:54:09,754 Time taken for page 1 of Covering_Schedule_857_page_4.png:0:00:01.993527
2024-04-30 13:54:09,897 *****Generated All Pages****** for Covering_Schedule_857_page_4.png
2024-04-30 13:54:09,897 RAM memory 72.4 used for Covering_Schedule_857_page_4.png Generating All Pages:
2024-04-30 13:54:09,897 Processing time taken for all pages of Covering_Schedule_857_page_4.png1:0:00:02.137295
2024-04-30 13:54:10,043 file name is:Covering_Schedule_5_page_1.png
2024-04-30 13:54:10,043 folder path :Images
2024-04-30 13:54:10,043 Calling Image result
2024-04-30 13:54:10,043 is all_page_result is instance of dict? True
2024-04-30 13:54:10,044 STREAM b'IHDR' 16 13
2024-04-30 13:54:10,044 STREAM b'IDAT' 41 31199
2024-04-30 13:54:10,074 is words is instance of list? True
2024-04-30 13:54:10,074 is bboxes is instance of list? True
2024-04-30 13:54:10,074 is bounding_boxes is instance of list? True
2024-04-30 13:54:10,288 is input_id_chunks is instance of list? True
2024-04-30 13:54:10,288 is mask_chunks is instance of list? True
2024-04-30 13:54:10,288 is bbox_chunks is instance of list? True
2024-04-30 13:54:10,288 is image_chunks is instance of list? True
2024-04-30 13:54:10,289 is input_dict is instance of dict? True
2024-04-30 13:54:11,373 Model Called
2024-04-30 13:54:11,373 RAM memory 72.1 used for Covering_Schedule_5_page_1.png:
2024-04-30 13:54:11,373 is all_predictions is instance of list? True
2024-04-30 13:54:11,373 is all_boxes is instance of list? True
2024-04-30 13:54:11,373 is all_confidences is instance of list? True
2024-04-30 13:54:11,373 is all_text is instance of list? True
2024-04-30 13:54:11,374 is label2id is instance of dict? True
2024-04-30 13:54:11,374 is id2label is instance of dict? True
2024-04-30 13:54:11,374 is label2color is instance of dict? True
2024-04-30 13:54:11,374 label2color : {'tenor_type': '#C3400F', 'invoice_due_date': '#5C5747', 'diclaration_by': '#E2B442', 'invoice_amount': '#632227', 'original_or_copy': '#705B73', 'boe_currency': '#3E56E3', 'lc_ref_no': '#D064B8', 'boe_amount': '#A36C3A', 'indicator_date': '#E0449D', 'tenore_details': '#78163F', 'lc_date': '#9212C5', 'issuing_bank': '#C89757', 'drawer_name': '#FCAB15', 'stamp': '#B3650F', 'drawer_bank_address': '#E15FC9', 'drawer_address': '#A34315', 'drawee_name': '#9DA6EA', 'country_of_origin': '#C6A9D2', 'tenor_indicator': '#C6A3A9', 'bill_exchange_no': '#FDE7AB', 'drawee_bank_address': '#CA1124', 'issuing_bank_address': '#083B28', 'bill_exchange_date': '#381529', 'goods_discription': '#A2A348', 'drawer_bank_name': '#BC0907', 'indicator_type': '#43C41C', 'drawee_bank_name': '#094D51', 'usance_tenor': '#75BD77', 'signature': '#1A5F96', 'invoice_no': '#7A3C44', 'original_number': '#EC1F9B', 'drawee_address': '#0A25FB', 'invoice_date': '#7CE8A6', 'issue_place': '#171CCD', 'invoice_currency': '#7F68FF', 'O': '#222865', 'amount_in_words': '#D04800'}
2024-04-30 13:54:11,540 is result_set is instance of dict? True
2024-04-30 13:54:11,541 is final_result_set is instance of dict? True
2024-04-30 13:54:11,628 Time taken for page 1 of Covering_Schedule_5_page_1.png:0:00:01.584514
2024-04-30 13:54:11,766 *****Generated All Pages****** for Covering_Schedule_5_page_1.png
2024-04-30 13:54:11,766 RAM memory 72.6 used for Covering_Schedule_5_page_1.png Generating All Pages:
2024-04-30 13:54:11,766 Processing time taken for all pages of Covering_Schedule_5_page_1.png1:0:00:01.722458
2024-04-30 13:54:11,886 file name is:Covering_Schedule_232_page_2.png
2024-04-30 13:54:11,886 folder path :Images
2024-04-30 13:54:11,886 Calling Image result
2024-04-30 13:54:11,886 is all_page_result is instance of dict? True
2024-04-30 13:54:11,887 STREAM b'IHDR' 16 13
2024-04-30 13:54:11,887 STREAM b'sRGB' 41 1
2024-04-30 13:54:11,887 STREAM b'gAMA' 54 4
2024-04-30 13:54:11,887 STREAM b'pHYs' 70 9
2024-04-30 13:54:11,887 STREAM b'IDAT' 91 37826
2024-04-30 13:54:11,917 is words is instance of list? True
2024-04-30 13:54:11,917 is bboxes is instance of list? True
2024-04-30 13:54:11,917 is bounding_boxes is instance of list? True
2024-04-30 13:54:12,150 is input_id_chunks is instance of list? True
2024-04-30 13:54:12,150 is mask_chunks is instance of list? True
2024-04-30 13:54:12,150 is bbox_chunks is instance of list? True
2024-04-30 13:54:12,150 is image_chunks is instance of list? True
2024-04-30 13:54:12,151 is input_dict is instance of dict? True
2024-04-30 13:54:13,513 Model Called
2024-04-30 13:54:13,514 RAM memory 72.3 used for Covering_Schedule_232_page_2.png:
2024-04-30 13:54:13,514 is all_predictions is instance of list? True
2024-04-30 13:54:13,514 is all_boxes is instance of list? True
2024-04-30 13:54:13,514 is all_confidences is instance of list? True
2024-04-30 13:54:13,514 is all_text is instance of list? True
2024-04-30 13:54:13,514 is label2id is instance of dict? True
2024-04-30 13:54:13,514 is id2label is instance of dict? True
2024-04-30 13:54:13,515 is label2color is instance of dict? True
2024-04-30 13:54:13,515 label2color : {'tenor_type': '#F4E51E', 'invoice_due_date': '#80576D', 'diclaration_by': '#B32EAB', 'invoice_amount': '#059941', 'original_or_copy': '#58B918', 'boe_currency': '#93D030', 'lc_ref_no': '#F97BBE', 'boe_amount': '#A93340', 'indicator_date': '#F2E11C', 'tenore_details': '#42BEC2', 'lc_date': '#693936', 'issuing_bank': '#B9EFC9', 'drawer_name': '#073C9F', 'stamp': '#0B8690', 'drawer_bank_address': '#73B4D1', 'drawer_address': '#0E613B', 'drawee_name': '#003F6B', 'country_of_origin': '#E59146', 'tenor_indicator': '#A1AD80', 'bill_exchange_no': '#E64421', 'drawee_bank_address': '#B01B59', 'issuing_bank_address': '#FDBA94', 'bill_exchange_date': '#F5BE0A', 'goods_discription': '#D08FEA', 'drawer_bank_name': '#1F8312', 'indicator_type': '#926BFD', 'drawee_bank_name': '#B54B8B', 'usance_tenor': '#A33203', 'signature': '#04FD18', 'invoice_no': '#EAC4ED', 'original_number': '#3DA160', 'drawee_address': '#B618C9', 'invoice_date': '#B5E861', 'issue_place': '#3C44DB', 'invoice_currency': '#8B5BA0', 'O': '#2EFB09', 'amount_in_words': '#2662EF'}
2024-04-30 13:54:13,667 is result_set is instance of dict? True
2024-04-30 13:54:13,668 is final_result_set is instance of dict? True
2024-04-30 13:54:13,727 Time taken for page 1 of Covering_Schedule_232_page_2.png:0:00:01.840137
2024-04-30 13:54:13,855 *****Generated All Pages****** for Covering_Schedule_232_page_2.png
2024-04-30 13:54:13,855 RAM memory 72.3 used for Covering_Schedule_232_page_2.png Generating All Pages:
2024-04-30 13:54:13,856 Processing time taken for all pages of Covering_Schedule_232_page_2.png1:0:00:01.969497
2024-04-30 13:54:13,971 file name is:Covering_Schedule_778_page_9.png
2024-04-30 13:54:13,972 folder path :Images
2024-04-30 13:54:13,972 Calling Image result
2024-04-30 13:54:13,972 is all_page_result is instance of dict? True
2024-04-30 13:54:13,972 STREAM b'IHDR' 16 13
2024-04-30 13:54:13,972 STREAM b'IDAT' 41 23222
2024-04-30 13:54:13,982 is words is instance of list? True
2024-04-30 13:54:13,983 is bboxes is instance of list? True
2024-04-30 13:54:13,983 is bounding_boxes is instance of list? True
2024-04-30 13:54:14,058 is input_id_chunks is instance of list? True
2024-04-30 13:54:14,058 is mask_chunks is instance of list? True
2024-04-30 13:54:14,058 is bbox_chunks is instance of list? True
2024-04-30 13:54:14,058 is image_chunks is instance of list? True
2024-04-30 13:54:14,058 is input_dict is instance of dict? True
2024-04-30 13:54:15,475 Model Called
2024-04-30 13:54:15,476 RAM memory 71.8 used for Covering_Schedule_778_page_9.png:
2024-04-30 13:54:15,476 is all_predictions is instance of list? True
2024-04-30 13:54:15,476 is all_boxes is instance of list? True
2024-04-30 13:54:15,476 is all_confidences is instance of list? True
2024-04-30 13:54:15,476 is all_text is instance of list? True
2024-04-30 13:54:15,477 is label2id is instance of dict? True
2024-04-30 13:54:15,477 is id2label is instance of dict? True
2024-04-30 13:54:15,477 is label2color is instance of dict? True
2024-04-30 13:54:15,477 label2color : {'tenor_type': '#287F04', 'invoice_due_date': '#37E821', 'diclaration_by': '#E86B79', 'invoice_amount': '#F2A93E', 'original_or_copy': '#C3418A', 'boe_currency': '#B1AF3C', 'lc_ref_no': '#07E496', 'boe_amount': '#080F12', 'indicator_date': '#BAC0EB', 'tenore_details': '#5D66CF', 'lc_date': '#1E5133', 'issuing_bank': '#4F2CE3', 'drawer_name': '#A0676F', 'stamp': '#807099', 'drawer_bank_address': '#A1C8AC', 'drawer_address': '#834E60', 'drawee_name': '#6829EE', 'country_of_origin': '#1C7FDB', 'tenor_indicator': '#2BFE37', 'bill_exchange_no': '#49A644', 'drawee_bank_address': '#CEBFD5', 'issuing_bank_address': '#F8CD36', 'bill_exchange_date': '#7CBFD7', 'goods_discription': '#7348D4', 'drawer_bank_name': '#90F829', 'indicator_type': '#7BDCDC', 'drawee_bank_name': '#DE2C9E', 'usance_tenor': '#2BA297', 'signature': '#AED9A0', 'invoice_no': '#558112', 'original_number': '#8EB554', 'drawee_address': '#E7153B', 'invoice_date': '#334C06', 'issue_place': '#1CA8C0', 'invoice_currency': '#F98F51', 'O': '#7308AB', 'amount_in_words': '#BD1921'}
2024-04-30 13:54:15,544 is result_set is instance of dict? True
2024-04-30 13:54:15,545 is final_result_set is instance of dict? True
2024-04-30 13:54:15,595 Time taken for page 1 of Covering_Schedule_778_page_9.png:0:00:01.622246
2024-04-30 13:54:15,643 *****Generated All Pages****** for Covering_Schedule_778_page_9.png
2024-04-30 13:54:15,643 RAM memory 71.9 used for Covering_Schedule_778_page_9.png Generating All Pages:
2024-04-30 13:54:15,643 Processing time taken for all pages of Covering_Schedule_778_page_9.png1:0:00:01.671647
2024-04-30 13:54:15,772 file name is:Covering_Schedule_904_page_4.png
2024-04-30 13:54:15,772 folder path :Images
2024-04-30 13:54:15,772 Calling Image result
2024-04-30 13:54:15,772 is all_page_result is instance of dict? True
2024-04-30 13:54:15,773 STREAM b'IHDR' 16 13
2024-04-30 13:54:15,773 STREAM b'IDAT' 41 36201
2024-04-30 13:54:15,788 is words is instance of list? True
2024-04-30 13:54:15,788 is bboxes is instance of list? True
2024-04-30 13:54:15,788 is bounding_boxes is instance of list? True
2024-04-30 13:54:15,887 is input_id_chunks is instance of list? True
2024-04-30 13:54:15,887 is mask_chunks is instance of list? True
2024-04-30 13:54:15,887 is bbox_chunks is instance of list? True
2024-04-30 13:54:15,887 is image_chunks is instance of list? True
2024-04-30 13:54:15,887 is input_dict is instance of dict? True
2024-04-30 13:54:17,405 Model Called
2024-04-30 13:54:17,405 RAM memory 71.9 used for Covering_Schedule_904_page_4.png:
2024-04-30 13:54:17,405 is all_predictions is instance of list? True
2024-04-30 13:54:17,405 is all_boxes is instance of list? True
2024-04-30 13:54:17,405 is all_confidences is instance of list? True
2024-04-30 13:54:17,405 is all_text is instance of list? True
2024-04-30 13:54:17,405 is label2id is instance of dict? True
2024-04-30 13:54:17,406 is id2label is instance of dict? True
2024-04-30 13:54:17,406 is label2color is instance of dict? True
2024-04-30 13:54:17,406 label2color : {'tenor_type': '#398CB0', 'invoice_due_date': '#BE3501', 'diclaration_by': '#127CBF', 'invoice_amount': '#D7385C', 'original_or_copy': '#45941E', 'boe_currency': '#D4B356', 'lc_ref_no': '#D63D0E', 'boe_amount': '#FC232F', 'indicator_date': '#B86946', 'tenore_details': '#6170EF', 'lc_date': '#24C512', 'issuing_bank': '#CB8303', 'drawer_name': '#0B74EB', 'stamp': '#ADA36F', 'drawer_bank_address': '#265B0F', 'drawer_address': '#2FF241', 'drawee_name': '#A62310', 'country_of_origin': '#2458A7', 'tenor_indicator': '#39DA70', 'bill_exchange_no': '#E1C6E9', 'drawee_bank_address': '#CDB860', 'issuing_bank_address': '#E81ECE', 'bill_exchange_date': '#DD8D6B', 'goods_discription': '#A19F05', 'drawer_bank_name': '#110511', 'indicator_type': '#7628B1', 'drawee_bank_name': '#4DD353', 'usance_tenor': '#588E40', 'signature': '#0294C6', 'invoice_no': '#086564', 'original_number': '#55442E', 'drawee_address': '#AE4230', 'invoice_date': '#71FA71', 'issue_place': '#9A5F0D', 'invoice_currency': '#AE8435', 'O': '#CEBBAB', 'amount_in_words': '#5B7209'}
2024-04-30 13:54:17,465 is result_set is instance of dict? True
2024-04-30 13:54:17,466 is final_result_set is instance of dict? True
2024-04-30 13:54:17,539 Time taken for page 1 of Covering_Schedule_904_page_4.png:0:00:01.766413
2024-04-30 13:54:17,607 *****Generated All Pages****** for Covering_Schedule_904_page_4.png
2024-04-30 13:54:17,607 RAM memory 72.1 used for Covering_Schedule_904_page_4.png Generating All Pages:
2024-04-30 13:54:17,607 Processing time taken for all pages of Covering_Schedule_904_page_4.png1:0:00:01.835093
2024-04-30 13:54:17,722 file name is:Covering_Schedule_616_page_5.png
2024-04-30 13:54:17,722 folder path :Images
2024-04-30 13:54:17,722 Calling Image result
2024-04-30 13:54:17,722 is all_page_result is instance of dict? True
2024-04-30 13:54:17,723 STREAM b'IHDR' 16 13
2024-04-30 13:54:17,723 STREAM b'IDAT' 41 15494
2024-04-30 13:54:17,731 is words is instance of list? True
2024-04-30 13:54:17,731 is bboxes is instance of list? True
2024-04-30 13:54:17,731 is bounding_boxes is instance of list? True
2024-04-30 13:54:17,803 is input_id_chunks is instance of list? True
2024-04-30 13:54:17,803 is mask_chunks is instance of list? True
2024-04-30 13:54:17,803 is bbox_chunks is instance of list? True
2024-04-30 13:54:17,803 is image_chunks is instance of list? True
2024-04-30 13:54:17,803 is input_dict is instance of dict? True
2024-04-30 13:54:18,958 Model Called
2024-04-30 13:54:18,958 RAM memory 72.0 used for Covering_Schedule_616_page_5.png:
2024-04-30 13:54:18,958 is all_predictions is instance of list? True
2024-04-30 13:54:18,958 is all_boxes is instance of list? True
2024-04-30 13:54:18,958 is all_confidences is instance of list? True
2024-04-30 13:54:18,958 is all_text is instance of list? True
2024-04-30 13:54:18,958 is label2id is instance of dict? True
2024-04-30 13:54:18,958 is id2label is instance of dict? True
2024-04-30 13:54:18,959 is label2color is instance of dict? True
2024-04-30 13:54:18,959 label2color : {'tenor_type': '#EC49AF', 'invoice_due_date': '#A0CF9A', 'diclaration_by': '#765F54', 'invoice_amount': '#9D28F5', 'original_or_copy': '#E5F319', 'boe_currency': '#8FC92D', 'lc_ref_no': '#365312', 'boe_amount': '#628A08', 'indicator_date': '#AD7FA9', 'tenore_details': '#1CE76A', 'lc_date': '#258562', 'issuing_bank': '#BB0DF9', 'drawer_name': '#5F459E', 'stamp': '#E482F5', 'drawer_bank_address': '#D40506', 'drawer_address': '#656DB3', 'drawee_name': '#282B01', 'country_of_origin': '#A062B8', 'tenor_indicator': '#271A55', 'bill_exchange_no': '#78723D', 'drawee_bank_address': '#C082B3', 'issuing_bank_address': '#59D1B4', 'bill_exchange_date': '#2942F3', 'goods_discription': '#D1DE7F', 'drawer_bank_name': '#533D20', 'indicator_type': '#51D262', 'drawee_bank_name': '#C5BBD3', 'usance_tenor': '#1B91BC', 'signature': '#7D02B3', 'invoice_no': '#49E97B', 'original_number': '#40161C', 'drawee_address': '#55B422', 'invoice_date': '#E73915', 'issue_place': '#7320C9', 'invoice_currency': '#52FD32', 'O': '#AD4F6D', 'amount_in_words': '#BD27FE'}
2024-04-30 13:54:19,006 is result_set is instance of dict? True
2024-04-30 13:54:19,007 is final_result_set is instance of dict? True
2024-04-30 13:54:19,077 Time taken for page 1 of Covering_Schedule_616_page_5.png:0:00:01.354042
2024-04-30 13:54:19,122 *****Generated All Pages****** for Covering_Schedule_616_page_5.png
2024-04-30 13:54:19,122 RAM memory 72.0 used for Covering_Schedule_616_page_5.png Generating All Pages:
2024-04-30 13:54:19,122 Processing time taken for all pages of Covering_Schedule_616_page_5.png1:0:00:01.399722
2024-04-30 13:54:19,234 file name is:Covering_Schedule_2_page_1.png
2024-04-30 13:54:19,234 folder path :Images
2024-04-30 13:54:19,234 Calling Image result
2024-04-30 13:54:19,234 is all_page_result is instance of dict? True
2024-04-30 13:54:19,234 STREAM b'IHDR' 16 13
2024-04-30 13:54:19,234 STREAM b'IDAT' 41 43099
2024-04-30 13:54:19,262 is words is instance of list? True
2024-04-30 13:54:19,262 is bboxes is instance of list? True
2024-04-30 13:54:19,262 is bounding_boxes is instance of list? True
2024-04-30 13:54:19,485 is input_id_chunks is instance of list? True
2024-04-30 13:54:19,485 is mask_chunks is instance of list? True
2024-04-30 13:54:19,485 is bbox_chunks is instance of list? True
2024-04-30 13:54:19,485 is image_chunks is instance of list? True
2024-04-30 13:54:19,485 is input_dict is instance of dict? True
2024-04-30 13:54:20,693 Model Called
2024-04-30 13:54:20,693 RAM memory 72.1 used for Covering_Schedule_2_page_1.png:
2024-04-30 13:54:20,694 is all_predictions is instance of list? True
2024-04-30 13:54:20,694 is all_boxes is instance of list? True
2024-04-30 13:54:20,694 is all_confidences is instance of list? True
2024-04-30 13:54:20,694 is all_text is instance of list? True
2024-04-30 13:54:20,695 is label2id is instance of dict? True
2024-04-30 13:54:20,695 is id2label is instance of dict? True
2024-04-30 13:54:20,696 is label2color is instance of dict? True
2024-04-30 13:54:20,696 label2color : {'tenor_type': '#947318', 'invoice_due_date': '#3CAC9C', 'diclaration_by': '#8750F7', 'invoice_amount': '#F3666A', 'original_or_copy': '#7D1954', 'boe_currency': '#93A9D9', 'lc_ref_no': '#73C7F6', 'boe_amount': '#4F9359', 'indicator_date': '#8CC5B2', 'tenore_details': '#517D6A', 'lc_date': '#E45A1A', 'issuing_bank': '#7E9B97', 'drawer_name': '#B558D3', 'stamp': '#A22884', 'drawer_bank_address': '#FFFEC4', 'drawer_address': '#99F7CB', 'drawee_name': '#5E0FF7', 'country_of_origin': '#064484', 'tenor_indicator': '#527391', 'bill_exchange_no': '#24CD18', 'drawee_bank_address': '#61274E', 'issuing_bank_address': '#72C09B', 'bill_exchange_date': '#9ED9E5', 'goods_discription': '#4899E1', 'drawer_bank_name': '#CE6584', 'indicator_type': '#481E51', 'drawee_bank_name': '#F2D51D', 'usance_tenor': '#D5DE46', 'signature': '#1ABA62', 'invoice_no': '#6BDCEE', 'original_number': '#B7D681', 'drawee_address': '#833286', 'invoice_date': '#5D2AF6', 'issue_place': '#C880C3', 'invoice_currency': '#2A6077', 'O': '#09EB06', 'amount_in_words': '#375CCC'}
2024-04-30 13:54:20,862 is result_set is instance of dict? True
2024-04-30 13:54:20,863 is final_result_set is instance of dict? True
2024-04-30 13:54:20,963 Time taken for page 1 of Covering_Schedule_2_page_1.png:0:00:01.728784
2024-04-30 13:54:21,086 *****Generated All Pages****** for Covering_Schedule_2_page_1.png
2024-04-30 13:54:21,086 RAM memory 72.3 used for Covering_Schedule_2_page_1.png Generating All Pages:
2024-04-30 13:54:21,086 Processing time taken for all pages of Covering_Schedule_2_page_1.png1:0:00:01.852490
2024-04-30 13:54:21,202 file name is:Covering_Schedule_606_page_2.png
2024-04-30 13:54:21,202 folder path :Images
2024-04-30 13:54:21,202 Calling Image result
2024-04-30 13:54:21,202 is all_page_result is instance of dict? True
2024-04-30 13:54:21,202 STREAM b'IHDR' 16 13
2024-04-30 13:54:21,202 STREAM b'IDAT' 41 29457
2024-04-30 13:54:21,232 is words is instance of list? True
2024-04-30 13:54:21,232 is bboxes is instance of list? True
2024-04-30 13:54:21,232 is bounding_boxes is instance of list? True
2024-04-30 13:54:21,561 is input_id_chunks is instance of list? True
2024-04-30 13:54:21,561 is mask_chunks is instance of list? True
2024-04-30 13:54:21,561 is bbox_chunks is instance of list? True
2024-04-30 13:54:21,561 is image_chunks is instance of list? True
2024-04-30 13:54:21,562 is input_dict is instance of dict? True
