2024-04-29 23:14:55,535 checkpoint 1 => setting basis cofiguration for logging purposes
2024-04-29 23:14:55,538 start time: 2024-04-29 23:14:55.538301
2024-04-29 23:14:59,465 Starting new HTTPS connection (1): huggingface.co:443
2024-04-29 23:14:59,864 https://huggingface.co:443 "HEAD /microsoft/layoutlmv2-base-uncased/resolve/main/preprocessor_config.json HTTP/1.1" 200 0
2024-04-29 23:15:00,376 https://huggingface.co:443 "HEAD /microsoft/layoutlmv2-base-uncased/resolve/main/tokenizer_config.json HTTP/1.1" 404 0
2024-04-29 23:15:01,096 https://huggingface.co:443 "HEAD /microsoft/layoutlmv2-base-uncased/resolve/main/vocab.txt HTTP/1.1" 200 0
2024-04-29 23:15:01,141 RAM memory for Model loading used: 48.6
2024-04-29 23:15:01,141 cpu_utilization % for Model Loading:-8.799999999999997
2024-04-29 23:15:01,141 memory_consumption in bytes for Loading Model:908861440
2024-04-29 23:15:01,141 Loaded Model successfully
2024-04-29 23:15:01,141 file name is:Bill_of_lading_1029_page_6.png
2024-04-29 23:15:01,141 folder path :Images
2024-04-29 23:15:01,141 Calling Image result
2024-04-29 23:15:01,141 is all_page_result is instance of dict? True
2024-04-29 23:15:01,149 STREAM b'IHDR' 16 13
2024-04-29 23:15:01,149 STREAM b'PLTE' 41 768
2024-04-29 23:15:01,149 STREAM b'IDAT' 821 65536
2024-04-29 23:15:01,174 is words is instance of list? True
2024-04-29 23:15:01,174 is bboxes is instance of list? True
2024-04-29 23:15:01,174 is bounding_boxes is instance of list? True
2024-04-29 23:15:01,291 is input_id_chunks is instance of list? True
2024-04-29 23:15:01,291 is mask_chunks is instance of list? True
2024-04-29 23:15:01,291 is bbox_chunks is instance of list? True
2024-04-29 23:15:01,291 is image_chunks is instance of list? True
2024-04-29 23:15:01,293 is input_dict is instance of dict? True
2024-04-29 23:15:02,821 Model Called
2024-04-29 23:15:02,822 RAM memory 54.5 used for Bill_of_lading_1029_page_6.png:
2024-04-29 23:15:02,822 is all_predictions is instance of list? True
2024-04-29 23:15:02,822 is all_boxes is instance of list? True
2024-04-29 23:15:02,823 is all_confidences is instance of list? True
2024-04-29 23:15:02,823 is all_text is instance of list? True
2024-04-29 23:15:02,824 is label2id is instance of dict? True
2024-04-29 23:15:02,824 is id2label is instance of dict? True
2024-04-29 23:15:02,825 is label2color is instance of dict? True
2024-04-29 23:15:02,825 label2color : {'stamp': '#D7F473', 'bol_original_or_copy': '#15CE32', 'vessel_name': '#3D1573', 'shipped_onboard_date': '#C78E5E', 'final_destination': '#311662', 'measurement': '#0D6EF2', 'country_of_origin': '#621254', 'bol_original_number': '#7ECA41', 'net_weight': '#FA4B94', 'signed_by_carrier': '#9536F7', 'gross_weight': '#45F73A', 'carrier_country': '#423539', 'port_of_discharge': '#9B1B0E', 'goods_quantity': '#48894F', 'notify_party_name': '#E6358E', 'port_of_loading': '#5847BA', 'shipper_address': '#AE299D', 'place_of_issue': '#B454AA', 'agent_country': '#17E391', 'freight_collect_at': '#6F3224', 'place_of_receipt': '#F35137', 'voyage_number': '#D7061C', 'signature': '#C25F4C', 'consignee_name': '#1CCF4C', 'consignee_address': '#2CC4A4', 'bill_of_lading_issue_date': '#D84761', 'mode_of_transport': '#9BBA13', 'shipper_name': '#4B037E', 'signed_By_agent': '#CE1C28', 'container_number': '#94943D', 'transaction_date': '#A82DB6', 'notify_party_address': '#1B5D59', 'goods_marks_and_nos': '#94B744', 'goods_description': '#262D03', 'lc_date': '#2E763D', 'dimension': '#34D17C', 'agent_name': '#7CD287', 'carrier_name': '#A0E16C', 'O': '#6C0B2C', 'lc_ref_number': '#F80187', 'pre_carriage_by': '#DBFA98', 'page_no': '#8FA07D', 'total_original_no': '#064479', 'freight_collect_or_prepaid': '#16BCF2', 'signed_by_master': '#4D24B5', 'bill_of_lading_number': '#3D798F'}
2024-04-29 23:15:02,888 is result_set is instance of dict? True
2024-04-29 23:15:02,889 is final_result_set is instance of dict? True
