2024-03-06 11:38:09,730 checkpoint 1 => setting basis cofiguration for logging purposes
2024-03-06 11:38:09,731 start time: 2024-03-06 11:38:09.731714
2024-03-06 11:38:13,559 Falling back to TensorFlow client; we recommended you install the Cloud TPU client directly with pip install cloud-tpu-client.
2024-03-06 11:38:13,756 Creating converter from 7 to 5
2024-03-06 11:38:13,756 Creating converter from 5 to 7
2024-03-06 11:38:13,756 Creating converter from 7 to 5
2024-03-06 11:38:13,756 Creating converter from 5 to 7
2024-03-06 11:38:14,343 Starting new HTTPS connection (1): huggingface.co:443
2024-03-06 11:38:14,742 https://huggingface.co:443 "HEAD /microsoft/layoutlmv2-base-uncased/resolve/main/preprocessor_config.json HTTP/1.1" 200 0
2024-03-06 11:38:15,263 https://huggingface.co:443 "HEAD /microsoft/layoutlmv2-base-uncased/resolve/main/tokenizer_config.json HTTP/1.1" 404 0
2024-03-06 11:38:15,580 https://huggingface.co:443 "HEAD /microsoft/layoutlmv2-base-uncased/resolve/main/vocab.txt HTTP/1.1" 200 0
2024-03-06 11:38:15,635 RAM memory for Model loading used: 59.4
2024-03-06 11:38:15,635 cpu_utilization % for Model Loading:13.7
2024-03-06 11:38:15,635 memory_consumption in bytes for Loading Model:1156169728
2024-03-06 11:38:15,635 Loaded Model successfully
2024-03-06 11:38:15,635 file name is:Proforma_Invoice(2013_01_10_13_53_55_9320)_516_0.png
2024-03-06 11:38:15,635 folder path :Images
2024-03-06 11:38:15,635 Calling Image result
2024-03-06 11:38:15,635 is all_page_result is instance of dict? True
2024-03-06 11:38:15,641 STREAM b'IHDR' 16 13
2024-03-06 11:38:15,641 STREAM b'pHYs' 41 9
2024-03-06 11:38:15,641 STREAM b'IDAT' 62 107579
2024-03-06 11:38:15,656 is words is instance of list? True
2024-03-06 11:38:15,656 is bboxes is instance of list? True
2024-03-06 11:38:15,656 is bounding_boxes is instance of list? True
2024-03-06 11:38:15,702 is input_id_chunks is instance of list? True
2024-03-06 11:38:15,702 is mask_chunks is instance of list? True
2024-03-06 11:38:15,702 is bbox_chunks is instance of list? True
2024-03-06 11:38:15,702 is image_chunks is instance of list? True
2024-03-06 11:38:15,704 is input_dict is instance of dict? True
2024-03-06 11:38:16,844 Model Called
2024-03-06 11:38:16,844 RAM memory 65.5 used for Proforma_Invoice(2013_01_10_13_53_55_9320)_516_0.png:
2024-03-06 11:38:16,844 is all_predictions is instance of list? True
2024-03-06 11:38:16,844 is all_boxes is instance of list? True
2024-03-06 11:38:16,845 is all_confidences is instance of list? True
2024-03-06 11:38:16,845 is all_text is instance of list? True
2024-03-06 11:38:16,845 is label2id is instance of dict? True
2024-03-06 11:38:16,845 is id2label is instance of dict? True
2024-03-06 11:38:16,846 is label2color is instance of dict? True
2024-03-06 11:38:16,846 label2color : {'transaction_date': '#DCB244', 'beneficiary_bank_swift': '#BB1DFC', 'unit': '#7DFB07', 'gross_weight': '#F5C1A1', 'payment_terms': '#A0C5B6', 'date_of_invoice': '#845281', 'lc_ref_no': '#A831F4', 'order_date': '#DA84FC', 'invoice_tax_amount': '#CA1CB0', 'shipper_name': '#9D0D89', 'freight_charges': '#52960A', 'tolerance_of_quantity': '#E309AD', 'O': '#D8E98B', 'transport_details': '#5DFF3C', 'place_of_receipt': '#5D7A12', 'country_of_final_destination': '#858433', 'notify_party_name': '#1FDAC7', 'remitter_country': '#FCAC42', 'beneficiary_country': '#5A547E', 'final_destination': '#82FDCC', 'pre-carriage-by': '#38F274', 'invoice_no': '#79F002', 'insurance_charges': '#D5B879', 'cosignee_name': '#543855', 'tenor_indicator': '#5F26D1', 'incoterm': '#404F71', 'original_or_copy': '#C9F2AD', 'page_no': '#269C77', 'vessel_flight_no': '#3D02D1', 'beneficiary_bank_identifier': '#5428D4', 'port_of_loading': '#CC9B09', 'awb_number': '#EE0067', 'transaction_amonunt_value': '#091EB6', 'shipper_address': '#0C0B63', 'goods_description': '#011872', 'consignor_name': '#E2FBDD', 'stamp': '#F0627D', 'bill_of_lading_no': '#5C83CD', 'transhipment': '#8E4A5F', 'invoice_due_date': '#7FAABF', 'indicator_type': '#44485B', 'importer_your_ref_no': '#AA0591', 'rate_per_unit': '#DF9B31', 'beneficiary_bank_country': '#8CCDA2', 'notify_party_country': '#54D397', 'beneficiary_drawer_exporter_seller_supplier_tin': '#99D33C', 'signature': '#547C68', 'invoice_amount': '#3EE5A1', 'lc_date': '#57210D', 'advance_amount': '#F1E5B1', 'beneficiary_address': '#B87672', 'signature_of_the_issuer': '#A9C114', 'beneficiary_account_number': '#045CA3', 'signed_by': '#1756FE', 'from': '#A6C967', 'exporter_our_ref_no': '#9C93DA', 'remitter_drawee_applicant_importer_buyer_name': '#2E3E1B', 'packaging_description': '#075C2B', 'notify_party_address': '#EB8CF0', 'hs_code_no': '#6B322B', 'beneficiary_iban_number': '#8FCAE8', 'beneficiary_drawer_exporter_seller_supplier_name': '#3E9A57', 'beneficiary_bank_name': '#B654F4', 'delivery_terms': '#36C8DF', 'total_quantity_of_goods': '#A6BB06', 'dimension': '#E27473', 'invoice_amount_in_words': '#55FD7C', 'invoice_discount_ccy': '#9BA5C8', 'declaration_by_issuer': '#B4F493', 'port_of_discharge': '#D97DBB', 'total_pages': '#F8B6DE', 'usance_tenor': '#A22FF7', 'amount_due': '#D98702', 'purchase_order_no_and_agreement_ref_no': '#E5B4D7', 'vessel_name': '#A3DBD6', 'indicator_date': '#E4C775', 'invoice_tax_ccy': '#CCF4DD', 'mode_of_despatch': '#6505C1', 'net_weight': '#3C6922', 'awb_date': '#D61A0C', 'country_of_origin_of_goods': '#B6700C', 'invoice_currency': '#AD978F', 'bill_of_lading_date': '#D4EB08', 'shipment_date': '#D7B502', 'consignee_address': '#A128AF', 'invoice_discount_amount': '#745C98', 'transaction_currency': '#B70008', 'consignor_country': '#D375A0', 'to': '#35013F', 'consignor_address': '#F40206', 'remitter_address': '#4E797C', 'drawer_ref_no': '#1CD3B2', 'tenor_type': '#17E33C', 'presentation_period': '#F9E287'}
2024-03-06 11:38:16,871 is result_set is instance of dict? True
2024-03-06 11:38:16,871 is final_result_set is instance of dict? True
