2024-04-26 11:43:33,526 checkpoint 1 => setting basis cofiguration for logging purposes
2024-04-26 11:43:33,527 start time: 2024-04-26 11:43:33.527747
2024-04-26 11:43:36,876 Starting new HTTPS connection (1): huggingface.co:443
2024-04-26 11:43:37,297 https://huggingface.co:443 "HEAD /microsoft/layoutlmv2-base-uncased/resolve/main/preprocessor_config.json HTTP/1.1" 200 0
2024-04-26 11:43:37,714 https://huggingface.co:443 "HEAD /microsoft/layoutlmv2-base-uncased/resolve/main/tokenizer_config.json HTTP/1.1" 404 0
2024-04-26 11:43:38,025 https://huggingface.co:443 "HEAD /microsoft/layoutlmv2-base-uncased/resolve/main/vocab.txt HTTP/1.1" 200 0
2024-04-26 11:43:38,061 RAM memory for Model loading used: 61.4
2024-04-26 11:43:38,061 cpu_utilization % for Model Loading:-32.7
2024-04-26 11:43:38,061 memory_consumption in bytes for Loading Model:911953920
2024-04-26 11:43:38,061 Loaded Model successfully
2024-04-26 11:43:38,061 file name is:Bill_of_lading_1505_page_4.png
2024-04-26 11:43:38,061 folder path :Images
2024-04-26 11:43:38,061 Calling Image result
2024-04-26 11:43:38,061 is all_page_result is instance of dict? True
2024-04-26 11:43:38,067 STREAM b'IHDR' 16 13
2024-04-26 11:43:38,067 STREAM b'PLTE' 41 6
2024-04-26 11:43:38,067 STREAM b'IDAT' 59 65536
2024-04-26 11:43:38,125 is words is instance of list? True
2024-04-26 11:43:38,125 is bboxes is instance of list? True
2024-04-26 11:43:38,125 is bounding_boxes is instance of list? True
2024-04-26 11:43:38,562 is input_id_chunks is instance of list? True
2024-04-26 11:43:38,562 is mask_chunks is instance of list? True
2024-04-26 11:43:38,562 is bbox_chunks is instance of list? True
2024-04-26 11:43:38,562 is image_chunks is instance of list? True
2024-04-26 11:43:38,563 is input_dict is instance of dict? True
2024-04-26 11:43:41,207 Model Called
2024-04-26 11:43:41,207 RAM memory 72.7 used for Bill_of_lading_1505_page_4.png:
2024-04-26 11:43:41,207 is all_predictions is instance of list? True
2024-04-26 11:43:41,207 is all_boxes is instance of list? True
2024-04-26 11:43:41,207 is all_confidences is instance of list? True
2024-04-26 11:43:41,207 is all_text is instance of list? True
2024-04-26 11:43:41,208 is label2id is instance of dict? True
2024-04-26 11:43:41,208 is id2label is instance of dict? True
2024-04-26 11:43:41,209 is label2color is instance of dict? True
2024-04-26 11:43:41,209 label2color : {'stamp': '#010CFD', 'bol_original_or_copy': '#455BA3', 'vessel_name': '#19C58B', 'shipped_onboard_date': '#0F86B4', 'final_destination': '#94161B', 'measurement': '#38168D', 'country_of_origin': '#876AC8', 'bol_original_number': '#EDBF3A', 'net_weight': '#88A818', 'signed_by_carrier': '#E053AB', 'gross_weight': '#450D16', 'carrier_country': '#3820AA', 'port_of_discharge': '#9323F5', 'goods_quantity': '#672274', 'notify_party_name': '#747888', 'port_of_loading': '#7A8389', 'shipper_address': '#D26E46', 'place_of_issue': '#4EBE54', 'agent_country': '#93E82E', 'freight_collect_at': '#58AC9E', 'place_of_receipt': '#92FEAE', 'voyage_number': '#F5D82F', 'signature': '#A82DE6', 'consignee_name': '#5BC43A', 'consignee_address': '#ADA265', 'bill_of_lading_issue_date': '#230C3B', 'mode_of_transport': '#C0135B', 'shipper_name': '#F49082', 'signed_By_agent': '#7B6727', 'container_number': '#19B2A4', 'transaction_date': '#0B3F99', 'notify_party_address': '#AC1F96', 'goods_marks_and_nos': '#8F9C53', 'goods_description': '#1B3491', 'lc_date': '#77831C', 'dimension': '#52C5A8', 'agent_name': '#4B5626', 'carrier_name': '#41D99C', 'O': '#50526D', 'lc_ref_number': '#711C8F', 'pre_carriage_by': '#47C598', 'page_no': '#888EA9', 'total_original_no': '#85AE2A', 'freight_collect_or_prepaid': '#75FDFC', 'signed_by_master': '#9C6CB1', 'bill_of_lading_number': '#A79EFE'}
2024-04-26 11:43:41,509 is result_set is instance of dict? True
2024-04-26 11:43:41,511 is final_result_set is instance of dict? True
2024-04-26 11:43:41,603 Time taken for page 1 of Bill_of_lading_1505_page_4.png:0:00:03.534889
2024-04-26 11:43:41,753 *****Generated All Pages****** for Bill_of_lading_1505_page_4.png
2024-04-26 11:43:41,753 RAM memory 73.2 used for Bill_of_lading_1505_page_4.png Generating All Pages:
2024-04-26 11:43:41,753 Processing time taken for all pages of Bill_of_lading_1505_page_4.png1:0:00:03.691739
