2024-04-29 15:11:27,352 checkpoint 1 => setting basis cofiguration for logging purposes
2024-04-29 15:11:27,353 start time: 2024-04-29 15:11:27.353670
2024-04-29 15:11:30,241 Starting new HTTPS connection (1): huggingface.co:443
2024-04-29 15:11:30,591 https://huggingface.co:443 "HEAD /microsoft/layoutlmv2-base-uncased/resolve/main/preprocessor_config.json HTTP/1.1" 200 0
2024-04-29 15:11:31,059 https://huggingface.co:443 "HEAD /microsoft/layoutlmv2-base-uncased/resolve/main/tokenizer_config.json HTTP/1.1" 404 0
2024-04-29 15:11:31,373 https://huggingface.co:443 "HEAD /microsoft/layoutlmv2-base-uncased/resolve/main/vocab.txt HTTP/1.1" 200 0
2024-04-29 15:11:31,402 RAM memory for Model loading used: 58.0
2024-04-29 15:11:31,402 cpu_utilization % for Model Loading:-24.2
2024-04-29 15:11:31,402 memory_consumption in bytes for Loading Model:912764928
2024-04-29 15:11:31,402 Loaded Model successfully
2024-04-29 15:11:31,402 file name is:Bill_of_lading_512_page_0.png
2024-04-29 15:11:31,402 folder path :Images
2024-04-29 15:11:31,402 Calling Image result
2024-04-29 15:11:31,403 is all_page_result is instance of dict? True
2024-04-29 15:11:31,406 STREAM b'IHDR' 16 13
2024-04-29 15:11:31,407 STREAM b'IDAT' 41 57112
2024-04-29 15:11:31,442 is words is instance of list? True
2024-04-29 15:11:31,442 is bboxes is instance of list? True
2024-04-29 15:11:31,443 is bounding_boxes is instance of list? True
2024-04-29 15:11:31,829 is input_id_chunks is instance of list? True
2024-04-29 15:11:31,829 is mask_chunks is instance of list? True
2024-04-29 15:11:31,829 is bbox_chunks is instance of list? True
2024-04-29 15:11:31,829 is image_chunks is instance of list? True
2024-04-29 15:11:31,829 is input_dict is instance of dict? True
2024-04-29 15:11:34,652 Model Called
2024-04-29 15:11:34,653 RAM memory 69.6 used for Bill_of_lading_512_page_0.png:
2024-04-29 15:11:34,654 is all_predictions is instance of list? True
2024-04-29 15:11:34,654 is all_boxes is instance of list? True
2024-04-29 15:11:34,654 is all_confidences is instance of list? True
2024-04-29 15:11:34,654 is all_text is instance of list? True
2024-04-29 15:11:34,655 is label2id is instance of dict? True
2024-04-29 15:11:34,655 is id2label is instance of dict? True
2024-04-29 15:11:34,656 is label2color is instance of dict? True
2024-04-29 15:11:34,656 label2color : {'stamp': '#59470E', 'bol_original_or_copy': '#2BEEBD', 'vessel_name': '#9AE006', 'shipped_onboard_date': '#D89D35', 'final_destination': '#1537BB', 'measurement': '#22A9F0', 'country_of_origin': '#9560CA', 'bol_original_number': '#454CC5', 'net_weight': '#CAFCCF', 'signed_by_carrier': '#1EA9CB', 'gross_weight': '#E1298F', 'carrier_country': '#ED6862', 'port_of_discharge': '#E6718A', 'goods_quantity': '#6FD6D6', 'notify_party_name': '#886854', 'port_of_loading': '#701CA8', 'shipper_address': '#B70EA8', 'place_of_issue': '#B88CC7', 'agent_country': '#D3E79B', 'freight_collect_at': '#5FCEA8', 'place_of_receipt': '#D6A320', 'voyage_number': '#4B061C', 'signature': '#D00B7B', 'consignee_name': '#631027', 'consignee_address': '#4E4ADD', 'bill_of_lading_issue_date': '#C9D1F8', 'mode_of_transport': '#878686', 'shipper_name': '#679BA5', 'signed_By_agent': '#1E501C', 'container_number': '#926895', 'transaction_date': '#1E2A73', 'notify_party_address': '#83C301', 'goods_marks_and_nos': '#9AA352', 'goods_description': '#D16455', 'lc_date': '#5EB8A0', 'dimension': '#6A29CB', 'agent_name': '#E132A4', 'carrier_name': '#A9F044', 'O': '#56D2FA', 'lc_ref_number': '#913E70', 'pre_carriage_by': '#EDBDDC', 'page_no': '#F36150', 'total_original_no': '#C0927D', 'freight_collect_or_prepaid': '#76B657', 'signed_by_master': '#352B24', 'bill_of_lading_number': '#3C1F97'}
2024-04-29 15:11:34,883 is result_set is instance of dict? True
2024-04-29 15:11:34,884 is final_result_set is instance of dict? True
