2024-04-26 16:11:26,721 checkpoint 1 => setting basis cofiguration for logging purposes
2024-04-26 16:11:26,723 start time: 2024-04-26 16:11:26.723536
2024-04-26 16:11:30,552 Starting new HTTPS connection (1): huggingface.co:443
2024-04-26 16:11:31,366 https://huggingface.co:443 "HEAD /microsoft/layoutlmv2-base-uncased/resolve/main/preprocessor_config.json HTTP/1.1" 200 0
2024-04-26 16:11:31,776 https://huggingface.co:443 "HEAD /microsoft/layoutlmv2-base-uncased/resolve/main/tokenizer_config.json HTTP/1.1" 404 0
2024-04-26 16:11:32,508 https://huggingface.co:443 "HEAD /microsoft/layoutlmv2-base-uncased/resolve/main/vocab.txt HTTP/1.1" 200 0
2024-04-26 16:11:32,548 RAM memory for Model loading used: 59.1
2024-04-26 16:11:32,548 cpu_utilization % for Model Loading:27.2
2024-04-26 16:11:32,549 memory_consumption in bytes for Loading Model:910204928
2024-04-26 16:11:32,549 Loaded Model successfully
2024-04-26 16:11:32,549 file name is:Bill_of_lading_526_page_0.png
2024-04-26 16:11:32,549 folder path :Images
2024-04-26 16:11:32,549 Calling Image result
2024-04-26 16:11:32,549 is all_page_result is instance of dict? True
2024-04-26 16:11:32,555 STREAM b'IHDR' 16 13
2024-04-26 16:11:32,555 STREAM b'IDAT' 41 65536
2024-04-26 16:11:32,641 is words is instance of list? True
2024-04-26 16:11:32,641 is bboxes is instance of list? True
2024-04-26 16:11:32,641 is bounding_boxes is instance of list? True
2024-04-26 16:11:33,068 is input_id_chunks is instance of list? True
2024-04-26 16:11:33,068 is mask_chunks is instance of list? True
2024-04-26 16:11:33,068 is bbox_chunks is instance of list? True
2024-04-26 16:11:33,068 is image_chunks is instance of list? True
2024-04-26 16:11:33,069 is input_dict is instance of dict? True
2024-04-26 16:11:36,233 Model Called
2024-04-26 16:11:36,233 RAM memory 69.8 used for Bill_of_lading_526_page_0.png:
2024-04-26 16:11:36,233 is all_predictions is instance of list? True
2024-04-26 16:11:36,233 is all_boxes is instance of list? True
2024-04-26 16:11:36,233 is all_confidences is instance of list? True
2024-04-26 16:11:36,233 is all_text is instance of list? True
2024-04-26 16:11:36,234 is label2id is instance of dict? True
2024-04-26 16:11:36,234 is id2label is instance of dict? True
2024-04-26 16:11:36,235 is label2color is instance of dict? True
2024-04-26 16:11:36,235 label2color : {'stamp': '#ABD76B', 'bol_original_or_copy': '#779188', 'vessel_name': '#49645B', 'shipped_onboard_date': '#E6B2D5', 'final_destination': '#C3D6DE', 'measurement': '#3EBC18', 'country_of_origin': '#A05EED', 'bol_original_number': '#FE05E2', 'net_weight': '#86F4DC', 'signed_by_carrier': '#4F5A94', 'gross_weight': '#14D612', 'carrier_country': '#66C71C', 'port_of_discharge': '#1EE3B9', 'goods_quantity': '#3646D7', 'notify_party_name': '#B4E8E6', 'port_of_loading': '#58A6F6', 'shipper_address': '#42EDFC', 'place_of_issue': '#434AB8', 'agent_country': '#1DB33A', 'freight_collect_at': '#7F13E0', 'place_of_receipt': '#326E94', 'voyage_number': '#AE2900', 'signature': '#A93BD3', 'consignee_name': '#5D71C2', 'consignee_address': '#39677D', 'bill_of_lading_issue_date': '#B5A9BD', 'mode_of_transport': '#ADE4F5', 'shipper_name': '#A997F4', 'signed_By_agent': '#6100E6', 'container_number': '#1957AF', 'transaction_date': '#1028C4', 'notify_party_address': '#C06271', 'goods_marks_and_nos': '#E24CAB', 'goods_description': '#8ACF93', 'lc_date': '#F85E22', 'dimension': '#4822A0', 'agent_name': '#FFC6A6', 'carrier_name': '#9CB419', 'O': '#8C8152', 'lc_ref_number': '#FC588B', 'pre_carriage_by': '#5A49ED', 'page_no': '#AF4490', 'total_original_no': '#FC03E0', 'freight_collect_or_prepaid': '#BBC0AA', 'signed_by_master': '#9B3428', 'bill_of_lading_number': '#937D37'}
2024-04-26 16:11:36,464 is result_set is instance of dict? True
2024-04-26 16:11:36,466 is final_result_set is instance of dict? True
