2024-04-27 02:49:09,907 checkpoint 1 => setting basis cofiguration for logging purposes
2024-04-27 02:49:09,918 start time: 2024-04-27 02:49:09.918681
2024-04-27 02:49:12,327 Starting new HTTPS connection (1): huggingface.co:443
2024-04-27 02:49:13,126 https://huggingface.co:443 "HEAD /microsoft/layoutlmv2-base-uncased/resolve/main/preprocessor_config.json HTTP/1.1" 200 0
2024-04-27 02:49:13,588 https://huggingface.co:443 "HEAD /microsoft/layoutlmv2-base-uncased/resolve/main/tokenizer_config.json HTTP/1.1" 404 0
2024-04-27 02:49:14,250 https://huggingface.co:443 "HEAD /microsoft/layoutlmv2-base-uncased/resolve/main/vocab.txt HTTP/1.1" 200 0
2024-04-27 02:49:14,289 RAM memory for Model loading used: 63.6
2024-04-27 02:49:14,289 cpu_utilization % for Model Loading:16.3
2024-04-27 02:49:14,289 memory_consumption in bytes for Loading Model:911118336
2024-04-27 02:49:14,289 Loaded Model successfully
2024-04-27 02:49:14,290 file name is:Bill_Of_Landing_16_page_4.png
2024-04-27 02:49:14,290 folder path :Images
2024-04-27 02:49:14,290 Calling Image result
2024-04-27 02:49:14,290 is all_page_result is instance of dict? True
2024-04-27 02:49:14,293 STREAM b'IHDR' 16 13
2024-04-27 02:49:14,293 STREAM b'IDAT' 41 58233
2024-04-27 02:49:14,322 is words is instance of list? True
2024-04-27 02:49:14,322 is bboxes is instance of list? True
2024-04-27 02:49:14,322 is bounding_boxes is instance of list? True
2024-04-27 02:49:14,569 is input_id_chunks is instance of list? True
2024-04-27 02:49:14,569 is mask_chunks is instance of list? True
2024-04-27 02:49:14,570 is bbox_chunks is instance of list? True
2024-04-27 02:49:14,570 is image_chunks is instance of list? True
2024-04-27 02:49:14,570 is input_dict is instance of dict? True
2024-04-27 02:49:17,188 Model Called
2024-04-27 02:49:17,188 RAM memory 82.3 used for Bill_Of_Landing_16_page_4.png:
2024-04-27 02:49:17,188 is all_predictions is instance of list? True
2024-04-27 02:49:17,188 is all_boxes is instance of list? True
2024-04-27 02:49:17,188 is all_confidences is instance of list? True
2024-04-27 02:49:17,188 is all_text is instance of list? True
2024-04-27 02:49:17,188 is label2id is instance of dict? True
2024-04-27 02:49:17,188 is id2label is instance of dict? True
2024-04-27 02:49:17,189 is label2color is instance of dict? True
2024-04-27 02:49:17,189 label2color : {'stamp': '#E30112', 'bol_original_or_copy': '#8EE587', 'vessel_name': '#CFA2F1', 'shipped_onboard_date': '#AC63FC', 'final_destination': '#6126BA', 'measurement': '#8E3308', 'country_of_origin': '#7B0285', 'bol_original_number': '#4BE578', 'net_weight': '#9F982E', 'signed_by_carrier': '#03806F', 'gross_weight': '#64872C', 'carrier_country': '#AB502E', 'port_of_discharge': '#25C4D6', 'goods_quantity': '#9C07EF', 'notify_party_name': '#15E668', 'port_of_loading': '#9679FD', 'shipper_address': '#ACC248', 'place_of_issue': '#A22B61', 'agent_country': '#8A5AFB', 'freight_collect_at': '#15F477', 'place_of_receipt': '#46271F', 'voyage_number': '#DBF2F2', 'signature': '#0F8C9C', 'consignee_name': '#DCCE9A', 'consignee_address': '#BC0F95', 'bill_of_lading_issue_date': '#186639', 'mode_of_transport': '#CB7946', 'shipper_name': '#875B2F', 'signed_By_agent': '#5A65D1', 'container_number': '#800914', 'transaction_date': '#62FBBD', 'notify_party_address': '#FB10DB', 'goods_marks_and_nos': '#235BB1', 'goods_description': '#E686E1', 'lc_date': '#FA151D', 'dimension': '#3450D2', 'agent_name': '#90AAEA', 'carrier_name': '#85896E', 'O': '#4360C6', 'lc_ref_number': '#EA57FE', 'pre_carriage_by': '#DE579D', 'page_no': '#54DFC1', 'total_original_no': '#43A47C', 'freight_collect_or_prepaid': '#0E2161', 'signed_by_master': '#BB476F', 'bill_of_lading_number': '#09FC14'}
2024-04-27 02:49:17,441 is result_set is instance of dict? True
2024-04-27 02:49:17,442 is final_result_set is instance of dict? True
