2024-04-29 23:48:28,307 checkpoint 1 => setting basis cofiguration for logging purposes
2024-04-29 23:48:28,309 start time: 2024-04-29 23:48:28.308966
2024-04-29 23:48:32,139 Starting new HTTPS connection (1): huggingface.co:443
2024-04-29 23:48:33,048 https://huggingface.co:443 "HEAD /microsoft/layoutlmv2-base-uncased/resolve/main/preprocessor_config.json HTTP/1.1" 200 0
2024-04-29 23:48:33,533 https://huggingface.co:443 "HEAD /microsoft/layoutlmv2-base-uncased/resolve/main/tokenizer_config.json HTTP/1.1" 404 0
2024-04-29 23:48:34,252 https://huggingface.co:443 "HEAD /microsoft/layoutlmv2-base-uncased/resolve/main/vocab.txt HTTP/1.1" 200 0
2024-04-29 23:48:34,304 RAM memory for Model loading used: 49.1
2024-04-29 23:48:34,305 cpu_utilization % for Model Loading:-8.700000000000003
2024-04-29 23:48:34,305 memory_consumption in bytes for Loading Model:910671872
2024-04-29 23:48:34,305 Loaded Model successfully
2024-04-29 23:48:34,305 file name is:Bill_of_lading_1589_page_0.png
2024-04-29 23:48:34,305 folder path :Images
2024-04-29 23:48:34,305 Calling Image result
2024-04-29 23:48:34,305 is all_page_result is instance of dict? True
2024-04-29 23:48:34,311 STREAM b'IHDR' 16 13
2024-04-29 23:48:34,311 STREAM b'IDAT' 41 65536
2024-04-29 23:48:34,367 is words is instance of list? True
2024-04-29 23:48:34,367 is bboxes is instance of list? True
2024-04-29 23:48:34,367 is bounding_boxes is instance of list? True
2024-04-29 23:48:34,801 is input_id_chunks is instance of list? True
2024-04-29 23:48:34,801 is mask_chunks is instance of list? True
2024-04-29 23:48:34,801 is bbox_chunks is instance of list? True
2024-04-29 23:48:34,801 is image_chunks is instance of list? True
2024-04-29 23:48:34,803 is input_dict is instance of dict? True
2024-04-29 23:48:39,572 Model Called
2024-04-29 23:48:39,573 RAM memory 67.6 used for Bill_of_lading_1589_page_0.png:
2024-04-29 23:48:39,573 is all_predictions is instance of list? True
2024-04-29 23:48:39,573 is all_boxes is instance of list? True
2024-04-29 23:48:39,573 is all_confidences is instance of list? True
2024-04-29 23:48:39,573 is all_text is instance of list? True
2024-04-29 23:48:39,573 is label2id is instance of dict? True
2024-04-29 23:48:39,573 is id2label is instance of dict? True
2024-04-29 23:48:39,574 is label2color is instance of dict? True
2024-04-29 23:48:39,574 label2color : {'stamp': '#FF7912', 'bol_original_or_copy': '#F720FE', 'vessel_name': '#1D72B1', 'shipped_onboard_date': '#D797CB', 'final_destination': '#240053', 'measurement': '#3A8C91', 'country_of_origin': '#D33590', 'bol_original_number': '#47A99F', 'net_weight': '#90D478', 'signed_by_carrier': '#E03578', 'gross_weight': '#FCE71A', 'carrier_country': '#6C2D29', 'port_of_discharge': '#A119F8', 'goods_quantity': '#CCE729', 'notify_party_name': '#E2F298', 'port_of_loading': '#CD3273', 'shipper_address': '#9FAA19', 'place_of_issue': '#66FBB9', 'agent_country': '#9139C3', 'freight_collect_at': '#5F57FF', 'place_of_receipt': '#7738A1', 'voyage_number': '#FFF4E6', 'signature': '#A40CB0', 'consignee_name': '#EE27E2', 'consignee_address': '#BF3B08', 'bill_of_lading_issue_date': '#E961C5', 'mode_of_transport': '#6C7871', 'shipper_name': '#A5F634', 'signed_By_agent': '#EB2A39', 'container_number': '#E5F200', 'transaction_date': '#E74BE9', 'notify_party_address': '#56D335', 'goods_marks_and_nos': '#4038A0', 'goods_description': '#531B94', 'lc_date': '#319C63', 'dimension': '#B03C5E', 'agent_name': '#1A9805', 'carrier_name': '#AF71B4', 'O': '#3A40B0', 'lc_ref_number': '#EEEDC6', 'pre_carriage_by': '#D52CC8', 'page_no': '#77AF34', 'total_original_no': '#9A7B8B', 'freight_collect_or_prepaid': '#17522E', 'signed_by_master': '#2143DF', 'bill_of_lading_number': '#E11DD2'}
2024-04-29 23:48:39,973 is result_set is instance of dict? True
2024-04-29 23:48:39,975 is final_result_set is instance of dict? True
2024-04-29 23:48:40,155 Time taken for page 1 of Bill_of_lading_1589_page_0.png:0:00:05.844002
2024-04-29 23:48:40,362 *****Generated All Pages****** for Bill_of_lading_1589_page_0.png
2024-04-29 23:48:40,362 RAM memory 68.3 used for Bill_of_lading_1589_page_0.png Generating All Pages:
2024-04-29 23:48:40,362 Processing time taken for all pages of Bill_of_lading_1589_page_0.png1:0:00:06.056968
2024-04-29 23:48:40,601 file name is:Bill_of_lading_526_page_0.png
2024-04-29 23:48:40,602 folder path :Images
2024-04-29 23:48:40,602 Calling Image result
2024-04-29 23:48:40,602 is all_page_result is instance of dict? True
2024-04-29 23:48:40,602 STREAM b'IHDR' 16 13
2024-04-29 23:48:40,602 STREAM b'IDAT' 41 65536
2024-04-29 23:48:40,637 is words is instance of list? True
2024-04-29 23:48:40,637 is bboxes is instance of list? True
2024-04-29 23:48:40,637 is bounding_boxes is instance of list? True
2024-04-29 23:48:40,961 is input_id_chunks is instance of list? True
2024-04-29 23:48:40,961 is mask_chunks is instance of list? True
2024-04-29 23:48:40,961 is bbox_chunks is instance of list? True
2024-04-29 23:48:40,961 is image_chunks is instance of list? True
2024-04-29 23:48:40,964 is input_dict is instance of dict? True
2024-04-29 23:48:43,994 Model Called
2024-04-29 23:48:43,994 RAM memory 61.4 used for Bill_of_lading_526_page_0.png:
2024-04-29 23:48:43,994 is all_predictions is instance of list? True
2024-04-29 23:48:43,994 is all_boxes is instance of list? True
2024-04-29 23:48:43,995 is all_confidences is instance of list? True
2024-04-29 23:48:43,995 is all_text is instance of list? True
2024-04-29 23:48:43,995 is label2id is instance of dict? True
2024-04-29 23:48:43,995 is id2label is instance of dict? True
2024-04-29 23:48:43,996 is label2color is instance of dict? True
2024-04-29 23:48:43,996 label2color : {'stamp': '#905DB9', 'bol_original_or_copy': '#E31637', 'vessel_name': '#DE52DC', 'shipped_onboard_date': '#6B9F32', 'final_destination': '#613EAC', 'measurement': '#405287', 'country_of_origin': '#27CD10', 'bol_original_number': '#6721BD', 'net_weight': '#2E8689', 'signed_by_carrier': '#376BEC', 'gross_weight': '#3F1663', 'carrier_country': '#19ACAB', 'port_of_discharge': '#18547C', 'goods_quantity': '#DDA529', 'notify_party_name': '#B0E203', 'port_of_loading': '#768402', 'shipper_address': '#809450', 'place_of_issue': '#419FCD', 'agent_country': '#EBA7CC', 'freight_collect_at': '#5544A8', 'place_of_receipt': '#19DA82', 'voyage_number': '#E65519', 'signature': '#05BF4F', 'consignee_name': '#78FDD5', 'consignee_address': '#68C59D', 'bill_of_lading_issue_date': '#7DB254', 'mode_of_transport': '#D55735', 'shipper_name': '#0F5197', 'signed_By_agent': '#76D3B7', 'container_number': '#CFE47E', 'transaction_date': '#1443BA', 'notify_party_address': '#18E8E9', 'goods_marks_and_nos': '#F379B4', 'goods_description': '#4DFDFE', 'lc_date': '#51F7D8', 'dimension': '#CDBE79', 'agent_name': '#5BAA04', 'carrier_name': '#96B078', 'O': '#D3D818', 'lc_ref_number': '#35FA42', 'pre_carriage_by': '#D78569', 'page_no': '#663D39', 'total_original_no': '#D9C5F9', 'freight_collect_or_prepaid': '#E632C4', 'signed_by_master': '#AE6A93', 'bill_of_lading_number': '#DD2F2D'}
2024-04-29 23:48:44,265 is result_set is instance of dict? True
2024-04-29 23:48:44,267 is final_result_set is instance of dict? True
2024-04-29 23:48:44,478 Time taken for page 1 of Bill_of_lading_526_page_0.png:0:00:03.875484
2024-04-29 23:48:44,691 *****Generated All Pages****** for Bill_of_lading_526_page_0.png
2024-04-29 23:48:44,692 RAM memory 61.5 used for Bill_of_lading_526_page_0.png Generating All Pages:
2024-04-29 23:48:44,692 Processing time taken for all pages of Bill_of_lading_526_page_0.png1:0:00:04.090113
2024-04-29 23:48:44,844 file name is:Bill_of_lading_1997_page_0.png
2024-04-29 23:48:44,844 folder path :Images
2024-04-29 23:48:44,844 Calling Image result
2024-04-29 23:48:44,844 is all_page_result is instance of dict? True
2024-04-29 23:48:44,844 STREAM b'IHDR' 16 13
2024-04-29 23:48:44,844 STREAM b'IDAT' 41 65536
2024-04-29 23:48:44,923 is words is instance of list? True
2024-04-29 23:48:44,923 is bboxes is instance of list? True
2024-04-29 23:48:44,923 is bounding_boxes is instance of list? True
2024-04-29 23:48:45,714 is input_id_chunks is instance of list? True
2024-04-29 23:48:45,714 is mask_chunks is instance of list? True
2024-04-29 23:48:45,715 is bbox_chunks is instance of list? True
2024-04-29 23:48:45,715 is image_chunks is instance of list? True
2024-04-29 23:48:45,716 is input_dict is instance of dict? True
2024-04-29 23:48:50,413 Model Called
2024-04-29 23:48:50,414 RAM memory 68.6 used for Bill_of_lading_1997_page_0.png:
2024-04-29 23:48:50,414 is all_predictions is instance of list? True
2024-04-29 23:48:50,414 is all_boxes is instance of list? True
2024-04-29 23:48:50,414 is all_confidences is instance of list? True
2024-04-29 23:48:50,414 is all_text is instance of list? True
2024-04-29 23:48:50,415 is label2id is instance of dict? True
2024-04-29 23:48:50,415 is id2label is instance of dict? True
2024-04-29 23:48:50,416 is label2color is instance of dict? True
2024-04-29 23:48:50,416 label2color : {'stamp': '#AB6BDB', 'bol_original_or_copy': '#52F822', 'vessel_name': '#2F6122', 'shipped_onboard_date': '#FFDB8A', 'final_destination': '#033448', 'measurement': '#A455BD', 'country_of_origin': '#E14E42', 'bol_original_number': '#8C6FF9', 'net_weight': '#AEC61C', 'signed_by_carrier': '#49A051', 'gross_weight': '#C0A1EA', 'carrier_country': '#D3E926', 'port_of_discharge': '#3E3E46', 'goods_quantity': '#7A6B03', 'notify_party_name': '#200899', 'port_of_loading': '#0A5CF0', 'shipper_address': '#9DD39E', 'place_of_issue': '#EF98CE', 'agent_country': '#7EA330', 'freight_collect_at': '#77155E', 'place_of_receipt': '#2F4A1F', 'voyage_number': '#A0B9DD', 'signature': '#8698DB', 'consignee_name': '#0BB9C8', 'consignee_address': '#0E6C89', 'bill_of_lading_issue_date': '#137F17', 'mode_of_transport': '#413C2B', 'shipper_name': '#5C741E', 'signed_By_agent': '#19A086', 'container_number': '#6BFB1F', 'transaction_date': '#F036AA', 'notify_party_address': '#0F4F70', 'goods_marks_and_nos': '#F244BB', 'goods_description': '#3FB005', 'lc_date': '#8FBCD0', 'dimension': '#4FED2E', 'agent_name': '#044A9A', 'carrier_name': '#408528', 'O': '#4443E2', 'lc_ref_number': '#6BDE0F', 'pre_carriage_by': '#37C3D8', 'page_no': '#C1456D', 'total_original_no': '#5CB083', 'freight_collect_or_prepaid': '#4F999B', 'signed_by_master': '#D466FE', 'bill_of_lading_number': '#0D224D'}
2024-04-29 23:48:51,230 is result_set is instance of dict? True
2024-04-29 23:48:51,231 is final_result_set is instance of dict? True
2024-04-29 23:48:51,379 Time taken for page 1 of Bill_of_lading_1997_page_0.png:0:00:06.534250
2024-04-29 23:48:51,769 *****Generated All Pages****** for Bill_of_lading_1997_page_0.png
2024-04-29 23:48:51,770 RAM memory 69.6 used for Bill_of_lading_1997_page_0.png Generating All Pages:
2024-04-29 23:48:51,770 Processing time taken for all pages of Bill_of_lading_1997_page_0.png1:0:00:06.925442
2024-04-29 23:48:51,938 file name is:Bill_of_lading_535_page_0.png
2024-04-29 23:48:51,938 folder path :Images
2024-04-29 23:48:51,939 Calling Image result
2024-04-29 23:48:51,939 is all_page_result is instance of dict? True
2024-04-29 23:48:51,939 STREAM b'IHDR' 16 13
2024-04-29 23:48:51,939 STREAM b'IDAT' 41 64046
2024-04-29 23:48:51,978 is words is instance of list? True
2024-04-29 23:48:51,978 is bboxes is instance of list? True
2024-04-29 23:48:51,978 is bounding_boxes is instance of list? True
2024-04-29 23:48:52,286 is input_id_chunks is instance of list? True
2024-04-29 23:48:52,286 is mask_chunks is instance of list? True
2024-04-29 23:48:52,286 is bbox_chunks is instance of list? True
2024-04-29 23:48:52,286 is image_chunks is instance of list? True
2024-04-29 23:48:52,287 is input_dict is instance of dict? True
2024-04-29 23:48:55,995 Model Called
2024-04-29 23:48:55,996 RAM memory 65.3 used for Bill_of_lading_535_page_0.png:
2024-04-29 23:48:55,996 is all_predictions is instance of list? True
2024-04-29 23:48:55,996 is all_boxes is instance of list? True
2024-04-29 23:48:55,996 is all_confidences is instance of list? True
2024-04-29 23:48:55,996 is all_text is instance of list? True
2024-04-29 23:48:55,997 is label2id is instance of dict? True
2024-04-29 23:48:55,997 is id2label is instance of dict? True
2024-04-29 23:48:55,997 is label2color is instance of dict? True
2024-04-29 23:48:55,997 label2color : {'stamp': '#D41DDB', 'bol_original_or_copy': '#8EE722', 'vessel_name': '#62314F', 'shipped_onboard_date': '#9CF1B7', 'final_destination': '#B5BE31', 'measurement': '#8E845A', 'country_of_origin': '#59B1AD', 'bol_original_number': '#E224D8', 'net_weight': '#971AF3', 'signed_by_carrier': '#9E6251', 'gross_weight': '#A2073F', 'carrier_country': '#C43585', 'port_of_discharge': '#21E055', 'goods_quantity': '#AC03A4', 'notify_party_name': '#476B95', 'port_of_loading': '#4C5514', 'shipper_address': '#DF875E', 'place_of_issue': '#12083F', 'agent_country': '#BDD96A', 'freight_collect_at': '#782390', 'place_of_receipt': '#7CD713', 'voyage_number': '#5A0C7C', 'signature': '#D3A3B7', 'consignee_name': '#8F3AD2', 'consignee_address': '#1A68CB', 'bill_of_lading_issue_date': '#08C494', 'mode_of_transport': '#E8251C', 'shipper_name': '#B83700', 'signed_By_agent': '#E68A4B', 'container_number': '#3ABB16', 'transaction_date': '#57108A', 'notify_party_address': '#CF33BC', 'goods_marks_and_nos': '#748740', 'goods_description': '#6D36D8', 'lc_date': '#44D65A', 'dimension': '#085040', 'agent_name': '#05DE50', 'carrier_name': '#E266E6', 'O': '#65DE2A', 'lc_ref_number': '#90D1A1', 'pre_carriage_by': '#043837', 'page_no': '#25D39D', 'total_original_no': '#26F7D0', 'freight_collect_or_prepaid': '#9595E1', 'signed_by_master': '#35DF12', 'bill_of_lading_number': '#7E2220'}
2024-04-29 23:48:56,343 is result_set is instance of dict? True
2024-04-29 23:48:56,356 is final_result_set is instance of dict? True
2024-04-29 23:48:56,513 Time taken for page 1 of Bill_of_lading_535_page_0.png:0:00:04.573823
2024-04-29 23:48:56,758 *****Generated All Pages****** for Bill_of_lading_535_page_0.png
2024-04-29 23:48:56,759 RAM memory 65.4 used for Bill_of_lading_535_page_0.png Generating All Pages:
2024-04-29 23:48:56,759 Processing time taken for all pages of Bill_of_lading_535_page_0.png1:0:00:04.820360
2024-04-29 23:48:56,935 file name is:Bill_of_lading_1029_page_6.png
2024-04-29 23:48:56,936 folder path :Images
2024-04-29 23:48:56,936 Calling Image result
2024-04-29 23:48:56,936 is all_page_result is instance of dict? True
2024-04-29 23:48:56,936 STREAM b'IHDR' 16 13
2024-04-29 23:48:56,936 STREAM b'PLTE' 41 768
2024-04-29 23:48:56,936 STREAM b'IDAT' 821 65536
2024-04-29 23:48:56,957 *****Generated All Pages****** for Bill_of_lading_1029_page_6.png
2024-04-29 23:48:56,957 RAM memory 64.1 used for Bill_of_lading_1029_page_6.png Generating All Pages:
2024-04-29 23:48:56,957 Processing time taken for all pages of Bill_of_lading_1029_page_6.png1:0:00:00.021304
2024-04-29 23:48:57,103 file name is:Bill_of_lading_58_page_0.png
2024-04-29 23:48:57,103 folder path :Images
2024-04-29 23:48:57,103 Calling Image result
2024-04-29 23:48:57,103 is all_page_result is instance of dict? True
2024-04-29 23:48:57,104 STREAM b'IHDR' 16 13
2024-04-29 23:48:57,104 STREAM b'IDAT' 41 65536
2024-04-29 23:48:57,151 is words is instance of list? True
2024-04-29 23:48:57,151 is bboxes is instance of list? True
2024-04-29 23:48:57,151 is bounding_boxes is instance of list? True
2024-04-29 23:48:57,400 is input_id_chunks is instance of list? True
2024-04-29 23:48:57,400 is mask_chunks is instance of list? True
2024-04-29 23:48:57,401 is bbox_chunks is instance of list? True
2024-04-29 23:48:57,401 is image_chunks is instance of list? True
2024-04-29 23:48:57,402 is input_dict is instance of dict? True
2024-04-29 23:49:00,239 Model Called
2024-04-29 23:49:00,240 RAM memory 64.9 used for Bill_of_lading_58_page_0.png:
2024-04-29 23:49:00,240 is all_predictions is instance of list? True
2024-04-29 23:49:00,240 is all_boxes is instance of list? True
2024-04-29 23:49:00,241 is all_confidences is instance of list? True
2024-04-29 23:49:00,241 is all_text is instance of list? True
2024-04-29 23:49:00,241 is label2id is instance of dict? True
2024-04-29 23:49:00,241 is id2label is instance of dict? True
2024-04-29 23:49:00,242 is label2color is instance of dict? True
2024-04-29 23:49:00,242 label2color : {'stamp': '#818D87', 'bol_original_or_copy': '#357742', 'vessel_name': '#C26FFA', 'shipped_onboard_date': '#D298C8', 'final_destination': '#EFAD11', 'measurement': '#3936B5', 'country_of_origin': '#0007A0', 'bol_original_number': '#E672A0', 'net_weight': '#26040B', 'signed_by_carrier': '#D923E3', 'gross_weight': '#D88636', 'carrier_country': '#2DE4A2', 'port_of_discharge': '#2CCFEE', 'goods_quantity': '#00C9DF', 'notify_party_name': '#BD4605', 'port_of_loading': '#15913D', 'shipper_address': '#87F3E5', 'place_of_issue': '#0461B7', 'agent_country': '#41E6D6', 'freight_collect_at': '#D018B0', 'place_of_receipt': '#C830C7', 'voyage_number': '#FB7AE6', 'signature': '#BFDF80', 'consignee_name': '#29BAE1', 'consignee_address': '#59B415', 'bill_of_lading_issue_date': '#158078', 'mode_of_transport': '#0D244C', 'shipper_name': '#99B2C0', 'signed_By_agent': '#CB3B65', 'container_number': '#E90205', 'transaction_date': '#76883D', 'notify_party_address': '#4B3318', 'goods_marks_and_nos': '#8B00AF', 'goods_description': '#7C5738', 'lc_date': '#E3AC49', 'dimension': '#3FDF4D', 'agent_name': '#6ACF88', 'carrier_name': '#DC8279', 'O': '#E04266', 'lc_ref_number': '#367776', 'pre_carriage_by': '#BA0438', 'page_no': '#C85071', 'total_original_no': '#CCDB97', 'freight_collect_or_prepaid': '#A56DC4', 'signed_by_master': '#614E78', 'bill_of_lading_number': '#9B11FF'}
2024-04-29 23:49:00,516 is result_set is instance of dict? True
2024-04-29 23:49:00,518 is final_result_set is instance of dict? True
2024-04-29 23:49:00,680 Time taken for page 1 of Bill_of_lading_58_page_0.png:0:00:03.576182
2024-04-29 23:49:00,936 *****Generated All Pages****** for Bill_of_lading_58_page_0.png
2024-04-29 23:49:00,937 RAM memory 65.0 used for Bill_of_lading_58_page_0.png Generating All Pages:
2024-04-29 23:49:00,937 Processing time taken for all pages of Bill_of_lading_58_page_0.png1:0:00:03.833469
2024-04-29 23:49:01,064 file name is:Bill_of_lading_1055_page_1.png
2024-04-29 23:49:01,064 folder path :Images
2024-04-29 23:49:01,064 Calling Image result
2024-04-29 23:49:01,064 is all_page_result is instance of dict? True
2024-04-29 23:49:01,064 STREAM b'IHDR' 16 13
2024-04-29 23:49:01,064 STREAM b'IDAT' 41 65536
2024-04-29 23:49:01,106 is words is instance of list? True
2024-04-29 23:49:01,106 is bboxes is instance of list? True
2024-04-29 23:49:01,106 is bounding_boxes is instance of list? True
2024-04-29 23:49:01,342 is input_id_chunks is instance of list? True
2024-04-29 23:49:01,342 is mask_chunks is instance of list? True
2024-04-29 23:49:01,342 is bbox_chunks is instance of list? True
2024-04-29 23:49:01,342 is image_chunks is instance of list? True
2024-04-29 23:49:01,343 is input_dict is instance of dict? True
2024-04-29 23:49:06,912 Model Called
2024-04-29 23:49:06,913 RAM memory 69.3 used for Bill_of_lading_1055_page_1.png:
2024-04-29 23:49:06,913 is all_predictions is instance of list? True
2024-04-29 23:49:06,913 is all_boxes is instance of list? True
2024-04-29 23:49:06,913 is all_confidences is instance of list? True
2024-04-29 23:49:06,913 is all_text is instance of list? True
2024-04-29 23:49:06,913 is label2id is instance of dict? True
2024-04-29 23:49:06,913 is id2label is instance of dict? True
2024-04-29 23:49:06,914 is label2color is instance of dict? True
2024-04-29 23:49:06,914 label2color : {'stamp': '#157366', 'bol_original_or_copy': '#47F571', 'vessel_name': '#554A00', 'shipped_onboard_date': '#1BD010', 'final_destination': '#7F8AF1', 'measurement': '#EA3584', 'country_of_origin': '#4673D5', 'bol_original_number': '#2BDF7D', 'net_weight': '#1ACCA4', 'signed_by_carrier': '#A618AC', 'gross_weight': '#919650', 'carrier_country': '#C9A0DB', 'port_of_discharge': '#5D9CBB', 'goods_quantity': '#2AD82F', 'notify_party_name': '#E921D1', 'port_of_loading': '#FB19EE', 'shipper_address': '#F6080F', 'place_of_issue': '#F637DE', 'agent_country': '#A77D5D', 'freight_collect_at': '#6589C1', 'place_of_receipt': '#F02E3C', 'voyage_number': '#23B1CC', 'signature': '#2E79D7', 'consignee_name': '#E112A6', 'consignee_address': '#4F21FB', 'bill_of_lading_issue_date': '#3D930C', 'mode_of_transport': '#CC1013', 'shipper_name': '#9C5B2F', 'signed_By_agent': '#E1441C', 'container_number': '#2D55D5', 'transaction_date': '#F8F128', 'notify_party_address': '#099B68', 'goods_marks_and_nos': '#4663DE', 'goods_description': '#729E19', 'lc_date': '#AB3D85', 'dimension': '#CFA1F7', 'agent_name': '#560B0A', 'carrier_name': '#EC88C6', 'O': '#41389F', 'lc_ref_number': '#5A898E', 'pre_carriage_by': '#4BA046', 'page_no': '#3ABEDA', 'total_original_no': '#68CFE9', 'freight_collect_or_prepaid': '#0BA8A7', 'signed_by_master': '#F045A8', 'bill_of_lading_number': '#C002A8'}
2024-04-29 23:49:07,352 is result_set is instance of dict? True
2024-04-29 23:49:07,355 is final_result_set is instance of dict? True
2024-04-29 23:49:07,577 Time taken for page 1 of Bill_of_lading_1055_page_1.png:0:00:06.512075
2024-04-29 23:49:07,934 *****Generated All Pages****** for Bill_of_lading_1055_page_1.png
2024-04-29 23:49:07,934 RAM memory 69.3 used for Bill_of_lading_1055_page_1.png Generating All Pages:
2024-04-29 23:49:07,934 Processing time taken for all pages of Bill_of_lading_1055_page_1.png1:0:00:06.869893
2024-04-29 23:49:08,099 file name is:Bill_of_lading_1565_page_0.png
2024-04-29 23:49:08,099 folder path :Images
2024-04-29 23:49:08,099 Calling Image result
2024-04-29 23:49:08,099 is all_page_result is instance of dict? True
2024-04-29 23:49:08,099 STREAM b'IHDR' 16 13
2024-04-29 23:49:08,099 STREAM b'IDAT' 41 65536
2024-04-29 23:49:08,172 is words is instance of list? True
2024-04-29 23:49:08,172 is bboxes is instance of list? True
2024-04-29 23:49:08,172 is bounding_boxes is instance of list? True
2024-04-29 23:49:08,818 is input_id_chunks is instance of list? True
2024-04-29 23:49:08,818 is mask_chunks is instance of list? True
2024-04-29 23:49:08,819 is bbox_chunks is instance of list? True
2024-04-29 23:49:08,819 is image_chunks is instance of list? True
2024-04-29 23:49:08,820 is input_dict is instance of dict? True
2024-04-29 23:49:14,088 Model Called
2024-04-29 23:49:14,088 RAM memory 69.2 used for Bill_of_lading_1565_page_0.png:
2024-04-29 23:49:14,088 is all_predictions is instance of list? True
2024-04-29 23:49:14,088 is all_boxes is instance of list? True
2024-04-29 23:49:14,089 is all_confidences is instance of list? True
2024-04-29 23:49:14,089 is all_text is instance of list? True
2024-04-29 23:49:14,089 is label2id is instance of dict? True
2024-04-29 23:49:14,089 is id2label is instance of dict? True
2024-04-29 23:49:14,090 is label2color is instance of dict? True
2024-04-29 23:49:14,090 label2color : {'stamp': '#809DAC', 'bol_original_or_copy': '#C731E6', 'vessel_name': '#A7448E', 'shipped_onboard_date': '#6C1CC3', 'final_destination': '#8CD52F', 'measurement': '#86BB0B', 'country_of_origin': '#07DEBB', 'bol_original_number': '#114169', 'net_weight': '#AEF6FA', 'signed_by_carrier': '#33C5A5', 'gross_weight': '#614338', 'carrier_country': '#53EABA', 'port_of_discharge': '#225734', 'goods_quantity': '#1C28FE', 'notify_party_name': '#1F8055', 'port_of_loading': '#2B9164', 'shipper_address': '#A3D96C', 'place_of_issue': '#6079E1', 'agent_country': '#F550B9', 'freight_collect_at': '#EE497C', 'place_of_receipt': '#35E4E6', 'voyage_number': '#44A693', 'signature': '#BBED0D', 'consignee_name': '#6930CB', 'consignee_address': '#103968', 'bill_of_lading_issue_date': '#81BFC0', 'mode_of_transport': '#653891', 'shipper_name': '#BF4765', 'signed_By_agent': '#455867', 'container_number': '#084AAF', 'transaction_date': '#1F924D', 'notify_party_address': '#C13616', 'goods_marks_and_nos': '#0AE093', 'goods_description': '#6FC811', 'lc_date': '#E66267', 'dimension': '#E4B0DC', 'agent_name': '#C447DF', 'carrier_name': '#C29D85', 'O': '#F9A7D2', 'lc_ref_number': '#9D504C', 'pre_carriage_by': '#12F825', 'page_no': '#01ED94', 'total_original_no': '#5A2721', 'freight_collect_or_prepaid': '#E0734E', 'signed_by_master': '#9E237A', 'bill_of_lading_number': '#931A50'}
2024-04-29 23:49:14,811 is result_set is instance of dict? True
2024-04-29 23:49:14,813 is final_result_set is instance of dict? True
2024-04-29 23:49:14,984 Time taken for page 1 of Bill_of_lading_1565_page_0.png:0:00:06.885070
2024-04-29 23:49:15,368 *****Generated All Pages****** for Bill_of_lading_1565_page_0.png
2024-04-29 23:49:15,368 RAM memory 69.2 used for Bill_of_lading_1565_page_0.png Generating All Pages:
2024-04-29 23:49:15,368 Processing time taken for all pages of Bill_of_lading_1565_page_0.png1:0:00:07.269327
2024-04-29 23:49:15,501 file name is:Bill_of_lading_2034_page_0.png
2024-04-29 23:49:15,502 folder path :Images
2024-04-29 23:49:15,502 Calling Image result
2024-04-29 23:49:15,502 is all_page_result is instance of dict? True
2024-04-29 23:49:15,502 STREAM b'IHDR' 16 13
2024-04-29 23:49:15,502 STREAM b'IDAT' 41 65536
2024-04-29 23:49:15,551 is words is instance of list? True
2024-04-29 23:49:15,551 is bboxes is instance of list? True
2024-04-29 23:49:15,551 is bounding_boxes is instance of list? True
2024-04-29 23:49:15,899 is input_id_chunks is instance of list? True
2024-04-29 23:49:15,899 is mask_chunks is instance of list? True
2024-04-29 23:49:15,899 is bbox_chunks is instance of list? True
2024-04-29 23:49:15,899 is image_chunks is instance of list? True
2024-04-29 23:49:15,900 is input_dict is instance of dict? True
2024-04-29 23:49:18,404 Model Called
2024-04-29 23:49:18,404 RAM memory 67.4 used for Bill_of_lading_2034_page_0.png:
2024-04-29 23:49:18,405 is all_predictions is instance of list? True
2024-04-29 23:49:18,405 is all_boxes is instance of list? True
2024-04-29 23:49:18,405 is all_confidences is instance of list? True
2024-04-29 23:49:18,405 is all_text is instance of list? True
2024-04-29 23:49:18,405 is label2id is instance of dict? True
2024-04-29 23:49:18,405 is id2label is instance of dict? True
2024-04-29 23:49:18,406 is label2color is instance of dict? True
2024-04-29 23:49:18,406 label2color : {'stamp': '#A09EF2', 'bol_original_or_copy': '#4DC774', 'vessel_name': '#806995', 'shipped_onboard_date': '#366674', 'final_destination': '#5B2357', 'measurement': '#B1E773', 'country_of_origin': '#26959D', 'bol_original_number': '#33AAA2', 'net_weight': '#0D7387', 'signed_by_carrier': '#015E66', 'gross_weight': '#1623A3', 'carrier_country': '#4E8693', 'port_of_discharge': '#A9FE61', 'goods_quantity': '#2B11F2', 'notify_party_name': '#FD1566', 'port_of_loading': '#02AD9E', 'shipper_address': '#CABD56', 'place_of_issue': '#E9BD7D', 'agent_country': '#F3A576', 'freight_collect_at': '#6EE317', 'place_of_receipt': '#CE029A', 'voyage_number': '#66429F', 'signature': '#ED23AF', 'consignee_name': '#766E62', 'consignee_address': '#BFB8B3', 'bill_of_lading_issue_date': '#4ECADC', 'mode_of_transport': '#9DFBE3', 'shipper_name': '#B3CC62', 'signed_By_agent': '#65CC59', 'container_number': '#020F46', 'transaction_date': '#F1F8BF', 'notify_party_address': '#A664DB', 'goods_marks_and_nos': '#B35ECB', 'goods_description': '#A027D1', 'lc_date': '#03A6DD', 'dimension': '#CB4702', 'agent_name': '#60FBEB', 'carrier_name': '#E36BBB', 'O': '#0B19CF', 'lc_ref_number': '#C27E7A', 'pre_carriage_by': '#F563AA', 'page_no': '#E84120', 'total_original_no': '#99EF45', 'freight_collect_or_prepaid': '#3944C5', 'signed_by_master': '#529941', 'bill_of_lading_number': '#93BDB4'}
2024-04-29 23:49:18,757 is result_set is instance of dict? True
2024-04-29 23:49:18,759 is final_result_set is instance of dict? True
2024-04-29 23:49:18,904 Time taken for page 1 of Bill_of_lading_2034_page_0.png:0:00:03.401907
2024-04-29 23:49:19,137 *****Generated All Pages****** for Bill_of_lading_2034_page_0.png
2024-04-29 23:49:19,137 RAM memory 66.8 used for Bill_of_lading_2034_page_0.png Generating All Pages:
2024-04-29 23:49:19,137 Processing time taken for all pages of Bill_of_lading_2034_page_0.png1:0:00:03.635542
