2024-04-29 23:35:08,781 checkpoint 1 => setting basis cofiguration for logging purposes
2024-04-29 23:35:08,782 start time: 2024-04-29 23:35:08.782658
2024-04-29 23:35:12,610 Starting new HTTPS connection (1): huggingface.co:443
2024-04-29 23:35:13,480 https://huggingface.co:443 "HEAD /microsoft/layoutlmv2-base-uncased/resolve/main/preprocessor_config.json HTTP/1.1" 200 0
2024-04-29 23:35:14,509 https://huggingface.co:443 "HEAD /microsoft/layoutlmv2-base-uncased/resolve/main/tokenizer_config.json HTTP/1.1" 404 0
2024-04-29 23:35:15,324 https://huggingface.co:443 "HEAD /microsoft/layoutlmv2-base-uncased/resolve/main/vocab.txt HTTP/1.1" 200 0
2024-04-29 23:35:15,376 RAM memory for Model loading used: 48.4
2024-04-29 23:35:15,376 cpu_utilization % for Model Loading:35.9
2024-04-29 23:35:15,377 memory_consumption in bytes for Loading Model:910032896
2024-04-29 23:35:15,377 Loaded Model successfully
2024-04-29 23:35:15,377 file name is:Bill_of_lading_1029_page_6.png
2024-04-29 23:35:15,377 folder path :Images
2024-04-29 23:35:15,377 Calling Image result
2024-04-29 23:35:15,377 is all_page_result is instance of dict? True
2024-04-29 23:35:15,385 STREAM b'IHDR' 16 13
2024-04-29 23:35:15,385 STREAM b'PLTE' 41 768
2024-04-29 23:35:15,385 STREAM b'IDAT' 821 65536
2024-04-29 23:35:15,421 is words is instance of list? True
2024-04-29 23:35:15,422 is bboxes is instance of list? True
2024-04-29 23:35:15,422 is bounding_boxes is instance of list? True
2024-04-29 23:35:15,500 is input_id_chunks is instance of list? True
2024-04-29 23:35:15,500 is mask_chunks is instance of list? True
2024-04-29 23:35:15,500 is bbox_chunks is instance of list? True
2024-04-29 23:35:15,500 is image_chunks is instance of list? True
2024-04-29 23:35:15,501 is input_dict is instance of dict? True
2024-04-29 23:35:17,398 Model Called
2024-04-29 23:35:17,399 RAM memory 54.3 used for Bill_of_lading_1029_page_6.png:
2024-04-29 23:35:17,399 is all_predictions is instance of list? True
2024-04-29 23:35:17,399 is all_boxes is instance of list? True
2024-04-29 23:35:17,399 is all_confidences is instance of list? True
2024-04-29 23:35:17,399 is all_text is instance of list? True
2024-04-29 23:35:17,400 is label2id is instance of dict? True
2024-04-29 23:35:17,400 is id2label is instance of dict? True
2024-04-29 23:35:17,400 is label2color is instance of dict? True
2024-04-29 23:35:17,400 label2color : {'stamp': '#60478A', 'bol_original_or_copy': '#5C1FE3', 'vessel_name': '#644241', 'shipped_onboard_date': '#D04FBA', 'final_destination': '#E10C98', 'measurement': '#1445C5', 'country_of_origin': '#8DD50E', 'bol_original_number': '#07A6F2', 'net_weight': '#72E47A', 'signed_by_carrier': '#28DB9D', 'gross_weight': '#C8F00C', 'carrier_country': '#56B274', 'port_of_discharge': '#4C0D98', 'goods_quantity': '#3514AB', 'notify_party_name': '#7E1BB6', 'port_of_loading': '#775C3C', 'shipper_address': '#542725', 'place_of_issue': '#2A4340', 'agent_country': '#9CA30D', 'freight_collect_at': '#A4E03B', 'place_of_receipt': '#BA1353', 'voyage_number': '#71C718', 'signature': '#4391F6', 'consignee_name': '#A5E07E', 'consignee_address': '#B60B1F', 'bill_of_lading_issue_date': '#AB481E', 'mode_of_transport': '#80B9B4', 'shipper_name': '#57B44D', 'signed_By_agent': '#69B507', 'container_number': '#B9E2F7', 'transaction_date': '#A9EBD1', 'notify_party_address': '#C9F05D', 'goods_marks_and_nos': '#44913B', 'goods_description': '#136F62', 'lc_date': '#F9DEB2', 'dimension': '#E91F50', 'agent_name': '#6F3FE3', 'carrier_name': '#0B376B', 'O': '#C94C70', 'lc_ref_number': '#B94C8B', 'pre_carriage_by': '#664A19', 'page_no': '#BD4F2C', 'total_original_no': '#8DF93B', 'freight_collect_or_prepaid': '#840306', 'signed_by_master': '#27FB3B', 'bill_of_lading_number': '#6D03C0'}
2024-04-29 23:35:17,431 is result_set is instance of dict? True
2024-04-29 23:35:17,432 is final_result_set is instance of dict? True
