2024-02-21 03:15:35,519 checkpoint 1 => setting basis cofiguration for logging purposes
2024-02-21 03:15:35,520 start time: 2024-02-21 03:15:35.520466
2024-02-21 03:15:39,298 Falling back to TensorFlow client; we recommended you install the Cloud TPU client directly with pip install cloud-tpu-client.
2024-02-21 03:15:39,393 Creating converter from 7 to 5
2024-02-21 03:15:39,393 Creating converter from 5 to 7
2024-02-21 03:15:39,393 Creating converter from 7 to 5
2024-02-21 03:15:39,393 Creating converter from 5 to 7
2024-02-21 03:15:39,915 Starting new HTTPS connection (1): huggingface.co:443
2024-02-21 03:15:40,267 https://huggingface.co:443 "HEAD /microsoft/layoutlmv2-base-uncased/resolve/main/preprocessor_config.json HTTP/1.1" 200 0
2024-02-21 03:15:40,777 https://huggingface.co:443 "HEAD /microsoft/layoutlmv2-base-uncased/resolve/main/tokenizer_config.json HTTP/1.1" 404 0
2024-02-21 03:15:41,084 https://huggingface.co:443 "HEAD /microsoft/layoutlmv2-base-uncased/resolve/main/vocab.txt HTTP/1.1" 200 0
2024-02-21 03:15:41,137 RAM memory for Model loading used: 28.0
2024-02-21 03:15:41,137 cpu_utilization % for Model Loading:12.3
2024-02-21 03:15:41,137 memory_consumption in bytes for Loading Model:1145507840
2024-02-21 03:15:41,137 Loaded Model successfully
2024-02-21 03:15:41,142 STREAM b'IHDR' 16 13
2024-02-21 03:15:41,142 STREAM b'IDAT' 41 65536
2024-02-21 03:15:45,404 STREAM b'IHDR' 16 13
2024-02-21 03:15:45,404 STREAM b'IDAT' 41 28639
2024-02-21 03:15:46,948 STREAM b'IHDR' 16 13
2024-02-21 03:15:46,949 STREAM b'IDAT' 41 35425
2024-02-21 03:15:48,615 STREAM b'IHDR' 16 13
2024-02-21 03:15:48,615 STREAM b'sBIT' 41 3
2024-02-21 03:15:48,615 b'sBIT' 41 3 (unknown)
2024-02-21 03:15:48,615 STREAM b'IDAT' 56 8192
2024-02-21 03:15:50,993 STREAM b'IHDR' 16 13
2024-02-21 03:15:50,993 STREAM b'IDAT' 41 35584
2024-02-21 03:15:52,608 STREAM b'IHDR' 16 13
2024-02-21 03:15:52,608 STREAM b'IDAT' 41 37593
2024-02-21 03:15:54,263 STREAM b'IHDR' 16 13
2024-02-21 03:15:54,263 STREAM b'IDAT' 41 40687
2024-02-21 03:15:55,921 STREAM b'IHDR' 16 13
2024-02-21 03:15:55,922 STREAM b'IDAT' 41 41386
2024-02-21 03:15:57,823 STREAM b'IHDR' 16 13
2024-02-21 03:15:57,823 STREAM b'IDAT' 41 46728
2024-02-21 03:16:00,532 STREAM b'IHDR' 16 13
2024-02-21 03:16:00,532 STREAM b'IDAT' 41 30082
2024-02-21 03:16:03,006 STREAM b'IHDR' 16 13
2024-02-21 03:16:03,006 STREAM b'IDAT' 41 31342
2024-02-21 03:16:04,879 STREAM b'IHDR' 16 13
2024-02-21 03:16:04,879 STREAM b'IDAT' 41 20899
2024-02-21 03:16:07,211 STREAM b'IHDR' 16 13
2024-02-21 03:16:07,211 STREAM b'IDAT' 41 34787
2024-02-21 03:16:09,583 STREAM b'IHDR' 16 13
2024-02-21 03:16:09,583 STREAM b'IDAT' 41 31931
2024-02-21 03:16:11,986 STREAM b'IHDR' 16 13
2024-02-21 03:16:11,986 STREAM b'IDAT' 41 49242
2024-02-21 03:16:14,510 STREAM b'IHDR' 16 13
2024-02-21 03:16:14,510 STREAM b'IDAT' 41 29216
2024-02-21 03:16:16,141 STREAM b'IHDR' 16 13
2024-02-21 03:16:16,141 STREAM b'IDAT' 41 43953
2024-02-21 03:16:18,928 STREAM b'IHDR' 16 13
2024-02-21 03:16:18,928 STREAM b'IDAT' 41 32015
2024-02-21 03:16:21,262 STREAM b'IHDR' 16 13
2024-02-21 03:16:21,262 STREAM b'sBIT' 41 3
2024-02-21 03:16:21,262 b'sBIT' 41 3 (unknown)
2024-02-21 03:16:21,263 STREAM b'IDAT' 56 8192
2024-02-21 03:16:23,578 STREAM b'IHDR' 16 13
2024-02-21 03:16:23,578 STREAM b'IDAT' 41 40281
2024-02-21 03:16:25,167 STREAM b'IHDR' 16 13
2024-02-21 03:16:25,167 STREAM b'IDAT' 41 41425
2024-02-21 03:16:27,680 STREAM b'IHDR' 16 13
2024-02-21 03:16:27,680 STREAM b'IDAT' 41 30496
2024-02-21 03:16:30,034 STREAM b'IHDR' 16 13
2024-02-21 03:16:30,034 STREAM b'IDAT' 41 34075
2024-02-21 03:16:32,333 STREAM b'IHDR' 16 13
2024-02-21 03:16:32,333 STREAM b'IDAT' 41 45215
2024-02-21 03:16:33,915 STREAM b'IHDR' 16 13
2024-02-21 03:16:33,916 STREAM b'IDAT' 41 50710
2024-02-21 03:16:36,618 STREAM b'IHDR' 16 13
2024-02-21 03:16:36,619 STREAM b'IDAT' 41 45132
2024-02-21 03:16:39,602 STREAM b'IHDR' 16 13
2024-02-21 03:16:39,602 STREAM b'IDAT' 41 12393
2024-02-21 03:16:40,920 STREAM b'IHDR' 16 13
2024-02-21 03:16:40,920 STREAM b'IDAT' 41 33183
2024-02-21 03:16:43,560 STREAM b'IHDR' 16 13
2024-02-21 03:16:43,560 STREAM b'IDAT' 41 24172
2024-02-21 03:16:46,148 STREAM b'IHDR' 16 13
2024-02-21 03:16:46,148 STREAM b'IDAT' 41 31886
2024-02-21 03:16:47,800 STREAM b'IHDR' 16 13
2024-02-21 03:16:47,800 STREAM b'IDAT' 41 51921
2024-02-21 03:16:50,462 STREAM b'IHDR' 16 13
2024-02-21 03:16:50,463 STREAM b'IDAT' 41 40824
2024-02-21 03:16:52,112 STREAM b'IHDR' 16 13
2024-02-21 03:16:52,112 STREAM b'IDAT' 41 32357
2024-02-21 03:16:54,513 STREAM b'IHDR' 16 13
2024-02-21 03:16:54,513 STREAM b'IDAT' 41 35921
2024-02-21 03:16:57,044 STREAM b'IHDR' 16 13
2024-02-21 03:16:57,045 STREAM b'IDAT' 41 30192
2024-02-21 03:16:58,629 STREAM b'IHDR' 16 13
2024-02-21 03:16:58,629 STREAM b'IDAT' 41 41478
2024-02-21 03:17:00,255 STREAM b'IHDR' 16 13
2024-02-21 03:17:00,255 STREAM b'IDAT' 41 34320
2024-02-21 03:17:01,851 STREAM b'IHDR' 16 13
2024-02-21 03:17:01,851 STREAM b'IDAT' 41 47484
2024-02-21 03:17:03,389 STREAM b'IHDR' 16 13
2024-02-21 03:17:03,389 STREAM b'IDAT' 41 45566
2024-02-21 03:17:05,050 STREAM b'IHDR' 16 13
2024-02-21 03:17:05,050 STREAM b'sBIT' 41 3
2024-02-21 03:17:05,050 b'sBIT' 41 3 (unknown)
2024-02-21 03:17:05,050 STREAM b'IDAT' 56 8192
2024-02-21 03:17:07,537 STREAM b'IHDR' 16 13
2024-02-21 03:17:07,537 STREAM b'IDAT' 41 30362
2024-02-21 03:17:09,958 STREAM b'IHDR' 16 13
2024-02-21 03:17:09,958 STREAM b'IDAT' 41 32252
2024-02-21 03:17:11,630 STREAM b'IHDR' 16 13
2024-02-21 03:17:11,631 STREAM b'IDAT' 41 44319
2024-02-21 03:17:13,325 STREAM b'IHDR' 16 13
2024-02-21 03:17:13,326 STREAM b'IDAT' 41 65536
2024-02-21 03:17:16,694 STREAM b'IHDR' 16 13
2024-02-21 03:17:16,694 STREAM b'IDAT' 41 36333
2024-02-21 03:17:19,302 STREAM b'IHDR' 16 13
2024-02-21 03:17:19,302 STREAM b'IDAT' 41 27130
2024-02-21 03:17:20,930 STREAM b'IHDR' 16 13
2024-02-21 03:17:20,930 STREAM b'IDAT' 41 34354
2024-02-21 03:17:23,327 STREAM b'IHDR' 16 13
2024-02-21 03:17:23,328 STREAM b'IDAT' 41 28814
2024-02-21 03:17:24,919 STREAM b'IHDR' 16 13
2024-02-21 03:17:24,919 STREAM b'IDAT' 41 29428
2024-02-21 03:17:26,532 STREAM b'IHDR' 16 13
2024-02-21 03:17:26,532 STREAM b'IDAT' 41 19738
2024-02-21 03:17:27,860 STREAM b'IHDR' 16 13
2024-02-21 03:17:27,861 STREAM b'IDAT' 41 36406
2024-02-21 03:17:30,354 STREAM b'IHDR' 16 13
2024-02-21 03:17:30,354 STREAM b'IDAT' 41 42125
2024-02-21 03:17:31,959 STREAM b'IHDR' 16 13
2024-02-21 03:17:31,959 STREAM b'IDAT' 41 65536
2024-02-21 03:17:33,512 STREAM b'IHDR' 16 13
2024-02-21 03:17:33,512 STREAM b'IDAT' 41 12314
2024-02-21 03:17:34,888 STREAM b'IHDR' 16 13
2024-02-21 03:17:34,888 STREAM b'IDAT' 41 44337
2024-02-21 03:17:36,406 STREAM b'IHDR' 16 13
2024-02-21 03:17:36,406 STREAM b'IDAT' 41 41206
2024-02-21 03:17:38,000 STREAM b'IHDR' 16 13
2024-02-21 03:17:38,000 STREAM b'IDAT' 41 45602
2024-02-21 03:17:40,578 STREAM b'IHDR' 16 13
2024-02-21 03:17:40,578 STREAM b'IDAT' 41 59100
2024-02-21 03:17:43,156 STREAM b'IHDR' 16 13
2024-02-21 03:17:43,156 STREAM b'IDAT' 41 49457
2024-02-21 03:17:46,681 STREAM b'IHDR' 16 13
2024-02-21 03:17:46,681 STREAM b'IDAT' 41 28674
2024-02-21 03:17:48,247 STREAM b'IHDR' 16 13
2024-02-21 03:17:48,247 STREAM b'IDAT' 41 20446
2024-02-21 03:17:50,527 STREAM b'IHDR' 16 13
2024-02-21 03:17:50,527 STREAM b'IDAT' 41 59708
2024-02-21 03:17:54,071 STREAM b'IHDR' 16 13
2024-02-21 03:17:54,071 STREAM b'IDAT' 41 17763
2024-02-21 03:17:56,287 STREAM b'IHDR' 16 13
2024-02-21 03:17:56,288 STREAM b'IDAT' 41 65536
2024-02-21 03:17:59,759 STREAM b'IHDR' 16 13
2024-02-21 03:17:59,759 STREAM b'IDAT' 41 42798
2024-02-21 03:18:02,294 STREAM b'IHDR' 16 13
2024-02-21 03:18:02,295 STREAM b'IDAT' 41 44197
2024-02-21 03:18:03,892 STREAM b'IHDR' 16 13
2024-02-21 03:18:03,892 STREAM b'IDAT' 41 45842
2024-02-21 03:18:06,451 STREAM b'IHDR' 16 13
2024-02-21 03:18:06,451 STREAM b'IDAT' 41 40178
2024-02-21 03:18:09,035 STREAM b'IHDR' 16 13
2024-02-21 03:18:09,035 STREAM b'IDAT' 41 58557
2024-02-21 03:18:10,650 STREAM b'IHDR' 16 13
2024-02-21 03:18:10,651 STREAM b'IDAT' 41 21331
2024-02-21 03:18:12,008 STREAM b'IHDR' 16 13
2024-02-21 03:18:12,008 STREAM b'IDAT' 41 44128
2024-02-21 03:18:14,482 STREAM b'IHDR' 16 13
2024-02-21 03:18:14,482 STREAM b'IDAT' 41 36207
2024-02-21 03:18:16,923 STREAM b'IHDR' 16 13
2024-02-21 03:18:16,924 STREAM b'IDAT' 41 12142
2024-02-21 03:18:18,233 STREAM b'IHDR' 16 13
2024-02-21 03:18:18,233 STREAM b'IDAT' 41 41472
2024-02-21 03:18:19,814 STREAM b'IHDR' 16 13
2024-02-21 03:18:19,814 STREAM b'IDAT' 41 36422
2024-02-21 03:18:22,294 STREAM b'IHDR' 16 13
2024-02-21 03:18:22,294 STREAM b'IDAT' 41 46913
2024-02-21 03:18:24,771 STREAM b'IHDR' 16 13
2024-02-21 03:18:24,771 STREAM b'IDAT' 41 44320
2024-02-21 03:18:27,287 STREAM b'IHDR' 16 13
2024-02-21 03:18:27,287 STREAM b'IDAT' 41 41370
2024-02-21 03:18:28,920 STREAM b'IHDR' 16 13
2024-02-21 03:18:28,920 STREAM b'IDAT' 41 38046
2024-02-21 03:18:30,504 STREAM b'IHDR' 16 13
2024-02-21 03:18:30,504 STREAM b'IDAT' 41 47293
2024-02-21 03:18:32,133 STREAM b'IHDR' 16 13
2024-02-21 03:18:32,133 STREAM b'IDAT' 41 35378
2024-02-21 03:18:33,937 STREAM b'IHDR' 16 13
2024-02-21 03:18:33,937 STREAM b'IDAT' 41 34829
2024-02-21 03:18:35,517 STREAM b'IHDR' 16 13
2024-02-21 03:18:35,517 STREAM b'IDAT' 41 55828
