2024-04-26 10:25:23,456 checkpoint 1 => setting basis cofiguration for logging purposes
2024-04-26 10:25:23,458 start time: 2024-04-26 10:25:23.458282
2024-04-26 10:25:26,427 Starting new HTTPS connection (1): huggingface.co:443
2024-04-26 10:25:26,875 https://huggingface.co:443 "HEAD /microsoft/layoutlmv2-base-uncased/resolve/main/preprocessor_config.json HTTP/1.1" 200 0
2024-04-26 10:25:27,355 https://huggingface.co:443 "HEAD /microsoft/layoutlmv2-base-uncased/resolve/main/tokenizer_config.json HTTP/1.1" 404 0
2024-04-26 10:25:27,668 https://huggingface.co:443 "HEAD /microsoft/layoutlmv2-base-uncased/resolve/main/vocab.txt HTTP/1.1" 200 0
2024-04-26 10:25:27,701 RAM memory for Model loading used: 49.0
2024-04-26 10:25:27,701 cpu_utilization % for Model Loading:25.8
2024-04-26 10:25:27,701 memory_consumption in bytes for Loading Model:910065664
2024-04-26 10:25:27,701 Loaded Model successfully
2024-04-26 10:25:27,701 file name is:Bill_of_lading_1505_page_4.png
2024-04-26 10:25:27,701 folder path :Images
2024-04-26 10:25:27,701 Calling Image result
2024-04-26 10:25:27,701 is all_page_result is instance of dict? True
2024-04-26 10:25:27,706 STREAM b'IHDR' 16 13
2024-04-26 10:25:27,706 STREAM b'PLTE' 41 6
2024-04-26 10:25:27,706 STREAM b'IDAT' 59 65536
2024-04-26 10:25:27,757 is words is instance of list? True
2024-04-26 10:25:27,757 is bboxes is instance of list? True
2024-04-26 10:25:27,757 is bounding_boxes is instance of list? True
2024-04-26 10:25:28,079 is input_id_chunks is instance of list? True
2024-04-26 10:25:28,079 is mask_chunks is instance of list? True
2024-04-26 10:25:28,079 is bbox_chunks is instance of list? True
2024-04-26 10:25:28,079 is image_chunks is instance of list? True
2024-04-26 10:25:28,080 is input_dict is instance of dict? True
2024-04-26 10:25:31,501 Model Called
2024-04-26 10:25:31,501 RAM memory 61.1 used for Bill_of_lading_1505_page_4.png:
2024-04-26 10:25:31,501 is all_predictions is instance of list? True
2024-04-26 10:25:31,501 is all_boxes is instance of list? True
2024-04-26 10:25:31,501 is all_confidences is instance of list? True
2024-04-26 10:25:31,501 is all_text is instance of list? True
2024-04-26 10:25:31,502 is label2id is instance of dict? True
2024-04-26 10:25:31,502 is id2label is instance of dict? True
2024-04-26 10:25:31,502 is label2color is instance of dict? True
2024-04-26 10:25:31,502 label2color : {'stamp': '#6A9CB8', 'bol_original_or_copy': '#891BD4', 'vessel_name': '#F8CDD7', 'shipped_onboard_date': '#720356', 'final_destination': '#42C2BA', 'measurement': '#35ADA6', 'country_of_origin': '#8C69B5', 'bol_original_number': '#81B04B', 'net_weight': '#00BEE8', 'signed_by_carrier': '#1EFC97', 'gross_weight': '#DCE41F', 'carrier_country': '#F33AD5', 'port_of_discharge': '#9879D9', 'goods_quantity': '#078FC9', 'notify_party_name': '#56F4A7', 'port_of_loading': '#6A841D', 'shipper_address': '#310005', 'place_of_issue': '#3EC311', 'agent_country': '#83626C', 'freight_collect_at': '#ABED66', 'place_of_receipt': '#105A45', 'voyage_number': '#8D89AE', 'signature': '#C61BA4', 'consignee_name': '#9FFE70', 'consignee_address': '#E62DF6', 'bill_of_lading_issue_date': '#D20244', 'mode_of_transport': '#2FE8F9', 'shipper_name': '#06F70E', 'signed_By_agent': '#28C44A', 'container_number': '#49A972', 'transaction_date': '#E2AEB4', 'notify_party_address': '#BAA397', 'goods_marks_and_nos': '#6F836A', 'goods_description': '#AF18F8', 'lc_date': '#55CEA3', 'dimension': '#BAE0A4', 'agent_name': '#A2496A', 'carrier_name': '#98E21D', 'O': '#57E6A5', 'lc_ref_number': '#4A426D', 'pre_carriage_by': '#C5CB48', 'page_no': '#BC5539', 'total_original_no': '#57682D', 'freight_collect_or_prepaid': '#AADB8A', 'signed_by_master': '#0CC1B3', 'bill_of_lading_number': '#EB77B2'}
2024-04-26 10:25:31,796 is result_set is instance of dict? True
2024-04-26 10:25:31,797 is final_result_set is instance of dict? True
