2024-04-29 12:21:34,499 checkpoint 1 => setting basis cofiguration for logging purposes
2024-04-29 12:21:34,500 start time: 2024-04-29 12:21:34.500605
2024-04-29 12:21:37,366 Starting new HTTPS connection (1): huggingface.co:443
2024-04-29 12:21:38,076 https://huggingface.co:443 "HEAD /microsoft/layoutlmv2-base-uncased/resolve/main/preprocessor_config.json HTTP/1.1" 200 0
2024-04-29 12:21:38,564 https://huggingface.co:443 "HEAD /microsoft/layoutlmv2-base-uncased/resolve/main/tokenizer_config.json HTTP/1.1" 404 0
2024-04-29 12:21:39,235 https://huggingface.co:443 "HEAD /microsoft/layoutlmv2-base-uncased/resolve/main/vocab.txt HTTP/1.1" 200 0
2024-04-29 12:21:39,261 RAM memory for Model loading used: 60.0
2024-04-29 12:21:39,261 cpu_utilization % for Model Loading:28.1
2024-04-29 12:21:39,261 memory_consumption in bytes for Loading Model:912805888
2024-04-29 12:21:39,261 Loaded Model successfully
2024-04-29 12:21:39,261 file name is:Bill_of_Exchange_200_2.png
2024-04-29 12:21:39,261 folder path :Images
2024-04-29 12:21:39,261 Calling Image result
2024-04-29 12:21:39,261 is all_page_result is instance of dict? True
2024-04-29 12:21:39,265 STREAM b'IHDR' 16 13
2024-04-29 12:21:39,265 STREAM b'pHYs' 41 9
2024-04-29 12:21:39,265 STREAM b'IDAT' 62 81268
2024-04-29 12:21:39,270 is words is instance of list? True
2024-04-29 12:21:39,270 is bboxes is instance of list? True
2024-04-29 12:21:39,270 is bounding_boxes is instance of list? True
2024-04-29 12:21:39,295 is input_id_chunks is instance of list? True
2024-04-29 12:21:39,295 is mask_chunks is instance of list? True
2024-04-29 12:21:39,295 is bbox_chunks is instance of list? True
2024-04-29 12:21:39,295 is image_chunks is instance of list? True
2024-04-29 12:21:39,295 is input_dict is instance of dict? True
2024-04-29 12:21:40,494 Model Called
2024-04-29 12:21:40,494 RAM memory 65.7 used for Bill_of_Exchange_200_2.png:
2024-04-29 12:21:40,494 is all_predictions is instance of list? True
2024-04-29 12:21:40,495 is all_boxes is instance of list? True
2024-04-29 12:21:40,495 is all_confidences is instance of list? True
2024-04-29 12:21:40,495 is all_text is instance of list? True
2024-04-29 12:21:40,495 is label2id is instance of dict? True
2024-04-29 12:21:40,495 is id2label is instance of dict? True
2024-04-29 12:21:40,495 is label2color is instance of dict? True
2024-04-29 12:21:40,496 label2color : {'tenor_type': '#EDEDFE', 'invoice_due_date': '#7F7B8F', 'diclaration_by': '#3614AC', 'invoice_amount': '#AE523E', 'original_or_copy': '#05EF7E', 'boe_currency': '#260674', 'lc_ref_no': '#69982F', 'boe_amount': '#F80086', 'indicator_date': '#1EDC40', 'tenore_details': '#A9AD0A', 'lc_date': '#5CAE53', 'issuing_bank': '#382E65', 'drawer_name': '#DA56B7', 'stamp': '#EF0377', 'drawer_bank_address': '#327322', 'drawer_address': '#EB9645', 'drawee_name': '#B46F64', 'country_of_origin': '#117355', 'tenor_indicator': '#4B887D', 'bill_exchange_no': '#228757', 'drawee_bank_address': '#8541F6', 'issuing_bank_address': '#F03F46', 'bill_exchange_date': '#60FC19', 'goods_discription': '#910D6E', 'drawer_bank_name': '#C5B532', 'indicator_type': '#0FA81C', 'drawee_bank_name': '#E31CB9', 'usance_tenor': '#DC9C1B', 'signature': '#5C7A7D', 'invoice_no': '#DF9C19', 'original_number': '#E2D07D', 'drawee_address': '#6A3C02', 'invoice_date': '#8FAD21', 'issue_place': '#2854D6', 'invoice_currency': '#4678B4', 'O': '#20CA0B', 'amount_in_words': '#1116E8'}
2024-04-29 12:21:40,511 is result_set is instance of dict? True
2024-04-29 12:21:40,512 is final_result_set is instance of dict? True
2024-04-29 12:21:40,587 Time taken for page 1 of Bill_of_Exchange_200_2.png:0:00:01.321833
2024-04-29 12:21:40,612 *****Generated All Pages****** for Bill_of_Exchange_200_2.png
2024-04-29 12:21:40,612 RAM memory 65.7 used for Bill_of_Exchange_200_2.png Generating All Pages:
2024-04-29 12:21:40,612 Processing time taken for all pages of Bill_of_Exchange_200_2.png1:0:00:01.350416
