2024-04-27 05:05:14,872 checkpoint 1 => setting basis cofiguration for logging purposes
2024-04-27 05:05:14,873 start time: 2024-04-27 05:05:14.873062
2024-04-27 05:05:17,381 Starting new HTTPS connection (1): huggingface.co:443
2024-04-27 05:05:18,151 https://huggingface.co:443 "HEAD /microsoft/layoutlmv2-base-uncased/resolve/main/preprocessor_config.json HTTP/1.1" 200 0
2024-04-27 05:05:18,934 https://huggingface.co:443 "HEAD /microsoft/layoutlmv2-base-uncased/resolve/main/tokenizer_config.json HTTP/1.1" 404 0
2024-04-27 05:05:19,248 https://huggingface.co:443 "HEAD /microsoft/layoutlmv2-base-uncased/resolve/main/vocab.txt HTTP/1.1" 200 0
2024-04-27 05:05:19,275 RAM memory for Model loading used: 71.6
2024-04-27 05:05:19,276 cpu_utilization % for Model Loading:16.9
2024-04-27 05:05:19,276 memory_consumption in bytes for Loading Model:909783040
2024-04-27 05:05:19,276 Loaded Model successfully
2024-04-27 05:05:19,276 file name is:Bill_of_Exchange_157_0.png
2024-04-27 05:05:19,276 folder path :Images
2024-04-27 05:05:19,276 Calling Image result
2024-04-27 05:05:19,276 is all_page_result is instance of dict? True
2024-04-27 05:05:19,279 STREAM b'IHDR' 16 13
2024-04-27 05:05:19,279 STREAM b'pHYs' 41 9
2024-04-27 05:05:19,279 STREAM b'IDAT' 62 126930
2024-04-27 05:05:19,289 is words is instance of list? True
2024-04-27 05:05:19,289 is bboxes is instance of list? True
2024-04-27 05:05:19,289 is bounding_boxes is instance of list? True
2024-04-27 05:05:19,331 is input_id_chunks is instance of list? True
2024-04-27 05:05:19,331 is mask_chunks is instance of list? True
2024-04-27 05:05:19,331 is bbox_chunks is instance of list? True
2024-04-27 05:05:19,331 is image_chunks is instance of list? True
2024-04-27 05:05:19,332 is input_dict is instance of dict? True
2024-04-27 05:05:20,242 Model Called
2024-04-27 05:05:20,243 RAM memory 76.9 used for Bill_of_Exchange_157_0.png:
2024-04-27 05:05:20,243 is all_predictions is instance of list? True
2024-04-27 05:05:20,243 is all_boxes is instance of list? True
2024-04-27 05:05:20,243 is all_confidences is instance of list? True
2024-04-27 05:05:20,243 is all_text is instance of list? True
2024-04-27 05:05:20,243 is label2id is instance of dict? True
2024-04-27 05:05:20,243 is id2label is instance of dict? True
2024-04-27 05:05:20,244 is label2color is instance of dict? True
2024-04-27 05:05:20,244 label2color : {'tenor_type': '#79990D', 'invoice_due_date': '#1B3793', 'diclaration_by': '#69EA21', 'invoice_amount': '#CD6A15', 'original_or_copy': '#6B06DF', 'boe_currency': '#466EC8', 'lc_ref_no': '#D44CEE', 'boe_amount': '#A7F336', 'indicator_date': '#117729', 'tenore_details': '#5C1994', 'lc_date': '#376490', 'issuing_bank': '#B6EA54', 'drawer_name': '#29985D', 'stamp': '#E57AB5', 'drawer_bank_address': '#57637D', 'drawer_address': '#27F8C9', 'drawee_name': '#D983B2', 'country_of_origin': '#D5DD8A', 'tenor_indicator': '#9E88F0', 'bill_exchange_no': '#4321CB', 'drawee_bank_address': '#40624F', 'issuing_bank_address': '#A07E51', 'bill_exchange_date': '#DF8078', 'goods_discription': '#898096', 'drawer_bank_name': '#43E441', 'indicator_type': '#056484', 'drawee_bank_name': '#EB1869', 'usance_tenor': '#9D3EDB', 'signature': '#D6F100', 'invoice_no': '#79C69D', 'original_number': '#ADEBA6', 'drawee_address': '#EDC294', 'invoice_date': '#A356F9', 'issue_place': '#F194E6', 'invoice_currency': '#E89F18', 'O': '#37065E', 'amount_in_words': '#5EB145'}
2024-04-27 05:05:20,265 is result_set is instance of dict? True
2024-04-27 05:05:20,266 is final_result_set is instance of dict? True
