2024-04-26 10:48:02,018 checkpoint 1 => setting basis cofiguration for logging purposes
2024-04-26 10:48:02,019 start time: 2024-04-26 10:48:02.019293
2024-04-26 10:48:04,480 Starting new HTTPS connection (1): huggingface.co:443
2024-04-26 10:48:04,919 https://huggingface.co:443 "HEAD /microsoft/layoutlmv2-base-uncased/resolve/main/preprocessor_config.json HTTP/1.1" 200 0
2024-04-26 10:48:05,308 https://huggingface.co:443 "HEAD /microsoft/layoutlmv2-base-uncased/resolve/main/tokenizer_config.json HTTP/1.1" 404 0
2024-04-26 10:48:05,648 https://huggingface.co:443 "HEAD /microsoft/layoutlmv2-base-uncased/resolve/main/vocab.txt HTTP/1.1" 200 0
2024-04-26 10:48:05,676 RAM memory for Model loading used: 49.0
2024-04-26 10:48:05,676 cpu_utilization % for Model Loading:-41.1
2024-04-26 10:48:05,676 memory_consumption in bytes for Loading Model:910782464
2024-04-26 10:48:05,676 Loaded Model successfully
2024-04-26 10:48:05,677 file name is:Bill_of_lading_1505_page_4.png
2024-04-26 10:48:05,677 folder path :Images
2024-04-26 10:48:05,677 Calling Image result
2024-04-26 10:48:05,677 is all_page_result is instance of dict? True
2024-04-26 10:48:05,680 STREAM b'IHDR' 16 13
2024-04-26 10:48:05,680 STREAM b'PLTE' 41 6
2024-04-26 10:48:05,680 STREAM b'IDAT' 59 65536
2024-04-26 10:48:05,724 is words is instance of list? True
2024-04-26 10:48:05,724 is bboxes is instance of list? True
2024-04-26 10:48:05,724 is bounding_boxes is instance of list? True
2024-04-26 10:48:06,143 is input_id_chunks is instance of list? True
2024-04-26 10:48:06,143 is mask_chunks is instance of list? True
2024-04-26 10:48:06,143 is bbox_chunks is instance of list? True
2024-04-26 10:48:06,143 is image_chunks is instance of list? True
2024-04-26 10:48:06,144 is input_dict is instance of dict? True
2024-04-26 10:48:08,733 Model Called
2024-04-26 10:48:08,734 RAM memory 61.2 used for Bill_of_lading_1505_page_4.png:
2024-04-26 10:48:08,734 is all_predictions is instance of list? True
2024-04-26 10:48:08,734 is all_boxes is instance of list? True
2024-04-26 10:48:08,734 is all_confidences is instance of list? True
2024-04-26 10:48:08,734 is all_text is instance of list? True
2024-04-26 10:48:08,735 is label2id is instance of dict? True
2024-04-26 10:48:08,735 is id2label is instance of dict? True
2024-04-26 10:48:08,735 is label2color is instance of dict? True
2024-04-26 10:48:08,735 label2color : {'stamp': '#40E9A2', 'bol_original_or_copy': '#2890D5', 'vessel_name': '#30E5C6', 'shipped_onboard_date': '#6A28F3', 'final_destination': '#A01CF1', 'measurement': '#0AA891', 'country_of_origin': '#97F0E2', 'bol_original_number': '#654F97', 'net_weight': '#002C43', 'signed_by_carrier': '#93A6E3', 'gross_weight': '#C5C81A', 'carrier_country': '#6068A5', 'port_of_discharge': '#82247B', 'goods_quantity': '#6ABDE1', 'notify_party_name': '#C1F798', 'port_of_loading': '#515379', 'shipper_address': '#D14912', 'place_of_issue': '#20E15B', 'agent_country': '#3B94C2', 'freight_collect_at': '#434E64', 'place_of_receipt': '#E8D340', 'voyage_number': '#6E86F2', 'signature': '#4841E3', 'consignee_name': '#BB4374', 'consignee_address': '#491E46', 'bill_of_lading_issue_date': '#E27670', 'mode_of_transport': '#B477E5', 'shipper_name': '#3F5027', 'signed_By_agent': '#6F7851', 'container_number': '#EDF907', 'transaction_date': '#4A7CD6', 'notify_party_address': '#B2A935', 'goods_marks_and_nos': '#E28AC3', 'goods_description': '#528CA4', 'lc_date': '#D9D6BC', 'dimension': '#EDE0DC', 'agent_name': '#65C7A9', 'carrier_name': '#C7493A', 'O': '#DFF1F1', 'lc_ref_number': '#ADC639', 'pre_carriage_by': '#6808C1', 'page_no': '#989746', 'total_original_no': '#DCC774', 'freight_collect_or_prepaid': '#E2E2D9', 'signed_by_master': '#97013B', 'bill_of_lading_number': '#83C970'}
2024-04-26 10:48:08,998 is result_set is instance of dict? True
2024-04-26 10:48:08,999 is final_result_set is instance of dict? True
2024-04-26 10:48:09,121 Time taken for page 1 of Bill_of_lading_1505_page_4.png:0:00:03.440348
2024-04-26 10:48:09,315 *****Generated All Pages****** for Bill_of_lading_1505_page_4.png
2024-04-26 10:48:09,315 RAM memory 61.7 used for Bill_of_lading_1505_page_4.png Generating All Pages:
2024-04-26 10:48:09,315 Processing time taken for all pages of Bill_of_lading_1505_page_4.png1:0:00:03.638740
