2024-04-25 14:53:27,245 checkpoint 1 => setting basis cofiguration for logging purposes
2024-04-25 14:53:27,246 start time: 2024-04-25 14:53:27.246289
2024-04-25 14:53:30,281 Starting new HTTPS connection (1): huggingface.co:443
2024-04-25 14:53:31,104 https://huggingface.co:443 "HEAD /microsoft/layoutlmv2-base-uncased/resolve/main/preprocessor_config.json HTTP/1.1" 200 0
2024-04-25 14:53:31,937 https://huggingface.co:443 "HEAD /microsoft/layoutlmv2-base-uncased/resolve/main/tokenizer_config.json HTTP/1.1" 404 0
2024-04-25 14:53:32,251 https://huggingface.co:443 "HEAD /microsoft/layoutlmv2-base-uncased/resolve/main/vocab.txt HTTP/1.1" 200 0
2024-04-25 14:53:32,295 RAM memory for Model loading used: 59.1
2024-04-25 14:53:32,295 cpu_utilization % for Model Loading:25.1
2024-04-25 14:53:32,295 memory_consumption in bytes for Loading Model:911962112
2024-04-25 14:53:32,295 Loaded Model successfully
2024-04-25 14:53:32,296 file name is:Bill_of_lading_522_page_6.png
2024-04-25 14:53:32,296 folder path :Images
2024-04-25 14:53:32,296 Calling Image result
2024-04-25 14:53:32,296 is all_page_result is instance of dict? True
2024-04-25 14:53:32,302 STREAM b'IHDR' 16 13
2024-04-25 14:53:32,303 STREAM b'IDAT' 41 41263
2024-04-25 14:53:32,326 is words is instance of list? True
2024-04-25 14:53:32,327 is bboxes is instance of list? True
2024-04-25 14:53:32,327 is bounding_boxes is instance of list? True
2024-04-25 14:53:32,597 is input_id_chunks is instance of list? True
2024-04-25 14:53:32,597 is mask_chunks is instance of list? True
2024-04-25 14:53:32,597 is bbox_chunks is instance of list? True
2024-04-25 14:53:32,597 is image_chunks is instance of list? True
2024-04-25 14:53:32,599 is input_dict is instance of dict? True
2024-04-25 14:53:36,539 Model Called
2024-04-25 14:53:36,539 RAM memory 78.3 used for Bill_of_lading_522_page_6.png:
2024-04-25 14:53:36,539 is all_predictions is instance of list? True
2024-04-25 14:53:36,539 is all_boxes is instance of list? True
2024-04-25 14:53:36,539 is all_confidences is instance of list? True
2024-04-25 14:53:36,539 is all_text is instance of list? True
2024-04-25 14:53:36,539 is label2id is instance of dict? True
2024-04-25 14:53:36,539 is id2label is instance of dict? True
2024-04-25 14:53:36,540 is label2color is instance of dict? True
2024-04-25 14:53:36,540 label2color : {'stamp': '#B18F17', 'bol_original_or_copy': '#10DA03', 'vessel_name': '#17D6B8', 'shipped_onboard_date': '#08EBBB', 'final_destination': '#25B9CA', 'measurement': '#8D935A', 'country_of_origin': '#1C4DD2', 'bol_original_number': '#FFBFF9', 'net_weight': '#7CB9C2', 'signed_by_carrier': '#8C08B6', 'gross_weight': '#78695E', 'carrier_country': '#B91AF7', 'port_of_discharge': '#607FCB', 'goods_quantity': '#617F8C', 'notify_party_name': '#9B7C98', 'port_of_loading': '#D86AFF', 'shipper_address': '#E2B0E4', 'place_of_issue': '#572B8F', 'agent_country': '#D73CBA', 'freight_collect_at': '#5EDCFA', 'place_of_receipt': '#CEEA2B', 'voyage_number': '#92CC50', 'signature': '#84AEA1', 'consignee_name': '#B4E955', 'consignee_address': '#17F397', 'bill_of_lading_issue_date': '#6D025B', 'mode_of_transport': '#6E4CA3', 'shipper_name': '#FD2FA1', 'signed_By_agent': '#9B67EA', 'container_number': '#462B23', 'transaction_date': '#0C70D5', 'notify_party_address': '#A19745', 'goods_marks_and_nos': '#1FF9E2', 'goods_description': '#C688C0', 'lc_date': '#2B3FA9', 'dimension': '#012488', 'agent_name': '#7F249A', 'carrier_name': '#BB2B97', 'O': '#F00CCE', 'lc_ref_number': '#0C2015', 'pre_carriage_by': '#0BB0F4', 'page_no': '#1C98AF', 'total_original_no': '#5AAB82', 'freight_collect_or_prepaid': '#767548', 'signed_by_master': '#DC3D25', 'bill_of_lading_number': '#8F4603'}
2024-04-25 14:53:36,694 is result_set is instance of dict? True
2024-04-25 14:53:36,695 is final_result_set is instance of dict? True
2024-04-25 14:53:36,771 Time taken for page 1 of Bill_of_lading_522_page_6.png:0:00:04.468067
2024-04-25 14:53:36,854 *****Generated All Pages****** for Bill_of_lading_522_page_6.png
2024-04-25 14:53:36,855 RAM memory 78.9 used for Bill_of_lading_522_page_6.png Generating All Pages:
2024-04-25 14:53:36,855 Processing time taken for all pages of Bill_of_lading_522_page_6.png1:0:00:04.558851
