2024-04-29 18:31:54,503 checkpoint 1 => setting basis cofiguration for logging purposes
2024-04-29 18:31:54,505 start time: 2024-04-29 18:31:54.505864
2024-04-29 18:31:58,037 Starting new HTTPS connection (1): huggingface.co:443
2024-04-29 18:31:58,426 https://huggingface.co:443 "HEAD /microsoft/layoutlmv2-base-uncased/resolve/main/preprocessor_config.json HTTP/1.1" 200 0
2024-04-29 18:31:58,809 https://huggingface.co:443 "HEAD /microsoft/layoutlmv2-base-uncased/resolve/main/tokenizer_config.json HTTP/1.1" 404 0
2024-04-29 18:31:59,051 https://huggingface.co:443 "HEAD /microsoft/layoutlmv2-base-uncased/resolve/main/vocab.txt HTTP/1.1" 200 0
2024-04-29 18:31:59,084 RAM memory for Model loading used: 78.1
2024-04-29 18:31:59,084 cpu_utilization % for Model Loading:-25.700000000000003
2024-04-29 18:31:59,084 memory_consumption in bytes for Loading Model:867561472
2024-04-29 18:31:59,084 Loaded Model successfully
2024-04-29 18:31:59,084 file name is:Bill_Of_Landing_17_page_0.png
2024-04-29 18:31:59,084 folder path :Images
2024-04-29 18:31:59,084 Calling Image result
2024-04-29 18:31:59,084 is all_page_result is instance of dict? True
2024-04-29 18:31:59,091 STREAM b'IHDR' 16 13
2024-04-29 18:31:59,091 STREAM b'IDAT' 41 62351
2024-04-29 18:31:59,140 is words is instance of list? True
2024-04-29 18:31:59,140 is bboxes is instance of list? True
2024-04-29 18:31:59,140 is bounding_boxes is instance of list? True
2024-04-29 18:31:59,640 is input_id_chunks is instance of list? True
2024-04-29 18:31:59,640 is mask_chunks is instance of list? True
2024-04-29 18:31:59,640 is bbox_chunks is instance of list? True
2024-04-29 18:31:59,640 is image_chunks is instance of list? True
2024-04-29 18:31:59,642 is input_dict is instance of dict? True
2024-04-29 18:32:01,933 Model Called
2024-04-29 18:32:01,933 RAM memory 89.8 used for Bill_Of_Landing_17_page_0.png:
2024-04-29 18:32:01,933 is all_predictions is instance of list? True
2024-04-29 18:32:01,933 is all_boxes is instance of list? True
2024-04-29 18:32:01,933 is all_confidences is instance of list? True
2024-04-29 18:32:01,933 is all_text is instance of list? True
2024-04-29 18:32:01,935 is label2id is instance of dict? True
2024-04-29 18:32:01,935 is id2label is instance of dict? True
2024-04-29 18:32:01,936 is label2color is instance of dict? True
2024-04-29 18:32:01,936 label2color : {'stamp': '#50987B', 'bol_original_or_copy': '#97CF3D', 'vessel_name': '#D77661', 'shipped_onboard_date': '#4356EE', 'final_destination': '#BD4BD1', 'measurement': '#A1C212', 'country_of_origin': '#D53BCC', 'bol_original_number': '#E5A749', 'net_weight': '#511050', 'signed_by_carrier': '#6504FA', 'gross_weight': '#58D597', 'carrier_country': '#55B834', 'port_of_discharge': '#01C72D', 'goods_quantity': '#0A933D', 'notify_party_name': '#0F6A1C', 'port_of_loading': '#1A6544', 'shipper_address': '#5F5925', 'place_of_issue': '#18D883', 'agent_country': '#F3F36E', 'freight_collect_at': '#57ABFC', 'place_of_receipt': '#C01C85', 'voyage_number': '#DFE64B', 'signature': '#12A987', 'consignee_name': '#583399', 'consignee_address': '#D5CFB5', 'bill_of_lading_issue_date': '#616320', 'mode_of_transport': '#004A04', 'shipper_name': '#C66CE2', 'signed_By_agent': '#35C435', 'container_number': '#E71776', 'transaction_date': '#C418C6', 'notify_party_address': '#C4166B', 'goods_marks_and_nos': '#1973F3', 'goods_description': '#055881', 'lc_date': '#5E013F', 'dimension': '#014A40', 'agent_name': '#EF4AD0', 'carrier_name': '#CB2CCD', 'O': '#C68F32', 'lc_ref_number': '#79F7F8', 'pre_carriage_by': '#84DCB8', 'page_no': '#215D34', 'total_original_no': '#990F7B', 'freight_collect_or_prepaid': '#0179FD', 'signed_by_master': '#440947', 'bill_of_lading_number': '#640703'}
2024-04-29 18:32:02,167 is result_set is instance of dict? True
2024-04-29 18:32:02,170 is final_result_set is instance of dict? True
