2024-03-16 21:22:38,286 checkpoint 1 => setting basis cofiguration for logging purposes
2024-03-16 21:22:38,286 start time: 2024-03-16 21:22:38.286936
2024-03-16 21:22:41,363 Falling back to TensorFlow client; we recommended you install the Cloud TPU client directly with pip install cloud-tpu-client.
2024-03-16 21:22:41,515 Creating converter from 7 to 5
2024-03-16 21:22:41,515 Creating converter from 5 to 7
2024-03-16 21:22:41,515 Creating converter from 7 to 5
2024-03-16 21:22:41,515 Creating converter from 5 to 7
2024-03-16 21:22:41,849 Starting new HTTPS connection (1): huggingface.co:443
2024-03-16 21:22:42,218 https://huggingface.co:443 "HEAD /microsoft/layoutlmv2-base-uncased/resolve/main/preprocessor_config.json HTTP/1.1" 200 0
2024-03-16 21:22:42,730 https://huggingface.co:443 "HEAD /microsoft/layoutlmv2-base-uncased/resolve/main/tokenizer_config.json HTTP/1.1" 404 0
2024-03-16 21:22:43,037 https://huggingface.co:443 "HEAD /microsoft/layoutlmv2-base-uncased/resolve/main/vocab.txt HTTP/1.1" 200 0
2024-03-16 21:22:43,070 RAM memory for Model loading used: 72.9
2024-03-16 21:22:43,070 cpu_utilization % for Model Loading:13.4
2024-03-16 21:22:43,070 memory_consumption in bytes for Loading Model:1156636672
2024-03-16 21:22:43,070 Loaded Model successfully
2024-03-16 21:22:43,070 file name is:Certificate_Of_Origin_99_page_0.png
2024-03-16 21:22:43,070 folder path :Images
2024-03-16 21:22:43,070 Calling Image result
2024-03-16 21:22:43,070 is all_page_result is instance of dict? True
2024-03-16 21:22:43,074 STREAM b'IHDR' 16 13
2024-03-16 21:22:43,074 STREAM b'IDAT' 41 65536
