2024-04-29 11:55:00,219 checkpoint 1 => setting basis cofiguration for logging purposes
2024-04-29 11:55:00,220 start time: 2024-04-29 11:55:00.220341
2024-04-29 11:55:03,411 Starting new HTTPS connection (1): huggingface.co:443
2024-04-29 11:55:04,225 https://huggingface.co:443 "HEAD /microsoft/layoutlmv2-base-uncased/resolve/main/preprocessor_config.json HTTP/1.1" 200 0
2024-04-29 11:55:04,641 https://huggingface.co:443 "HEAD /microsoft/layoutlmv2-base-uncased/resolve/main/tokenizer_config.json HTTP/1.1" 404 0
2024-04-29 11:55:04,893 https://huggingface.co:443 "HEAD /microsoft/layoutlmv2-base-uncased/resolve/main/vocab.txt HTTP/1.1" 200 0
2024-04-29 11:55:04,931 RAM memory for Model loading used: 62.6
2024-04-29 11:55:04,931 cpu_utilization % for Model Loading:29.9
2024-04-29 11:55:04,931 memory_consumption in bytes for Loading Model:911437824
2024-04-29 11:55:04,931 Loaded Model successfully
2024-04-29 11:55:04,931 file name is:Bill_of_Exchange_200_2.png
2024-04-29 11:55:04,931 folder path :Images
2024-04-29 11:55:04,931 Calling Image result
2024-04-29 11:55:04,931 is all_page_result is instance of dict? True
2024-04-29 11:55:04,935 STREAM b'IHDR' 16 13
2024-04-29 11:55:04,935 STREAM b'pHYs' 41 9
2024-04-29 11:55:04,935 STREAM b'IDAT' 62 81268
2024-04-29 11:55:04,942 is words is instance of list? True
2024-04-29 11:55:04,943 is bboxes is instance of list? True
2024-04-29 11:55:04,943 is bounding_boxes is instance of list? True
2024-04-29 11:55:04,968 is input_id_chunks is instance of list? True
2024-04-29 11:55:04,969 is mask_chunks is instance of list? True
2024-04-29 11:55:04,969 is bbox_chunks is instance of list? True
2024-04-29 11:55:04,969 is image_chunks is instance of list? True
2024-04-29 11:55:04,969 is input_dict is instance of dict? True
2024-04-29 11:55:06,669 Model Called
2024-04-29 11:55:06,669 RAM memory 68.3 used for Bill_of_Exchange_200_2.png:
2024-04-29 11:55:06,669 is all_predictions is instance of list? True
2024-04-29 11:55:06,669 is all_boxes is instance of list? True
2024-04-29 11:55:06,669 is all_confidences is instance of list? True
2024-04-29 11:55:06,670 is all_text is instance of list? True
2024-04-29 11:55:06,670 is label2id is instance of dict? True
2024-04-29 11:55:06,670 is id2label is instance of dict? True
2024-04-29 11:55:06,670 is label2color is instance of dict? True
2024-04-29 11:55:06,670 label2color : {'tenor_type': '#F24FD5', 'invoice_due_date': '#29E59A', 'diclaration_by': '#FBFCCB', 'invoice_amount': '#4AAC08', 'original_or_copy': '#18E091', 'boe_currency': '#B6BF69', 'lc_ref_no': '#2D6545', 'boe_amount': '#A1666C', 'indicator_date': '#538E4C', 'tenore_details': '#6C3EDA', 'lc_date': '#CB97FD', 'issuing_bank': '#FF00C4', 'drawer_name': '#1C717C', 'stamp': '#2A6FBF', 'drawer_bank_address': '#8EFB46', 'drawer_address': '#AF8BF2', 'drawee_name': '#16255F', 'country_of_origin': '#EC033D', 'tenor_indicator': '#A1F7BB', 'bill_exchange_no': '#342488', 'drawee_bank_address': '#D8AFAD', 'issuing_bank_address': '#1FCFE2', 'bill_exchange_date': '#FA5292', 'goods_discription': '#E9EC65', 'drawer_bank_name': '#2C77D8', 'indicator_type': '#94473E', 'drawee_bank_name': '#6492B8', 'usance_tenor': '#42E16A', 'signature': '#C511BD', 'invoice_no': '#5F6488', 'original_number': '#326AFD', 'drawee_address': '#32F7B3', 'invoice_date': '#6CBA39', 'issue_place': '#B7DD71', 'invoice_currency': '#335AAF', 'O': '#8FB312', 'amount_in_words': '#99A94B'}
2024-04-29 11:55:06,692 is result_set is instance of dict? True
2024-04-29 11:55:06,693 is final_result_set is instance of dict? True
