2024-04-27 01:58:43,434 checkpoint 1 => setting basis cofiguration for logging purposes
2024-04-27 01:58:43,435 start time: 2024-04-27 01:58:43.435405
2024-04-27 01:58:46,232 Starting new HTTPS connection (1): huggingface.co:443
2024-04-27 01:58:46,608 https://huggingface.co:443 "HEAD /microsoft/layoutlmv2-base-uncased/resolve/main/preprocessor_config.json HTTP/1.1" 200 0
2024-04-27 01:58:47,476 https://huggingface.co:443 "HEAD /microsoft/layoutlmv2-base-uncased/resolve/main/tokenizer_config.json HTTP/1.1" 404 0
2024-04-27 01:58:47,778 https://huggingface.co:443 "HEAD /microsoft/layoutlmv2-base-uncased/resolve/main/vocab.txt HTTP/1.1" 200 0
2024-04-27 01:58:47,819 RAM memory for Model loading used: 66.7
2024-04-27 01:58:47,820 cpu_utilization % for Model Loading:-32.6
2024-04-27 01:58:47,820 memory_consumption in bytes for Loading Model:911585280
2024-04-27 01:58:47,820 Loaded Model successfully
2024-04-27 01:58:47,820 file name is:Bill_of_lading_1565_page_0.png
2024-04-27 01:58:47,820 folder path :Images
2024-04-27 01:58:47,820 Calling Image result
2024-04-27 01:58:47,820 is all_page_result is instance of dict? True
2024-04-27 01:58:47,827 STREAM b'IHDR' 16 13
2024-04-27 01:58:47,827 STREAM b'IDAT' 41 65536
2024-04-27 01:58:47,909 is words is instance of list? True
2024-04-27 01:58:47,909 is bboxes is instance of list? True
2024-04-27 01:58:47,909 is bounding_boxes is instance of list? True
2024-04-27 01:58:48,664 is input_id_chunks is instance of list? True
2024-04-27 01:58:48,664 is mask_chunks is instance of list? True
2024-04-27 01:58:48,664 is bbox_chunks is instance of list? True
2024-04-27 01:58:48,664 is image_chunks is instance of list? True
2024-04-27 01:58:48,670 is input_dict is instance of dict? True
2024-04-27 01:58:51,906 Model Called
2024-04-27 01:58:51,907 RAM memory 84.9 used for Bill_of_lading_1565_page_0.png:
2024-04-27 01:58:51,907 is all_predictions is instance of list? True
2024-04-27 01:58:51,907 is all_boxes is instance of list? True
2024-04-27 01:58:51,907 is all_confidences is instance of list? True
2024-04-27 01:58:51,907 is all_text is instance of list? True
2024-04-27 01:58:51,908 is label2id is instance of dict? True
2024-04-27 01:58:51,908 is id2label is instance of dict? True
2024-04-27 01:58:51,909 is label2color is instance of dict? True
2024-04-27 01:58:51,909 label2color : {'stamp': '#E1E1B8', 'bol_original_or_copy': '#A9883F', 'vessel_name': '#FFABEF', 'shipped_onboard_date': '#1B89E9', 'final_destination': '#4B9D5A', 'measurement': '#0FAE13', 'country_of_origin': '#411DDD', 'bol_original_number': '#FB5035', 'net_weight': '#DC0645', 'signed_by_carrier': '#252777', 'gross_weight': '#C8370C', 'carrier_country': '#781121', 'port_of_discharge': '#6C0611', 'goods_quantity': '#3D9061', 'notify_party_name': '#0B9CAF', 'port_of_loading': '#33D741', 'shipper_address': '#A487E3', 'place_of_issue': '#88FA76', 'agent_country': '#F1A113', 'freight_collect_at': '#C6CCDE', 'place_of_receipt': '#D775F7', 'voyage_number': '#431AD9', 'signature': '#8B2FE9', 'consignee_name': '#5EF23B', 'consignee_address': '#4EB3EC', 'bill_of_lading_issue_date': '#32755D', 'mode_of_transport': '#FCCDFE', 'shipper_name': '#4BE689', 'signed_By_agent': '#A2C45C', 'container_number': '#BE41A5', 'transaction_date': '#16F0C9', 'notify_party_address': '#54960F', 'goods_marks_and_nos': '#A6DA44', 'goods_description': '#190879', 'lc_date': '#20CC80', 'dimension': '#78743E', 'agent_name': '#CF8E51', 'carrier_name': '#D98FA4', 'O': '#B0447F', 'lc_ref_number': '#F0256D', 'pre_carriage_by': '#E691DB', 'page_no': '#F627F9', 'total_original_no': '#456D59', 'freight_collect_or_prepaid': '#93571B', 'signed_by_master': '#2A4D52', 'bill_of_lading_number': '#2F1CD9'}
2024-04-27 01:58:52,485 is result_set is instance of dict? True
2024-04-27 01:58:52,489 is final_result_set is instance of dict? True
2024-04-27 01:58:52,591 Time taken for page 1 of Bill_of_lading_1565_page_0.png:0:00:04.764067
2024-04-27 01:58:52,833 *****Generated All Pages****** for Bill_of_lading_1565_page_0.png
2024-04-27 01:58:52,833 RAM memory 85.3 used for Bill_of_lading_1565_page_0.png Generating All Pages:
2024-04-27 01:58:52,833 Processing time taken for all pages of Bill_of_lading_1565_page_0.png1:0:00:05.012575
