2024-04-27 05:31:35,669 checkpoint 1 => setting basis cofiguration for logging purposes
2024-04-27 05:31:35,670 start time: 2024-04-27 05:31:35.670431
2024-04-27 05:31:38,154 Starting new HTTPS connection (1): huggingface.co:443
2024-04-27 05:31:38,979 https://huggingface.co:443 "HEAD /microsoft/layoutlmv2-base-uncased/resolve/main/preprocessor_config.json HTTP/1.1" 200 0
2024-04-27 05:31:40,174 https://huggingface.co:443 "HEAD /microsoft/layoutlmv2-base-uncased/resolve/main/tokenizer_config.json HTTP/1.1" 404 0
2024-04-27 05:31:40,416 https://huggingface.co:443 "HEAD /microsoft/layoutlmv2-base-uncased/resolve/main/vocab.txt HTTP/1.1" 200 0
2024-04-27 05:31:40,440 RAM memory for Model loading used: 71.1
2024-04-27 05:31:40,440 cpu_utilization % for Model Loading:10.5
2024-04-27 05:31:40,440 memory_consumption in bytes for Loading Model:910802944
2024-04-27 05:31:40,440 Loaded Model successfully
2024-04-27 05:31:40,441 file name is:Bill_of_Exchange_44_0.png
2024-04-27 05:31:40,441 folder path :Images
2024-04-27 05:31:40,441 Calling Image result
2024-04-27 05:31:40,441 is all_page_result is instance of dict? True
2024-04-27 05:31:40,444 STREAM b'IHDR' 16 13
2024-04-27 05:31:40,444 STREAM b'pHYs' 41 9
2024-04-27 05:31:40,444 STREAM b'IDAT' 62 98834
2024-04-27 05:31:40,453 is words is instance of list? True
2024-04-27 05:31:40,453 is bboxes is instance of list? True
2024-04-27 05:31:40,453 is bounding_boxes is instance of list? True
2024-04-27 05:31:40,490 is input_id_chunks is instance of list? True
2024-04-27 05:31:40,490 is mask_chunks is instance of list? True
2024-04-27 05:31:40,490 is bbox_chunks is instance of list? True
2024-04-27 05:31:40,490 is image_chunks is instance of list? True
2024-04-27 05:31:40,490 is input_dict is instance of dict? True
2024-04-27 05:31:41,446 Model Called
2024-04-27 05:31:41,446 RAM memory 76.9 used for Bill_of_Exchange_44_0.png:
2024-04-27 05:31:41,446 is all_predictions is instance of list? True
2024-04-27 05:31:41,446 is all_boxes is instance of list? True
2024-04-27 05:31:41,446 is all_confidences is instance of list? True
2024-04-27 05:31:41,446 is all_text is instance of list? True
2024-04-27 05:31:41,447 is label2id is instance of dict? True
2024-04-27 05:31:41,447 is id2label is instance of dict? True
2024-04-27 05:31:41,447 is label2color is instance of dict? True
2024-04-27 05:31:41,447 label2color : {'tenor_type': '#69718D', 'invoice_due_date': '#BAD25C', 'diclaration_by': '#2F10DF', 'invoice_amount': '#E2AF19', 'original_or_copy': '#3A4510', 'boe_currency': '#324FA2', 'lc_ref_no': '#B3DC61', 'boe_amount': '#A90CB2', 'indicator_date': '#F0E269', 'tenore_details': '#41917B', 'lc_date': '#2E75F0', 'issuing_bank': '#9CC0E9', 'drawer_name': '#321479', 'stamp': '#547EA7', 'drawer_bank_address': '#25CA54', 'drawer_address': '#3233D9', 'drawee_name': '#BBF69D', 'country_of_origin': '#B6626F', 'tenor_indicator': '#7370E3', 'bill_exchange_no': '#D575DD', 'drawee_bank_address': '#D6AADB', 'issuing_bank_address': '#C0C37C', 'bill_exchange_date': '#6B34CA', 'goods_discription': '#6F8F08', 'drawer_bank_name': '#5BD1CD', 'indicator_type': '#AA4D36', 'drawee_bank_name': '#CDD579', 'usance_tenor': '#700C82', 'signature': '#3A50E1', 'invoice_no': '#D10A27', 'original_number': '#0B4CFC', 'drawee_address': '#85E6A2', 'invoice_date': '#9FC335', 'issue_place': '#AE718C', 'invoice_currency': '#34AAF2', 'O': '#0FB8E5', 'amount_in_words': '#5F923A'}
2024-04-27 05:31:41,468 is result_set is instance of dict? True
2024-04-27 05:31:41,469 is final_result_set is instance of dict? True
2024-04-27 05:31:41,558 Time taken for page 1 of Bill_of_Exchange_44_0.png:0:00:01.113528
2024-04-27 05:31:41,587 *****Generated All Pages****** for Bill_of_Exchange_44_0.png
2024-04-27 05:31:41,587 RAM memory 77.0 used for Bill_of_Exchange_44_0.png Generating All Pages:
2024-04-27 05:31:41,588 Processing time taken for all pages of Bill_of_Exchange_44_0.png1:0:00:01.146914
2024-04-27 05:31:41,699 file name is:Bill_of_Exchange_42_0.png
2024-04-27 05:31:41,699 folder path :Images
2024-04-27 05:31:41,699 Calling Image result
2024-04-27 05:31:41,699 is all_page_result is instance of dict? True
2024-04-27 05:31:41,699 STREAM b'IHDR' 16 13
2024-04-27 05:31:41,699 STREAM b'pHYs' 41 9
2024-04-27 05:31:41,699 STREAM b'IDAT' 62 77897
2024-04-27 05:31:41,702 is words is instance of list? True
2024-04-27 05:31:41,703 is bboxes is instance of list? True
2024-04-27 05:31:41,703 is bounding_boxes is instance of list? True
2024-04-27 05:31:41,725 is input_id_chunks is instance of list? True
2024-04-27 05:31:41,726 is mask_chunks is instance of list? True
2024-04-27 05:31:41,726 is bbox_chunks is instance of list? True
2024-04-27 05:31:41,726 is image_chunks is instance of list? True
2024-04-27 05:31:41,726 is input_dict is instance of dict? True
2024-04-27 05:31:42,684 Model Called
2024-04-27 05:31:42,684 RAM memory 76.7 used for Bill_of_Exchange_42_0.png:
2024-04-27 05:31:42,684 is all_predictions is instance of list? True
2024-04-27 05:31:42,684 is all_boxes is instance of list? True
2024-04-27 05:31:42,684 is all_confidences is instance of list? True
2024-04-27 05:31:42,684 is all_text is instance of list? True
2024-04-27 05:31:42,685 is label2id is instance of dict? True
2024-04-27 05:31:42,685 is id2label is instance of dict? True
2024-04-27 05:31:42,685 is label2color is instance of dict? True
2024-04-27 05:31:42,685 label2color : {'tenor_type': '#A5ACEF', 'invoice_due_date': '#DF50D4', 'diclaration_by': '#CF52B7', 'invoice_amount': '#594511', 'original_or_copy': '#89BAA3', 'boe_currency': '#F3C89A', 'lc_ref_no': '#27F530', 'boe_amount': '#8029EF', 'indicator_date': '#918A5A', 'tenore_details': '#0016B5', 'lc_date': '#091748', 'issuing_bank': '#3F80E3', 'drawer_name': '#AE1143', 'stamp': '#A84B47', 'drawer_bank_address': '#82900A', 'drawer_address': '#5B6DED', 'drawee_name': '#12576E', 'country_of_origin': '#A3154E', 'tenor_indicator': '#96FA4D', 'bill_exchange_no': '#40DAB1', 'drawee_bank_address': '#29914B', 'issuing_bank_address': '#FD0B2B', 'bill_exchange_date': '#D695F1', 'goods_discription': '#45D653', 'drawer_bank_name': '#780E40', 'indicator_type': '#2462CF', 'drawee_bank_name': '#2BDB28', 'usance_tenor': '#9C601B', 'signature': '#954657', 'invoice_no': '#1DA696', 'original_number': '#6504FB', 'drawee_address': '#1AE394', 'invoice_date': '#571078', 'issue_place': '#F2D973', 'invoice_currency': '#57B83C', 'O': '#224F9E', 'amount_in_words': '#5D914B'}
2024-04-27 05:31:42,697 is result_set is instance of dict? True
2024-04-27 05:31:42,697 is final_result_set is instance of dict? True
2024-04-27 05:31:42,730 Time taken for page 1 of Bill_of_Exchange_42_0.png:0:00:01.031145
2024-04-27 05:31:42,747 *****Generated All Pages****** for Bill_of_Exchange_42_0.png
2024-04-27 05:31:42,747 RAM memory 76.7 used for Bill_of_Exchange_42_0.png Generating All Pages:
2024-04-27 05:31:42,748 Processing time taken for all pages of Bill_of_Exchange_42_0.png1:0:00:01.048727
2024-04-27 05:31:42,859 file name is:Bill_of_Exchange_88_0.png
2024-04-27 05:31:42,860 folder path :Images
2024-04-27 05:31:42,860 Calling Image result
2024-04-27 05:31:42,860 is all_page_result is instance of dict? True
2024-04-27 05:31:42,860 STREAM b'IHDR' 16 13
2024-04-27 05:31:42,860 STREAM b'pHYs' 41 9
2024-04-27 05:31:42,860 STREAM b'IDAT' 62 111443
2024-04-27 05:31:42,866 is words is instance of list? True
2024-04-27 05:31:42,866 is bboxes is instance of list? True
2024-04-27 05:31:42,866 is bounding_boxes is instance of list? True
2024-04-27 05:31:42,900 is input_id_chunks is instance of list? True
2024-04-27 05:31:42,900 is mask_chunks is instance of list? True
2024-04-27 05:31:42,900 is bbox_chunks is instance of list? True
2024-04-27 05:31:42,900 is image_chunks is instance of list? True
2024-04-27 05:31:42,900 is input_dict is instance of dict? True
2024-04-27 05:31:43,854 Model Called
2024-04-27 05:31:43,854 RAM memory 76.6 used for Bill_of_Exchange_88_0.png:
2024-04-27 05:31:43,855 is all_predictions is instance of list? True
2024-04-27 05:31:43,855 is all_boxes is instance of list? True
2024-04-27 05:31:43,855 is all_confidences is instance of list? True
2024-04-27 05:31:43,855 is all_text is instance of list? True
2024-04-27 05:31:43,855 is label2id is instance of dict? True
2024-04-27 05:31:43,855 is id2label is instance of dict? True
2024-04-27 05:31:43,855 is label2color is instance of dict? True
2024-04-27 05:31:43,855 label2color : {'tenor_type': '#72585A', 'invoice_due_date': '#8B7316', 'diclaration_by': '#4E6727', 'invoice_amount': '#1CB2BF', 'original_or_copy': '#5443B8', 'boe_currency': '#856465', 'lc_ref_no': '#AF926A', 'boe_amount': '#612F38', 'indicator_date': '#9C56B7', 'tenore_details': '#E80FFC', 'lc_date': '#F51BC2', 'issuing_bank': '#2A770D', 'drawer_name': '#7230D1', 'stamp': '#D5FB50', 'drawer_bank_address': '#202133', 'drawer_address': '#BD1F5D', 'drawee_name': '#5CE23A', 'country_of_origin': '#9C28C9', 'tenor_indicator': '#CE6695', 'bill_exchange_no': '#C6E5B5', 'drawee_bank_address': '#59E3F2', 'issuing_bank_address': '#1CD532', 'bill_exchange_date': '#56E9C2', 'goods_discription': '#BC1568', 'drawer_bank_name': '#496602', 'indicator_type': '#CBB607', 'drawee_bank_name': '#AF6A89', 'usance_tenor': '#A708C4', 'signature': '#28E006', 'invoice_no': '#6BB579', 'original_number': '#10F7DB', 'drawee_address': '#8C7882', 'invoice_date': '#572CAB', 'issue_place': '#7BBD62', 'invoice_currency': '#5C6D3B', 'O': '#62DC54', 'amount_in_words': '#1AEE09'}
2024-04-27 05:31:43,876 is result_set is instance of dict? True
2024-04-27 05:31:43,877 is final_result_set is instance of dict? True
2024-04-27 05:31:43,977 Time taken for page 1 of Bill_of_Exchange_88_0.png:0:00:01.117303
2024-04-27 05:31:44,003 *****Generated All Pages****** for Bill_of_Exchange_88_0.png
2024-04-27 05:31:44,003 RAM memory 76.6 used for Bill_of_Exchange_88_0.png Generating All Pages:
2024-04-27 05:31:44,003 Processing time taken for all pages of Bill_of_Exchange_88_0.png1:0:00:01.143578
2024-04-27 05:31:44,115 file name is:Bill_of_Exchange_157_0.png
2024-04-27 05:31:44,115 folder path :Images
2024-04-27 05:31:44,116 Calling Image result
2024-04-27 05:31:44,116 is all_page_result is instance of dict? True
2024-04-27 05:31:44,116 STREAM b'IHDR' 16 13
2024-04-27 05:31:44,116 STREAM b'pHYs' 41 9
2024-04-27 05:31:44,116 STREAM b'IDAT' 62 126930
2024-04-27 05:31:44,123 *****Generated All Pages****** for Bill_of_Exchange_157_0.png
2024-04-27 05:31:44,123 RAM memory 76.2 used for Bill_of_Exchange_157_0.png Generating All Pages:
2024-04-27 05:31:44,123 Processing time taken for all pages of Bill_of_Exchange_157_0.png1:0:00:00.007190
