2024-04-29 10:13:09,720 checkpoint 1 => setting basis cofiguration for logging purposes
2024-04-29 10:13:09,722 start time: 2024-04-29 10:13:09.722619
2024-04-29 10:13:14,172 Starting new HTTPS connection (1): huggingface.co:443
2024-04-29 10:13:14,883 https://huggingface.co:443 "HEAD /microsoft/layoutlmv2-base-uncased/resolve/main/preprocessor_config.json HTTP/1.1" 200 0
2024-04-29 10:13:15,781 https://huggingface.co:443 "HEAD /microsoft/layoutlmv2-base-uncased/resolve/main/tokenizer_config.json HTTP/1.1" 404 0
2024-04-29 10:13:16,426 https://huggingface.co:443 "HEAD /microsoft/layoutlmv2-base-uncased/resolve/main/vocab.txt HTTP/1.1" 200 0
2024-04-29 10:13:16,478 RAM memory for Model loading used: 57.4
2024-04-29 10:13:16,478 cpu_utilization % for Model Loading:-35.6
2024-04-29 10:13:16,479 memory_consumption in bytes for Loading Model:910954496
2024-04-29 10:13:16,479 Loaded Model successfully
2024-04-29 10:13:16,479 file name is:Bill_of_Exchange_44_0.png
2024-04-29 10:13:16,479 folder path :Images
2024-04-29 10:13:16,479 Calling Image result
2024-04-29 10:13:16,479 is all_page_result is instance of dict? True
2024-04-29 10:13:16,487 STREAM b'IHDR' 16 13
2024-04-29 10:13:16,488 STREAM b'pHYs' 41 9
2024-04-29 10:13:16,488 STREAM b'IDAT' 62 98834
2024-04-29 10:13:16,514 *****Generated All Pages****** for Bill_of_Exchange_44_0.png
2024-04-29 10:13:16,515 RAM memory 57.4 used for Bill_of_Exchange_44_0.png Generating All Pages:
2024-04-29 10:13:16,515 Processing time taken for all pages of Bill_of_Exchange_44_0.png1:0:00:00.036430
2024-04-29 10:13:16,677 file name is:Bill_of_Exchange_266_0.png
2024-04-29 10:13:16,677 folder path :Images
2024-04-29 10:13:16,677 Calling Image result
2024-04-29 10:13:16,677 is all_page_result is instance of dict? True
2024-04-29 10:13:16,678 STREAM b'IHDR' 16 13
2024-04-29 10:13:16,678 STREAM b'pHYs' 41 9
2024-04-29 10:13:16,678 STREAM b'IDAT' 62 183397
2024-04-29 10:13:16,692 is words is instance of list? True
2024-04-29 10:13:16,692 is bboxes is instance of list? True
2024-04-29 10:13:16,693 is bounding_boxes is instance of list? True
2024-04-29 10:13:16,773 is input_id_chunks is instance of list? True
2024-04-29 10:13:16,774 is mask_chunks is instance of list? True
2024-04-29 10:13:16,774 is bbox_chunks is instance of list? True
2024-04-29 10:13:16,774 is image_chunks is instance of list? True
2024-04-29 10:13:16,776 is input_dict is instance of dict? True
2024-04-29 10:13:20,957 Model Called
2024-04-29 10:13:20,958 RAM memory 69.6 used for Bill_of_Exchange_266_0.png:
2024-04-29 10:13:20,958 is all_predictions is instance of list? True
2024-04-29 10:13:20,958 is all_boxes is instance of list? True
2024-04-29 10:13:20,958 is all_confidences is instance of list? True
2024-04-29 10:13:20,958 is all_text is instance of list? True
2024-04-29 10:13:20,959 is label2id is instance of dict? True
2024-04-29 10:13:20,959 is id2label is instance of dict? True
2024-04-29 10:13:20,960 is label2color is instance of dict? True
2024-04-29 10:13:20,960 label2color : {'tenor_type': '#D48092', 'invoice_due_date': '#0E5F62', 'diclaration_by': '#8A3BFD', 'invoice_amount': '#89132C', 'original_or_copy': '#EEE054', 'boe_currency': '#E4A802', 'lc_ref_no': '#BFF8AC', 'boe_amount': '#43ACE9', 'indicator_date': '#DB2133', 'tenore_details': '#C35A6B', 'lc_date': '#317FA5', 'issuing_bank': '#0AA66A', 'drawer_name': '#4DB848', 'stamp': '#2F8F1B', 'drawer_bank_address': '#8AE441', 'drawer_address': '#5338ED', 'drawee_name': '#85337C', 'country_of_origin': '#1C3752', 'tenor_indicator': '#A99BFD', 'bill_exchange_no': '#680611', 'drawee_bank_address': '#CB38F0', 'issuing_bank_address': '#911357', 'bill_exchange_date': '#943E6F', 'goods_discription': '#3ADC44', 'drawer_bank_name': '#A2CFD4', 'indicator_type': '#605476', 'drawee_bank_name': '#4133DA', 'usance_tenor': '#CB88B3', 'signature': '#1BB12C', 'invoice_no': '#F3468F', 'original_number': '#A34E5D', 'drawee_address': '#575DBA', 'invoice_date': '#D0B533', 'issue_place': '#A5BB02', 'invoice_currency': '#9ACCF6', 'O': '#99B63D', 'amount_in_words': '#FC452C'}
2024-04-29 10:13:21,056 is result_set is instance of dict? True
2024-04-29 10:13:21,060 is final_result_set is instance of dict? True
2024-04-29 10:13:21,256 Time taken for page 1 of Bill_of_Exchange_266_0.png:0:00:04.578087
2024-04-29 10:13:21,317 *****Generated All Pages****** for Bill_of_Exchange_266_0.png
2024-04-29 10:13:21,317 RAM memory 69.8 used for Bill_of_Exchange_266_0.png Generating All Pages:
2024-04-29 10:13:21,317 Processing time taken for all pages of Bill_of_Exchange_266_0.png1:0:00:04.639594
2024-04-29 10:13:21,476 file name is:Bill_of_Exchange_88_0.png
2024-04-29 10:13:21,476 folder path :Images
2024-04-29 10:13:21,476 Calling Image result
2024-04-29 10:13:21,476 is all_page_result is instance of dict? True
2024-04-29 10:13:21,477 STREAM b'IHDR' 16 13
2024-04-29 10:13:21,477 STREAM b'pHYs' 41 9
2024-04-29 10:13:21,477 STREAM b'IDAT' 62 111443
2024-04-29 10:13:21,487 is words is instance of list? True
2024-04-29 10:13:21,487 is bboxes is instance of list? True
2024-04-29 10:13:21,487 is bounding_boxes is instance of list? True
2024-04-29 10:13:21,537 is input_id_chunks is instance of list? True
2024-04-29 10:13:21,537 is mask_chunks is instance of list? True
2024-04-29 10:13:21,537 is bbox_chunks is instance of list? True
2024-04-29 10:13:21,537 is image_chunks is instance of list? True
2024-04-29 10:13:21,537 is input_dict is instance of dict? True
2024-04-29 10:13:23,458 Model Called
2024-04-29 10:13:23,459 RAM memory 67.3 used for Bill_of_Exchange_88_0.png:
2024-04-29 10:13:23,459 is all_predictions is instance of list? True
2024-04-29 10:13:23,459 is all_boxes is instance of list? True
2024-04-29 10:13:23,459 is all_confidences is instance of list? True
2024-04-29 10:13:23,459 is all_text is instance of list? True
2024-04-29 10:13:23,459 is label2id is instance of dict? True
2024-04-29 10:13:23,459 is id2label is instance of dict? True
2024-04-29 10:13:23,460 is label2color is instance of dict? True
2024-04-29 10:13:23,460 label2color : {'tenor_type': '#F4AB52', 'invoice_due_date': '#D478CF', 'diclaration_by': '#D10BB0', 'invoice_amount': '#F63C79', 'original_or_copy': '#F6BF7D', 'boe_currency': '#309959', 'lc_ref_no': '#9D751F', 'boe_amount': '#0A30EF', 'indicator_date': '#40832A', 'tenore_details': '#9C0920', 'lc_date': '#A2D62C', 'issuing_bank': '#68CCE7', 'drawer_name': '#9CC59F', 'stamp': '#ADDC42', 'drawer_bank_address': '#640D1B', 'drawer_address': '#CFC843', 'drawee_name': '#00957F', 'country_of_origin': '#FC0A5E', 'tenor_indicator': '#00454B', 'bill_exchange_no': '#A04FE6', 'drawee_bank_address': '#25F333', 'issuing_bank_address': '#A40954', 'bill_exchange_date': '#E87C7D', 'goods_discription': '#A03D41', 'drawer_bank_name': '#1B13EE', 'indicator_type': '#6B883C', 'drawee_bank_name': '#3DF67B', 'usance_tenor': '#40296F', 'signature': '#C7FCF8', 'invoice_no': '#88870B', 'original_number': '#667CC2', 'drawee_address': '#2989A6', 'invoice_date': '#D982EF', 'issue_place': '#9C9FBB', 'invoice_currency': '#7ED95E', 'O': '#7FC7C2', 'amount_in_words': '#AE9ABD'}
2024-04-29 10:13:23,500 is result_set is instance of dict? True
2024-04-29 10:13:23,501 is final_result_set is instance of dict? True
2024-04-29 10:13:23,661 Time taken for page 1 of Bill_of_Exchange_88_0.png:0:00:02.184063
2024-04-29 10:13:23,708 *****Generated All Pages****** for Bill_of_Exchange_88_0.png
2024-04-29 10:13:23,709 RAM memory 67.3 used for Bill_of_Exchange_88_0.png Generating All Pages:
2024-04-29 10:13:23,709 Processing time taken for all pages of Bill_of_Exchange_88_0.png1:0:00:02.232411
2024-04-29 10:13:23,861 file name is:Bill_of_Exchange_157_0.png
2024-04-29 10:13:23,861 folder path :Images
2024-04-29 10:13:23,861 Calling Image result
2024-04-29 10:13:23,861 is all_page_result is instance of dict? True
2024-04-29 10:13:23,862 STREAM b'IHDR' 16 13
2024-04-29 10:13:23,862 STREAM b'pHYs' 41 9
2024-04-29 10:13:23,862 STREAM b'IDAT' 62 126930
2024-04-29 10:13:23,875 is words is instance of list? True
2024-04-29 10:13:23,875 is bboxes is instance of list? True
2024-04-29 10:13:23,875 is bounding_boxes is instance of list? True
2024-04-29 10:13:23,935 is input_id_chunks is instance of list? True
2024-04-29 10:13:23,935 is mask_chunks is instance of list? True
2024-04-29 10:13:23,935 is bbox_chunks is instance of list? True
2024-04-29 10:13:23,935 is image_chunks is instance of list? True
2024-04-29 10:13:23,936 is input_dict is instance of dict? True
2024-04-29 10:13:25,387 Model Called
2024-04-29 10:13:25,388 RAM memory 67.2 used for Bill_of_Exchange_157_0.png:
2024-04-29 10:13:25,388 is all_predictions is instance of list? True
2024-04-29 10:13:25,388 is all_boxes is instance of list? True
2024-04-29 10:13:25,388 is all_confidences is instance of list? True
2024-04-29 10:13:25,388 is all_text is instance of list? True
2024-04-29 10:13:25,389 is label2id is instance of dict? True
2024-04-29 10:13:25,389 is id2label is instance of dict? True
2024-04-29 10:13:25,390 is label2color is instance of dict? True
2024-04-29 10:13:25,390 label2color : {'tenor_type': '#BD4E58', 'invoice_due_date': '#A08204', 'diclaration_by': '#D8550E', 'invoice_amount': '#5F1B37', 'original_or_copy': '#66B3FC', 'boe_currency': '#B6DF93', 'lc_ref_no': '#7EC04F', 'boe_amount': '#207F76', 'indicator_date': '#D385C4', 'tenore_details': '#669058', 'lc_date': '#0F6B40', 'issuing_bank': '#70A754', 'drawer_name': '#D8107D', 'stamp': '#D368C9', 'drawer_bank_address': '#5FC0DB', 'drawer_address': '#BE46B5', 'drawee_name': '#A3A6FA', 'country_of_origin': '#9AF210', 'tenor_indicator': '#34B7AD', 'bill_exchange_no': '#9363D7', 'drawee_bank_address': '#A68AAF', 'issuing_bank_address': '#FD9636', 'bill_exchange_date': '#91EF50', 'goods_discription': '#8D031E', 'drawer_bank_name': '#F500F8', 'indicator_type': '#7C0958', 'drawee_bank_name': '#2EC3B7', 'usance_tenor': '#A94DBF', 'signature': '#ABF593', 'invoice_no': '#CDF156', 'original_number': '#1E1AE4', 'drawee_address': '#936567', 'invoice_date': '#1DA2B8', 'issue_place': '#5F948E', 'invoice_currency': '#0FBE5F', 'O': '#9EFA51', 'amount_in_words': '#497693'}
2024-04-29 10:13:25,422 is result_set is instance of dict? True
2024-04-29 10:13:25,424 is final_result_set is instance of dict? True
2024-04-29 10:13:25,609 Time taken for page 1 of Bill_of_Exchange_157_0.png:0:00:01.746669
2024-04-29 10:13:25,662 *****Generated All Pages****** for Bill_of_Exchange_157_0.png
2024-04-29 10:13:25,663 RAM memory 67.4 used for Bill_of_Exchange_157_0.png Generating All Pages:
2024-04-29 10:13:25,663 Processing time taken for all pages of Bill_of_Exchange_157_0.png1:0:00:01.801461
