2024-04-29 15:08:30,645 checkpoint 1 => setting basis cofiguration for logging purposes
2024-04-29 15:08:30,646 start time: 2024-04-29 15:08:30.646427
2024-04-29 15:08:33,590 Starting new HTTPS connection (1): huggingface.co:443
2024-04-29 15:08:34,399 https://huggingface.co:443 "HEAD /microsoft/layoutlmv2-base-uncased/resolve/main/preprocessor_config.json HTTP/1.1" 200 0
2024-04-29 15:08:35,220 https://huggingface.co:443 "HEAD /microsoft/layoutlmv2-base-uncased/resolve/main/tokenizer_config.json HTTP/1.1" 404 0
2024-04-29 15:08:36,001 https://huggingface.co:443 "HEAD /microsoft/layoutlmv2-base-uncased/resolve/main/vocab.txt HTTP/1.1" 200 0
2024-04-29 15:08:36,028 RAM memory for Model loading used: 56.2
2024-04-29 15:08:36,029 cpu_utilization % for Model Loading:28.7
2024-04-29 15:08:36,029 memory_consumption in bytes for Loading Model:910249984
2024-04-29 15:08:36,029 Loaded Model successfully
2024-04-29 15:08:36,029 file name is:Bill_of_lading_512_page_0.png
2024-04-29 15:08:36,029 folder path :Images
2024-04-29 15:08:36,029 Calling Image result
2024-04-29 15:08:36,029 is all_page_result is instance of dict? True
2024-04-29 15:08:36,032 STREAM b'IHDR' 16 13
2024-04-29 15:08:36,032 STREAM b'IDAT' 41 57112
2024-04-29 15:08:36,063 is words is instance of list? True
2024-04-29 15:08:36,064 is bboxes is instance of list? True
2024-04-29 15:08:36,064 is bounding_boxes is instance of list? True
2024-04-29 15:08:36,341 is input_id_chunks is instance of list? True
2024-04-29 15:08:36,341 is mask_chunks is instance of list? True
2024-04-29 15:08:36,341 is bbox_chunks is instance of list? True
2024-04-29 15:08:36,341 is image_chunks is instance of list? True
2024-04-29 15:08:36,342 is input_dict is instance of dict? True
2024-04-29 15:08:38,474 Model Called
2024-04-29 15:08:38,475 RAM memory 67.8 used for Bill_of_lading_512_page_0.png:
2024-04-29 15:08:38,475 is all_predictions is instance of list? True
2024-04-29 15:08:38,475 is all_boxes is instance of list? True
2024-04-29 15:08:38,475 is all_confidences is instance of list? True
2024-04-29 15:08:38,475 is all_text is instance of list? True
2024-04-29 15:08:38,475 is label2id is instance of dict? True
2024-04-29 15:08:38,475 is id2label is instance of dict? True
2024-04-29 15:08:38,476 is label2color is instance of dict? True
2024-04-29 15:08:38,476 label2color : {'stamp': '#57CE1E', 'bol_original_or_copy': '#A7A2AE', 'vessel_name': '#D2F0DF', 'shipped_onboard_date': '#CEFE4F', 'final_destination': '#25244B', 'measurement': '#6A8EBC', 'country_of_origin': '#4D567A', 'bol_original_number': '#05E705', 'net_weight': '#A45CCF', 'signed_by_carrier': '#C5AE71', 'gross_weight': '#884204', 'carrier_country': '#9282AF', 'port_of_discharge': '#456C37', 'goods_quantity': '#26A5D0', 'notify_party_name': '#03898C', 'port_of_loading': '#95518E', 'shipper_address': '#72D50D', 'place_of_issue': '#A2C076', 'agent_country': '#385A76', 'freight_collect_at': '#2C0377', 'place_of_receipt': '#724EB5', 'voyage_number': '#2D5A89', 'signature': '#D685B5', 'consignee_name': '#8A1F04', 'consignee_address': '#839149', 'bill_of_lading_issue_date': '#FC7A69', 'mode_of_transport': '#B3B62F', 'shipper_name': '#486068', 'signed_By_agent': '#C0AC03', 'container_number': '#17556B', 'transaction_date': '#B97D35', 'notify_party_address': '#F536C3', 'goods_marks_and_nos': '#C88470', 'goods_description': '#03BAE3', 'lc_date': '#DF2CE6', 'dimension': '#F48F6A', 'agent_name': '#8F8A57', 'carrier_name': '#1643C6', 'O': '#4D5319', 'lc_ref_number': '#E4E3A4', 'pre_carriage_by': '#A2556C', 'page_no': '#C41F01', 'total_original_no': '#FA1631', 'freight_collect_or_prepaid': '#59143D', 'signed_by_master': '#15F692', 'bill_of_lading_number': '#58E0E2'}
2024-04-29 15:08:38,716 is result_set is instance of dict? True
2024-04-29 15:08:38,717 is final_result_set is instance of dict? True
