2024-04-29 11:30:42,983 checkpoint 1 => setting basis cofiguration for logging purposes
2024-04-29 11:30:42,985 start time: 2024-04-29 11:30:42.985007
2024-04-29 11:30:46,068 Starting new HTTPS connection (1): huggingface.co:443
2024-04-29 11:30:46,446 https://huggingface.co:443 "HEAD /microsoft/layoutlmv2-base-uncased/resolve/main/preprocessor_config.json HTTP/1.1" 200 0
2024-04-29 11:30:46,836 https://huggingface.co:443 "HEAD /microsoft/layoutlmv2-base-uncased/resolve/main/tokenizer_config.json HTTP/1.1" 404 0
2024-04-29 11:30:47,097 https://huggingface.co:443 "HEAD /microsoft/layoutlmv2-base-uncased/resolve/main/vocab.txt HTTP/1.1" 200 0
2024-04-29 11:30:47,131 RAM memory for Model loading used: 64.9
2024-04-29 11:30:47,132 cpu_utilization % for Model Loading:30.4
2024-04-29 11:30:47,132 memory_consumption in bytes for Loading Model:909676544
2024-04-29 11:30:47,132 Loaded Model successfully
2024-04-29 11:30:47,132 file name is:Bill_of_lading_512_page_0.png
2024-04-29 11:30:47,132 folder path :Images
2024-04-29 11:30:47,132 Calling Image result
2024-04-29 11:30:47,132 is all_page_result is instance of dict? True
2024-04-29 11:30:47,138 STREAM b'IHDR' 16 13
2024-04-29 11:30:47,139 STREAM b'IDAT' 41 57112
2024-04-29 11:30:47,180 is words is instance of list? True
2024-04-29 11:30:47,180 is bboxes is instance of list? True
2024-04-29 11:30:47,180 is bounding_boxes is instance of list? True
2024-04-29 11:30:47,603 is input_id_chunks is instance of list? True
2024-04-29 11:30:47,603 is mask_chunks is instance of list? True
2024-04-29 11:30:47,603 is bbox_chunks is instance of list? True
2024-04-29 11:30:47,603 is image_chunks is instance of list? True
2024-04-29 11:30:47,604 is input_dict is instance of dict? True
2024-04-29 11:30:49,796 Model Called
2024-04-29 11:30:49,796 RAM memory 76.2 used for Bill_of_lading_512_page_0.png:
2024-04-29 11:30:49,796 is all_predictions is instance of list? True
2024-04-29 11:30:49,796 is all_boxes is instance of list? True
2024-04-29 11:30:49,796 is all_confidences is instance of list? True
2024-04-29 11:30:49,796 is all_text is instance of list? True
2024-04-29 11:30:49,797 is label2id is instance of dict? True
2024-04-29 11:30:49,797 is id2label is instance of dict? True
2024-04-29 11:30:49,798 is label2color is instance of dict? True
2024-04-29 11:30:49,798 label2color : {'stamp': '#7D1767', 'bol_original_or_copy': '#48F575', 'vessel_name': '#5C430E', 'shipped_onboard_date': '#A6B1DE', 'final_destination': '#0F0B2C', 'measurement': '#760A08', 'country_of_origin': '#6E3028', 'bol_original_number': '#5EF645', 'net_weight': '#C80A1A', 'signed_by_carrier': '#94FC2D', 'gross_weight': '#495C9F', 'carrier_country': '#E824D5', 'port_of_discharge': '#270907', 'goods_quantity': '#C59EC4', 'notify_party_name': '#718F1D', 'port_of_loading': '#988966', 'shipper_address': '#EE8F88', 'place_of_issue': '#6834A9', 'agent_country': '#3BB422', 'freight_collect_at': '#6C066F', 'place_of_receipt': '#AFAFCA', 'voyage_number': '#9903A2', 'signature': '#BB3348', 'consignee_name': '#A0A0E1', 'consignee_address': '#3E169C', 'bill_of_lading_issue_date': '#4F73DE', 'mode_of_transport': '#D2A5F5', 'shipper_name': '#44A1A2', 'signed_By_agent': '#A1A1F6', 'container_number': '#A46DE8', 'transaction_date': '#275236', 'notify_party_address': '#B86266', 'goods_marks_and_nos': '#31D084', 'goods_description': '#4729D9', 'lc_date': '#78C802', 'dimension': '#EFD08A', 'agent_name': '#88DBC8', 'carrier_name': '#3C2B20', 'O': '#DA64F9', 'lc_ref_number': '#F59B7D', 'pre_carriage_by': '#659CAE', 'page_no': '#C8A7C7', 'total_original_no': '#F9289C', 'freight_collect_or_prepaid': '#4765F0', 'signed_by_master': '#2DDA55', 'bill_of_lading_number': '#0E4698'}
2024-04-29 11:30:50,028 is result_set is instance of dict? True
2024-04-29 11:30:50,039 is final_result_set is instance of dict? True
2024-04-29 11:30:50,134 Time taken for page 1 of Bill_of_lading_512_page_0.png:0:00:02.995513
2024-04-29 11:30:50,256 *****Generated All Pages****** for Bill_of_lading_512_page_0.png
2024-04-29 11:30:50,256 RAM memory 76.6 used for Bill_of_lading_512_page_0.png Generating All Pages:
2024-04-29 11:30:50,256 Processing time taken for all pages of Bill_of_lading_512_page_0.png1:0:00:03.123638
