2024-04-27 03:57:49,909 checkpoint 1 => setting basis cofiguration for logging purposes
2024-04-27 03:57:49,910 start time: 2024-04-27 03:57:49.910812
2024-04-27 03:57:52,672 Starting new HTTPS connection (1): huggingface.co:443
2024-04-27 03:57:53,454 https://huggingface.co:443 "HEAD /microsoft/layoutlmv2-base-uncased/resolve/main/preprocessor_config.json HTTP/1.1" 200 0
2024-04-27 03:57:54,274 https://huggingface.co:443 "HEAD /microsoft/layoutlmv2-base-uncased/resolve/main/tokenizer_config.json HTTP/1.1" 404 0
2024-04-27 03:57:54,990 https://huggingface.co:443 "HEAD /microsoft/layoutlmv2-base-uncased/resolve/main/vocab.txt HTTP/1.1" 200 0
2024-04-27 03:57:55,042 RAM memory for Model loading used: 66.5
2024-04-27 03:57:55,042 cpu_utilization % for Model Loading:-38.9
2024-04-27 03:57:55,042 memory_consumption in bytes for Loading Model:910839808
2024-04-27 03:57:55,042 Loaded Model successfully
2024-04-27 03:57:55,042 file name is:Bill_of_Exchange_157_0.png
2024-04-27 03:57:55,042 folder path :Images
2024-04-27 03:57:55,042 Calling Image result
2024-04-27 03:57:55,042 is all_page_result is instance of dict? True
2024-04-27 03:57:55,047 STREAM b'IHDR' 16 13
2024-04-27 03:57:55,047 STREAM b'pHYs' 41 9
2024-04-27 03:57:55,047 STREAM b'IDAT' 62 126930
2024-04-27 03:57:55,055 is words is instance of list? True
2024-04-27 03:57:55,055 is bboxes is instance of list? True
2024-04-27 03:57:55,055 is bounding_boxes is instance of list? True
2024-04-27 03:57:55,097 is input_id_chunks is instance of list? True
2024-04-27 03:57:55,097 is mask_chunks is instance of list? True
2024-04-27 03:57:55,097 is bbox_chunks is instance of list? True
2024-04-27 03:57:55,097 is image_chunks is instance of list? True
2024-04-27 03:57:55,098 is input_dict is instance of dict? True
2024-04-27 03:57:56,064 Model Called
2024-04-27 03:57:56,065 RAM memory 72.5 used for Bill_of_Exchange_157_0.png:
2024-04-27 03:57:56,065 is all_predictions is instance of list? True
2024-04-27 03:57:56,065 is all_boxes is instance of list? True
2024-04-27 03:57:56,065 is all_confidences is instance of list? True
2024-04-27 03:57:56,065 is all_text is instance of list? True
2024-04-27 03:57:56,065 is label2id is instance of dict? True
2024-04-27 03:57:56,065 is id2label is instance of dict? True
2024-04-27 03:57:56,065 is label2color is instance of dict? True
2024-04-27 03:57:56,065 label2color : {'tenor_type': '#ACFB18', 'invoice_due_date': '#758729', 'diclaration_by': '#6D2C61', 'invoice_amount': '#5D1135', 'original_or_copy': '#6F6445', 'boe_currency': '#3EA299', 'lc_ref_no': '#5297E9', 'boe_amount': '#C0BDBE', 'indicator_date': '#2A5D13', 'tenore_details': '#1BF1A4', 'lc_date': '#447045', 'issuing_bank': '#0122E6', 'drawer_name': '#F23B1D', 'stamp': '#B6CA70', 'drawer_bank_address': '#7F9E9B', 'drawer_address': '#C049F8', 'drawee_name': '#ACE00A', 'country_of_origin': '#52A5C9', 'tenor_indicator': '#DD094E', 'bill_exchange_no': '#1DA231', 'drawee_bank_address': '#286E05', 'issuing_bank_address': '#508569', 'bill_exchange_date': '#5BCCB4', 'goods_discription': '#2C0F59', 'drawer_bank_name': '#EB608A', 'indicator_type': '#0CA2EB', 'drawee_bank_name': '#1D9BCA', 'usance_tenor': '#AE0ADD', 'signature': '#7AD06C', 'invoice_no': '#D2E17A', 'original_number': '#000BE6', 'drawee_address': '#76F942', 'invoice_date': '#B32C68', 'issue_place': '#DA0410', 'invoice_currency': '#DAFF0F', 'O': '#A57AB9', 'amount_in_words': '#557D77'}
2024-04-27 03:57:56,089 is result_set is instance of dict? True
2024-04-27 03:57:56,090 is final_result_set is instance of dict? True
2024-04-27 03:57:56,184 Time taken for page 1 of Bill_of_Exchange_157_0.png:0:00:01.136055
2024-04-27 03:57:56,214 *****Generated All Pages****** for Bill_of_Exchange_157_0.png
2024-04-27 03:57:56,214 RAM memory 72.6 used for Bill_of_Exchange_157_0.png Generating All Pages:
2024-04-27 03:57:56,214 Processing time taken for all pages of Bill_of_Exchange_157_0.png1:0:00:01.172068
