2024-04-29 12:25:36,163 checkpoint 1 => setting basis cofiguration for logging purposes
2024-04-29 12:25:36,164 start time: 2024-04-29 12:25:36.164719
2024-04-29 12:25:38,903 Starting new HTTPS connection (1): huggingface.co:443
2024-04-29 12:25:39,336 https://huggingface.co:443 "HEAD /microsoft/layoutlmv2-base-uncased/resolve/main/preprocessor_config.json HTTP/1.1" 200 0
2024-04-29 12:25:40,160 https://huggingface.co:443 "HEAD /microsoft/layoutlmv2-base-uncased/resolve/main/tokenizer_config.json HTTP/1.1" 404 0
2024-04-29 12:25:40,471 https://huggingface.co:443 "HEAD /microsoft/layoutlmv2-base-uncased/resolve/main/vocab.txt HTTP/1.1" 200 0
2024-04-29 12:25:40,503 RAM memory for Model loading used: 59.0
2024-04-29 12:25:40,503 cpu_utilization % for Model Loading:29.2
2024-04-29 12:25:40,503 memory_consumption in bytes for Loading Model:911634432
2024-04-29 12:25:40,503 Loaded Model successfully
2024-04-29 12:25:40,503 file name is:Bill_of_Exchange_157_0.png
2024-04-29 12:25:40,504 folder path :Images
2024-04-29 12:25:40,504 Calling Image result
2024-04-29 12:25:40,504 is all_page_result is instance of dict? True
2024-04-29 12:25:40,507 STREAM b'IHDR' 16 13
2024-04-29 12:25:40,507 STREAM b'pHYs' 41 9
2024-04-29 12:25:40,507 STREAM b'IDAT' 62 126930
2024-04-29 12:25:40,521 is words is instance of list? True
2024-04-29 12:25:40,521 is bboxes is instance of list? True
2024-04-29 12:25:40,521 is bounding_boxes is instance of list? True
2024-04-29 12:25:40,574 is input_id_chunks is instance of list? True
2024-04-29 12:25:40,575 is mask_chunks is instance of list? True
2024-04-29 12:25:40,575 is bbox_chunks is instance of list? True
2024-04-29 12:25:40,575 is image_chunks is instance of list? True
2024-04-29 12:25:40,575 is input_dict is instance of dict? True
2024-04-29 12:25:41,705 Model Called
2024-04-29 12:25:41,705 RAM memory 64.9 used for Bill_of_Exchange_157_0.png:
2024-04-29 12:25:41,706 is all_predictions is instance of list? True
2024-04-29 12:25:41,706 is all_boxes is instance of list? True
2024-04-29 12:25:41,706 is all_confidences is instance of list? True
2024-04-29 12:25:41,706 is all_text is instance of list? True
2024-04-29 12:25:41,706 is label2id is instance of dict? True
2024-04-29 12:25:41,706 is id2label is instance of dict? True
2024-04-29 12:25:41,707 is label2color is instance of dict? True
2024-04-29 12:25:41,707 label2color : {'tenor_type': '#24247E', 'invoice_due_date': '#15572E', 'diclaration_by': '#BE540B', 'invoice_amount': '#13096C', 'original_or_copy': '#C53E3F', 'boe_currency': '#90E911', 'lc_ref_no': '#F0107B', 'boe_amount': '#1A3F18', 'indicator_date': '#DBFEE0', 'tenore_details': '#59023C', 'lc_date': '#9D674D', 'issuing_bank': '#736907', 'drawer_name': '#6AF0CB', 'stamp': '#4CB4A4', 'drawer_bank_address': '#896B5D', 'drawer_address': '#D4897E', 'drawee_name': '#421E7D', 'country_of_origin': '#1A5937', 'tenor_indicator': '#722476', 'bill_exchange_no': '#1AAF2F', 'drawee_bank_address': '#6F368C', 'issuing_bank_address': '#FDD958', 'bill_exchange_date': '#0FC5B7', 'goods_discription': '#9815FB', 'drawer_bank_name': '#21CCF6', 'indicator_type': '#C18B34', 'drawee_bank_name': '#96F5D2', 'usance_tenor': '#574589', 'signature': '#1CF475', 'invoice_no': '#366E2D', 'original_number': '#92FD8C', 'drawee_address': '#6DB7D8', 'invoice_date': '#CA94E7', 'issue_place': '#5510A0', 'invoice_currency': '#067A05', 'O': '#C76E70', 'amount_in_words': '#5E30F9'}
2024-04-29 12:25:41,731 is result_set is instance of dict? True
2024-04-29 12:25:41,732 is final_result_set is instance of dict? True
