2024-04-30 10:35:52,878 checkpoint 1 => setting basis cofiguration for logging purposes
2024-04-30 10:35:52,880 start time: 2024-04-30 10:35:52.880703
2024-04-30 10:35:56,313 Starting new HTTPS connection (1): huggingface.co:443
2024-04-30 10:35:57,052 https://huggingface.co:443 "HEAD /microsoft/layoutlmv2-base-uncased/resolve/main/preprocessor_config.json HTTP/1.1" 200 0
2024-04-30 10:35:57,469 https://huggingface.co:443 "HEAD /microsoft/layoutlmv2-base-uncased/resolve/main/tokenizer_config.json HTTP/1.1" 404 0
2024-04-30 10:35:58,201 https://huggingface.co:443 "HEAD /microsoft/layoutlmv2-base-uncased/resolve/main/vocab.txt HTTP/1.1" 200 0
2024-04-30 10:35:58,239 RAM memory for Model loading used: 67.7
2024-04-30 10:35:58,239 cpu_utilization % for Model Loading:-41.6
2024-04-30 10:35:58,239 memory_consumption in bytes for Loading Model:910864384
2024-04-30 10:35:58,239 Loaded Model successfully
2024-04-30 10:35:58,240 file name is:Bill_of_lading_1029_page_6.png
2024-04-30 10:35:58,240 folder path :Images
2024-04-30 10:35:58,240 Calling Image result
2024-04-30 10:35:58,240 is all_page_result is instance of dict? True
2024-04-30 10:35:58,248 STREAM b'IHDR' 16 13
2024-04-30 10:35:58,248 STREAM b'PLTE' 41 768
2024-04-30 10:35:58,248 STREAM b'IDAT' 821 65536
2024-04-30 10:35:58,271 is words is instance of list? True
2024-04-30 10:35:58,272 is bboxes is instance of list? True
2024-04-30 10:35:58,272 is bounding_boxes is instance of list? True
2024-04-30 10:35:58,354 is input_id_chunks is instance of list? True
2024-04-30 10:35:58,354 is mask_chunks is instance of list? True
2024-04-30 10:35:58,354 is bbox_chunks is instance of list? True
2024-04-30 10:35:58,354 is image_chunks is instance of list? True
2024-04-30 10:35:58,356 is input_dict is instance of dict? True
2024-04-30 10:35:59,842 Model Called
2024-04-30 10:35:59,842 RAM memory 73.5 used for Bill_of_lading_1029_page_6.png:
2024-04-30 10:35:59,842 is all_predictions is instance of list? True
2024-04-30 10:35:59,842 is all_boxes is instance of list? True
2024-04-30 10:35:59,842 is all_confidences is instance of list? True
2024-04-30 10:35:59,842 is all_text is instance of list? True
2024-04-30 10:35:59,843 is label2id is instance of dict? True
2024-04-30 10:35:59,844 is id2label is instance of dict? True
2024-04-30 10:35:59,844 is label2color is instance of dict? True
2024-04-30 10:35:59,845 label2color : {'stamp': '#5F9806', 'bol_original_or_copy': '#537722', 'vessel_name': '#9D892F', 'shipped_onboard_date': '#B9515F', 'final_destination': '#917302', 'measurement': '#DD8D63', 'country_of_origin': '#6B11C0', 'bol_original_number': '#2E286D', 'net_weight': '#7AF1D6', 'signed_by_carrier': '#BFE6F1', 'gross_weight': '#E92AFB', 'carrier_country': '#854945', 'port_of_discharge': '#20884D', 'goods_quantity': '#513BA7', 'notify_party_name': '#73A3F9', 'port_of_loading': '#A5F43C', 'shipper_address': '#549323', 'place_of_issue': '#955CFF', 'agent_country': '#2FA7A9', 'freight_collect_at': '#0E8D65', 'place_of_receipt': '#508660', 'voyage_number': '#D7B1DC', 'signature': '#744011', 'consignee_name': '#53CA95', 'consignee_address': '#F5A8D4', 'bill_of_lading_issue_date': '#F8D396', 'mode_of_transport': '#7B482A', 'shipper_name': '#F29485', 'signed_By_agent': '#D9D0CD', 'container_number': '#C81AB8', 'transaction_date': '#1B6345', 'notify_party_address': '#751323', 'goods_marks_and_nos': '#0E1EFE', 'goods_description': '#6277CD', 'lc_date': '#4FE8E2', 'dimension': '#10C481', 'agent_name': '#5A613E', 'carrier_name': '#C6E655', 'O': '#BDB589', 'lc_ref_number': '#4EE4C0', 'pre_carriage_by': '#52EFFD', 'page_no': '#9BB6CC', 'total_original_no': '#9E018C', 'freight_collect_or_prepaid': '#EEF2C7', 'signed_by_master': '#653753', 'bill_of_lading_number': '#C09A68'}
2024-04-30 10:35:59,886 is result_set is instance of dict? True
2024-04-30 10:35:59,887 is final_result_set is instance of dict? True
