2024-04-25 19:05:35,875 checkpoint 1 => setting basis cofiguration for logging purposes
2024-04-25 19:05:35,877 start time: 2024-04-25 19:05:35.877354
2024-04-25 19:05:39,589 Starting new HTTPS connection (1): huggingface.co:443
2024-04-25 19:05:40,401 https://huggingface.co:443 "HEAD /microsoft/layoutlmv2-base-uncased/resolve/main/preprocessor_config.json HTTP/1.1" 200 0
2024-04-25 19:05:41,236 https://huggingface.co:443 "HEAD /microsoft/layoutlmv2-base-uncased/resolve/main/tokenizer_config.json HTTP/1.1" 404 0
2024-04-25 19:05:41,550 https://huggingface.co:443 "HEAD /microsoft/layoutlmv2-base-uncased/resolve/main/vocab.txt HTTP/1.1" 200 0
2024-04-25 19:05:41,604 RAM memory for Model loading used: 71.3
2024-04-25 19:05:41,604 cpu_utilization % for Model Loading:-29.6
2024-04-25 19:05:41,604 memory_consumption in bytes for Loading Model:909266944
2024-04-25 19:05:41,604 Loaded Model successfully
2024-04-25 19:05:41,605 file name is:Bill_of_lading_1077_page_0.png
2024-04-25 19:05:41,605 folder path :Images
2024-04-25 19:05:41,605 Calling Image result
2024-04-25 19:05:41,605 is all_page_result is instance of dict? True
2024-04-25 19:05:41,613 STREAM b'IHDR' 16 13
2024-04-25 19:05:41,613 STREAM b'IDAT' 41 59829
2024-04-25 19:05:41,656 is words is instance of list? True
2024-04-25 19:05:41,656 is bboxes is instance of list? True
2024-04-25 19:05:41,656 is bounding_boxes is instance of list? True
2024-04-25 19:05:41,958 is input_id_chunks is instance of list? True
2024-04-25 19:05:41,958 is mask_chunks is instance of list? True
2024-04-25 19:05:41,958 is bbox_chunks is instance of list? True
2024-04-25 19:05:41,958 is image_chunks is instance of list? True
2024-04-25 19:05:41,960 is input_dict is instance of dict? True
2024-04-25 19:05:46,897 Model Called
2024-04-25 19:05:46,899 RAM memory 90.0 used for Bill_of_lading_1077_page_0.png:
2024-04-25 19:05:46,899 is all_predictions is instance of list? True
2024-04-25 19:05:46,899 is all_boxes is instance of list? True
2024-04-25 19:05:46,899 is all_confidences is instance of list? True
2024-04-25 19:05:46,899 is all_text is instance of list? True
2024-04-25 19:05:46,900 is label2id is instance of dict? True
2024-04-25 19:05:46,900 is id2label is instance of dict? True
2024-04-25 19:05:46,901 is label2color is instance of dict? True
2024-04-25 19:05:46,901 label2color : {'stamp': '#1B05E7', 'bol_original_or_copy': '#68332B', 'vessel_name': '#347F13', 'shipped_onboard_date': '#341F14', 'final_destination': '#FA7FF6', 'measurement': '#DA9914', 'country_of_origin': '#435AA5', 'bol_original_number': '#A5CA62', 'net_weight': '#02445B', 'signed_by_carrier': '#2582D7', 'gross_weight': '#E4A7B2', 'carrier_country': '#8CBAF9', 'port_of_discharge': '#522483', 'goods_quantity': '#63E4E2', 'notify_party_name': '#2E8221', 'port_of_loading': '#C7FFF9', 'shipper_address': '#F567DF', 'place_of_issue': '#5D58F3', 'agent_country': '#41E5EA', 'freight_collect_at': '#4374AA', 'place_of_receipt': '#21C5C5', 'voyage_number': '#7E90EC', 'signature': '#FDDCD9', 'consignee_name': '#2A2F63', 'consignee_address': '#18B667', 'bill_of_lading_issue_date': '#AC8247', 'mode_of_transport': '#CA46E3', 'shipper_name': '#672344', 'signed_By_agent': '#BF3AF3', 'container_number': '#1D92BB', 'transaction_date': '#44B438', 'notify_party_address': '#2DA60B', 'goods_marks_and_nos': '#F6225C', 'goods_description': '#09FAE6', 'lc_date': '#FA9DDB', 'dimension': '#198720', 'agent_name': '#2154EE', 'carrier_name': '#F38783', 'O': '#79B7C0', 'lc_ref_number': '#559BAC', 'pre_carriage_by': '#78379F', 'page_no': '#E9035B', 'total_original_no': '#C92671', 'freight_collect_or_prepaid': '#C49A32', 'signed_by_master': '#97B547', 'bill_of_lading_number': '#466D3A'}
2024-04-25 19:05:47,287 is result_set is instance of dict? True
2024-04-25 19:05:47,290 is final_result_set is instance of dict? True
