2024-04-29 22:49:58,415 checkpoint 1 => setting basis cofiguration for logging purposes
2024-04-29 22:49:58,417 start time: 2024-04-29 22:49:58.417828
2024-04-29 22:50:01,720 Starting new HTTPS connection (1): huggingface.co:443
2024-04-29 22:50:02,564 https://huggingface.co:443 "HEAD /microsoft/layoutlmv2-base-uncased/resolve/main/preprocessor_config.json HTTP/1.1" 200 0
2024-04-29 22:50:03,383 https://huggingface.co:443 "HEAD /microsoft/layoutlmv2-base-uncased/resolve/main/tokenizer_config.json HTTP/1.1" 404 0
2024-04-29 22:50:04,099 https://huggingface.co:443 "HEAD /microsoft/layoutlmv2-base-uncased/resolve/main/vocab.txt HTTP/1.1" 200 0
2024-04-29 22:50:04,143 RAM memory for Model loading used: 46.4
2024-04-29 22:50:04,143 cpu_utilization % for Model Loading:-8.699999999999996
2024-04-29 22:50:04,143 memory_consumption in bytes for Loading Model:904351744
2024-04-29 22:50:04,143 Loaded Model successfully
2024-04-29 22:50:04,144 file name is:Bill_of_lading_1029_page_6.png
2024-04-29 22:50:04,144 folder path :Images
2024-04-29 22:50:04,144 Calling Image result
2024-04-29 22:50:04,144 is all_page_result is instance of dict? True
2024-04-29 22:50:04,149 STREAM b'IHDR' 16 13
2024-04-29 22:50:04,150 STREAM b'PLTE' 41 768
2024-04-29 22:50:04,150 STREAM b'IDAT' 821 65536
2024-04-29 22:50:04,167 is words is instance of list? True
2024-04-29 22:50:04,167 is bboxes is instance of list? True
2024-04-29 22:50:04,167 is bounding_boxes is instance of list? True
2024-04-29 22:50:04,225 is input_id_chunks is instance of list? True
2024-04-29 22:50:04,225 is mask_chunks is instance of list? True
2024-04-29 22:50:04,225 is bbox_chunks is instance of list? True
2024-04-29 22:50:04,225 is image_chunks is instance of list? True
2024-04-29 22:50:04,227 is input_dict is instance of dict? True
2024-04-29 22:50:05,492 Model Called
2024-04-29 22:50:05,492 RAM memory 52.0 used for Bill_of_lading_1029_page_6.png:
2024-04-29 22:50:05,493 is all_predictions is instance of list? True
2024-04-29 22:50:05,493 is all_boxes is instance of list? True
2024-04-29 22:50:05,493 is all_confidences is instance of list? True
2024-04-29 22:50:05,493 is all_text is instance of list? True
2024-04-29 22:50:05,493 is label2id is instance of dict? True
2024-04-29 22:50:05,493 is id2label is instance of dict? True
2024-04-29 22:50:05,494 is label2color is instance of dict? True
2024-04-29 22:50:05,494 label2color : {'stamp': '#047267', 'bol_original_or_copy': '#96CC26', 'vessel_name': '#D07418', 'shipped_onboard_date': '#4C58B3', 'final_destination': '#14626F', 'measurement': '#7C83E0', 'country_of_origin': '#CDC6D7', 'bol_original_number': '#0944B4', 'net_weight': '#BAF7BF', 'signed_by_carrier': '#0EB2B0', 'gross_weight': '#4C29BA', 'carrier_country': '#5DE9A9', 'port_of_discharge': '#2FBD7F', 'goods_quantity': '#189597', 'notify_party_name': '#EEDA2B', 'port_of_loading': '#07BBFE', 'shipper_address': '#33E828', 'place_of_issue': '#B1E1E5', 'agent_country': '#17DA94', 'freight_collect_at': '#858CAA', 'place_of_receipt': '#02C4CA', 'voyage_number': '#06E849', 'signature': '#BA5376', 'consignee_name': '#AE6B22', 'consignee_address': '#EA60F8', 'bill_of_lading_issue_date': '#702375', 'mode_of_transport': '#DF3E6D', 'shipper_name': '#A3DEAB', 'signed_By_agent': '#0D5859', 'container_number': '#F08956', 'transaction_date': '#F47608', 'notify_party_address': '#79F992', 'goods_marks_and_nos': '#D8B13C', 'goods_description': '#AC1D3E', 'lc_date': '#987558', 'dimension': '#78FA56', 'agent_name': '#9C7916', 'carrier_name': '#981A62', 'O': '#FD5DD8', 'lc_ref_number': '#96D395', 'pre_carriage_by': '#9319EE', 'page_no': '#034B22', 'total_original_no': '#121115', 'freight_collect_or_prepaid': '#B5D487', 'signed_by_master': '#C560CF', 'bill_of_lading_number': '#702F85'}
2024-04-29 22:50:05,519 is result_set is instance of dict? True
2024-04-29 22:50:05,520 is final_result_set is instance of dict? True
2024-04-29 22:50:05,585 Time taken for page 1 of Bill_of_lading_1029_page_6.png:0:00:01.435297
2024-04-29 22:50:05,692 *****Generated All Pages****** for Bill_of_lading_1029_page_6.png
2024-04-29 22:50:05,693 RAM memory 52.1 used for Bill_of_lading_1029_page_6.png Generating All Pages:
2024-04-29 22:50:05,693 Processing time taken for all pages of Bill_of_lading_1029_page_6.png1:0:00:01.549089
