2024-01-23 15:06:56,640 checkpoint 1 => setting basis cofiguration for logging purposes
2024-01-23 15:06:56,989 start time: 2024-01-23 15:06:56.989398
2024-01-23 15:07:54,241 Falling back to TensorFlow client; we recommended you install the Cloud TPU client directly with pip install cloud-tpu-client.
2024-01-23 15:07:54,377 Creating converter from 7 to 5
2024-01-23 15:07:54,377 Creating converter from 5 to 7
2024-01-23 15:07:54,377 Creating converter from 7 to 5
2024-01-23 15:07:54,377 Creating converter from 5 to 7
2024-01-23 15:07:55,373 Starting new HTTPS connection (1): huggingface.co:443
2024-01-23 15:07:55,698 https://huggingface.co:443 "HEAD /microsoft/layoutlmv2-base-uncased/resolve/main/preprocessor_config.json HTTP/1.1" 200 0
2024-01-23 15:07:56,168 https://huggingface.co:443 "HEAD /microsoft/layoutlmv2-base-uncased/resolve/main/tokenizer_config.json HTTP/1.1" 404 0
2024-01-23 15:07:56,392 https://huggingface.co:443 "HEAD /microsoft/layoutlmv2-base-uncased/resolve/main/vocab.txt HTTP/1.1" 200 0
2024-01-23 15:07:56,463 RAM memory for Model loading used: 87.4
2024-01-23 15:07:56,464 cpu_utilization % for Model Loading:2.1999999999999993
2024-01-23 15:07:56,464 memory_consumption in bytes for Loading Model:1089323008
2024-01-23 15:07:56,464 Loaded Model successfully
2024-01-23 15:07:56,464 file name is:Certificate_Of_Origin_621_page_0.png
2024-01-23 15:07:56,464 folder path :Images
2024-01-23 15:07:56,464 Calling Image result
2024-01-23 15:07:56,464 is all_page_result is instance of dict? True
2024-01-23 15:07:56,527 STREAM b'IHDR' 16 13
2024-01-23 15:07:56,527 STREAM b'IDAT' 41 60696
2024-01-23 15:07:56,648 *****Generated All Pages****** for Certificate_Of_Origin_621_page_0.png
2024-01-23 15:07:56,648 RAM memory 87.9 used for Certificate_Of_Origin_621_page_0.png Generating All Pages:
2024-01-23 15:07:56,649 Processing time taken for all pages of Certificate_Of_Origin_621_page_0.png1:0:00:00.184353
2024-01-23 15:07:56,826 file name is:Certificate_Of_Origin_282_page_1.png
2024-01-23 15:07:56,826 folder path :Images
2024-01-23 15:07:56,826 Calling Image result
2024-01-23 15:07:56,826 is all_page_result is instance of dict? True
2024-01-23 15:07:56,841 STREAM b'IHDR' 16 13
2024-01-23 15:07:56,841 STREAM b'IDAT' 41 65536
2024-01-23 15:07:56,942 *****Generated All Pages****** for Certificate_Of_Origin_282_page_1.png
2024-01-23 15:07:56,942 RAM memory 87.8 used for Certificate_Of_Origin_282_page_1.png Generating All Pages:
2024-01-23 15:07:56,942 Processing time taken for all pages of Certificate_Of_Origin_282_page_1.png1:0:00:00.116260
2024-01-23 15:07:57,110 file name is:Certificate_Of_Origin_325_page_2.png
2024-01-23 15:07:57,110 folder path :Images
2024-01-23 15:07:57,110 Calling Image result
2024-01-23 15:07:57,110 is all_page_result is instance of dict? True
2024-01-23 15:07:57,126 STREAM b'IHDR' 16 13
2024-01-23 15:07:57,126 STREAM b'pHYs' 41 9
2024-01-23 15:07:57,126 STREAM b'IDAT' 62 65536
2024-01-23 15:07:57,413 *****Generated All Pages****** for Certificate_Of_Origin_325_page_2.png
2024-01-23 15:07:57,414 RAM memory 88.4 used for Certificate_Of_Origin_325_page_2.png Generating All Pages:
2024-01-23 15:07:57,414 Processing time taken for all pages of Certificate_Of_Origin_325_page_2.png1:0:00:00.303630
2024-01-23 15:07:57,592 file name is:Certificate_Of_Origin_188_page_0.png
2024-01-23 15:07:57,592 folder path :Images
2024-01-23 15:07:57,592 Calling Image result
2024-01-23 15:07:57,592 is all_page_result is instance of dict? True
2024-01-23 15:07:57,619 STREAM b'IHDR' 16 13
2024-01-23 15:07:57,619 STREAM b'IDAT' 41 65536
2024-01-23 15:07:57,852 *****Generated All Pages****** for Certificate_Of_Origin_188_page_0.png
2024-01-23 15:07:57,852 RAM memory 88.4 used for Certificate_Of_Origin_188_page_0.png Generating All Pages:
2024-01-23 15:07:57,853 Processing time taken for all pages of Certificate_Of_Origin_188_page_0.png1:0:00:00.260102
2024-01-23 15:07:58,041 file name is:Certificate_Of_Origin_189_page_1.png
2024-01-23 15:07:58,042 folder path :Images
2024-01-23 15:07:58,042 Calling Image result
2024-01-23 15:07:58,042 is all_page_result is instance of dict? True
2024-01-23 15:07:58,055 STREAM b'IHDR' 16 13
2024-01-23 15:07:58,055 STREAM b'IDAT' 41 65536
2024-01-23 15:07:58,120 *****Generated All Pages****** for Certificate_Of_Origin_189_page_1.png
2024-01-23 15:07:58,120 RAM memory 87.4 used for Certificate_Of_Origin_189_page_1.png Generating All Pages:
2024-01-23 15:07:58,121 Processing time taken for all pages of Certificate_Of_Origin_189_page_1.png1:0:00:00.078775
2024-01-23 15:07:58,286 file name is:Certificate_Of_Origin_171_page_0.png
2024-01-23 15:07:58,286 folder path :Images
2024-01-23 15:07:58,286 Calling Image result
2024-01-23 15:07:58,286 is all_page_result is instance of dict? True
2024-01-23 15:07:58,308 STREAM b'IHDR' 16 13
2024-01-23 15:07:58,308 STREAM b'IDAT' 41 38163
2024-01-23 15:07:58,340 *****Generated All Pages****** for Certificate_Of_Origin_171_page_0.png
2024-01-23 15:07:58,340 RAM memory 87.3 used for Certificate_Of_Origin_171_page_0.png Generating All Pages:
2024-01-23 15:07:58,340 Processing time taken for all pages of Certificate_Of_Origin_171_page_0.png1:0:00:00.053695
2024-01-23 15:07:58,481 file name is:Certificate_Of_Origin_223_page_16.png
2024-01-23 15:07:58,481 folder path :Images
2024-01-23 15:07:58,481 Calling Image result
2024-01-23 15:07:58,481 is all_page_result is instance of dict? True
2024-01-23 15:07:58,496 STREAM b'IHDR' 16 13
2024-01-23 15:07:58,497 STREAM b'IDAT' 41 64777
2024-01-23 15:07:58,533 *****Generated All Pages****** for Certificate_Of_Origin_223_page_16.png
2024-01-23 15:07:58,533 RAM memory 87.4 used for Certificate_Of_Origin_223_page_16.png Generating All Pages:
2024-01-23 15:07:58,533 Processing time taken for all pages of Certificate_Of_Origin_223_page_16.png1:0:00:00.052445
2024-01-23 15:07:58,699 file name is:Certificate_Of_Origin_271_page_3.png
2024-01-23 15:07:58,699 folder path :Images
2024-01-23 15:07:58,699 Calling Image result
2024-01-23 15:07:58,699 is all_page_result is instance of dict? True
2024-01-23 15:07:58,716 STREAM b'IHDR' 16 13
2024-01-23 15:07:58,716 STREAM b'IDAT' 41 52278
2024-01-23 15:07:58,767 *****Generated All Pages****** for Certificate_Of_Origin_271_page_3.png
2024-01-23 15:07:58,767 RAM memory 87.4 used for Certificate_Of_Origin_271_page_3.png Generating All Pages:
2024-01-23 15:07:58,767 Processing time taken for all pages of Certificate_Of_Origin_271_page_3.png1:0:00:00.068348
2024-01-23 15:07:58,924 file name is:Certificate_Of_Origin_512_page_0.png
2024-01-23 15:07:58,924 folder path :Images
2024-01-23 15:07:58,924 Calling Image result
2024-01-23 15:07:58,924 is all_page_result is instance of dict? True
2024-01-23 15:07:58,948 STREAM b'IHDR' 16 13
2024-01-23 15:07:58,948 STREAM b'IDAT' 41 52949
2024-01-23 15:07:58,991 *****Generated All Pages****** for Certificate_Of_Origin_512_page_0.png
2024-01-23 15:07:58,991 RAM memory 87.5 used for Certificate_Of_Origin_512_page_0.png Generating All Pages:
2024-01-23 15:07:58,991 Processing time taken for all pages of Certificate_Of_Origin_512_page_0.png1:0:00:00.067086
2024-01-23 15:07:59,164 file name is:Certificate_Of_Origin_425_page_1.png
2024-01-23 15:07:59,164 folder path :Images
2024-01-23 15:07:59,164 Calling Image result
2024-01-23 15:07:59,164 is all_page_result is instance of dict? True
2024-01-23 15:07:59,182 STREAM b'IHDR' 16 13
2024-01-23 15:07:59,182 STREAM b'IDAT' 41 58454
2024-01-23 15:07:59,291 *****Generated All Pages****** for Certificate_Of_Origin_425_page_1.png
2024-01-23 15:07:59,292 RAM memory 87.5 used for Certificate_Of_Origin_425_page_1.png Generating All Pages:
2024-01-23 15:07:59,292 Processing time taken for all pages of Certificate_Of_Origin_425_page_1.png1:0:00:00.128035
2024-01-23 15:07:59,465 file name is:Certificate_Of_Origin_281_page_2.png
2024-01-23 15:07:59,465 folder path :Images
2024-01-23 15:07:59,465 Calling Image result
2024-01-23 15:07:59,465 is all_page_result is instance of dict? True
2024-01-23 15:07:59,479 STREAM b'IHDR' 16 13
2024-01-23 15:07:59,479 STREAM b'IDAT' 41 65536
2024-01-23 15:07:59,529 *****Generated All Pages****** for Certificate_Of_Origin_281_page_2.png
2024-01-23 15:07:59,530 RAM memory 87.4 used for Certificate_Of_Origin_281_page_2.png Generating All Pages:
2024-01-23 15:07:59,530 Processing time taken for all pages of Certificate_Of_Origin_281_page_2.png1:0:00:00.064508
2024-01-23 15:07:59,678 file name is:Certificate_Of_Origin_382_page_0.png
2024-01-23 15:07:59,678 folder path :Images
2024-01-23 15:07:59,678 Calling Image result
2024-01-23 15:07:59,678 is all_page_result is instance of dict? True
2024-01-23 15:07:59,695 STREAM b'IHDR' 16 13
2024-01-23 15:07:59,695 STREAM b'IDAT' 41 60432
2024-01-23 15:07:59,765 is words is instance of list? True
2024-01-23 15:07:59,765 is bboxes is instance of list? True
2024-01-23 15:07:59,765 is bounding_boxes is instance of list? True
2024-01-23 15:08:00,263 is input_id_chunks is instance of list? True
2024-01-23 15:08:00,263 is mask_chunks is instance of list? True
2024-01-23 15:08:00,263 is bbox_chunks is instance of list? True
2024-01-23 15:08:00,263 is image_chunks is instance of list? True
2024-01-23 15:08:00,264 is input_dict is instance of dict? True
2024-01-23 15:08:02,179 Model Called
2024-01-23 15:08:02,179 RAM memory 94.6 used for Certificate_Of_Origin_382_page_0.png:
2024-01-23 15:08:02,180 is all_predictions is instance of list? True
2024-01-23 15:08:02,180 is all_boxes is instance of list? True
2024-01-23 15:08:02,180 is all_confidences is instance of list? True
2024-01-23 15:08:02,180 is all_text is instance of list? True
2024-01-23 15:08:02,255 is label2id is instance of dict? True
2024-01-23 15:08:02,256 is id2label is instance of dict? True
2024-01-23 15:08:02,256 is label2color is instance of dict? True
2024-01-23 15:08:02,256 label2color : {'marks_and_no_of_packages': '#63ECB1', 'final_destination': '#EC46E2', 'lc_ref_no': '#99FE8C', 'net_weight': '#9FD23C', 'country_of_origin_of_goods': '#38E782', 'means_of_transport': '#A83969', 'original_number': '#970F8E', 'invoice_no': '#4E9449', 'signature': '#FFC2DA', 'consignee_address': '#DEB700', 'vessel_details': '#303308', 'description_of_goods': '#C9B21E', 'invoice_date': '#4C886D', 'certificate_stamped': '#4EF208', 'gross_weight': '#7B57C1', 'ref_no': '#771FFF', 'lc_date': '#71BCC9', 'consignee_name': '#3704FD', 'declaration_by_exporter': '#D80A94', 'original_or_copy': '#D3450A', 'O': '#9DD95C', 'declaration_by_certification': '#B652AA', 'consignor_name': '#EB2517', 'consignor_address': '#50CE11', 'issue_date': '#A6651F', 'coo_issuer_address': '#532922', 'certificate_no': '#C67B7C', 'to_place': '#796443', 'page_no': '#EDFB61', 'from_place': '#3FC8A7', 'coo_issuer_name': '#201FBA'}
2024-01-23 15:08:02,580 is result_set is instance of dict? True
2024-01-23 15:08:02,649 is final_result_set is instance of dict? True
2024-01-23 15:08:02,689 Time taken for page 1 of Certificate_Of_Origin_382_page_0.png:0:00:02.993500
2024-01-23 15:08:02,832 *****Generated All Pages****** for Certificate_Of_Origin_382_page_0.png
2024-01-23 15:08:02,832 RAM memory 94.4 used for Certificate_Of_Origin_382_page_0.png Generating All Pages:
2024-01-23 15:08:02,833 Processing time taken for all pages of Certificate_Of_Origin_382_page_0.png1:0:00:03.154427
2024-01-23 15:08:03,012 file name is:Certificate_Of_Origin_306_page_0.png
2024-01-23 15:08:03,012 folder path :Images
2024-01-23 15:08:03,012 Calling Image result
2024-01-23 15:08:03,012 is all_page_result is instance of dict? True
2024-01-23 15:08:03,044 STREAM b'IHDR' 16 13
2024-01-23 15:08:03,044 STREAM b'IDAT' 41 58146
2024-01-23 15:08:03,078 is words is instance of list? True
2024-01-23 15:08:03,078 is bboxes is instance of list? True
2024-01-23 15:08:03,078 is bounding_boxes is instance of list? True
2024-01-23 15:08:03,266 is input_id_chunks is instance of list? True
2024-01-23 15:08:03,267 is mask_chunks is instance of list? True
2024-01-23 15:08:03,267 is bbox_chunks is instance of list? True
2024-01-23 15:08:03,267 is image_chunks is instance of list? True
2024-01-23 15:08:03,267 is input_dict is instance of dict? True
2024-01-23 15:08:04,158 Model Called
2024-01-23 15:08:04,158 RAM memory 91.8 used for Certificate_Of_Origin_306_page_0.png:
2024-01-23 15:08:04,158 is all_predictions is instance of list? True
2024-01-23 15:08:04,158 is all_boxes is instance of list? True
2024-01-23 15:08:04,159 is all_confidences is instance of list? True
2024-01-23 15:08:04,159 is all_text is instance of list? True
2024-01-23 15:08:04,159 is label2id is instance of dict? True
2024-01-23 15:08:04,159 is id2label is instance of dict? True
2024-01-23 15:08:04,160 is label2color is instance of dict? True
2024-01-23 15:08:04,160 label2color : {'marks_and_no_of_packages': '#9AADDD', 'final_destination': '#95E1D4', 'lc_ref_no': '#A332FA', 'net_weight': '#217311', 'country_of_origin_of_goods': '#B7DFA3', 'means_of_transport': '#82632A', 'original_number': '#79FB32', 'invoice_no': '#7B3489', 'signature': '#1F2BE6', 'consignee_address': '#13F602', 'vessel_details': '#EF10A8', 'description_of_goods': '#7A876F', 'invoice_date': '#79143A', 'certificate_stamped': '#A10B9B', 'gross_weight': '#3BD5AD', 'ref_no': '#B4EB50', 'lc_date': '#96DDCE', 'consignee_name': '#D934BD', 'declaration_by_exporter': '#9C2E87', 'original_or_copy': '#122806', 'O': '#9A6041', 'declaration_by_certification': '#29A6AA', 'consignor_name': '#8B01CA', 'consignor_address': '#8ABA3E', 'issue_date': '#82BE6A', 'coo_issuer_address': '#F1DD62', 'certificate_no': '#D57186', 'to_place': '#669FEC', 'page_no': '#8B6AE4', 'from_place': '#D61D5A', 'coo_issuer_name': '#F3C37F'}
2024-01-23 15:08:04,352 is result_set is instance of dict? True
2024-01-23 15:08:04,353 is final_result_set is instance of dict? True
2024-01-23 15:08:04,380 Time taken for page 1 of Certificate_Of_Origin_306_page_0.png:0:00:01.335776
2024-01-23 15:08:04,529 *****Generated All Pages****** for Certificate_Of_Origin_306_page_0.png
2024-01-23 15:08:04,529 RAM memory 91.8 used for Certificate_Of_Origin_306_page_0.png Generating All Pages:
2024-01-23 15:08:04,529 Processing time taken for all pages of Certificate_Of_Origin_306_page_0.png1:0:00:01.516827
2024-01-23 15:08:04,683 file name is:Certificate_Of_Origin_262_page_1.png
2024-01-23 15:08:04,683 folder path :Images
2024-01-23 15:08:04,683 Calling Image result
2024-01-23 15:08:04,683 is all_page_result is instance of dict? True
2024-01-23 15:08:04,719 STREAM b'IHDR' 16 13
2024-01-23 15:08:04,720 STREAM b'pHYs' 41 9
2024-01-23 15:08:04,720 STREAM b'IDAT' 62 65536
2024-01-23 15:08:04,872 is words is instance of list? True
2024-01-23 15:08:04,872 is bboxes is instance of list? True
2024-01-23 15:08:04,872 is bounding_boxes is instance of list? True
2024-01-23 15:08:05,537 is input_id_chunks is instance of list? True
2024-01-23 15:08:05,537 is mask_chunks is instance of list? True
2024-01-23 15:08:05,537 is bbox_chunks is instance of list? True
2024-01-23 15:08:05,537 is image_chunks is instance of list? True
2024-01-23 15:08:05,537 is input_dict is instance of dict? True
2024-01-23 15:08:07,159 Model Called
2024-01-23 15:08:07,160 RAM memory 94.5 used for Certificate_Of_Origin_262_page_1.png:
2024-01-23 15:08:07,160 is all_predictions is instance of list? True
2024-01-23 15:08:07,160 is all_boxes is instance of list? True
2024-01-23 15:08:07,160 is all_confidences is instance of list? True
2024-01-23 15:08:07,160 is all_text is instance of list? True
2024-01-23 15:08:07,160 is label2id is instance of dict? True
2024-01-23 15:08:07,160 is id2label is instance of dict? True
2024-01-23 15:08:07,161 is label2color is instance of dict? True
2024-01-23 15:08:07,161 label2color : {'marks_and_no_of_packages': '#1FAE7B', 'final_destination': '#953C23', 'lc_ref_no': '#0D720D', 'net_weight': '#C3452A', 'country_of_origin_of_goods': '#6CD700', 'means_of_transport': '#1D12F3', 'original_number': '#C8D760', 'invoice_no': '#76C72D', 'signature': '#2B861A', 'consignee_address': '#8460A3', 'vessel_details': '#B2D451', 'description_of_goods': '#219076', 'invoice_date': '#7DC183', 'certificate_stamped': '#4A786B', 'gross_weight': '#E77D96', 'ref_no': '#557576', 'lc_date': '#72FC18', 'consignee_name': '#50390E', 'declaration_by_exporter': '#B61954', 'original_or_copy': '#CE4EE2', 'O': '#A94638', 'declaration_by_certification': '#839788', 'consignor_name': '#20BDDB', 'consignor_address': '#52C254', 'issue_date': '#FAF66F', 'coo_issuer_address': '#F56DBE', 'certificate_no': '#3A7A96', 'to_place': '#27E457', 'page_no': '#D454ED', 'from_place': '#D5F829', 'coo_issuer_name': '#5359BB'}
2024-01-23 15:08:07,698 is result_set is instance of dict? True
2024-01-23 15:08:07,700 is final_result_set is instance of dict? True
2024-01-23 15:08:07,737 Time taken for page 1 of Certificate_Of_Origin_262_page_1.png:0:00:03.017672
2024-01-23 15:08:08,094 *****Generated All Pages****** for Certificate_Of_Origin_262_page_1.png
2024-01-23 15:08:08,094 RAM memory 94.3 used for Certificate_Of_Origin_262_page_1.png Generating All Pages:
2024-01-23 15:08:08,094 Processing time taken for all pages of Certificate_Of_Origin_262_page_1.png1:0:00:03.411181
2024-01-23 15:08:08,260 file name is:Certificate_Of_Origin_422_page_2.png
2024-01-23 15:08:08,260 folder path :Images
2024-01-23 15:08:08,260 Calling Image result
2024-01-23 15:08:08,260 is all_page_result is instance of dict? True
2024-01-23 15:08:08,275 STREAM b'IHDR' 16 13
2024-01-23 15:08:08,275 STREAM b'IDAT' 41 27323
2024-01-23 15:08:08,304 is words is instance of list? True
2024-01-23 15:08:08,304 is bboxes is instance of list? True
2024-01-23 15:08:08,304 is bounding_boxes is instance of list? True
2024-01-23 15:08:08,508 is input_id_chunks is instance of list? True
2024-01-23 15:08:08,508 is mask_chunks is instance of list? True
2024-01-23 15:08:08,508 is bbox_chunks is instance of list? True
2024-01-23 15:08:08,508 is image_chunks is instance of list? True
2024-01-23 15:08:08,508 is input_dict is instance of dict? True
2024-01-23 15:08:09,380 Model Called
2024-01-23 15:08:09,381 RAM memory 93.9 used for Certificate_Of_Origin_422_page_2.png:
2024-01-23 15:08:09,381 is all_predictions is instance of list? True
2024-01-23 15:08:09,381 is all_boxes is instance of list? True
2024-01-23 15:08:09,381 is all_confidences is instance of list? True
2024-01-23 15:08:09,381 is all_text is instance of list? True
2024-01-23 15:08:09,381 is label2id is instance of dict? True
2024-01-23 15:08:09,381 is id2label is instance of dict? True
2024-01-23 15:08:09,382 is label2color is instance of dict? True
2024-01-23 15:08:09,382 label2color : {'marks_and_no_of_packages': '#C032CB', 'final_destination': '#81CF98', 'lc_ref_no': '#1A4ACF', 'net_weight': '#B6EA57', 'country_of_origin_of_goods': '#81D4B1', 'means_of_transport': '#260DCD', 'original_number': '#5DC6C7', 'invoice_no': '#0C2704', 'signature': '#1B33E0', 'consignee_address': '#E8AA3E', 'vessel_details': '#0A4ECD', 'description_of_goods': '#F507EE', 'invoice_date': '#4B2D65', 'certificate_stamped': '#2257AF', 'gross_weight': '#ADE1DC', 'ref_no': '#7FCADD', 'lc_date': '#A96516', 'consignee_name': '#D23BCD', 'declaration_by_exporter': '#631805', 'original_or_copy': '#5195EA', 'O': '#A7FE54', 'declaration_by_certification': '#BED86A', 'consignor_name': '#559821', 'consignor_address': '#BED027', 'issue_date': '#1F1D4B', 'coo_issuer_address': '#201044', 'certificate_no': '#8E79A0', 'to_place': '#803413', 'page_no': '#7A365A', 'from_place': '#F47296', 'coo_issuer_name': '#BD36E0'}
2024-01-23 15:08:09,525 is result_set is instance of dict? True
2024-01-23 15:08:09,526 is final_result_set is instance of dict? True
2024-01-23 15:08:09,549 Time taken for page 1 of Certificate_Of_Origin_422_page_2.png:0:00:01.274515
2024-01-23 15:08:09,662 *****Generated All Pages****** for Certificate_Of_Origin_422_page_2.png
2024-01-23 15:08:09,662 RAM memory 93.9 used for Certificate_Of_Origin_422_page_2.png Generating All Pages:
2024-01-23 15:08:09,662 Processing time taken for all pages of Certificate_Of_Origin_422_page_2.png1:0:00:01.402171
2024-01-23 15:08:09,824 file name is:Certificate_Of_Origin_223_page_0.png
2024-01-23 15:08:09,824 folder path :Images
2024-01-23 15:08:09,825 Calling Image result
2024-01-23 15:08:09,825 is all_page_result is instance of dict? True
2024-01-23 15:08:09,837 STREAM b'IHDR' 16 13
2024-01-23 15:08:09,838 STREAM b'IDAT' 41 59526
2024-01-23 15:08:09,880 is words is instance of list? True
2024-01-23 15:08:09,880 is bboxes is instance of list? True
2024-01-23 15:08:09,880 is bounding_boxes is instance of list? True
2024-01-23 15:08:10,087 is input_id_chunks is instance of list? True
2024-01-23 15:08:10,088 is mask_chunks is instance of list? True
2024-01-23 15:08:10,088 is bbox_chunks is instance of list? True
2024-01-23 15:08:10,088 is image_chunks is instance of list? True
2024-01-23 15:08:10,088 is input_dict is instance of dict? True
2024-01-23 15:08:11,762 Model Called
2024-01-23 15:08:11,763 RAM memory 93.7 used for Certificate_Of_Origin_223_page_0.png:
2024-01-23 15:08:11,763 is all_predictions is instance of list? True
2024-01-23 15:08:11,763 is all_boxes is instance of list? True
2024-01-23 15:08:11,763 is all_confidences is instance of list? True
2024-01-23 15:08:11,763 is all_text is instance of list? True
2024-01-23 15:08:11,763 is label2id is instance of dict? True
2024-01-23 15:08:11,763 is id2label is instance of dict? True
2024-01-23 15:08:11,763 is label2color is instance of dict? True
2024-01-23 15:08:11,764 label2color : {'marks_and_no_of_packages': '#9F1E71', 'final_destination': '#51104A', 'lc_ref_no': '#6D02B5', 'net_weight': '#149D97', 'country_of_origin_of_goods': '#41BD73', 'means_of_transport': '#AB4470', 'original_number': '#D7B1FB', 'invoice_no': '#449444', 'signature': '#2F445E', 'consignee_address': '#418394', 'vessel_details': '#1FBF68', 'description_of_goods': '#065660', 'invoice_date': '#E269DA', 'certificate_stamped': '#CAE6BE', 'gross_weight': '#A7EEBB', 'ref_no': '#B46AF1', 'lc_date': '#1DA09A', 'consignee_name': '#15E62F', 'declaration_by_exporter': '#390453', 'original_or_copy': '#7ACBC3', 'O': '#22AA1A', 'declaration_by_certification': '#975162', 'consignor_name': '#78697F', 'consignor_address': '#59B483', 'issue_date': '#0AFC48', 'coo_issuer_address': '#508B99', 'certificate_no': '#4C9118', 'to_place': '#C9738E', 'page_no': '#CC2F76', 'from_place': '#337F13', 'coo_issuer_name': '#723993'}
2024-01-23 15:08:12,025 is result_set is instance of dict? True
2024-01-23 15:08:12,027 is final_result_set is instance of dict? True
2024-01-23 15:08:12,060 Time taken for page 1 of Certificate_Of_Origin_223_page_0.png:0:00:02.222186
2024-01-23 15:08:12,210 *****Generated All Pages****** for Certificate_Of_Origin_223_page_0.png
2024-01-23 15:08:12,210 RAM memory 93.8 used for Certificate_Of_Origin_223_page_0.png Generating All Pages:
2024-01-23 15:08:12,210 Processing time taken for all pages of Certificate_Of_Origin_223_page_0.png1:0:00:02.385158
2024-01-23 15:08:12,352 file name is:Certificate_Of_Origin_263_page_0.png
2024-01-23 15:08:12,352 folder path :Images
2024-01-23 15:08:12,353 Calling Image result
2024-01-23 15:08:12,353 is all_page_result is instance of dict? True
2024-01-23 15:08:12,375 STREAM b'IHDR' 16 13
2024-01-23 15:08:12,375 STREAM b'PLTE' 41 6
2024-01-23 15:08:12,375 STREAM b'IDAT' 59 22578
2024-01-23 15:08:12,420 is words is instance of list? True
2024-01-23 15:08:12,420 is bboxes is instance of list? True
2024-01-23 15:08:12,420 is bounding_boxes is instance of list? True
2024-01-23 15:08:12,675 is input_id_chunks is instance of list? True
2024-01-23 15:08:12,675 is mask_chunks is instance of list? True
2024-01-23 15:08:12,675 is bbox_chunks is instance of list? True
2024-01-23 15:08:12,675 is image_chunks is instance of list? True
2024-01-23 15:08:12,676 is input_dict is instance of dict? True
2024-01-23 15:08:13,411 Model Called
2024-01-23 15:08:13,411 RAM memory 92.2 used for Certificate_Of_Origin_263_page_0.png:
2024-01-23 15:08:13,411 is all_predictions is instance of list? True
2024-01-23 15:08:13,411 is all_boxes is instance of list? True
2024-01-23 15:08:13,411 is all_confidences is instance of list? True
2024-01-23 15:08:13,411 is all_text is instance of list? True
2024-01-23 15:08:13,411 is label2id is instance of dict? True
2024-01-23 15:08:13,411 is id2label is instance of dict? True
2024-01-23 15:08:13,412 is label2color is instance of dict? True
2024-01-23 15:08:13,412 label2color : {'marks_and_no_of_packages': '#26B767', 'final_destination': '#99FF0C', 'lc_ref_no': '#836371', 'net_weight': '#867DFE', 'country_of_origin_of_goods': '#65B220', 'means_of_transport': '#C14BA4', 'original_number': '#547208', 'invoice_no': '#EE6F8C', 'signature': '#EE2274', 'consignee_address': '#324B5A', 'vessel_details': '#EC411B', 'description_of_goods': '#BD3020', 'invoice_date': '#9501B1', 'certificate_stamped': '#E66352', 'gross_weight': '#47D4C1', 'ref_no': '#2DFD8F', 'lc_date': '#7BA7F4', 'consignee_name': '#BA9185', 'declaration_by_exporter': '#0ADEC8', 'original_or_copy': '#0BBDD9', 'O': '#B1E366', 'declaration_by_certification': '#0E1776', 'consignor_name': '#C57E70', 'consignor_address': '#714A3E', 'issue_date': '#7B3ACB', 'coo_issuer_address': '#B60364', 'certificate_no': '#B0F41C', 'to_place': '#29DD2A', 'page_no': '#668E4E', 'from_place': '#69F193', 'coo_issuer_name': '#6F55AA'}
2024-01-23 15:08:13,613 is result_set is instance of dict? True
2024-01-23 15:08:13,613 is final_result_set is instance of dict? True
2024-01-23 15:08:13,627 Time taken for page 1 of Certificate_Of_Origin_263_page_0.png:0:00:01.252646
2024-01-23 15:08:13,734 *****Generated All Pages****** for Certificate_Of_Origin_263_page_0.png
2024-01-23 15:08:13,735 RAM memory 92.2 used for Certificate_Of_Origin_263_page_0.png Generating All Pages:
2024-01-23 15:08:13,735 Processing time taken for all pages of Certificate_Of_Origin_263_page_0.png1:0:00:01.382026
2024-01-23 15:08:13,898 file name is:Certificate_Of_Origin_180_page_0.png
2024-01-23 15:08:13,899 folder path :Images
2024-01-23 15:08:13,899 Calling Image result
2024-01-23 15:08:13,899 is all_page_result is instance of dict? True
2024-01-23 15:08:13,905 STREAM b'IHDR' 16 13
2024-01-23 15:08:13,905 STREAM b'IDAT' 41 65536
2024-01-23 15:08:13,949 is words is instance of list? True
2024-01-23 15:08:13,949 is bboxes is instance of list? True
2024-01-23 15:08:13,949 is bounding_boxes is instance of list? True
2024-01-23 15:08:14,198 is input_id_chunks is instance of list? True
2024-01-23 15:08:14,198 is mask_chunks is instance of list? True
2024-01-23 15:08:14,198 is bbox_chunks is instance of list? True
2024-01-23 15:08:14,198 is image_chunks is instance of list? True
2024-01-23 15:08:14,199 is input_dict is instance of dict? True
2024-01-23 15:08:15,786 Model Called
2024-01-23 15:08:15,786 RAM memory 93.6 used for Certificate_Of_Origin_180_page_0.png:
2024-01-23 15:08:15,786 is all_predictions is instance of list? True
2024-01-23 15:08:15,786 is all_boxes is instance of list? True
2024-01-23 15:08:15,786 is all_confidences is instance of list? True
2024-01-23 15:08:15,787 is all_text is instance of list? True
2024-01-23 15:08:15,787 is label2id is instance of dict? True
2024-01-23 15:08:15,787 is id2label is instance of dict? True
2024-01-23 15:08:15,787 is label2color is instance of dict? True
2024-01-23 15:08:15,787 label2color : {'marks_and_no_of_packages': '#E41293', 'final_destination': '#E3AAB2', 'lc_ref_no': '#4CDC6C', 'net_weight': '#BE4E4B', 'country_of_origin_of_goods': '#F1C9B1', 'means_of_transport': '#1FDBEB', 'original_number': '#A9E3EB', 'invoice_no': '#F31682', 'signature': '#F50568', 'consignee_address': '#685D5F', 'vessel_details': '#F5F2D1', 'description_of_goods': '#C0FD91', 'invoice_date': '#498321', 'certificate_stamped': '#864BD1', 'gross_weight': '#E8E47B', 'ref_no': '#4A1CA8', 'lc_date': '#976DFF', 'consignee_name': '#BA9E35', 'declaration_by_exporter': '#3B567F', 'original_or_copy': '#FD6C02', 'O': '#84CC88', 'declaration_by_certification': '#FB338A', 'consignor_name': '#FAE336', 'consignor_address': '#4834B0', 'issue_date': '#6D5EE0', 'coo_issuer_address': '#FE5DA4', 'certificate_no': '#0EBA85', 'to_place': '#2E9134', 'page_no': '#38E581', 'from_place': '#EC8889', 'coo_issuer_name': '#E014F3'}
2024-01-23 15:08:16,039 is result_set is instance of dict? True
2024-01-23 15:08:16,040 is final_result_set is instance of dict? True
2024-01-23 15:08:16,083 Time taken for page 1 of Certificate_Of_Origin_180_page_0.png:0:00:02.177369
2024-01-23 15:08:16,268 *****Generated All Pages****** for Certificate_Of_Origin_180_page_0.png
2024-01-23 15:08:16,269 RAM memory 93.6 used for Certificate_Of_Origin_180_page_0.png Generating All Pages:
2024-01-23 15:08:16,269 Processing time taken for all pages of Certificate_Of_Origin_180_page_0.png1:0:00:02.370050
2024-01-23 15:08:16,430 file name is:Certificate_Of_Origin_613_page_1.png
2024-01-23 15:08:16,430 folder path :Images
2024-01-23 15:08:16,430 Calling Image result
2024-01-23 15:08:16,430 is all_page_result is instance of dict? True
2024-01-23 15:08:16,450 STREAM b'IHDR' 16 13
2024-01-23 15:08:16,450 STREAM b'IDAT' 41 25627
2024-01-23 15:08:16,529 is words is instance of list? True
2024-01-23 15:08:16,529 is bboxes is instance of list? True
2024-01-23 15:08:16,529 is bounding_boxes is instance of list? True
2024-01-23 15:08:16,732 is input_id_chunks is instance of list? True
2024-01-23 15:08:16,732 is mask_chunks is instance of list? True
2024-01-23 15:08:16,732 is bbox_chunks is instance of list? True
2024-01-23 15:08:16,732 is image_chunks is instance of list? True
2024-01-23 15:08:16,732 is input_dict is instance of dict? True
2024-01-23 15:08:17,539 Model Called
2024-01-23 15:08:17,540 RAM memory 93.7 used for Certificate_Of_Origin_613_page_1.png:
2024-01-23 15:08:17,540 is all_predictions is instance of list? True
2024-01-23 15:08:17,540 is all_boxes is instance of list? True
2024-01-23 15:08:17,540 is all_confidences is instance of list? True
2024-01-23 15:08:17,540 is all_text is instance of list? True
2024-01-23 15:08:17,540 is label2id is instance of dict? True
2024-01-23 15:08:17,540 is id2label is instance of dict? True
2024-01-23 15:08:17,541 is label2color is instance of dict? True
2024-01-23 15:08:17,541 label2color : {'marks_and_no_of_packages': '#EAD57A', 'final_destination': '#78B953', 'lc_ref_no': '#F3A3DB', 'net_weight': '#B589D6', 'country_of_origin_of_goods': '#271367', 'means_of_transport': '#FD0F3F', 'original_number': '#26EEFE', 'invoice_no': '#68AE5D', 'signature': '#CDD055', 'consignee_address': '#F0C35B', 'vessel_details': '#0A2622', 'description_of_goods': '#7E3158', 'invoice_date': '#8206C3', 'certificate_stamped': '#AA002B', 'gross_weight': '#BBDBA7', 'ref_no': '#8E3717', 'lc_date': '#FE734D', 'consignee_name': '#B4CAA6', 'declaration_by_exporter': '#472972', 'original_or_copy': '#38D6D7', 'O': '#099A55', 'declaration_by_certification': '#40D25C', 'consignor_name': '#2BB154', 'consignor_address': '#4BD7AF', 'issue_date': '#0F0F89', 'coo_issuer_address': '#D1B376', 'certificate_no': '#BBBE69', 'to_place': '#D406F4', 'page_no': '#B31B45', 'from_place': '#FC63E7', 'coo_issuer_name': '#FA339B'}
2024-01-23 15:08:17,682 is result_set is instance of dict? True
2024-01-23 15:08:17,683 is final_result_set is instance of dict? True
2024-01-23 15:08:17,703 Time taken for page 1 of Certificate_Of_Origin_613_page_1.png:0:00:01.252745
2024-01-23 15:08:17,807 *****Generated All Pages****** for Certificate_Of_Origin_613_page_1.png
2024-01-23 15:08:17,807 RAM memory 93.7 used for Certificate_Of_Origin_613_page_1.png Generating All Pages:
2024-01-23 15:08:17,807 Processing time taken for all pages of Certificate_Of_Origin_613_page_1.png1:0:00:01.377260
2024-01-23 15:08:17,953 file name is:Certificate_Of_Origin_408_page_0.png
2024-01-23 15:08:17,953 folder path :Images
2024-01-23 15:08:17,953 Calling Image result
2024-01-23 15:08:17,953 is all_page_result is instance of dict? True
2024-01-23 15:08:17,967 STREAM b'IHDR' 16 13
2024-01-23 15:08:17,967 STREAM b'sBIT' 41 3
2024-01-23 15:08:17,967 b'sBIT' 41 3 (unknown)
2024-01-23 15:08:17,967 STREAM b'IDAT' 56 8192
2024-01-23 15:08:18,052 is words is instance of list? True
2024-01-23 15:08:18,052 is bboxes is instance of list? True
2024-01-23 15:08:18,052 is bounding_boxes is instance of list? True
2024-01-23 15:08:18,250 is input_id_chunks is instance of list? True
2024-01-23 15:08:18,251 is mask_chunks is instance of list? True
2024-01-23 15:08:18,251 is bbox_chunks is instance of list? True
2024-01-23 15:08:18,251 is image_chunks is instance of list? True
2024-01-23 15:08:18,251 is input_dict is instance of dict? True
2024-01-23 15:08:19,690 Model Called
2024-01-23 15:08:19,690 RAM memory 92.9 used for Certificate_Of_Origin_408_page_0.png:
2024-01-23 15:08:19,690 is all_predictions is instance of list? True
2024-01-23 15:08:19,690 is all_boxes is instance of list? True
2024-01-23 15:08:19,690 is all_confidences is instance of list? True
2024-01-23 15:08:19,690 is all_text is instance of list? True
2024-01-23 15:08:19,691 is label2id is instance of dict? True
2024-01-23 15:08:19,691 is id2label is instance of dict? True
2024-01-23 15:08:19,691 is label2color is instance of dict? True
2024-01-23 15:08:19,691 label2color : {'marks_and_no_of_packages': '#B17AA6', 'final_destination': '#0AFF47', 'lc_ref_no': '#23FECE', 'net_weight': '#9C7840', 'country_of_origin_of_goods': '#6667CD', 'means_of_transport': '#31D789', 'original_number': '#DFF6CB', 'invoice_no': '#BD13C0', 'signature': '#93741C', 'consignee_address': '#304A4E', 'vessel_details': '#B8CFC3', 'description_of_goods': '#526832', 'invoice_date': '#011C0D', 'certificate_stamped': '#3ED4B8', 'gross_weight': '#27F8C4', 'ref_no': '#255CA7', 'lc_date': '#67E9DD', 'consignee_name': '#857AD3', 'declaration_by_exporter': '#C908EA', 'original_or_copy': '#D320CC', 'O': '#2FE80D', 'declaration_by_certification': '#441B8E', 'consignor_name': '#00C378', 'consignor_address': '#888EFC', 'issue_date': '#2F0371', 'coo_issuer_address': '#080319', 'certificate_no': '#E27D17', 'to_place': '#DFA263', 'page_no': '#D6839C', 'from_place': '#A1CB83', 'coo_issuer_name': '#22A88B'}
2024-01-23 15:08:19,959 is result_set is instance of dict? True
2024-01-23 15:08:19,960 is final_result_set is instance of dict? True
2024-01-23 15:08:19,982 Time taken for page 1 of Certificate_Of_Origin_408_page_0.png:0:00:02.014565
2024-01-23 15:08:20,155 *****Generated All Pages****** for Certificate_Of_Origin_408_page_0.png
2024-01-23 15:08:20,156 RAM memory 92.9 used for Certificate_Of_Origin_408_page_0.png Generating All Pages:
2024-01-23 15:08:20,156 Processing time taken for all pages of Certificate_Of_Origin_408_page_0.png1:0:00:02.202404
2024-01-23 15:08:20,302 file name is:Certificate_Of_Origin_485_page_3.png
2024-01-23 15:08:20,302 folder path :Images
2024-01-23 15:08:20,302 Calling Image result
2024-01-23 15:08:20,302 is all_page_result is instance of dict? True
2024-01-23 15:08:20,319 STREAM b'IHDR' 16 13
2024-01-23 15:08:20,319 STREAM b'IDAT' 41 54420
2024-01-23 15:08:20,381 is words is instance of list? True
2024-01-23 15:08:20,381 is bboxes is instance of list? True
2024-01-23 15:08:20,381 is bounding_boxes is instance of list? True
2024-01-23 15:08:20,588 is input_id_chunks is instance of list? True
2024-01-23 15:08:20,588 is mask_chunks is instance of list? True
2024-01-23 15:08:20,588 is bbox_chunks is instance of list? True
2024-01-23 15:08:20,588 is image_chunks is instance of list? True
2024-01-23 15:08:20,589 is input_dict is instance of dict? True
2024-01-23 15:08:21,369 Model Called
2024-01-23 15:08:21,369 RAM memory 92.9 used for Certificate_Of_Origin_485_page_3.png:
2024-01-23 15:08:21,369 is all_predictions is instance of list? True
2024-01-23 15:08:21,369 is all_boxes is instance of list? True
2024-01-23 15:08:21,369 is all_confidences is instance of list? True
2024-01-23 15:08:21,369 is all_text is instance of list? True
2024-01-23 15:08:21,369 is label2id is instance of dict? True
2024-01-23 15:08:21,369 is id2label is instance of dict? True
2024-01-23 15:08:21,370 is label2color is instance of dict? True
2024-01-23 15:08:21,370 label2color : {'marks_and_no_of_packages': '#F11805', 'final_destination': '#0D09FE', 'lc_ref_no': '#06DACB', 'net_weight': '#26E024', 'country_of_origin_of_goods': '#39E39C', 'means_of_transport': '#5181E9', 'original_number': '#5FD393', 'invoice_no': '#323A63', 'signature': '#781211', 'consignee_address': '#354863', 'vessel_details': '#1B82A9', 'description_of_goods': '#8AED81', 'invoice_date': '#BEE2EA', 'certificate_stamped': '#44D18C', 'gross_weight': '#7AA116', 'ref_no': '#37E28B', 'lc_date': '#769E29', 'consignee_name': '#CC302B', 'declaration_by_exporter': '#510493', 'original_or_copy': '#9EA0EC', 'O': '#AE7984', 'declaration_by_certification': '#22C2C1', 'consignor_name': '#8F2692', 'consignor_address': '#B21F29', 'issue_date': '#89151E', 'coo_issuer_address': '#9A9257', 'certificate_no': '#5BD0B7', 'to_place': '#0933F7', 'page_no': '#F5B0AF', 'from_place': '#30BC82', 'coo_issuer_name': '#B99535'}
2024-01-23 15:08:21,506 is result_set is instance of dict? True
2024-01-23 15:08:21,507 is final_result_set is instance of dict? True
2024-01-23 15:08:21,530 Time taken for page 1 of Certificate_Of_Origin_485_page_3.png:0:00:01.210644
2024-01-23 15:08:21,670 *****Generated All Pages****** for Certificate_Of_Origin_485_page_3.png
2024-01-23 15:08:21,670 RAM memory 92.9 used for Certificate_Of_Origin_485_page_3.png Generating All Pages:
2024-01-23 15:08:21,670 Processing time taken for all pages of Certificate_Of_Origin_485_page_3.png1:0:00:01.367724
2024-01-23 15:08:21,840 file name is:Certificate_Of_Origin_467_page_0.png
2024-01-23 15:08:21,840 folder path :Images
2024-01-23 15:08:21,840 Calling Image result
2024-01-23 15:08:21,840 is all_page_result is instance of dict? True
2024-01-23 15:08:21,854 STREAM b'IHDR' 16 13
2024-01-23 15:08:21,854 STREAM b'IDAT' 41 65536
2024-01-23 15:08:21,921 is words is instance of list? True
2024-01-23 15:08:21,921 is bboxes is instance of list? True
2024-01-23 15:08:21,921 is bounding_boxes is instance of list? True
2024-01-23 15:08:22,126 is input_id_chunks is instance of list? True
2024-01-23 15:08:22,126 is mask_chunks is instance of list? True
2024-01-23 15:08:22,126 is bbox_chunks is instance of list? True
2024-01-23 15:08:22,126 is image_chunks is instance of list? True
2024-01-23 15:08:22,127 is input_dict is instance of dict? True
2024-01-23 15:08:23,801 Model Called
2024-01-23 15:08:23,801 RAM memory 93.6 used for Certificate_Of_Origin_467_page_0.png:
2024-01-23 15:08:23,801 is all_predictions is instance of list? True
2024-01-23 15:08:23,801 is all_boxes is instance of list? True
2024-01-23 15:08:23,801 is all_confidences is instance of list? True
2024-01-23 15:08:23,801 is all_text is instance of list? True
2024-01-23 15:08:23,801 is label2id is instance of dict? True
2024-01-23 15:08:23,801 is id2label is instance of dict? True
2024-01-23 15:08:23,802 is label2color is instance of dict? True
2024-01-23 15:08:23,802 label2color : {'marks_and_no_of_packages': '#581EFD', 'final_destination': '#748A79', 'lc_ref_no': '#A7A044', 'net_weight': '#30FAEB', 'country_of_origin_of_goods': '#89B4D1', 'means_of_transport': '#8F503C', 'original_number': '#55A13E', 'invoice_no': '#83AD6E', 'signature': '#8BD2E8', 'consignee_address': '#AEDC96', 'vessel_details': '#1E4037', 'description_of_goods': '#C3F14A', 'invoice_date': '#19EDD5', 'certificate_stamped': '#F3F250', 'gross_weight': '#8397A1', 'ref_no': '#F70143', 'lc_date': '#FF2ED3', 'consignee_name': '#C9B06A', 'declaration_by_exporter': '#68284D', 'original_or_copy': '#0BD76B', 'O': '#3D1B1C', 'declaration_by_certification': '#7C24E1', 'consignor_name': '#B6CE7B', 'consignor_address': '#6DB804', 'issue_date': '#9CC75C', 'coo_issuer_address': '#E1BAC7', 'certificate_no': '#3086F8', 'to_place': '#9466EC', 'page_no': '#C678C8', 'from_place': '#98E440', 'coo_issuer_name': '#55A9CC'}
2024-01-23 15:08:24,034 is result_set is instance of dict? True
2024-01-23 15:08:24,035 is final_result_set is instance of dict? True
2024-01-23 15:08:24,068 Time taken for page 1 of Certificate_Of_Origin_467_page_0.png:0:00:02.213569
2024-01-23 15:08:24,225 *****Generated All Pages****** for Certificate_Of_Origin_467_page_0.png
2024-01-23 15:08:24,225 RAM memory 93.7 used for Certificate_Of_Origin_467_page_0.png Generating All Pages:
2024-01-23 15:08:24,225 Processing time taken for all pages of Certificate_Of_Origin_467_page_0.png1:0:00:02.384701
2024-01-23 15:08:24,396 file name is:Certificate_Of_Origin_175_page_0.png
2024-01-23 15:08:24,396 folder path :Images
2024-01-23 15:08:24,396 Calling Image result
2024-01-23 15:08:24,396 is all_page_result is instance of dict? True
2024-01-23 15:08:24,402 STREAM b'IHDR' 16 13
2024-01-23 15:08:24,402 STREAM b'IDAT' 41 26397
2024-01-23 15:08:24,446 is words is instance of list? True
2024-01-23 15:08:24,446 is bboxes is instance of list? True
2024-01-23 15:08:24,446 is bounding_boxes is instance of list? True
2024-01-23 15:08:24,646 is input_id_chunks is instance of list? True
2024-01-23 15:08:24,646 is mask_chunks is instance of list? True
2024-01-23 15:08:24,646 is bbox_chunks is instance of list? True
2024-01-23 15:08:24,646 is image_chunks is instance of list? True
2024-01-23 15:08:24,647 is input_dict is instance of dict? True
2024-01-23 15:08:25,458 Model Called
2024-01-23 15:08:25,458 RAM memory 93.2 used for Certificate_Of_Origin_175_page_0.png:
2024-01-23 15:08:25,458 is all_predictions is instance of list? True
2024-01-23 15:08:25,458 is all_boxes is instance of list? True
2024-01-23 15:08:25,458 is all_confidences is instance of list? True
2024-01-23 15:08:25,458 is all_text is instance of list? True
2024-01-23 15:08:25,459 is label2id is instance of dict? True
2024-01-23 15:08:25,459 is id2label is instance of dict? True
2024-01-23 15:08:25,459 is label2color is instance of dict? True
2024-01-23 15:08:25,459 label2color : {'marks_and_no_of_packages': '#535B83', 'final_destination': '#B42AC5', 'lc_ref_no': '#59AB4A', 'net_weight': '#9389F4', 'country_of_origin_of_goods': '#85D953', 'means_of_transport': '#7DDF04', 'original_number': '#4EAEC3', 'invoice_no': '#473985', 'signature': '#07BF8A', 'consignee_address': '#8F8CAB', 'vessel_details': '#A66C4A', 'description_of_goods': '#94211C', 'invoice_date': '#667A99', 'certificate_stamped': '#E26437', 'gross_weight': '#38D3AB', 'ref_no': '#D50005', 'lc_date': '#A42619', 'consignee_name': '#85DE17', 'declaration_by_exporter': '#F2B77C', 'original_or_copy': '#18BAA6', 'O': '#8CBEE1', 'declaration_by_certification': '#327A27', 'consignor_name': '#A34B51', 'consignor_address': '#EA1C83', 'issue_date': '#93279E', 'coo_issuer_address': '#8885B8', 'certificate_no': '#DC58F5', 'to_place': '#916DA0', 'page_no': '#5302C2', 'from_place': '#2B90F9', 'coo_issuer_name': '#C1498A'}
2024-01-23 15:08:25,595 is result_set is instance of dict? True
2024-01-23 15:08:25,596 is final_result_set is instance of dict? True
2024-01-23 15:08:25,617 Time taken for page 1 of Certificate_Of_Origin_175_page_0.png:0:00:01.215535
2024-01-23 15:08:25,723 *****Generated All Pages****** for Certificate_Of_Origin_175_page_0.png
2024-01-23 15:08:25,723 RAM memory 93.2 used for Certificate_Of_Origin_175_page_0.png Generating All Pages:
2024-01-23 15:08:25,723 Processing time taken for all pages of Certificate_Of_Origin_175_page_0.png1:0:00:01.326649
2024-01-23 15:08:25,867 file name is:Certificate_Of_Origin_504_page_0.png
2024-01-23 15:08:25,867 folder path :Images
2024-01-23 15:08:25,867 Calling Image result
2024-01-23 15:08:25,867 is all_page_result is instance of dict? True
2024-01-23 15:08:25,890 STREAM b'IHDR' 16 13
2024-01-23 15:08:25,890 STREAM b'IDAT' 41 65536
2024-01-23 15:08:25,926 is words is instance of list? True
2024-01-23 15:08:25,927 is bboxes is instance of list? True
2024-01-23 15:08:25,927 is bounding_boxes is instance of list? True
2024-01-23 15:08:26,219 is input_id_chunks is instance of list? True
2024-01-23 15:08:26,219 is mask_chunks is instance of list? True
2024-01-23 15:08:26,219 is bbox_chunks is instance of list? True
2024-01-23 15:08:26,219 is image_chunks is instance of list? True
2024-01-23 15:08:26,220 is input_dict is instance of dict? True
2024-01-23 15:08:27,854 Model Called
2024-01-23 15:08:27,854 RAM memory 93.2 used for Certificate_Of_Origin_504_page_0.png:
2024-01-23 15:08:27,855 is all_predictions is instance of list? True
2024-01-23 15:08:27,855 is all_boxes is instance of list? True
2024-01-23 15:08:27,855 is all_confidences is instance of list? True
2024-01-23 15:08:27,855 is all_text is instance of list? True
2024-01-23 15:08:27,855 is label2id is instance of dict? True
2024-01-23 15:08:27,855 is id2label is instance of dict? True
2024-01-23 15:08:27,855 is label2color is instance of dict? True
2024-01-23 15:08:27,855 label2color : {'marks_and_no_of_packages': '#0FF848', 'final_destination': '#35F73A', 'lc_ref_no': '#4BD3EF', 'net_weight': '#126999', 'country_of_origin_of_goods': '#B6127B', 'means_of_transport': '#4ED4D3', 'original_number': '#1DE360', 'invoice_no': '#110F42', 'signature': '#D52CC4', 'consignee_address': '#19455B', 'vessel_details': '#69C6E8', 'description_of_goods': '#63449A', 'invoice_date': '#7C7502', 'certificate_stamped': '#E061C3', 'gross_weight': '#7A9E3E', 'ref_no': '#460530', 'lc_date': '#FB3E85', 'consignee_name': '#99EE24', 'declaration_by_exporter': '#17E630', 'original_or_copy': '#54891B', 'O': '#7087AE', 'declaration_by_certification': '#3BBA37', 'consignor_name': '#9A59F4', 'consignor_address': '#9EE8FA', 'issue_date': '#1D50E6', 'coo_issuer_address': '#343669', 'certificate_no': '#3A1956', 'to_place': '#7BB4A8', 'page_no': '#41F2CC', 'from_place': '#CDEAB7', 'coo_issuer_name': '#65C8E4'}
2024-01-23 15:08:28,215 is result_set is instance of dict? True
2024-01-23 15:08:28,216 is final_result_set is instance of dict? True
2024-01-23 15:08:28,242 Time taken for page 1 of Certificate_Of_Origin_504_page_0.png:0:00:02.351144
2024-01-23 15:08:28,464 *****Generated All Pages****** for Certificate_Of_Origin_504_page_0.png
2024-01-23 15:08:28,464 RAM memory 93.3 used for Certificate_Of_Origin_504_page_0.png Generating All Pages:
2024-01-23 15:08:28,464 Processing time taken for all pages of Certificate_Of_Origin_504_page_0.png1:0:00:02.596756
2024-01-23 15:08:28,619 file name is:Certificate_Of_Origin_592_page_1.png
2024-01-23 15:08:28,619 folder path :Images
2024-01-23 15:08:28,619 Calling Image result
2024-01-23 15:08:28,619 is all_page_result is instance of dict? True
2024-01-23 15:08:28,625 STREAM b'IHDR' 16 13
2024-01-23 15:08:28,625 STREAM b'IDAT' 41 55391
2024-01-23 15:08:28,672 is words is instance of list? True
2024-01-23 15:08:28,672 is bboxes is instance of list? True
2024-01-23 15:08:28,672 is bounding_boxes is instance of list? True
2024-01-23 15:08:28,873 is input_id_chunks is instance of list? True
2024-01-23 15:08:28,873 is mask_chunks is instance of list? True
2024-01-23 15:08:28,873 is bbox_chunks is instance of list? True
2024-01-23 15:08:28,873 is image_chunks is instance of list? True
2024-01-23 15:08:28,873 is input_dict is instance of dict? True
2024-01-23 15:08:30,522 Model Called
2024-01-23 15:08:30,522 RAM memory 92.9 used for Certificate_Of_Origin_592_page_1.png:
2024-01-23 15:08:30,522 is all_predictions is instance of list? True
2024-01-23 15:08:30,522 is all_boxes is instance of list? True
2024-01-23 15:08:30,522 is all_confidences is instance of list? True
2024-01-23 15:08:30,522 is all_text is instance of list? True
2024-01-23 15:08:30,522 is label2id is instance of dict? True
2024-01-23 15:08:30,522 is id2label is instance of dict? True
2024-01-23 15:08:30,523 is label2color is instance of dict? True
2024-01-23 15:08:30,523 label2color : {'marks_and_no_of_packages': '#CDDAC4', 'final_destination': '#C299FE', 'lc_ref_no': '#339B50', 'net_weight': '#44316D', 'country_of_origin_of_goods': '#53D998', 'means_of_transport': '#35A1B2', 'original_number': '#BB6D2D', 'invoice_no': '#A905DF', 'signature': '#2FCC7F', 'consignee_address': '#DC70BF', 'vessel_details': '#1CAE7C', 'description_of_goods': '#DE9076', 'invoice_date': '#DDCC65', 'certificate_stamped': '#F28738', 'gross_weight': '#828F4A', 'ref_no': '#559BB8', 'lc_date': '#AFFFF1', 'consignee_name': '#13C435', 'declaration_by_exporter': '#D816F7', 'original_or_copy': '#59D76A', 'O': '#A15E9F', 'declaration_by_certification': '#4BE2BB', 'consignor_name': '#EEDDC7', 'consignor_address': '#76F62F', 'issue_date': '#8BB9CC', 'coo_issuer_address': '#00FC35', 'certificate_no': '#309764', 'to_place': '#1097A7', 'page_no': '#6AF004', 'from_place': '#6232BC', 'coo_issuer_name': '#994861'}
2024-01-23 15:08:30,754 is result_set is instance of dict? True
2024-01-23 15:08:30,755 is final_result_set is instance of dict? True
2024-01-23 15:08:30,778 Time taken for page 1 of Certificate_Of_Origin_592_page_1.png:0:00:02.152726
2024-01-23 15:08:30,914 *****Generated All Pages****** for Certificate_Of_Origin_592_page_1.png
2024-01-23 15:08:30,915 RAM memory 92.9 used for Certificate_Of_Origin_592_page_1.png Generating All Pages:
2024-01-23 15:08:30,915 Processing time taken for all pages of Certificate_Of_Origin_592_page_1.png1:0:00:02.295314
2024-01-23 15:08:31,076 file name is:Certificate_Of_Origin_572_page_7.png
2024-01-23 15:08:31,076 folder path :Images
2024-01-23 15:08:31,076 Calling Image result
2024-01-23 15:08:31,076 is all_page_result is instance of dict? True
2024-01-23 15:08:31,091 STREAM b'IHDR' 16 13
2024-01-23 15:08:31,091 STREAM b'IDAT' 41 59316
2024-01-23 15:08:31,138 is words is instance of list? True
2024-01-23 15:08:31,138 is bboxes is instance of list? True
2024-01-23 15:08:31,139 is bounding_boxes is instance of list? True
2024-01-23 15:08:31,358 is input_id_chunks is instance of list? True
2024-01-23 15:08:31,358 is mask_chunks is instance of list? True
2024-01-23 15:08:31,358 is bbox_chunks is instance of list? True
2024-01-23 15:08:31,358 is image_chunks is instance of list? True
2024-01-23 15:08:31,359 is input_dict is instance of dict? True
2024-01-23 15:08:33,001 Model Called
2024-01-23 15:08:33,002 RAM memory 93.3 used for Certificate_Of_Origin_572_page_7.png:
2024-01-23 15:08:33,002 is all_predictions is instance of list? True
2024-01-23 15:08:33,002 is all_boxes is instance of list? True
2024-01-23 15:08:33,002 is all_confidences is instance of list? True
2024-01-23 15:08:33,002 is all_text is instance of list? True
2024-01-23 15:08:33,002 is label2id is instance of dict? True
2024-01-23 15:08:33,002 is id2label is instance of dict? True
2024-01-23 15:08:33,003 is label2color is instance of dict? True
2024-01-23 15:08:33,003 label2color : {'marks_and_no_of_packages': '#B8A9BA', 'final_destination': '#47D398', 'lc_ref_no': '#A26378', 'net_weight': '#4796F0', 'country_of_origin_of_goods': '#F74BC2', 'means_of_transport': '#D98ACB', 'original_number': '#43962C', 'invoice_no': '#8154C5', 'signature': '#7D4167', 'consignee_address': '#A60860', 'vessel_details': '#6C8A3A', 'description_of_goods': '#C8E027', 'invoice_date': '#9BE063', 'certificate_stamped': '#9061EF', 'gross_weight': '#0D3049', 'ref_no': '#6835BC', 'lc_date': '#CD566F', 'consignee_name': '#292461', 'declaration_by_exporter': '#6FEFF3', 'original_or_copy': '#AA14FC', 'O': '#7557DA', 'declaration_by_certification': '#6A752A', 'consignor_name': '#EBDED9', 'consignor_address': '#A6F090', 'issue_date': '#25107A', 'coo_issuer_address': '#14208D', 'certificate_no': '#A5FCE3', 'to_place': '#1DC9BE', 'page_no': '#5F5224', 'from_place': '#7B32B9', 'coo_issuer_name': '#AEFF3C'}
2024-01-23 15:08:33,272 is result_set is instance of dict? True
2024-01-23 15:08:33,273 is final_result_set is instance of dict? True
2024-01-23 15:08:33,292 Time taken for page 1 of Certificate_Of_Origin_572_page_7.png:0:00:02.201346
2024-01-23 15:08:33,448 *****Generated All Pages****** for Certificate_Of_Origin_572_page_7.png
2024-01-23 15:08:33,448 RAM memory 93.4 used for Certificate_Of_Origin_572_page_7.png Generating All Pages:
2024-01-23 15:08:33,448 Processing time taken for all pages of Certificate_Of_Origin_572_page_7.png1:0:00:02.371930
2024-01-23 15:08:33,590 file name is:Certificate_Of_Origin_610_page_0.png
2024-01-23 15:08:33,590 folder path :Images
2024-01-23 15:08:33,590 Calling Image result
2024-01-23 15:08:33,590 is all_page_result is instance of dict? True
2024-01-23 15:08:33,606 STREAM b'IHDR' 16 13
2024-01-23 15:08:33,606 STREAM b'IDAT' 41 58993
2024-01-23 15:08:33,637 is words is instance of list? True
2024-01-23 15:08:33,637 is bboxes is instance of list? True
2024-01-23 15:08:33,637 is bounding_boxes is instance of list? True
2024-01-23 15:08:33,822 is input_id_chunks is instance of list? True
2024-01-23 15:08:33,822 is mask_chunks is instance of list? True
2024-01-23 15:08:33,822 is bbox_chunks is instance of list? True
2024-01-23 15:08:33,822 is image_chunks is instance of list? True
2024-01-23 15:08:33,823 is input_dict is instance of dict? True
2024-01-23 15:08:35,404 Model Called
2024-01-23 15:08:35,404 RAM memory 93.1 used for Certificate_Of_Origin_610_page_0.png:
2024-01-23 15:08:35,404 is all_predictions is instance of list? True
2024-01-23 15:08:35,404 is all_boxes is instance of list? True
2024-01-23 15:08:35,404 is all_confidences is instance of list? True
2024-01-23 15:08:35,404 is all_text is instance of list? True
2024-01-23 15:08:35,404 is label2id is instance of dict? True
2024-01-23 15:08:35,404 is id2label is instance of dict? True
2024-01-23 15:08:35,405 is label2color is instance of dict? True
2024-01-23 15:08:35,405 label2color : {'marks_and_no_of_packages': '#0F419E', 'final_destination': '#9A5DC4', 'lc_ref_no': '#B12AA0', 'net_weight': '#1B23EC', 'country_of_origin_of_goods': '#32F670', 'means_of_transport': '#2F8E11', 'original_number': '#14D1F5', 'invoice_no': '#8FF412', 'signature': '#D22734', 'consignee_address': '#D8B612', 'vessel_details': '#7914D0', 'description_of_goods': '#72020D', 'invoice_date': '#35FF9B', 'certificate_stamped': '#34F8C3', 'gross_weight': '#4595D3', 'ref_no': '#DE8DFB', 'lc_date': '#0933A6', 'consignee_name': '#A3AF14', 'declaration_by_exporter': '#C6ECE1', 'original_or_copy': '#83BCA2', 'O': '#52FC5D', 'declaration_by_certification': '#D62E0E', 'consignor_name': '#5910E6', 'consignor_address': '#FAFA6A', 'issue_date': '#D31B7B', 'coo_issuer_address': '#67B0D6', 'certificate_no': '#8FC1B8', 'to_place': '#23EF8D', 'page_no': '#D2062B', 'from_place': '#504D76', 'coo_issuer_name': '#CE240D'}
2024-01-23 15:08:35,638 is result_set is instance of dict? True
2024-01-23 15:08:35,639 is final_result_set is instance of dict? True
2024-01-23 15:08:35,667 Time taken for page 1 of Certificate_Of_Origin_610_page_0.png:0:00:02.061175
2024-01-23 15:08:35,812 *****Generated All Pages****** for Certificate_Of_Origin_610_page_0.png
2024-01-23 15:08:35,812 RAM memory 93.1 used for Certificate_Of_Origin_610_page_0.png Generating All Pages:
2024-01-23 15:08:35,812 Processing time taken for all pages of Certificate_Of_Origin_610_page_0.png1:0:00:02.221384
2024-01-23 15:08:35,965 file name is:Certificate_Of_Origin_182_page_2.png
2024-01-23 15:08:35,965 folder path :Images
2024-01-23 15:08:35,965 Calling Image result
2024-01-23 15:08:35,966 is all_page_result is instance of dict? True
2024-01-23 15:08:35,974 STREAM b'IHDR' 16 13
2024-01-23 15:08:35,974 STREAM b'IDAT' 41 65536
2024-01-23 15:08:36,016 is words is instance of list? True
2024-01-23 15:08:36,016 is bboxes is instance of list? True
2024-01-23 15:08:36,016 is bounding_boxes is instance of list? True
2024-01-23 15:08:36,236 is input_id_chunks is instance of list? True
2024-01-23 15:08:36,236 is mask_chunks is instance of list? True
2024-01-23 15:08:36,236 is bbox_chunks is instance of list? True
2024-01-23 15:08:36,236 is image_chunks is instance of list? True
2024-01-23 15:08:36,237 is input_dict is instance of dict? True
2024-01-23 15:08:37,851 Model Called
2024-01-23 15:08:37,851 RAM memory 93.1 used for Certificate_Of_Origin_182_page_2.png:
2024-01-23 15:08:37,851 is all_predictions is instance of list? True
2024-01-23 15:08:37,851 is all_boxes is instance of list? True
2024-01-23 15:08:37,851 is all_confidences is instance of list? True
2024-01-23 15:08:37,851 is all_text is instance of list? True
2024-01-23 15:08:37,852 is label2id is instance of dict? True
2024-01-23 15:08:37,852 is id2label is instance of dict? True
2024-01-23 15:08:37,852 is label2color is instance of dict? True
2024-01-23 15:08:37,852 label2color : {'marks_and_no_of_packages': '#35490F', 'final_destination': '#8B18B4', 'lc_ref_no': '#0E766E', 'net_weight': '#06EC91', 'country_of_origin_of_goods': '#C5696E', 'means_of_transport': '#20E033', 'original_number': '#572CAF', 'invoice_no': '#DDD355', 'signature': '#79611C', 'consignee_address': '#046719', 'vessel_details': '#BF7CB7', 'description_of_goods': '#037585', 'invoice_date': '#37AC69', 'certificate_stamped': '#32A3BE', 'gross_weight': '#4F4D64', 'ref_no': '#0C8795', 'lc_date': '#A19198', 'consignee_name': '#2BD3A7', 'declaration_by_exporter': '#DC5C70', 'original_or_copy': '#3B004F', 'O': '#B31E70', 'declaration_by_certification': '#66716F', 'consignor_name': '#1A8699', 'consignor_address': '#CF2B02', 'issue_date': '#04321C', 'coo_issuer_address': '#B3E9B6', 'certificate_no': '#46E5BE', 'to_place': '#C55DCC', 'page_no': '#19EC6C', 'from_place': '#8B6FD5', 'coo_issuer_name': '#A89D7A'}
2024-01-23 15:08:38,062 is result_set is instance of dict? True
2024-01-23 15:08:38,064 is final_result_set is instance of dict? True
2024-01-23 15:08:38,101 Time taken for page 1 of Certificate_Of_Origin_182_page_2.png:0:00:02.126297
2024-01-23 15:08:38,288 *****Generated All Pages****** for Certificate_Of_Origin_182_page_2.png
2024-01-23 15:08:38,288 RAM memory 93.1 used for Certificate_Of_Origin_182_page_2.png Generating All Pages:
2024-01-23 15:08:38,288 Processing time taken for all pages of Certificate_Of_Origin_182_page_2.png1:0:00:02.322900
2024-01-23 15:08:38,450 file name is:Certificate_Of_Origin_343_page_0.png
2024-01-23 15:08:38,450 folder path :Images
2024-01-23 15:08:38,450 Calling Image result
2024-01-23 15:08:38,450 is all_page_result is instance of dict? True
2024-01-23 15:08:38,457 STREAM b'IHDR' 16 13
2024-01-23 15:08:38,457 STREAM b'IDAT' 41 65536
2024-01-23 15:08:38,500 is words is instance of list? True
2024-01-23 15:08:38,500 is bboxes is instance of list? True
2024-01-23 15:08:38,500 is bounding_boxes is instance of list? True
2024-01-23 15:08:38,563 is input_id_chunks is instance of list? True
2024-01-23 15:08:38,563 is mask_chunks is instance of list? True
2024-01-23 15:08:38,563 is bbox_chunks is instance of list? True
2024-01-23 15:08:38,563 is image_chunks is instance of list? True
2024-01-23 15:08:38,563 is input_dict is instance of dict? True
2024-01-23 15:08:39,369 Model Called
2024-01-23 15:08:39,370 RAM memory 93.1 used for Certificate_Of_Origin_343_page_0.png:
2024-01-23 15:08:39,370 is all_predictions is instance of list? True
2024-01-23 15:08:39,370 is all_boxes is instance of list? True
2024-01-23 15:08:39,370 is all_confidences is instance of list? True
2024-01-23 15:08:39,370 is all_text is instance of list? True
2024-01-23 15:08:39,370 is label2id is instance of dict? True
2024-01-23 15:08:39,370 is id2label is instance of dict? True
2024-01-23 15:08:39,370 is label2color is instance of dict? True
2024-01-23 15:08:39,371 label2color : {'marks_and_no_of_packages': '#F07187', 'final_destination': '#AC3A4F', 'lc_ref_no': '#A230FC', 'net_weight': '#278E6C', 'country_of_origin_of_goods': '#1D468A', 'means_of_transport': '#AE84C9', 'original_number': '#89DFF9', 'invoice_no': '#24A018', 'signature': '#B5B43C', 'consignee_address': '#E60340', 'vessel_details': '#E0EE81', 'description_of_goods': '#834403', 'invoice_date': '#95A68B', 'certificate_stamped': '#B810D1', 'gross_weight': '#2DF6C5', 'ref_no': '#E776C7', 'lc_date': '#D0D576', 'consignee_name': '#2EBCCB', 'declaration_by_exporter': '#E09140', 'original_or_copy': '#539D48', 'O': '#1CFA88', 'declaration_by_certification': '#5964D8', 'consignor_name': '#490465', 'consignor_address': '#6492D4', 'issue_date': '#3D6403', 'coo_issuer_address': '#C64601', 'certificate_no': '#3B6E72', 'to_place': '#E406BF', 'page_no': '#6F039F', 'from_place': '#3F392F', 'coo_issuer_name': '#A72A58'}
2024-01-23 15:08:39,422 is result_set is instance of dict? True
2024-01-23 15:08:39,424 is final_result_set is instance of dict? True
2024-01-23 15:08:39,460 Time taken for page 1 of Certificate_Of_Origin_343_page_0.png:0:00:01.002616
2024-01-23 15:08:39,733 *****Generated All Pages****** for Certificate_Of_Origin_343_page_0.png
2024-01-23 15:08:39,733 RAM memory 93.2 used for Certificate_Of_Origin_343_page_0.png Generating All Pages:
2024-01-23 15:08:39,733 Processing time taken for all pages of Certificate_Of_Origin_343_page_0.png1:0:00:01.283575
2024-01-23 15:08:39,885 file name is:Certificate_Of_Origin_488_page_1.png
2024-01-23 15:08:39,885 folder path :Images
2024-01-23 15:08:39,885 Calling Image result
2024-01-23 15:08:39,885 is all_page_result is instance of dict? True
2024-01-23 15:08:39,899 STREAM b'IHDR' 16 13
2024-01-23 15:08:39,899 STREAM b'IDAT' 41 49358
2024-01-23 15:08:39,943 is words is instance of list? True
2024-01-23 15:08:39,943 is bboxes is instance of list? True
2024-01-23 15:08:39,943 is bounding_boxes is instance of list? True
2024-01-23 15:08:40,145 is input_id_chunks is instance of list? True
2024-01-23 15:08:40,145 is mask_chunks is instance of list? True
2024-01-23 15:08:40,145 is bbox_chunks is instance of list? True
2024-01-23 15:08:40,145 is image_chunks is instance of list? True
2024-01-23 15:08:40,146 is input_dict is instance of dict? True
2024-01-23 15:08:41,748 Model Called
2024-01-23 15:08:41,748 RAM memory 92.9 used for Certificate_Of_Origin_488_page_1.png:
2024-01-23 15:08:41,748 is all_predictions is instance of list? True
2024-01-23 15:08:41,748 is all_boxes is instance of list? True
2024-01-23 15:08:41,748 is all_confidences is instance of list? True
2024-01-23 15:08:41,748 is all_text is instance of list? True
2024-01-23 15:08:41,749 is label2id is instance of dict? True
2024-01-23 15:08:41,749 is id2label is instance of dict? True
2024-01-23 15:08:41,749 is label2color is instance of dict? True
2024-01-23 15:08:41,749 label2color : {'marks_and_no_of_packages': '#CD5D8E', 'final_destination': '#01A5F9', 'lc_ref_no': '#4E567C', 'net_weight': '#048A18', 'country_of_origin_of_goods': '#057917', 'means_of_transport': '#08703C', 'original_number': '#C96003', 'invoice_no': '#BB25E3', 'signature': '#4219E6', 'consignee_address': '#E8E4CE', 'vessel_details': '#00E123', 'description_of_goods': '#D872EC', 'invoice_date': '#9585A3', 'certificate_stamped': '#43914A', 'gross_weight': '#4FDC21', 'ref_no': '#C74215', 'lc_date': '#422FF4', 'consignee_name': '#82B334', 'declaration_by_exporter': '#6E71E3', 'original_or_copy': '#AFC7C5', 'O': '#6D6F05', 'declaration_by_certification': '#771919', 'consignor_name': '#5FB12C', 'consignor_address': '#8995EF', 'issue_date': '#E05823', 'coo_issuer_address': '#BE06E3', 'certificate_no': '#D5BA3D', 'to_place': '#695043', 'page_no': '#930FAA', 'from_place': '#CA0C54', 'coo_issuer_name': '#0A1F3D'}
2024-01-23 15:08:42,000 is result_set is instance of dict? True
2024-01-23 15:08:42,002 is final_result_set is instance of dict? True
2024-01-23 15:08:42,034 Time taken for page 1 of Certificate_Of_Origin_488_page_1.png:0:00:02.135259
2024-01-23 15:08:42,178 *****Generated All Pages****** for Certificate_Of_Origin_488_page_1.png
2024-01-23 15:08:42,178 RAM memory 92.9 used for Certificate_Of_Origin_488_page_1.png Generating All Pages:
2024-01-23 15:08:42,178 Processing time taken for all pages of Certificate_Of_Origin_488_page_1.png1:0:00:02.292995
2024-01-23 15:08:42,326 file name is:Certificate_Of_Origin_182_page_1.png
2024-01-23 15:08:42,326 folder path :Images
2024-01-23 15:08:42,326 Calling Image result
2024-01-23 15:08:42,326 is all_page_result is instance of dict? True
2024-01-23 15:08:42,337 STREAM b'IHDR' 16 13
2024-01-23 15:08:42,337 STREAM b'IDAT' 41 65536
2024-01-23 15:08:42,371 is words is instance of list? True
2024-01-23 15:08:42,371 is bboxes is instance of list? True
2024-01-23 15:08:42,371 is bounding_boxes is instance of list? True
2024-01-23 15:08:42,592 is input_id_chunks is instance of list? True
2024-01-23 15:08:42,593 is mask_chunks is instance of list? True
2024-01-23 15:08:42,593 is bbox_chunks is instance of list? True
2024-01-23 15:08:42,593 is image_chunks is instance of list? True
2024-01-23 15:08:42,593 is input_dict is instance of dict? True
2024-01-23 15:08:44,215 Model Called
2024-01-23 15:08:44,215 RAM memory 93.1 used for Certificate_Of_Origin_182_page_1.png:
2024-01-23 15:08:44,215 is all_predictions is instance of list? True
2024-01-23 15:08:44,215 is all_boxes is instance of list? True
2024-01-23 15:08:44,215 is all_confidences is instance of list? True
2024-01-23 15:08:44,215 is all_text is instance of list? True
2024-01-23 15:08:44,216 is label2id is instance of dict? True
2024-01-23 15:08:44,216 is id2label is instance of dict? True
2024-01-23 15:08:44,216 is label2color is instance of dict? True
2024-01-23 15:08:44,216 label2color : {'marks_and_no_of_packages': '#1E70D7', 'final_destination': '#CB19EF', 'lc_ref_no': '#F7019E', 'net_weight': '#33AE17', 'country_of_origin_of_goods': '#1C3955', 'means_of_transport': '#8E63F6', 'original_number': '#7FBC9D', 'invoice_no': '#30E0DE', 'signature': '#D98490', 'consignee_address': '#4C0E7B', 'vessel_details': '#E2CBDB', 'description_of_goods': '#45E4C9', 'invoice_date': '#2711E7', 'certificate_stamped': '#E3D182', 'gross_weight': '#0C05B4', 'ref_no': '#65FF36', 'lc_date': '#DCD21F', 'consignee_name': '#20F3B3', 'declaration_by_exporter': '#99BB54', 'original_or_copy': '#E46701', 'O': '#10E3EA', 'declaration_by_certification': '#76F3CA', 'consignor_name': '#2F2581', 'consignor_address': '#0B96A1', 'issue_date': '#98C588', 'coo_issuer_address': '#0E1BB2', 'certificate_no': '#D864F0', 'to_place': '#B4A09D', 'page_no': '#DF5E39', 'from_place': '#553CB7', 'coo_issuer_name': '#991164'}
2024-01-23 15:08:44,484 is result_set is instance of dict? True
2024-01-23 15:08:44,486 is final_result_set is instance of dict? True
2024-01-23 15:08:44,518 Time taken for page 1 of Certificate_Of_Origin_182_page_1.png:0:00:02.181279
