2024-03-14 11:08:39,832 checkpoint 1 => setting basis cofiguration for logging purposes
2024-03-14 11:08:39,834 start time: 2024-03-14 11:08:39.833998
2024-03-14 11:08:43,434 Falling back to TensorFlow client; we recommended you install the Cloud TPU client directly with pip install cloud-tpu-client.
2024-03-14 11:08:43,604 Creating converter from 7 to 5
2024-03-14 11:08:43,605 Creating converter from 5 to 7
2024-03-14 11:08:43,605 Creating converter from 7 to 5
2024-03-14 11:08:43,605 Creating converter from 5 to 7
2024-03-14 11:08:44,005 Starting new HTTPS connection (1): huggingface.co:443
2024-03-14 11:08:44,737 https://huggingface.co:443 "HEAD /microsoft/layoutlmv2-base-uncased/resolve/main/preprocessor_config.json HTTP/1.1" 200 0
2024-03-14 11:08:45,679 https://huggingface.co:443 "HEAD /microsoft/layoutlmv2-base-uncased/resolve/main/tokenizer_config.json HTTP/1.1" 404 0
2024-03-14 11:08:46,410 https://huggingface.co:443 "HEAD /microsoft/layoutlmv2-base-uncased/resolve/main/vocab.txt HTTP/1.1" 200 0
2024-03-14 11:08:46,450 RAM memory for Model loading used: 55.3
2024-03-14 11:08:46,450 cpu_utilization % for Model Loading:11.3
2024-03-14 11:08:46,450 memory_consumption in bytes for Loading Model:1156853760
2024-03-14 11:08:46,450 Loaded Model successfully
2024-03-14 11:08:46,450 file name is:Bill_Of_Landing_411_page_1.png
2024-03-14 11:08:46,450 folder path :Images
2024-03-14 11:08:46,450 Calling Image result
2024-03-14 11:08:46,450 is all_page_result is instance of dict? True
2024-03-14 11:08:46,455 STREAM b'IHDR' 16 13
2024-03-14 11:08:46,455 STREAM b'IDAT' 41 64281
2024-03-14 11:08:46,497 is words is instance of list? True
2024-03-14 11:08:46,497 is bboxes is instance of list? True
2024-03-14 11:08:46,497 is bounding_boxes is instance of list? True
2024-03-14 11:08:46,753 is input_id_chunks is instance of list? True
2024-03-14 11:08:46,753 is mask_chunks is instance of list? True
2024-03-14 11:08:46,753 is bbox_chunks is instance of list? True
2024-03-14 11:08:46,753 is image_chunks is instance of list? True
2024-03-14 11:08:46,754 is input_dict is instance of dict? True
2024-03-14 11:08:49,533 Model Called
2024-03-14 11:08:49,534 RAM memory 68.5 used for Bill_Of_Landing_411_page_1.png:
2024-03-14 11:08:49,534 is all_predictions is instance of list? True
2024-03-14 11:08:49,534 is all_boxes is instance of list? True
2024-03-14 11:08:49,534 is all_confidences is instance of list? True
2024-03-14 11:08:49,534 is all_text is instance of list? True
2024-03-14 11:08:49,544 is label2id is instance of dict? True
2024-03-14 11:08:49,544 is id2label is instance of dict? True
2024-03-14 11:08:49,545 is label2color is instance of dict? True
2024-03-14 11:08:49,545 label2color : {'lc_date': '#2F6999', 'stamp': '#72B432', 'transaction_date': '#75A951', 'carriage_condition': '#25BE1A', 'carrier_address': '#E09280', 'gross_weight': '#825E0B', 'goods_description': '#8C5BBF', 'gross_quantity': '#36A543', 'consignee_address': '#AC2985', 'signature': '#81EF39', 'awb_original_or_copy': '#66ACE5', 'declared_value_of_custom': '#5849E5', 'carrier_name': '#73A3B6', 'at_place': '#F3273B', 'shipment_date': '#C04E62', 'shipper_address': '#986E42', 'net_weight': '#A4BBE5', 'consignee_name': '#F8133C', 'invoice_number': '#DEFD77', 'awb_bill_no': '#17B913', 'dimension': '#8D36B1', 'O': '#AB8E80', 'declared_value_of_carriage': '#974B99', 'final_destination': '#36A8F8', 'awb_bill_issue_date': '#A9BFE8', 'lc_no': '#1B60CC', 'signed_by_agent': '#A15FC5', 'flight_date': '#AE3929', 'agent_address': '#A706D1', 'freight_collect_or_prepaid': '#088056', 'flight_details': '#54B0D2', 'notify_party_address': '#BAE60C', 'shipper_name': '#2A77FC', 'signed_by_carrier': '#6CB029', 'stamped_onboard_date': '#C3C7D1', 'awb_original_number': '#247CF0', 'flight_no': '#EC11B3', 'freight_collected_at': '#8A6457', 'amount_insurance': '#8656D0', 'house_awb_bill_no': '#5C3398', 'master_awb_bill_no': '#6E767B', 'airport_of_departure': '#6227B3', 'invoice_date': '#B85FCF', 'good_marks': '#C7F354', 'place_of_receipt': '#5FAB8C', 'agent_name': '#9F8869', 'signed_by_master': '#080F34', 'airport_of_destination': '#CD74DB', 'master_name': '#592303', 'notify_party_name': '#6A11B0'}
2024-03-14 11:08:49,747 is result_set is instance of dict? True
2024-03-14 11:08:49,749 is final_result_set is instance of dict? True
