2024-04-29 15:04:30,945 checkpoint 1 => setting basis cofiguration for logging purposes
2024-04-29 15:04:30,946 start time: 2024-04-29 15:04:30.946520
2024-04-29 15:04:34,062 Starting new HTTPS connection (1): huggingface.co:443
2024-04-29 15:04:34,829 https://huggingface.co:443 "HEAD /microsoft/layoutlmv2-base-uncased/resolve/main/preprocessor_config.json HTTP/1.1" 200 0
2024-04-29 15:04:35,665 https://huggingface.co:443 "HEAD /microsoft/layoutlmv2-base-uncased/resolve/main/tokenizer_config.json HTTP/1.1" 404 0
2024-04-29 15:04:35,978 https://huggingface.co:443 "HEAD /microsoft/layoutlmv2-base-uncased/resolve/main/vocab.txt HTTP/1.1" 200 0
2024-04-29 15:04:36,019 RAM memory for Model loading used: 56.1
2024-04-29 15:04:36,020 cpu_utilization % for Model Loading:26.3
2024-04-29 15:04:36,020 memory_consumption in bytes for Loading Model:909217792
2024-04-29 15:04:36,020 Loaded Model successfully
2024-04-29 15:04:36,020 file name is:Bill_of_lading_512_page_0.png
2024-04-29 15:04:36,020 folder path :Images
2024-04-29 15:04:36,020 Calling Image result
2024-04-29 15:04:36,020 is all_page_result is instance of dict? True
2024-04-29 15:04:36,026 STREAM b'IHDR' 16 13
2024-04-29 15:04:36,026 STREAM b'IDAT' 41 57112
2024-04-29 15:04:36,066 is words is instance of list? True
2024-04-29 15:04:36,066 is bboxes is instance of list? True
2024-04-29 15:04:36,066 is bounding_boxes is instance of list? True
2024-04-29 15:04:36,419 is input_id_chunks is instance of list? True
2024-04-29 15:04:36,420 is mask_chunks is instance of list? True
2024-04-29 15:04:36,420 is bbox_chunks is instance of list? True
2024-04-29 15:04:36,420 is image_chunks is instance of list? True
2024-04-29 15:04:36,422 is input_dict is instance of dict? True
2024-04-29 15:04:38,723 Model Called
2024-04-29 15:04:38,723 RAM memory 68.0 used for Bill_of_lading_512_page_0.png:
2024-04-29 15:04:38,723 is all_predictions is instance of list? True
2024-04-29 15:04:38,723 is all_boxes is instance of list? True
2024-04-29 15:04:38,723 is all_confidences is instance of list? True
2024-04-29 15:04:38,723 is all_text is instance of list? True
2024-04-29 15:04:38,724 is label2id is instance of dict? True
2024-04-29 15:04:38,724 is id2label is instance of dict? True
2024-04-29 15:04:38,724 is label2color is instance of dict? True
2024-04-29 15:04:38,724 label2color : {'stamp': '#E5F5C1', 'bol_original_or_copy': '#928538', 'vessel_name': '#9FD573', 'shipped_onboard_date': '#85A03A', 'final_destination': '#B5FCF5', 'measurement': '#36F2B0', 'country_of_origin': '#6F1F7D', 'bol_original_number': '#8ED961', 'net_weight': '#6E58BE', 'signed_by_carrier': '#466FAA', 'gross_weight': '#C65FA3', 'carrier_country': '#E78231', 'port_of_discharge': '#9B7425', 'goods_quantity': '#B67B27', 'notify_party_name': '#01BFE6', 'port_of_loading': '#DBB3F5', 'shipper_address': '#B6C33C', 'place_of_issue': '#88AD30', 'agent_country': '#89CBA8', 'freight_collect_at': '#7F313E', 'place_of_receipt': '#B85A4B', 'voyage_number': '#A8E694', 'signature': '#868F05', 'consignee_name': '#2D945A', 'consignee_address': '#8F9B5D', 'bill_of_lading_issue_date': '#336CF3', 'mode_of_transport': '#F81536', 'shipper_name': '#C2476B', 'signed_By_agent': '#F839CB', 'container_number': '#2A469B', 'transaction_date': '#6409ED', 'notify_party_address': '#BFD422', 'goods_marks_and_nos': '#9DC1A5', 'goods_description': '#3FDF88', 'lc_date': '#254CD3', 'dimension': '#8266D8', 'agent_name': '#89FC4F', 'carrier_name': '#6DDA8C', 'O': '#F2732B', 'lc_ref_number': '#26423B', 'pre_carriage_by': '#279E30', 'page_no': '#533A61', 'total_original_no': '#5E5D21', 'freight_collect_or_prepaid': '#AFDFBE', 'signed_by_master': '#C87D20', 'bill_of_lading_number': '#936BAA'}
2024-04-29 15:04:38,934 is result_set is instance of dict? True
2024-04-29 15:04:38,936 is final_result_set is instance of dict? True
