2024-04-27 05:08:30,704 checkpoint 1 => setting basis cofiguration for logging purposes
2024-04-27 05:08:30,705 start time: 2024-04-27 05:08:30.705485
2024-04-27 05:08:33,068 Starting new HTTPS connection (1): huggingface.co:443
2024-04-27 05:08:34,005 https://huggingface.co:443 "HEAD /microsoft/layoutlmv2-base-uncased/resolve/main/preprocessor_config.json HTTP/1.1" 200 0
2024-04-27 05:08:34,417 https://huggingface.co:443 "HEAD /microsoft/layoutlmv2-base-uncased/resolve/main/tokenizer_config.json HTTP/1.1" 404 0
2024-04-27 05:08:34,722 https://huggingface.co:443 "HEAD /microsoft/layoutlmv2-base-uncased/resolve/main/vocab.txt HTTP/1.1" 200 0
2024-04-27 05:08:34,749 RAM memory for Model loading used: 71.7
2024-04-27 05:08:34,750 cpu_utilization % for Model Loading:13.0
2024-04-27 05:08:34,750 memory_consumption in bytes for Loading Model:910295040
2024-04-27 05:08:34,750 Loaded Model successfully
2024-04-27 05:08:34,750 file name is:Bill_of_Exchange_157_0.png
2024-04-27 05:08:34,750 folder path :Images
2024-04-27 05:08:34,750 Calling Image result
2024-04-27 05:08:34,750 is all_page_result is instance of dict? True
2024-04-27 05:08:34,753 STREAM b'IHDR' 16 13
2024-04-27 05:08:34,754 STREAM b'pHYs' 41 9
2024-04-27 05:08:34,754 STREAM b'IDAT' 62 126930
2024-04-27 05:08:34,762 is words is instance of list? True
2024-04-27 05:08:34,762 is bboxes is instance of list? True
2024-04-27 05:08:34,762 is bounding_boxes is instance of list? True
2024-04-27 05:08:34,805 is input_id_chunks is instance of list? True
2024-04-27 05:08:34,805 is mask_chunks is instance of list? True
2024-04-27 05:08:34,805 is bbox_chunks is instance of list? True
2024-04-27 05:08:34,805 is image_chunks is instance of list? True
2024-04-27 05:08:34,805 is input_dict is instance of dict? True
2024-04-27 05:08:35,778 Model Called
2024-04-27 05:08:35,778 RAM memory 77.5 used for Bill_of_Exchange_157_0.png:
2024-04-27 05:08:35,778 is all_predictions is instance of list? True
2024-04-27 05:08:35,778 is all_boxes is instance of list? True
2024-04-27 05:08:35,778 is all_confidences is instance of list? True
2024-04-27 05:08:35,778 is all_text is instance of list? True
2024-04-27 05:08:35,779 is label2id is instance of dict? True
2024-04-27 05:08:35,779 is id2label is instance of dict? True
2024-04-27 05:08:35,779 is label2color is instance of dict? True
2024-04-27 05:08:35,779 label2color : {'tenor_type': '#E04146', 'invoice_due_date': '#C8067F', 'diclaration_by': '#33CA8D', 'invoice_amount': '#A94611', 'original_or_copy': '#AC63E6', 'boe_currency': '#1D63C7', 'lc_ref_no': '#A97D02', 'boe_amount': '#C8ACD2', 'indicator_date': '#6FC9F6', 'tenore_details': '#B231B8', 'lc_date': '#F96AD3', 'issuing_bank': '#C27936', 'drawer_name': '#03A90D', 'stamp': '#74584D', 'drawer_bank_address': '#D90D40', 'drawer_address': '#1D87CE', 'drawee_name': '#C7EDBF', 'country_of_origin': '#63D3A7', 'tenor_indicator': '#5210AA', 'bill_exchange_no': '#1BF5A0', 'drawee_bank_address': '#DBBE5B', 'issuing_bank_address': '#5AD272', 'bill_exchange_date': '#948B94', 'goods_discription': '#B583D9', 'drawer_bank_name': '#00FF29', 'indicator_type': '#58DEAC', 'drawee_bank_name': '#89E2D8', 'usance_tenor': '#92F261', 'signature': '#6DEAD2', 'invoice_no': '#FA2163', 'original_number': '#026A01', 'drawee_address': '#19C62A', 'invoice_date': '#8D94D2', 'issue_place': '#B1D736', 'invoice_currency': '#F5B7B6', 'O': '#508C58', 'amount_in_words': '#E8C093'}
2024-04-27 05:08:35,814 is result_set is instance of dict? True
2024-04-27 05:08:35,816 is final_result_set is instance of dict? True
