2024-04-27 05:19:43,570 checkpoint 1 => setting basis cofiguration for logging purposes
2024-04-27 05:19:43,571 start time: 2024-04-27 05:19:43.571633
2024-04-27 05:19:46,133 Starting new HTTPS connection (1): huggingface.co:443
2024-04-27 05:19:46,472 https://huggingface.co:443 "HEAD /microsoft/layoutlmv2-base-uncased/resolve/main/preprocessor_config.json HTTP/1.1" 200 0
2024-04-27 05:19:47,395 https://huggingface.co:443 "HEAD /microsoft/layoutlmv2-base-uncased/resolve/main/tokenizer_config.json HTTP/1.1" 404 0
2024-04-27 05:19:47,702 https://huggingface.co:443 "HEAD /microsoft/layoutlmv2-base-uncased/resolve/main/vocab.txt HTTP/1.1" 200 0
2024-04-27 05:19:47,740 RAM memory for Model loading used: 71.4
2024-04-27 05:19:47,740 cpu_utilization % for Model Loading:14.4
2024-04-27 05:19:47,740 memory_consumption in bytes for Loading Model:911675392
2024-04-27 05:19:47,740 Loaded Model successfully
2024-04-27 05:19:47,741 file name is:Bill_of_Exchange_157_0.png
2024-04-27 05:19:47,741 folder path :Images
2024-04-27 05:19:47,741 Calling Image result
2024-04-27 05:19:47,741 is all_page_result is instance of dict? True
2024-04-27 05:19:47,744 STREAM b'IHDR' 16 13
2024-04-27 05:19:47,744 STREAM b'pHYs' 41 9
2024-04-27 05:19:47,744 STREAM b'IDAT' 62 126930
2024-04-27 05:19:47,763 is words is instance of list? True
2024-04-27 05:19:47,763 is bboxes is instance of list? True
2024-04-27 05:19:47,763 is bounding_boxes is instance of list? True
2024-04-27 05:19:47,802 is input_id_chunks is instance of list? True
2024-04-27 05:19:47,802 is mask_chunks is instance of list? True
2024-04-27 05:19:47,802 is bbox_chunks is instance of list? True
2024-04-27 05:19:47,802 is image_chunks is instance of list? True
2024-04-27 05:19:47,803 is input_dict is instance of dict? True
2024-04-27 05:19:48,691 Model Called
2024-04-27 05:19:48,691 RAM memory 77.4 used for Bill_of_Exchange_157_0.png:
2024-04-27 05:19:48,691 is all_predictions is instance of list? True
2024-04-27 05:19:48,691 is all_boxes is instance of list? True
2024-04-27 05:19:48,691 is all_confidences is instance of list? True
2024-04-27 05:19:48,691 is all_text is instance of list? True
2024-04-27 05:19:48,692 is label2id is instance of dict? True
2024-04-27 05:19:48,692 is id2label is instance of dict? True
2024-04-27 05:19:48,692 is label2color is instance of dict? True
2024-04-27 05:19:48,692 label2color : {'tenor_type': '#99F5D1', 'invoice_due_date': '#761AE4', 'diclaration_by': '#58C7A4', 'invoice_amount': '#151B91', 'original_or_copy': '#FAB8E1', 'boe_currency': '#329E20', 'lc_ref_no': '#005FCD', 'boe_amount': '#5292D2', 'indicator_date': '#DEF23D', 'tenore_details': '#604B19', 'lc_date': '#B4CFFB', 'issuing_bank': '#E45F05', 'drawer_name': '#B06E2B', 'stamp': '#563CE5', 'drawer_bank_address': '#D74F90', 'drawer_address': '#92C3D6', 'drawee_name': '#0189BD', 'country_of_origin': '#5D66E1', 'tenor_indicator': '#D3F727', 'bill_exchange_no': '#D7277C', 'drawee_bank_address': '#DC0E50', 'issuing_bank_address': '#F33B1A', 'bill_exchange_date': '#AE429A', 'goods_discription': '#82DE07', 'drawer_bank_name': '#CCC9C3', 'indicator_type': '#AD03B0', 'drawee_bank_name': '#AA4EAE', 'usance_tenor': '#EC36F0', 'signature': '#3E2AC8', 'invoice_no': '#ED9F23', 'original_number': '#296E9F', 'drawee_address': '#C7A526', 'invoice_date': '#CE7703', 'issue_place': '#81322F', 'invoice_currency': '#46D545', 'O': '#007802', 'amount_in_words': '#769175'}
2024-04-27 05:19:48,713 is result_set is instance of dict? True
2024-04-27 05:19:48,714 is final_result_set is instance of dict? True
