2024-06-06 12:30:57,202 checkpoint 1 => setting basis cofiguration for logging purposes
2024-06-06 12:30:57,204 start time: 2024-06-06 12:30:57.203988
2024-06-06 12:31:03,490 Falling back to TensorFlow client; we recommended you install the Cloud TPU client directly with pip install cloud-tpu-client.
2024-06-06 12:31:03,690 Creating converter from 7 to 5
2024-06-06 12:31:03,690 Creating converter from 5 to 7
2024-06-06 12:31:03,690 Creating converter from 7 to 5
2024-06-06 12:31:03,690 Creating converter from 5 to 7
2024-06-06 12:31:04,375 Starting new HTTPS connection (1): huggingface.co:443
2024-06-06 12:31:04,792 https://huggingface.co:443 "HEAD /microsoft/layoutlmv2-base-uncased/resolve/main/preprocessor_config.json HTTP/1.1" 200 0
2024-06-06 12:31:05,202 https://huggingface.co:443 "HEAD /microsoft/layoutlmv2-base-uncased/resolve/main/tokenizer_config.json HTTP/1.1" 404 0
2024-06-06 12:31:05,433 https://huggingface.co:443 "HEAD /microsoft/layoutlmv2-base-uncased/resolve/main/vocab.txt HTTP/1.1" 200 0
2024-06-06 12:31:05,471 RAM memory for Model loading used: 88.0
2024-06-06 12:31:05,471 cpu_utilization % for Model Loading:-58.6
2024-06-06 12:31:05,471 memory_consumption in bytes for Loading Model:1171165184
2024-06-06 12:31:05,472 Loaded Model successfully
2024-06-06 12:31:05,473 file name is:Airway_Bill_453_1.png
2024-06-06 12:31:05,473 folder path :Images
2024-06-06 12:31:05,473 Calling Image result
2024-06-06 12:31:05,473 is all_page_result is instance of dict? True
2024-06-06 12:31:05,646 STREAM b'IHDR' 16 13
2024-06-06 12:31:05,646 STREAM b'IDAT' 41 65536
2024-06-06 12:31:05,686 is words is instance of list? True
2024-06-06 12:31:05,686 is bboxes is instance of list? True
2024-06-06 12:31:05,686 is bounding_boxes is instance of list? True
2024-06-06 12:31:06,042 is input_id_chunks is instance of list? True
2024-06-06 12:31:06,042 is mask_chunks is instance of list? True
2024-06-06 12:31:06,043 is bbox_chunks is instance of list? True
2024-06-06 12:31:06,043 is image_chunks is instance of list? True
2024-06-06 12:31:06,045 is input_dict is instance of dict? True
2024-06-06 12:31:22,139 Model Called
2024-06-06 12:31:22,142 RAM memory 98.1 used for Airway_Bill_453_1.png:
2024-06-06 12:31:22,142 is all_predictions is instance of list? True
2024-06-06 12:31:22,142 is all_boxes is instance of list? True
2024-06-06 12:31:22,142 is all_confidences is instance of list? True
2024-06-06 12:31:22,142 is all_text is instance of list? True
2024-06-06 12:31:22,145 is label2id is instance of dict? True
2024-06-06 12:31:22,145 is id2label is instance of dict? True
2024-06-06 12:31:22,146 is label2color is instance of dict? True
2024-06-06 12:31:22,146 label2color : {'signature': '#7E585B', 'gross_weight': '#E16810', 'freight_collected_at': '#A43A01', 'shipper_name': '#E12DCE', 'notify_party_address': '#15E60B', 'awb_original_or_copy': '#8B5FFE', 'mode_of_transport': '#D15DF0', 'flight_date': '#E7D3AB', 'measurement': '#4A2ED3', 'good_marks': '#36B142', 'awb_original_number': '#4382B5', 'invoice_number': '#D35FD0', 'dimension': '#146294', 'pre_carriage_by': '#A04BA8', 'awb_bill_no': '#394B38', 'notify_party_name': '#895FC6', 'airport_of_destination': '#9F41EA', 'final_destination': '#BD8EDD', 'net_weight': '#200377', 'signed_by_master': '#758BB4', 'invoice_date': '#A39E39', 'lc_date': '#0809B0', 'lc_no': '#BFC4B4', 'signed_by_carrier': '#184231', 'at_place': '#1F9236', 'awb_bill_issue_date': '#0DB6A8', 'signed_by_agent': '#6AB66F', 'total_original_no': '#15C734', 'flight_details': '#C03101', 'carrier_address': '#477610', 'gross_quantity': '#85E4AF', 'transaction_date': '#70420B', 'consignee_address': '#8222FC', 'O': '#BA2FAB', 'shipper_address': '#4C4A55', 'page_no': '#33C778', 'goods_description': '#C4559F', 'freight_collect_or_prepaid': '#D936D3', 'agent_address': '#E73BE9', 'stamp': '#0838E9', 'consignee_name': '#F544FF', 'country_of_origin': '#B8F274', 'airport_of_departure': '#7CCFFD', 'carrier_name': '#3623BE', 'place_of_receipt': '#A7AF90', 'agent_name': '#AF20A6', 'master_name': '#EBF9D8', 'stamped_onboard_date': '#AD7511', 'shipment_date': '#735CE1', 'declared_value_of_custom': '#FFBD20', 'declared_value_of_carriage': '#25C635', 'amount_insurance': '#8D54D2', 'carriage_condition': '#138769', 'consignee_country': '#E0CC9B', 'shipper_country': '#AF5899'}
2024-06-06 12:31:22,531 is result_set is instance of dict? True
2024-06-06 12:31:22,537 is final_result_set is instance of dict? True
2024-06-06 12:32:09,969 Time taken for page 1 of Airway_Bill_453_1.png:0:01:04.322199
2024-06-06 12:32:10,327 *****Generated All Pages****** for Airway_Bill_453_1.png
2024-06-06 12:32:10,328 RAM memory 88.3 used for Airway_Bill_453_1.png Generating All Pages:
2024-06-06 12:32:10,328 Processing time taken for all pages of Airway_Bill_453_1.png1:0:01:04.855313
2024-06-06 12:32:10,840 file name is:Airway_Bill_546_2.png
2024-06-06 12:32:10,841 folder path :Images
2024-06-06 12:32:10,841 Calling Image result
2024-06-06 12:32:10,841 is all_page_result is instance of dict? True
2024-06-06 12:32:10,842 STREAM b'IHDR' 16 13
2024-06-06 12:32:10,842 STREAM b'IDAT' 41 65536
2024-06-06 12:32:11,022 is words is instance of list? True
2024-06-06 12:32:11,022 is bboxes is instance of list? True
2024-06-06 12:32:11,022 is bounding_boxes is instance of list? True
2024-06-06 12:32:11,940 is input_id_chunks is instance of list? True
2024-06-06 12:32:11,940 is mask_chunks is instance of list? True
2024-06-06 12:32:11,941 is bbox_chunks is instance of list? True
2024-06-06 12:32:11,941 is image_chunks is instance of list? True
2024-06-06 12:32:11,986 is input_dict is instance of dict? True
2024-06-06 12:32:18,992 Model Called
2024-06-06 12:32:18,993 RAM memory 90.1 used for Airway_Bill_546_2.png:
2024-06-06 12:32:18,993 is all_predictions is instance of list? True
2024-06-06 12:32:18,993 is all_boxes is instance of list? True
2024-06-06 12:32:18,993 is all_confidences is instance of list? True
2024-06-06 12:32:18,993 is all_text is instance of list? True
2024-06-06 12:32:18,994 is label2id is instance of dict? True
2024-06-06 12:32:18,994 is id2label is instance of dict? True
2024-06-06 12:32:18,995 is label2color is instance of dict? True
2024-06-06 12:32:18,996 label2color : {'signature': '#20758B', 'gross_weight': '#1EC0FE', 'freight_collected_at': '#BD36ED', 'shipper_name': '#2B2DE0', 'notify_party_address': '#549A8C', 'awb_original_or_copy': '#0A0086', 'mode_of_transport': '#9402C4', 'flight_date': '#50689C', 'measurement': '#A35D3D', 'good_marks': '#4F2A09', 'awb_original_number': '#1A2A0C', 'invoice_number': '#C487F1', 'dimension': '#3E7B61', 'pre_carriage_by': '#87FCB2', 'awb_bill_no': '#249B08', 'notify_party_name': '#E273D5', 'airport_of_destination': '#8F3B69', 'final_destination': '#86403E', 'net_weight': '#4E78F6', 'signed_by_master': '#45992C', 'invoice_date': '#FCDEB9', 'lc_date': '#9A76CD', 'lc_no': '#97046C', 'signed_by_carrier': '#9B336D', 'at_place': '#034A49', 'awb_bill_issue_date': '#B7E4C7', 'signed_by_agent': '#14CD8F', 'total_original_no': '#A45402', 'flight_details': '#CBFAD8', 'carrier_address': '#653633', 'gross_quantity': '#531D1A', 'transaction_date': '#933781', 'consignee_address': '#4994BC', 'O': '#8D1D7B', 'shipper_address': '#E6683A', 'page_no': '#BB1F37', 'goods_description': '#B005B3', 'freight_collect_or_prepaid': '#E181FC', 'agent_address': '#C7BA73', 'stamp': '#247795', 'consignee_name': '#EA2E10', 'country_of_origin': '#C21BF4', 'airport_of_departure': '#CCF601', 'carrier_name': '#79EAF5', 'place_of_receipt': '#DA47CD', 'agent_name': '#7E9F17', 'master_name': '#D7DA81', 'stamped_onboard_date': '#A3CAB3', 'shipment_date': '#2B0346', 'declared_value_of_custom': '#849054', 'declared_value_of_carriage': '#6ABF0C', 'amount_insurance': '#6A622E', 'carriage_condition': '#CDC856', 'consignee_country': '#31CB72', 'shipper_country': '#A6DE2E'}
2024-06-06 12:32:20,344 is result_set is instance of dict? True
2024-06-06 12:32:20,346 is final_result_set is instance of dict? True
2024-06-06 12:32:20,539 Time taken for page 1 of Airway_Bill_546_2.png:0:00:09.696897
2024-06-06 12:32:21,252 *****Generated All Pages****** for Airway_Bill_546_2.png
2024-06-06 12:32:21,252 RAM memory 89.0 used for Airway_Bill_546_2.png Generating All Pages:
2024-06-06 12:32:21,252 Processing time taken for all pages of Airway_Bill_546_2.png1:0:00:10.411619
2024-06-06 12:32:21,540 file name is:Airway_Bill_173_0.png
2024-06-06 12:32:21,540 folder path :Images
2024-06-06 12:32:21,540 Calling Image result
2024-06-06 12:32:21,540 is all_page_result is instance of dict? True
2024-06-06 12:32:21,541 STREAM b'IHDR' 16 13
2024-06-06 12:32:21,541 STREAM b'IDAT' 41 65536
2024-06-06 12:32:21,606 is words is instance of list? True
2024-06-06 12:32:21,606 is bboxes is instance of list? True
2024-06-06 12:32:21,606 is bounding_boxes is instance of list? True
2024-06-06 12:32:21,960 is input_id_chunks is instance of list? True
2024-06-06 12:32:21,960 is mask_chunks is instance of list? True
2024-06-06 12:32:21,960 is bbox_chunks is instance of list? True
2024-06-06 12:32:21,960 is image_chunks is instance of list? True
2024-06-06 12:32:21,961 is input_dict is instance of dict? True
2024-06-06 12:32:26,837 Model Called
2024-06-06 12:32:26,837 RAM memory 89.1 used for Airway_Bill_173_0.png:
2024-06-06 12:32:26,837 is all_predictions is instance of list? True
2024-06-06 12:32:26,837 is all_boxes is instance of list? True
2024-06-06 12:32:26,837 is all_confidences is instance of list? True
2024-06-06 12:32:26,837 is all_text is instance of list? True
2024-06-06 12:32:26,837 is label2id is instance of dict? True
2024-06-06 12:32:26,837 is id2label is instance of dict? True
2024-06-06 12:32:26,839 is label2color is instance of dict? True
2024-06-06 12:32:26,839 label2color : {'signature': '#CCCE1D', 'gross_weight': '#29C823', 'freight_collected_at': '#E4C4CD', 'shipper_name': '#DA6913', 'notify_party_address': '#B4084B', 'awb_original_or_copy': '#358954', 'mode_of_transport': '#A66450', 'flight_date': '#7FB1A4', 'measurement': '#17630C', 'good_marks': '#86A78B', 'awb_original_number': '#FAF11A', 'invoice_number': '#3B69BC', 'dimension': '#5CF6E7', 'pre_carriage_by': '#83FFB3', 'awb_bill_no': '#7EF54D', 'notify_party_name': '#5ECF0C', 'airport_of_destination': '#B31A81', 'final_destination': '#C1CD03', 'net_weight': '#EEFC99', 'signed_by_master': '#B0E2BB', 'invoice_date': '#2E66E8', 'lc_date': '#C592E7', 'lc_no': '#FC318C', 'signed_by_carrier': '#2B77B8', 'at_place': '#B52AE7', 'awb_bill_issue_date': '#5B4BE3', 'signed_by_agent': '#1F0863', 'total_original_no': '#6F4896', 'flight_details': '#2D21C1', 'carrier_address': '#A5F5F7', 'gross_quantity': '#C2E56B', 'transaction_date': '#D6F5FC', 'consignee_address': '#19C71A', 'O': '#F883A2', 'shipper_address': '#D857B2', 'page_no': '#26B397', 'goods_description': '#38E374', 'freight_collect_or_prepaid': '#99E009', 'agent_address': '#9E9BE0', 'stamp': '#6BBC25', 'consignee_name': '#EE4912', 'country_of_origin': '#96D86F', 'airport_of_departure': '#851E36', 'carrier_name': '#B84C07', 'place_of_receipt': '#884E3B', 'agent_name': '#F86AC1', 'master_name': '#A7B8AD', 'stamped_onboard_date': '#3076F8', 'shipment_date': '#FBDF42', 'declared_value_of_custom': '#7448F0', 'declared_value_of_carriage': '#B6B76C', 'amount_insurance': '#701ED9', 'carriage_condition': '#9CD640', 'consignee_country': '#4F392B', 'shipper_country': '#C7BB46'}
2024-06-06 12:32:27,418 is result_set is instance of dict? True
2024-06-06 12:32:27,422 is final_result_set is instance of dict? True
2024-06-06 12:32:27,660 Time taken for page 1 of Airway_Bill_173_0.png:0:00:06.119195
2024-06-06 12:32:28,007 *****Generated All Pages****** for Airway_Bill_173_0.png
2024-06-06 12:32:28,008 RAM memory 89.3 used for Airway_Bill_173_0.png Generating All Pages:
2024-06-06 12:32:28,008 Processing time taken for all pages of Airway_Bill_173_0.png1:0:00:06.467561
2024-06-06 12:32:28,301 file name is:Airway_Bill_143_0.png
2024-06-06 12:32:28,302 folder path :Images
2024-06-06 12:32:28,302 Calling Image result
2024-06-06 12:32:28,302 is all_page_result is instance of dict? True
2024-06-06 12:32:28,303 STREAM b'IHDR' 16 13
2024-06-06 12:32:28,303 STREAM b'IDAT' 41 65536
2024-06-06 12:32:28,349 is words is instance of list? True
2024-06-06 12:32:28,349 is bboxes is instance of list? True
2024-06-06 12:32:28,349 is bounding_boxes is instance of list? True
2024-06-06 12:32:28,627 is input_id_chunks is instance of list? True
2024-06-06 12:32:28,627 is mask_chunks is instance of list? True
2024-06-06 12:32:28,627 is bbox_chunks is instance of list? True
2024-06-06 12:32:28,627 is image_chunks is instance of list? True
2024-06-06 12:32:28,632 is input_dict is instance of dict? True
2024-06-06 12:32:33,241 Model Called
2024-06-06 12:32:33,242 RAM memory 90.7 used for Airway_Bill_143_0.png:
2024-06-06 12:32:33,242 is all_predictions is instance of list? True
2024-06-06 12:32:33,243 is all_boxes is instance of list? True
2024-06-06 12:32:33,243 is all_confidences is instance of list? True
2024-06-06 12:32:33,243 is all_text is instance of list? True
2024-06-06 12:32:33,243 is label2id is instance of dict? True
2024-06-06 12:32:33,243 is id2label is instance of dict? True
2024-06-06 12:32:33,244 is label2color is instance of dict? True
2024-06-06 12:32:33,244 label2color : {'signature': '#9A3F66', 'gross_weight': '#DD0641', 'freight_collected_at': '#FB1BA1', 'shipper_name': '#469EBE', 'notify_party_address': '#0C1BD7', 'awb_original_or_copy': '#EC5427', 'mode_of_transport': '#39C5C2', 'flight_date': '#FAC156', 'measurement': '#9FDFB7', 'good_marks': '#8D849D', 'awb_original_number': '#EE6439', 'invoice_number': '#A9D8C5', 'dimension': '#A3A849', 'pre_carriage_by': '#932E39', 'awb_bill_no': '#1AE6A6', 'notify_party_name': '#31AA39', 'airport_of_destination': '#56551C', 'final_destination': '#15EBBC', 'net_weight': '#ECDF5A', 'signed_by_master': '#0D8F79', 'invoice_date': '#820585', 'lc_date': '#401459', 'lc_no': '#58EFDB', 'signed_by_carrier': '#3E4A6A', 'at_place': '#4CE99B', 'awb_bill_issue_date': '#72E957', 'signed_by_agent': '#21C21A', 'total_original_no': '#E3D45E', 'flight_details': '#435F57', 'carrier_address': '#8432EE', 'gross_quantity': '#724714', 'transaction_date': '#499937', 'consignee_address': '#BBD3E0', 'O': '#360119', 'shipper_address': '#CBF924', 'page_no': '#A82E3F', 'goods_description': '#33203C', 'freight_collect_or_prepaid': '#982482', 'agent_address': '#1B5A06', 'stamp': '#40EFD9', 'consignee_name': '#610CB9', 'country_of_origin': '#A828A9', 'airport_of_departure': '#95974A', 'carrier_name': '#2F7567', 'place_of_receipt': '#2C3B9D', 'agent_name': '#0647A4', 'master_name': '#1638A6', 'stamped_onboard_date': '#54C0C5', 'shipment_date': '#C20794', 'declared_value_of_custom': '#668E7B', 'declared_value_of_carriage': '#0758FC', 'amount_insurance': '#F151B5', 'carriage_condition': '#1CBAEB', 'consignee_country': '#CCCB42', 'shipper_country': '#4D382B'}
2024-06-06 12:32:33,511 is result_set is instance of dict? True
2024-06-06 12:32:33,516 is final_result_set is instance of dict? True
2024-06-06 12:32:33,718 Time taken for page 1 of Airway_Bill_143_0.png:0:00:05.414152
2024-06-06 12:32:33,997 *****Generated All Pages****** for Airway_Bill_143_0.png
2024-06-06 12:32:33,997 RAM memory 90.7 used for Airway_Bill_143_0.png Generating All Pages:
2024-06-06 12:32:33,997 Processing time taken for all pages of Airway_Bill_143_0.png1:0:00:05.695142
2024-06-06 12:32:34,271 file name is:Airway_Bill_361_0.png
2024-06-06 12:32:34,272 folder path :Images
2024-06-06 12:32:34,272 Calling Image result
2024-06-06 12:32:34,272 is all_page_result is instance of dict? True
2024-06-06 12:32:34,272 STREAM b'IHDR' 16 13
2024-06-06 12:32:34,272 STREAM b'IDAT' 41 62326
2024-06-06 12:32:34,315 is words is instance of list? True
2024-06-06 12:32:34,315 is bboxes is instance of list? True
2024-06-06 12:32:34,315 is bounding_boxes is instance of list? True
2024-06-06 12:32:34,734 is input_id_chunks is instance of list? True
2024-06-06 12:32:34,734 is mask_chunks is instance of list? True
2024-06-06 12:32:34,735 is bbox_chunks is instance of list? True
2024-06-06 12:32:34,735 is image_chunks is instance of list? True
2024-06-06 12:32:34,735 is input_dict is instance of dict? True
2024-06-06 12:32:39,710 Model Called
2024-06-06 12:32:39,710 RAM memory 90.5 used for Airway_Bill_361_0.png:
2024-06-06 12:32:39,710 is all_predictions is instance of list? True
2024-06-06 12:32:39,710 is all_boxes is instance of list? True
2024-06-06 12:32:39,710 is all_confidences is instance of list? True
2024-06-06 12:32:39,710 is all_text is instance of list? True
2024-06-06 12:32:39,710 is label2id is instance of dict? True
2024-06-06 12:32:39,711 is id2label is instance of dict? True
2024-06-06 12:32:39,712 is label2color is instance of dict? True
2024-06-06 12:32:39,712 label2color : {'signature': '#BBFCA3', 'gross_weight': '#D1268E', 'freight_collected_at': '#B99BB3', 'shipper_name': '#B17139', 'notify_party_address': '#E6D7A5', 'awb_original_or_copy': '#E62651', 'mode_of_transport': '#EAC7FB', 'flight_date': '#C08378', 'measurement': '#543DCB', 'good_marks': '#091C2D', 'awb_original_number': '#7E0E2F', 'invoice_number': '#F855CF', 'dimension': '#A33C58', 'pre_carriage_by': '#C7E789', 'awb_bill_no': '#D26029', 'notify_party_name': '#8C2928', 'airport_of_destination': '#8E4350', 'final_destination': '#B41279', 'net_weight': '#26E677', 'signed_by_master': '#9D5F28', 'invoice_date': '#9A34D8', 'lc_date': '#20B1D7', 'lc_no': '#B2BF43', 'signed_by_carrier': '#EB0B79', 'at_place': '#1DE71B', 'awb_bill_issue_date': '#D52A3A', 'signed_by_agent': '#00D63F', 'total_original_no': '#1C8A0B', 'flight_details': '#B1BA2E', 'carrier_address': '#C8B36B', 'gross_quantity': '#A8AF2F', 'transaction_date': '#44F20F', 'consignee_address': '#5C716D', 'O': '#933858', 'shipper_address': '#026E5F', 'page_no': '#4FB316', 'goods_description': '#779CA9', 'freight_collect_or_prepaid': '#DEE2BF', 'agent_address': '#0A762C', 'stamp': '#756CEF', 'consignee_name': '#AFE6BB', 'country_of_origin': '#8BDA90', 'airport_of_departure': '#C857DC', 'carrier_name': '#F09A17', 'place_of_receipt': '#F85768', 'agent_name': '#FEE62E', 'master_name': '#FE56BB', 'stamped_onboard_date': '#5BCEB2', 'shipment_date': '#B5D368', 'declared_value_of_custom': '#9D55DA', 'declared_value_of_carriage': '#7F30B4', 'amount_insurance': '#520590', 'carriage_condition': '#C46763', 'consignee_country': '#D2C1A9', 'shipper_country': '#E3F0BB'}
2024-06-06 12:32:40,234 is result_set is instance of dict? True
2024-06-06 12:32:40,237 is final_result_set is instance of dict? True
2024-06-06 12:32:40,395 Time taken for page 1 of Airway_Bill_361_0.png:0:00:06.122351
2024-06-06 12:32:40,724 *****Generated All Pages****** for Airway_Bill_361_0.png
2024-06-06 12:32:40,724 RAM memory 90.5 used for Airway_Bill_361_0.png Generating All Pages:
2024-06-06 12:32:40,725 Processing time taken for all pages of Airway_Bill_361_0.png1:0:00:06.452842
2024-06-06 12:32:40,996 file name is:Bill_Of_Landing_562_page_1.png
2024-06-06 12:32:40,997 folder path :Images
2024-06-06 12:32:40,997 Calling Image result
2024-06-06 12:32:40,997 is all_page_result is instance of dict? True
2024-06-06 12:32:40,998 STREAM b'IHDR' 16 13
2024-06-06 12:32:40,998 STREAM b'IDAT' 41 59485
2024-06-06 12:32:41,052 is words is instance of list? True
2024-06-06 12:32:41,053 is bboxes is instance of list? True
2024-06-06 12:32:41,053 is bounding_boxes is instance of list? True
2024-06-06 12:32:41,466 is input_id_chunks is instance of list? True
2024-06-06 12:32:41,466 is mask_chunks is instance of list? True
2024-06-06 12:32:41,466 is bbox_chunks is instance of list? True
2024-06-06 12:32:41,466 is image_chunks is instance of list? True
2024-06-06 12:32:41,467 is input_dict is instance of dict? True
2024-06-06 12:32:45,750 Model Called
2024-06-06 12:32:45,750 RAM memory 90.9 used for Bill_Of_Landing_562_page_1.png:
2024-06-06 12:32:45,750 is all_predictions is instance of list? True
2024-06-06 12:32:45,750 is all_boxes is instance of list? True
2024-06-06 12:32:45,750 is all_confidences is instance of list? True
2024-06-06 12:32:45,750 is all_text is instance of list? True
2024-06-06 12:32:45,751 is label2id is instance of dict? True
2024-06-06 12:32:45,751 is id2label is instance of dict? True
2024-06-06 12:32:45,754 is label2color is instance of dict? True
2024-06-06 12:32:45,754 label2color : {'signature': '#71A215', 'gross_weight': '#8AE6F5', 'freight_collected_at': '#232B4C', 'shipper_name': '#0E9520', 'notify_party_address': '#0F52AD', 'awb_original_or_copy': '#5816F3', 'mode_of_transport': '#9D5106', 'flight_date': '#93E66C', 'measurement': '#69F96E', 'good_marks': '#C8AA19', 'awb_original_number': '#7C4BE4', 'invoice_number': '#4C2F46', 'dimension': '#4B190A', 'pre_carriage_by': '#247A06', 'awb_bill_no': '#8C75A1', 'notify_party_name': '#98B3FF', 'airport_of_destination': '#CA6629', 'final_destination': '#575AFE', 'net_weight': '#9F0F05', 'signed_by_master': '#09533A', 'invoice_date': '#0279BD', 'lc_date': '#BC8314', 'lc_no': '#A36AE6', 'signed_by_carrier': '#A6593D', 'at_place': '#384E71', 'awb_bill_issue_date': '#38144B', 'signed_by_agent': '#4ACC2E', 'total_original_no': '#D0B30C', 'flight_details': '#8512AF', 'carrier_address': '#4FA446', 'gross_quantity': '#7D6726', 'transaction_date': '#11BAB2', 'consignee_address': '#1A2883', 'O': '#2F2966', 'shipper_address': '#F0630B', 'page_no': '#472532', 'goods_description': '#EE8BA8', 'freight_collect_or_prepaid': '#C6F5E3', 'agent_address': '#D5A238', 'stamp': '#1C8BCC', 'consignee_name': '#439018', 'country_of_origin': '#594572', 'airport_of_departure': '#AF68AE', 'carrier_name': '#D3E670', 'place_of_receipt': '#4452C3', 'agent_name': '#0D5407', 'master_name': '#EEA44B', 'stamped_onboard_date': '#B03308', 'shipment_date': '#5F0AA1', 'declared_value_of_custom': '#B64D0E', 'declared_value_of_carriage': '#A52D2C', 'amount_insurance': '#24FCA6', 'carriage_condition': '#9E0AAD', 'consignee_country': '#73184D', 'shipper_country': '#791957'}
2024-06-06 12:32:46,081 is result_set is instance of dict? True
2024-06-06 12:32:46,083 is final_result_set is instance of dict? True
2024-06-06 12:32:46,195 Time taken for page 1 of Bill_Of_Landing_562_page_1.png:0:00:05.196723
2024-06-06 12:32:46,392 *****Generated All Pages****** for Bill_Of_Landing_562_page_1.png
2024-06-06 12:32:46,392 RAM memory 90.9 used for Bill_Of_Landing_562_page_1.png Generating All Pages:
2024-06-06 12:32:46,392 Processing time taken for all pages of Bill_Of_Landing_562_page_1.png1:0:00:05.395171
2024-06-06 12:32:46,609 file name is:Airway_Bill_512_0.png
2024-06-06 12:32:46,609 folder path :Images
2024-06-06 12:32:46,609 Calling Image result
2024-06-06 12:32:46,609 is all_page_result is instance of dict? True
2024-06-06 12:32:46,609 STREAM b'IHDR' 16 13
2024-06-06 12:32:46,609 STREAM b'IDAT' 41 65536
2024-06-06 12:32:46,646 is words is instance of list? True
2024-06-06 12:32:46,646 is bboxes is instance of list? True
2024-06-06 12:32:46,646 is bounding_boxes is instance of list? True
2024-06-06 12:32:47,035 is input_id_chunks is instance of list? True
2024-06-06 12:32:47,035 is mask_chunks is instance of list? True
2024-06-06 12:32:47,035 is bbox_chunks is instance of list? True
2024-06-06 12:32:47,035 is image_chunks is instance of list? True
2024-06-06 12:32:47,036 is input_dict is instance of dict? True
2024-06-06 12:32:50,342 Model Called
2024-06-06 12:32:50,342 RAM memory 90.6 used for Airway_Bill_512_0.png:
2024-06-06 12:32:50,342 is all_predictions is instance of list? True
2024-06-06 12:32:50,342 is all_boxes is instance of list? True
2024-06-06 12:32:50,342 is all_confidences is instance of list? True
2024-06-06 12:32:50,342 is all_text is instance of list? True
2024-06-06 12:32:50,342 is label2id is instance of dict? True
2024-06-06 12:32:50,342 is id2label is instance of dict? True
2024-06-06 12:32:50,343 is label2color is instance of dict? True
2024-06-06 12:32:50,343 label2color : {'signature': '#E36481', 'gross_weight': '#35E42D', 'freight_collected_at': '#EFEDAD', 'shipper_name': '#1FA3E2', 'notify_party_address': '#50D17C', 'awb_original_or_copy': '#2287CD', 'mode_of_transport': '#BE23C6', 'flight_date': '#FA078D', 'measurement': '#A3FCBE', 'good_marks': '#E70C25', 'awb_original_number': '#3FDBF6', 'invoice_number': '#B18486', 'dimension': '#78B7FA', 'pre_carriage_by': '#C5A22D', 'awb_bill_no': '#D38D5F', 'notify_party_name': '#4178F5', 'airport_of_destination': '#EFF16E', 'final_destination': '#74B2AC', 'net_weight': '#93CDC8', 'signed_by_master': '#6E0997', 'invoice_date': '#169471', 'lc_date': '#B9BA36', 'lc_no': '#EC3E40', 'signed_by_carrier': '#AADF96', 'at_place': '#560CB5', 'awb_bill_issue_date': '#F45579', 'signed_by_agent': '#0D03AE', 'total_original_no': '#8092B4', 'flight_details': '#9DC342', 'carrier_address': '#92AAC5', 'gross_quantity': '#F05333', 'transaction_date': '#AA7A06', 'consignee_address': '#C2FAB5', 'O': '#99076A', 'shipper_address': '#CFAFF8', 'page_no': '#D4A1F1', 'goods_description': '#48DE31', 'freight_collect_or_prepaid': '#215A2D', 'agent_address': '#121AC7', 'stamp': '#3C820A', 'consignee_name': '#C3E49B', 'country_of_origin': '#8D4E02', 'airport_of_departure': '#FDE1E1', 'carrier_name': '#E718B0', 'place_of_receipt': '#D1FF5A', 'agent_name': '#45FB57', 'master_name': '#B88F5B', 'stamped_onboard_date': '#032109', 'shipment_date': '#F600FC', 'declared_value_of_custom': '#9B689E', 'declared_value_of_carriage': '#F8A4A3', 'amount_insurance': '#1B9D54', 'carriage_condition': '#09DC00', 'consignee_country': '#270F3D', 'shipper_country': '#F894B4'}
2024-06-06 12:32:50,623 is result_set is instance of dict? True
2024-06-06 12:32:50,625 is final_result_set is instance of dict? True
2024-06-06 12:32:50,778 Time taken for page 1 of Airway_Bill_512_0.png:0:00:04.167938
2024-06-06 12:32:50,978 *****Generated All Pages****** for Airway_Bill_512_0.png
2024-06-06 12:32:50,979 RAM memory 90.8 used for Airway_Bill_512_0.png Generating All Pages:
2024-06-06 12:32:50,979 Processing time taken for all pages of Airway_Bill_512_0.png1:0:00:04.369840
2024-06-06 12:32:51,227 file name is:Bill_Of_Landing_562_page_13.png
2024-06-06 12:32:51,227 folder path :Images
2024-06-06 12:32:51,227 Calling Image result
2024-06-06 12:32:51,227 is all_page_result is instance of dict? True
2024-06-06 12:32:51,228 STREAM b'IHDR' 16 13
2024-06-06 12:32:51,228 STREAM b'IDAT' 41 65536
2024-06-06 12:32:51,276 is words is instance of list? True
2024-06-06 12:32:51,276 is bboxes is instance of list? True
2024-06-06 12:32:51,276 is bounding_boxes is instance of list? True
2024-06-06 12:32:51,665 is input_id_chunks is instance of list? True
2024-06-06 12:32:51,665 is mask_chunks is instance of list? True
2024-06-06 12:32:51,665 is bbox_chunks is instance of list? True
2024-06-06 12:32:51,665 is image_chunks is instance of list? True
2024-06-06 12:32:51,666 is input_dict is instance of dict? True
2024-06-06 12:32:55,311 Model Called
2024-06-06 12:32:55,312 RAM memory 90.3 used for Bill_Of_Landing_562_page_13.png:
2024-06-06 12:32:55,313 is all_predictions is instance of list? True
2024-06-06 12:32:55,313 is all_boxes is instance of list? True
2024-06-06 12:32:55,314 is all_confidences is instance of list? True
2024-06-06 12:32:55,314 is all_text is instance of list? True
2024-06-06 12:32:55,315 is label2id is instance of dict? True
2024-06-06 12:32:55,315 is id2label is instance of dict? True
2024-06-06 12:32:55,315 is label2color is instance of dict? True
2024-06-06 12:32:55,315 label2color : {'signature': '#B5EBCD', 'gross_weight': '#E84178', 'freight_collected_at': '#2A4D7A', 'shipper_name': '#72E1B1', 'notify_party_address': '#3F2146', 'awb_original_or_copy': '#2B6065', 'mode_of_transport': '#5FAB51', 'flight_date': '#B34BF3', 'measurement': '#B1386E', 'good_marks': '#654F3D', 'awb_original_number': '#DBCA7C', 'invoice_number': '#B49FBA', 'dimension': '#7A3B72', 'pre_carriage_by': '#833320', 'awb_bill_no': '#D14403', 'notify_party_name': '#61563C', 'airport_of_destination': '#4ED1A7', 'final_destination': '#347C2B', 'net_weight': '#E35B6C', 'signed_by_master': '#0DBBE2', 'invoice_date': '#7E20E0', 'lc_date': '#925DBA', 'lc_no': '#388DEA', 'signed_by_carrier': '#1A564E', 'at_place': '#D51BF4', 'awb_bill_issue_date': '#A685B6', 'signed_by_agent': '#E8B4EE', 'total_original_no': '#FC9753', 'flight_details': '#9E86EE', 'carrier_address': '#934218', 'gross_quantity': '#EBCC85', 'transaction_date': '#DE34D6', 'consignee_address': '#2E18B9', 'O': '#CA894C', 'shipper_address': '#00FC26', 'page_no': '#944D2C', 'goods_description': '#1C1913', 'freight_collect_or_prepaid': '#C90FDA', 'agent_address': '#4E7B6B', 'stamp': '#CC172D', 'consignee_name': '#33892F', 'country_of_origin': '#8E4CEB', 'airport_of_departure': '#635373', 'carrier_name': '#B64A2B', 'place_of_receipt': '#0CEE5A', 'agent_name': '#2FFCA6', 'master_name': '#202F48', 'stamped_onboard_date': '#A1A157', 'shipment_date': '#33A639', 'declared_value_of_custom': '#E6B175', 'declared_value_of_carriage': '#B568D9', 'amount_insurance': '#400D7D', 'carriage_condition': '#01D8E7', 'consignee_country': '#C1B239', 'shipper_country': '#F39537'}
2024-06-06 12:32:55,682 is result_set is instance of dict? True
2024-06-06 12:32:55,685 is final_result_set is instance of dict? True
2024-06-06 12:32:55,844 Time taken for page 1 of Bill_Of_Landing_562_page_13.png:0:00:04.616233
2024-06-06 12:32:56,049 *****Generated All Pages****** for Bill_Of_Landing_562_page_13.png
2024-06-06 12:32:56,049 RAM memory 90.4 used for Bill_Of_Landing_562_page_13.png Generating All Pages:
2024-06-06 12:32:56,049 Processing time taken for all pages of Bill_Of_Landing_562_page_13.png1:0:00:04.821920
2024-06-06 12:32:56,223 file name is:Bill_Of_Landing_555_page_0.png
2024-06-06 12:32:56,223 folder path :Images
2024-06-06 12:32:56,224 Calling Image result
2024-06-06 12:32:56,224 is all_page_result is instance of dict? True
2024-06-06 12:32:56,224 STREAM b'IHDR' 16 13
2024-06-06 12:32:56,224 STREAM b'IDAT' 41 65536
2024-06-06 12:32:56,275 is words is instance of list? True
2024-06-06 12:32:56,275 is bboxes is instance of list? True
2024-06-06 12:32:56,275 is bounding_boxes is instance of list? True
2024-06-06 12:32:56,509 is input_id_chunks is instance of list? True
2024-06-06 12:32:56,509 is mask_chunks is instance of list? True
2024-06-06 12:32:56,509 is bbox_chunks is instance of list? True
2024-06-06 12:32:56,509 is image_chunks is instance of list? True
2024-06-06 12:32:56,510 is input_dict is instance of dict? True
2024-06-06 12:32:59,082 Model Called
2024-06-06 12:32:59,083 RAM memory 90.4 used for Bill_Of_Landing_555_page_0.png:
2024-06-06 12:32:59,083 is all_predictions is instance of list? True
2024-06-06 12:32:59,083 is all_boxes is instance of list? True
2024-06-06 12:32:59,083 is all_confidences is instance of list? True
2024-06-06 12:32:59,083 is all_text is instance of list? True
2024-06-06 12:32:59,083 is label2id is instance of dict? True
2024-06-06 12:32:59,083 is id2label is instance of dict? True
2024-06-06 12:32:59,084 is label2color is instance of dict? True
2024-06-06 12:32:59,084 label2color : {'signature': '#8E1932', 'gross_weight': '#595912', 'freight_collected_at': '#D73DD2', 'shipper_name': '#A5C44A', 'notify_party_address': '#953655', 'awb_original_or_copy': '#7389FF', 'mode_of_transport': '#D235F0', 'flight_date': '#D2B33B', 'measurement': '#330896', 'good_marks': '#412389', 'awb_original_number': '#FFBB9E', 'invoice_number': '#9C45B3', 'dimension': '#52BCB6', 'pre_carriage_by': '#107540', 'awb_bill_no': '#CA805E', 'notify_party_name': '#520A12', 'airport_of_destination': '#516865', 'final_destination': '#BC9E57', 'net_weight': '#EE4372', 'signed_by_master': '#BD1D12', 'invoice_date': '#E3EBDE', 'lc_date': '#1D3C54', 'lc_no': '#49C986', 'signed_by_carrier': '#4EB701', 'at_place': '#A3867F', 'awb_bill_issue_date': '#48D8F0', 'signed_by_agent': '#C3191F', 'total_original_no': '#12378E', 'flight_details': '#6DB078', 'carrier_address': '#61137F', 'gross_quantity': '#F333AD', 'transaction_date': '#E96F99', 'consignee_address': '#BD83C5', 'O': '#04A717', 'shipper_address': '#43692A', 'page_no': '#22F208', 'goods_description': '#945A12', 'freight_collect_or_prepaid': '#BE3907', 'agent_address': '#E073C7', 'stamp': '#3038FC', 'consignee_name': '#1CA056', 'country_of_origin': '#2C8824', 'airport_of_departure': '#AFC21D', 'carrier_name': '#CD6602', 'place_of_receipt': '#DCA86C', 'agent_name': '#0E0385', 'master_name': '#207D0A', 'stamped_onboard_date': '#DECA84', 'shipment_date': '#441B15', 'declared_value_of_custom': '#35AE13', 'declared_value_of_carriage': '#9BFE17', 'amount_insurance': '#38FD04', 'carriage_condition': '#167B3E', 'consignee_country': '#577A06', 'shipper_country': '#E2A5C8'}
2024-06-06 12:32:59,352 is result_set is instance of dict? True
2024-06-06 12:32:59,354 is final_result_set is instance of dict? True
2024-06-06 12:32:59,471 Time taken for page 1 of Bill_Of_Landing_555_page_0.png:0:00:03.246180
2024-06-06 12:32:59,635 *****Generated All Pages****** for Bill_Of_Landing_555_page_0.png
2024-06-06 12:32:59,635 RAM memory 90.7 used for Bill_Of_Landing_555_page_0.png Generating All Pages:
2024-06-06 12:32:59,635 Processing time taken for all pages of Bill_Of_Landing_555_page_0.png1:0:00:03.411308
2024-06-06 12:32:59,818 file name is:Bill_Of_Landing_899_page_20.png
2024-06-06 12:32:59,818 folder path :Images
2024-06-06 12:32:59,818 Calling Image result
2024-06-06 12:32:59,818 is all_page_result is instance of dict? True
2024-06-06 12:32:59,819 STREAM b'IHDR' 16 13
2024-06-06 12:32:59,819 STREAM b'IDAT' 41 65536
2024-06-06 12:32:59,855 is words is instance of list? True
2024-06-06 12:32:59,855 is bboxes is instance of list? True
2024-06-06 12:32:59,855 is bounding_boxes is instance of list? True
2024-06-06 12:33:00,099 is input_id_chunks is instance of list? True
2024-06-06 12:33:00,099 is mask_chunks is instance of list? True
2024-06-06 12:33:00,099 is bbox_chunks is instance of list? True
2024-06-06 12:33:00,099 is image_chunks is instance of list? True
2024-06-06 12:33:00,100 is input_dict is instance of dict? True
2024-06-06 12:33:04,112 Model Called
2024-06-06 12:33:04,112 RAM memory 90.8 used for Bill_Of_Landing_899_page_20.png:
2024-06-06 12:33:04,112 is all_predictions is instance of list? True
2024-06-06 12:33:04,112 is all_boxes is instance of list? True
2024-06-06 12:33:04,112 is all_confidences is instance of list? True
2024-06-06 12:33:04,112 is all_text is instance of list? True
2024-06-06 12:33:04,112 is label2id is instance of dict? True
2024-06-06 12:33:04,112 is id2label is instance of dict? True
2024-06-06 12:33:04,113 is label2color is instance of dict? True
2024-06-06 12:33:04,113 label2color : {'signature': '#BA21E4', 'gross_weight': '#8AB9B0', 'freight_collected_at': '#EA7BC6', 'shipper_name': '#D8C56B', 'notify_party_address': '#C8C4E3', 'awb_original_or_copy': '#66811D', 'mode_of_transport': '#3A8DDB', 'flight_date': '#3942F7', 'measurement': '#0E5095', 'good_marks': '#EB43E3', 'awb_original_number': '#52DCE4', 'invoice_number': '#83025E', 'dimension': '#F699F7', 'pre_carriage_by': '#D9D59C', 'awb_bill_no': '#34E10D', 'notify_party_name': '#B0DC7A', 'airport_of_destination': '#8CF77B', 'final_destination': '#FC8FBF', 'net_weight': '#1CFBA1', 'signed_by_master': '#DBC80E', 'invoice_date': '#1BDD24', 'lc_date': '#503A51', 'lc_no': '#5B1B68', 'signed_by_carrier': '#DD8C42', 'at_place': '#D34B50', 'awb_bill_issue_date': '#92F3EE', 'signed_by_agent': '#A30E2F', 'total_original_no': '#465591', 'flight_details': '#C2C9A3', 'carrier_address': '#8D9675', 'gross_quantity': '#2AC971', 'transaction_date': '#5F2942', 'consignee_address': '#AE4E54', 'O': '#F8593D', 'shipper_address': '#1525B8', 'page_no': '#549E81', 'goods_description': '#6FE65B', 'freight_collect_or_prepaid': '#39F86A', 'agent_address': '#4389DE', 'stamp': '#982B4C', 'consignee_name': '#A29A25', 'country_of_origin': '#D8A45B', 'airport_of_departure': '#EDE5A3', 'carrier_name': '#319314', 'place_of_receipt': '#D96D57', 'agent_name': '#73707E', 'master_name': '#304EDA', 'stamped_onboard_date': '#18E698', 'shipment_date': '#7F9A08', 'declared_value_of_custom': '#F9519A', 'declared_value_of_carriage': '#9EBE26', 'amount_insurance': '#35D88B', 'carriage_condition': '#B21216', 'consignee_country': '#96DEDF', 'shipper_country': '#5A52B1'}
2024-06-06 12:33:04,435 is result_set is instance of dict? True
2024-06-06 12:33:04,437 is final_result_set is instance of dict? True
2024-06-06 12:33:04,574 Time taken for page 1 of Bill_Of_Landing_899_page_20.png:0:00:04.755383
2024-06-06 12:33:04,728 *****Generated All Pages****** for Bill_Of_Landing_899_page_20.png
2024-06-06 12:33:04,728 RAM memory 91.1 used for Bill_Of_Landing_899_page_20.png Generating All Pages:
2024-06-06 12:33:04,728 Processing time taken for all pages of Bill_Of_Landing_899_page_20.png1:0:00:04.909769
2024-06-06 12:33:04,904 file name is:Airway_Bill_591_0.png
2024-06-06 12:33:04,904 folder path :Images
2024-06-06 12:33:04,904 Calling Image result
2024-06-06 12:33:04,904 is all_page_result is instance of dict? True
2024-06-06 12:33:04,905 STREAM b'IHDR' 16 13
2024-06-06 12:33:04,905 STREAM b'IDAT' 41 65536
2024-06-06 12:33:04,937 is words is instance of list? True
2024-06-06 12:33:04,937 is bboxes is instance of list? True
2024-06-06 12:33:04,937 is bounding_boxes is instance of list? True
2024-06-06 12:33:05,198 is input_id_chunks is instance of list? True
2024-06-06 12:33:05,198 is mask_chunks is instance of list? True
2024-06-06 12:33:05,198 is bbox_chunks is instance of list? True
2024-06-06 12:33:05,198 is image_chunks is instance of list? True
2024-06-06 12:33:05,199 is input_dict is instance of dict? True
2024-06-06 12:33:08,303 Model Called
2024-06-06 12:33:08,303 RAM memory 89.2 used for Airway_Bill_591_0.png:
2024-06-06 12:33:08,303 is all_predictions is instance of list? True
2024-06-06 12:33:08,303 is all_boxes is instance of list? True
2024-06-06 12:33:08,303 is all_confidences is instance of list? True
2024-06-06 12:33:08,303 is all_text is instance of list? True
2024-06-06 12:33:08,303 is label2id is instance of dict? True
2024-06-06 12:33:08,304 is id2label is instance of dict? True
2024-06-06 12:33:08,304 is label2color is instance of dict? True
2024-06-06 12:33:08,304 label2color : {'signature': '#62C8E5', 'gross_weight': '#EB5CEA', 'freight_collected_at': '#B2F96E', 'shipper_name': '#389BFE', 'notify_party_address': '#38509D', 'awb_original_or_copy': '#98759B', 'mode_of_transport': '#1366B9', 'flight_date': '#684D3F', 'measurement': '#E0145F', 'good_marks': '#7C7D49', 'awb_original_number': '#94243E', 'invoice_number': '#845550', 'dimension': '#B454B7', 'pre_carriage_by': '#D517D7', 'awb_bill_no': '#7B5A69', 'notify_party_name': '#7C4AC3', 'airport_of_destination': '#61BA4E', 'final_destination': '#A0B250', 'net_weight': '#15E189', 'signed_by_master': '#B6800D', 'invoice_date': '#A4947D', 'lc_date': '#C58666', 'lc_no': '#3FDEFB', 'signed_by_carrier': '#CA9491', 'at_place': '#AD6121', 'awb_bill_issue_date': '#083DEC', 'signed_by_agent': '#44EADB', 'total_original_no': '#5C6A04', 'flight_details': '#3F8EEB', 'carrier_address': '#EC2847', 'gross_quantity': '#B498E4', 'transaction_date': '#91602B', 'consignee_address': '#BB4DFA', 'O': '#1CEFED', 'shipper_address': '#8C913A', 'page_no': '#C86525', 'goods_description': '#58084D', 'freight_collect_or_prepaid': '#038ED5', 'agent_address': '#2E1770', 'stamp': '#FFFD15', 'consignee_name': '#630329', 'country_of_origin': '#3E3406', 'airport_of_departure': '#179464', 'carrier_name': '#FC17F6', 'place_of_receipt': '#F8BBCE', 'agent_name': '#7549DC', 'master_name': '#0A5AF7', 'stamped_onboard_date': '#677044', 'shipment_date': '#58A03B', 'declared_value_of_custom': '#C34932', 'declared_value_of_carriage': '#9E1001', 'amount_insurance': '#A90905', 'carriage_condition': '#805C85', 'consignee_country': '#A29FA6', 'shipper_country': '#CE986E'}
2024-06-06 12:33:08,539 is result_set is instance of dict? True
2024-06-06 12:33:08,540 is final_result_set is instance of dict? True
2024-06-06 12:33:08,696 Time taken for page 1 of Airway_Bill_591_0.png:0:00:03.791079
2024-06-06 12:33:08,848 *****Generated All Pages****** for Airway_Bill_591_0.png
2024-06-06 12:33:08,848 RAM memory 89.3 used for Airway_Bill_591_0.png Generating All Pages:
2024-06-06 12:33:08,848 Processing time taken for all pages of Airway_Bill_591_0.png1:0:00:03.943432
2024-06-06 12:33:09,017 file name is:Airway_Bill_188_0.png
2024-06-06 12:33:09,017 folder path :Images
2024-06-06 12:33:09,017 Calling Image result
2024-06-06 12:33:09,017 is all_page_result is instance of dict? True
2024-06-06 12:33:09,017 STREAM b'IHDR' 16 13
2024-06-06 12:33:09,017 STREAM b'IDAT' 41 65536
2024-06-06 12:33:09,084 is words is instance of list? True
2024-06-06 12:33:09,084 is bboxes is instance of list? True
2024-06-06 12:33:09,084 is bounding_boxes is instance of list? True
2024-06-06 12:33:09,655 is input_id_chunks is instance of list? True
2024-06-06 12:33:09,655 is mask_chunks is instance of list? True
2024-06-06 12:33:09,655 is bbox_chunks is instance of list? True
2024-06-06 12:33:09,655 is image_chunks is instance of list? True
2024-06-06 12:33:09,655 is input_dict is instance of dict? True
2024-06-06 12:33:12,090 Model Called
2024-06-06 12:33:12,091 RAM memory 89.1 used for Airway_Bill_188_0.png:
2024-06-06 12:33:12,091 is all_predictions is instance of list? True
2024-06-06 12:33:12,091 is all_boxes is instance of list? True
2024-06-06 12:33:12,091 is all_confidences is instance of list? True
2024-06-06 12:33:12,091 is all_text is instance of list? True
2024-06-06 12:33:12,091 is label2id is instance of dict? True
2024-06-06 12:33:12,091 is id2label is instance of dict? True
2024-06-06 12:33:12,092 is label2color is instance of dict? True
2024-06-06 12:33:12,092 label2color : {'signature': '#E84222', 'gross_weight': '#9FD317', 'freight_collected_at': '#48B493', 'shipper_name': '#F624F9', 'notify_party_address': '#61BF43', 'awb_original_or_copy': '#98DCE1', 'mode_of_transport': '#E34560', 'flight_date': '#C97D99', 'measurement': '#F6D0BD', 'good_marks': '#8316FE', 'awb_original_number': '#1FD953', 'invoice_number': '#FEFF08', 'dimension': '#E4EA32', 'pre_carriage_by': '#E0AC00', 'awb_bill_no': '#91E496', 'notify_party_name': '#2FFBDD', 'airport_of_destination': '#8DAB33', 'final_destination': '#F54AB9', 'net_weight': '#F5BC62', 'signed_by_master': '#735ED1', 'invoice_date': '#227B2D', 'lc_date': '#13838B', 'lc_no': '#F07368', 'signed_by_carrier': '#465D04', 'at_place': '#24CA82', 'awb_bill_issue_date': '#9EA8C8', 'signed_by_agent': '#7CE36D', 'total_original_no': '#1C25B0', 'flight_details': '#5A0255', 'carrier_address': '#0D232B', 'gross_quantity': '#5306D1', 'transaction_date': '#6C35CC', 'consignee_address': '#130C1C', 'O': '#E77B89', 'shipper_address': '#68AEE9', 'page_no': '#C0E3E9', 'goods_description': '#BBA73F', 'freight_collect_or_prepaid': '#A8CD0F', 'agent_address': '#9F9E30', 'stamp': '#5A886E', 'consignee_name': '#672FE2', 'country_of_origin': '#EE3353', 'airport_of_departure': '#CA15B9', 'carrier_name': '#1F17C6', 'place_of_receipt': '#40C6F9', 'agent_name': '#702017', 'master_name': '#6883C3', 'stamped_onboard_date': '#9DDF31', 'shipment_date': '#A407AE', 'declared_value_of_custom': '#7A1D5D', 'declared_value_of_carriage': '#F7C09C', 'amount_insurance': '#4A0ECC', 'carriage_condition': '#EB8566', 'consignee_country': '#A39182', 'shipper_country': '#692209'}
2024-06-06 12:33:12,623 is result_set is instance of dict? True
2024-06-06 12:33:12,625 is final_result_set is instance of dict? True
2024-06-06 12:33:12,736 Time taken for page 1 of Airway_Bill_188_0.png:0:00:03.718012
2024-06-06 12:33:13,025 *****Generated All Pages****** for Airway_Bill_188_0.png
2024-06-06 12:33:13,025 RAM memory 89.2 used for Airway_Bill_188_0.png Generating All Pages:
2024-06-06 12:33:13,026 Processing time taken for all pages of Airway_Bill_188_0.png1:0:00:04.008412
2024-06-06 12:33:13,198 file name is:Bill_Of_Landing_273_page_0.png
2024-06-06 12:33:13,199 folder path :Images
2024-06-06 12:33:13,199 Calling Image result
2024-06-06 12:33:13,199 is all_page_result is instance of dict? True
2024-06-06 12:33:13,199 STREAM b'IHDR' 16 13
2024-06-06 12:33:13,199 STREAM b'IDAT' 41 57869
2024-06-06 12:33:13,233 is words is instance of list? True
2024-06-06 12:33:13,234 is bboxes is instance of list? True
2024-06-06 12:33:13,234 is bounding_boxes is instance of list? True
2024-06-06 12:33:13,473 is input_id_chunks is instance of list? True
2024-06-06 12:33:13,473 is mask_chunks is instance of list? True
2024-06-06 12:33:13,473 is bbox_chunks is instance of list? True
2024-06-06 12:33:13,473 is image_chunks is instance of list? True
2024-06-06 12:33:13,474 is input_dict is instance of dict? True
2024-06-06 12:33:16,094 Model Called
2024-06-06 12:33:16,094 RAM memory 89.8 used for Bill_Of_Landing_273_page_0.png:
2024-06-06 12:33:16,094 is all_predictions is instance of list? True
2024-06-06 12:33:16,094 is all_boxes is instance of list? True
2024-06-06 12:33:16,094 is all_confidences is instance of list? True
2024-06-06 12:33:16,094 is all_text is instance of list? True
2024-06-06 12:33:16,095 is label2id is instance of dict? True
2024-06-06 12:33:16,095 is id2label is instance of dict? True
2024-06-06 12:33:16,096 is label2color is instance of dict? True
2024-06-06 12:33:16,096 label2color : {'signature': '#B3EC16', 'gross_weight': '#E51B60', 'freight_collected_at': '#5F1F4F', 'shipper_name': '#597275', 'notify_party_address': '#A60E38', 'awb_original_or_copy': '#22A4D1', 'mode_of_transport': '#9C9406', 'flight_date': '#6E5629', 'measurement': '#BE9F1B', 'good_marks': '#C8E9B4', 'awb_original_number': '#0F15D1', 'invoice_number': '#2E2233', 'dimension': '#051EFC', 'pre_carriage_by': '#5B0B3B', 'awb_bill_no': '#AA20BC', 'notify_party_name': '#1C9918', 'airport_of_destination': '#4E4F01', 'final_destination': '#FBC5A0', 'net_weight': '#95AE50', 'signed_by_master': '#864709', 'invoice_date': '#A62273', 'lc_date': '#D34B6A', 'lc_no': '#F2672B', 'signed_by_carrier': '#436D02', 'at_place': '#EC8F4E', 'awb_bill_issue_date': '#B39CF7', 'signed_by_agent': '#D6F0B7', 'total_original_no': '#3BF2B1', 'flight_details': '#1AAEEA', 'carrier_address': '#31EAAA', 'gross_quantity': '#AFCC1B', 'transaction_date': '#C22196', 'consignee_address': '#81BE06', 'O': '#AE9D87', 'shipper_address': '#6FDE53', 'page_no': '#97C592', 'goods_description': '#FDA102', 'freight_collect_or_prepaid': '#D7700C', 'agent_address': '#7EA81D', 'stamp': '#547928', 'consignee_name': '#03FE55', 'country_of_origin': '#FD116E', 'airport_of_departure': '#397DDD', 'carrier_name': '#0CC6E4', 'place_of_receipt': '#E1AA6A', 'agent_name': '#4E2802', 'master_name': '#22BB45', 'stamped_onboard_date': '#6DBE0E', 'shipment_date': '#7F0F6A', 'declared_value_of_custom': '#3AE330', 'declared_value_of_carriage': '#DF5DDC', 'amount_insurance': '#E04E11', 'carriage_condition': '#D3C213', 'consignee_country': '#CAFCBB', 'shipper_country': '#BC6D16'}
2024-06-06 12:33:16,351 is result_set is instance of dict? True
2024-06-06 12:33:16,352 is final_result_set is instance of dict? True
2024-06-06 12:33:16,484 Time taken for page 1 of Bill_Of_Landing_273_page_0.png:0:00:03.284508
2024-06-06 12:33:16,631 *****Generated All Pages****** for Bill_Of_Landing_273_page_0.png
2024-06-06 12:33:16,631 RAM memory 90.1 used for Bill_Of_Landing_273_page_0.png Generating All Pages:
2024-06-06 12:33:16,631 Processing time taken for all pages of Bill_Of_Landing_273_page_0.png1:0:00:03.432119
2024-06-06 12:33:16,795 file name is:Bill_Of_Landing_429_page_0.png
2024-06-06 12:33:16,795 folder path :Images
2024-06-06 12:33:16,795 Calling Image result
2024-06-06 12:33:16,795 is all_page_result is instance of dict? True
2024-06-06 12:33:16,796 STREAM b'IHDR' 16 13
2024-06-06 12:33:16,796 STREAM b'IDAT' 41 65536
2024-06-06 12:33:16,828 is words is instance of list? True
2024-06-06 12:33:16,828 is bboxes is instance of list? True
2024-06-06 12:33:16,828 is bounding_boxes is instance of list? True
2024-06-06 12:33:17,050 is input_id_chunks is instance of list? True
2024-06-06 12:33:17,050 is mask_chunks is instance of list? True
2024-06-06 12:33:17,050 is bbox_chunks is instance of list? True
2024-06-06 12:33:17,050 is image_chunks is instance of list? True
2024-06-06 12:33:17,051 is input_dict is instance of dict? True
2024-06-06 12:33:19,690 Model Called
2024-06-06 12:33:19,690 RAM memory 89.9 used for Bill_Of_Landing_429_page_0.png:
2024-06-06 12:33:19,690 is all_predictions is instance of list? True
2024-06-06 12:33:19,691 is all_boxes is instance of list? True
2024-06-06 12:33:19,691 is all_confidences is instance of list? True
2024-06-06 12:33:19,691 is all_text is instance of list? True
2024-06-06 12:33:19,691 is label2id is instance of dict? True
2024-06-06 12:33:19,691 is id2label is instance of dict? True
2024-06-06 12:33:19,692 is label2color is instance of dict? True
2024-06-06 12:33:19,692 label2color : {'signature': '#7BEA49', 'gross_weight': '#D05D1B', 'freight_collected_at': '#3CBF77', 'shipper_name': '#21A222', 'notify_party_address': '#11DFCD', 'awb_original_or_copy': '#17271E', 'mode_of_transport': '#6E66D2', 'flight_date': '#11CF9B', 'measurement': '#C9D52E', 'good_marks': '#CF964F', 'awb_original_number': '#D6C4B9', 'invoice_number': '#1843F9', 'dimension': '#07086C', 'pre_carriage_by': '#52EC2C', 'awb_bill_no': '#2460E0', 'notify_party_name': '#CE32B3', 'airport_of_destination': '#9EC743', 'final_destination': '#D97EDE', 'net_weight': '#DF65A3', 'signed_by_master': '#78C06D', 'invoice_date': '#CA52C3', 'lc_date': '#23CF71', 'lc_no': '#114BD9', 'signed_by_carrier': '#DB0F94', 'at_place': '#379AE9', 'awb_bill_issue_date': '#A9BD40', 'signed_by_agent': '#7060D0', 'total_original_no': '#CE3DDA', 'flight_details': '#9359B1', 'carrier_address': '#D074AE', 'gross_quantity': '#87E4A1', 'transaction_date': '#CF851A', 'consignee_address': '#9D0CDA', 'O': '#4F490F', 'shipper_address': '#3DA184', 'page_no': '#D614C4', 'goods_description': '#095A55', 'freight_collect_or_prepaid': '#5AA78E', 'agent_address': '#3444B6', 'stamp': '#C8610C', 'consignee_name': '#2EF834', 'country_of_origin': '#1AECB5', 'airport_of_departure': '#E7F2BC', 'carrier_name': '#349373', 'place_of_receipt': '#8F80C7', 'agent_name': '#8A10E4', 'master_name': '#D79993', 'stamped_onboard_date': '#E533A4', 'shipment_date': '#C64FCB', 'declared_value_of_custom': '#1FBB40', 'declared_value_of_carriage': '#E6AEB7', 'amount_insurance': '#C0B9B4', 'carriage_condition': '#2C6611', 'consignee_country': '#6E9D16', 'shipper_country': '#373552'}
2024-06-06 12:33:19,925 is result_set is instance of dict? True
2024-06-06 12:33:19,926 is final_result_set is instance of dict? True
2024-06-06 12:33:20,060 Time taken for page 1 of Bill_Of_Landing_429_page_0.png:0:00:03.263952
2024-06-06 12:33:20,220 *****Generated All Pages****** for Bill_Of_Landing_429_page_0.png
2024-06-06 12:33:20,220 RAM memory 90.0 used for Bill_Of_Landing_429_page_0.png Generating All Pages:
2024-06-06 12:33:20,220 Processing time taken for all pages of Bill_Of_Landing_429_page_0.png1:0:00:03.424397
2024-06-06 12:33:20,391 file name is:Bill_Of_Landing_816_page_0.png
2024-06-06 12:33:20,391 folder path :Images
2024-06-06 12:33:20,391 Calling Image result
2024-06-06 12:33:20,391 is all_page_result is instance of dict? True
2024-06-06 12:33:20,392 STREAM b'IHDR' 16 13
2024-06-06 12:33:20,392 STREAM b'IDAT' 41 55012
2024-06-06 12:33:20,424 is words is instance of list? True
2024-06-06 12:33:20,424 is bboxes is instance of list? True
2024-06-06 12:33:20,424 is bounding_boxes is instance of list? True
2024-06-06 12:33:20,681 is input_id_chunks is instance of list? True
2024-06-06 12:33:20,682 is mask_chunks is instance of list? True
2024-06-06 12:33:20,682 is bbox_chunks is instance of list? True
2024-06-06 12:33:20,682 is image_chunks is instance of list? True
2024-06-06 12:33:20,682 is input_dict is instance of dict? True
2024-06-06 12:33:23,213 Model Called
2024-06-06 12:33:23,214 RAM memory 89.8 used for Bill_Of_Landing_816_page_0.png:
2024-06-06 12:33:23,214 is all_predictions is instance of list? True
2024-06-06 12:33:23,214 is all_boxes is instance of list? True
2024-06-06 12:33:23,214 is all_confidences is instance of list? True
2024-06-06 12:33:23,214 is all_text is instance of list? True
2024-06-06 12:33:23,214 is label2id is instance of dict? True
2024-06-06 12:33:23,214 is id2label is instance of dict? True
2024-06-06 12:33:23,215 is label2color is instance of dict? True
2024-06-06 12:33:23,215 label2color : {'signature': '#F261E2', 'gross_weight': '#E85DE7', 'freight_collected_at': '#CBAA24', 'shipper_name': '#350650', 'notify_party_address': '#8F997F', 'awb_original_or_copy': '#F94CDF', 'mode_of_transport': '#560B27', 'flight_date': '#975270', 'measurement': '#993397', 'good_marks': '#5EA4A3', 'awb_original_number': '#02D040', 'invoice_number': '#7CC8BF', 'dimension': '#80E7A2', 'pre_carriage_by': '#236923', 'awb_bill_no': '#B0BFA3', 'notify_party_name': '#10C830', 'airport_of_destination': '#406601', 'final_destination': '#FCA949', 'net_weight': '#A5C957', 'signed_by_master': '#20478B', 'invoice_date': '#E14976', 'lc_date': '#7E406F', 'lc_no': '#DDE6F2', 'signed_by_carrier': '#8C182C', 'at_place': '#077009', 'awb_bill_issue_date': '#123541', 'signed_by_agent': '#B7FB19', 'total_original_no': '#4C5DF1', 'flight_details': '#5A4CA9', 'carrier_address': '#3AF1F1', 'gross_quantity': '#C8F54B', 'transaction_date': '#2F279C', 'consignee_address': '#12005D', 'O': '#EDA071', 'shipper_address': '#EA9D70', 'page_no': '#6D943B', 'goods_description': '#D387D8', 'freight_collect_or_prepaid': '#239331', 'agent_address': '#98C8D6', 'stamp': '#50A80D', 'consignee_name': '#B0F83D', 'country_of_origin': '#44622A', 'airport_of_departure': '#4552F5', 'carrier_name': '#52FA30', 'place_of_receipt': '#5836AF', 'agent_name': '#521149', 'master_name': '#8C7593', 'stamped_onboard_date': '#C3AFDC', 'shipment_date': '#5E4C1D', 'declared_value_of_custom': '#550403', 'declared_value_of_carriage': '#7B84F0', 'amount_insurance': '#3A6C37', 'carriage_condition': '#5B69CA', 'consignee_country': '#0859F2', 'shipper_country': '#484534'}
2024-06-06 12:33:23,472 is result_set is instance of dict? True
2024-06-06 12:33:23,473 is final_result_set is instance of dict? True
2024-06-06 12:33:23,586 Time taken for page 1 of Bill_Of_Landing_816_page_0.png:0:00:03.194768
2024-06-06 12:33:23,728 *****Generated All Pages****** for Bill_Of_Landing_816_page_0.png
2024-06-06 12:33:23,729 RAM memory 89.4 used for Bill_Of_Landing_816_page_0.png Generating All Pages:
2024-06-06 12:33:23,729 Processing time taken for all pages of Bill_Of_Landing_816_page_0.png1:0:00:03.337511
2024-06-06 12:33:23,902 file name is:Airway_Bill_250_0.png
2024-06-06 12:33:23,902 folder path :Images
2024-06-06 12:33:23,902 Calling Image result
2024-06-06 12:33:23,902 is all_page_result is instance of dict? True
2024-06-06 12:33:23,902 STREAM b'IHDR' 16 13
2024-06-06 12:33:23,902 STREAM b'IDAT' 41 65536
2024-06-06 12:33:23,946 is words is instance of list? True
2024-06-06 12:33:23,946 is bboxes is instance of list? True
2024-06-06 12:33:23,946 is bounding_boxes is instance of list? True
2024-06-06 12:33:24,259 is input_id_chunks is instance of list? True
2024-06-06 12:33:24,259 is mask_chunks is instance of list? True
2024-06-06 12:33:24,259 is bbox_chunks is instance of list? True
2024-06-06 12:33:24,259 is image_chunks is instance of list? True
2024-06-06 12:33:24,260 is input_dict is instance of dict? True
2024-06-06 12:33:31,223 Model Called
2024-06-06 12:33:31,225 RAM memory 96.5 used for Airway_Bill_250_0.png:
2024-06-06 12:33:31,225 is all_predictions is instance of list? True
2024-06-06 12:33:31,225 is all_boxes is instance of list? True
2024-06-06 12:33:31,225 is all_confidences is instance of list? True
2024-06-06 12:33:31,225 is all_text is instance of list? True
2024-06-06 12:33:31,226 is label2id is instance of dict? True
2024-06-06 12:33:31,226 is id2label is instance of dict? True
2024-06-06 12:33:31,227 is label2color is instance of dict? True
2024-06-06 12:33:31,227 label2color : {'signature': '#6258EB', 'gross_weight': '#50E3F5', 'freight_collected_at': '#5E54E8', 'shipper_name': '#F270CE', 'notify_party_address': '#75A108', 'awb_original_or_copy': '#38F3E9', 'mode_of_transport': '#487205', 'flight_date': '#6A61E1', 'measurement': '#8FA14F', 'good_marks': '#4990B8', 'awb_original_number': '#223695', 'invoice_number': '#4E2BB3', 'dimension': '#EA2525', 'pre_carriage_by': '#5F9B8A', 'awb_bill_no': '#A6E714', 'notify_party_name': '#501496', 'airport_of_destination': '#771CFA', 'final_destination': '#776D97', 'net_weight': '#E8EA93', 'signed_by_master': '#51CD00', 'invoice_date': '#9A598D', 'lc_date': '#D07033', 'lc_no': '#E60B6E', 'signed_by_carrier': '#8DF65B', 'at_place': '#B770AC', 'awb_bill_issue_date': '#6C6D12', 'signed_by_agent': '#A954AB', 'total_original_no': '#871023', 'flight_details': '#7801CD', 'carrier_address': '#A0642C', 'gross_quantity': '#F59D72', 'transaction_date': '#48F894', 'consignee_address': '#2AABCC', 'O': '#20AE20', 'shipper_address': '#15DFAF', 'page_no': '#385FD3', 'goods_description': '#003158', 'freight_collect_or_prepaid': '#78F95A', 'agent_address': '#822AFF', 'stamp': '#38D72B', 'consignee_name': '#CEE230', 'country_of_origin': '#7A7273', 'airport_of_departure': '#381554', 'carrier_name': '#54F1CB', 'place_of_receipt': '#90FA57', 'agent_name': '#E9DD41', 'master_name': '#4387D2', 'stamped_onboard_date': '#029F7B', 'shipment_date': '#99316C', 'declared_value_of_custom': '#F9CD74', 'declared_value_of_carriage': '#456EA7', 'amount_insurance': '#8B647C', 'carriage_condition': '#DFDEBA', 'consignee_country': '#965AEA', 'shipper_country': '#72CA31'}
2024-06-06 12:33:31,848 is result_set is instance of dict? True
2024-06-06 12:33:31,852 is final_result_set is instance of dict? True
