/datadrive/rakesh/pocs_env/lib64/python3.11/site-packages/sklearn/base.py:376: InconsistentVersionWarning: Trying to unpickle estimator TfidfTransformer from version 1.6.1 when using version 1.5.0. This might lead to breaking code or invalid results. Use at your own risk. For more info please refer to:
https://scikit-learn.org/stable/model_persistence.html#security-maintainability-limitations
  warnings.warn(
/datadrive/rakesh/pocs_env/lib64/python3.11/site-packages/sklearn/base.py:376: InconsistentVersionWarning: Trying to unpickle estimator TfidfVectorizer from version 1.6.1 when using version 1.5.0. This might lead to breaking code or invalid results. Use at your own risk. For more info please refer to:
https://scikit-learn.org/stable/model_persistence.html#security-maintainability-limitations
  warnings.warn(
/datadrive/rakesh/pocs_env/lib64/python3.11/site-packages/sklearn/base.py:376: InconsistentVersionWarning: Trying to unpickle estimator SVC from version 1.6.1 when using version 1.5.0. This might lead to breaking code or invalid results. Use at your own risk. For more info please refer to:
https://scikit-learn.org/stable/model_persistence.html#security-maintainability-limitations
  warnings.warn(
INFO:     Started server process [2963341]
INFO:     Waiting for application startup.
INFO:     Application startup complete.
INFO:     Uvicorn running on http://0.0.0.0:6020 (Press CTRL+C to quit)
{'carrier': ['Transamerica'], 'policy_number': ['not found'], 'names': [{'first_name': 'Samathan', 'middle_name': 'not found', 'last_name': 'Wawiernia'}, {'first_name': 'Cheryl', 'middle_name': 'not found', 'last_name': 'Roepke'}], 'dob': ['not found'], 'social_security_number': ['not found'], 'subfolder_department': ['not found']}
INFO:     14.142.161.34:52026 - "POST /extract HTTP/1.1" 200 OK
/datadrive/rakesh/pocs_env/lib64/python3.11/site-packages/sklearn/base.py:493: UserWarning: X does not have valid feature names, but SVC was fitted with feature names
  warnings.warn(
/datadrive/rakesh/pocs_env/lib64/python3.11/site-packages/sklearn/base.py:493: UserWarning: X does not have valid feature names, but SVC was fitted with feature names
  warnings.warn(
INFO:     14.142.161.34:52026 - "POST /classify HTTP/1.1" 200 OK
/datadrive/rakesh/pocs_env/lib64/python3.11/site-packages/sklearn/base.py:493: UserWarning: X does not have valid feature names, but SVC was fitted with feature names
  warnings.warn(
/datadrive/rakesh/pocs_env/lib64/python3.11/site-packages/sklearn/base.py:493: UserWarning: X does not have valid feature names, but SVC was fitted with feature names
  warnings.warn(
INFO:     14.142.161.34:53384 - "POST /classify HTTP/1.1" 200 OK
